OpenROAD 26Q3-463-gbde79242a0 
Features included (+) or not (-): +GPU +GUI +Python
This program is licensed under the BSD-3 license. See the LICENSE file for details.
Components of this program may be licensed under more restrictive licenses which must be honored.
[INFO ORD-0030] Using 16 thread(s).
source /OpenROAD-flow-scripts/flow/platforms/asap7/liberty_suppressions.tcl
read_liberty /OpenROAD-flow-scripts/flow/platforms/asap7/lib/NLDM/asap7sc7p5t_AO_RVT_FF_nldm_211120.lib.gz
read_liberty /OpenROAD-flow-scripts/flow/platforms/asap7/lib/NLDM/asap7sc7p5t_INVBUF_RVT_FF_nldm_220122.lib.gz
read_liberty /OpenROAD-flow-scripts/flow/platforms/asap7/lib/NLDM/asap7sc7p5t_OA_RVT_FF_nldm_211120.lib.gz
read_liberty /OpenROAD-flow-scripts/flow/platforms/asap7/lib/NLDM/asap7sc7p5t_SIMPLE_RVT_FF_nldm_211120.lib.gz
read_liberty /OpenROAD-flow-scripts/flow/platforms/asap7/lib/NLDM/asap7sc7p5t_SEQ_RVT_FF_nldm_220123.lib
read_db /work/util/uacc_hw/openroad/work_width_sweep/results/asap7/uacc_section14_allocator_width_sweep/base/2_floorplan.odb
read_sdc /work/util/uacc_hw/openroad/work_width_sweep/results/asap7/uacc_section14_allocator_width_sweep/base/2_floorplan.sdc
source /OpenROAD-flow-scripts/flow/platforms/asap7/setRC.tcl
global_placement -skip_io -density 0.4 -pad_left 0 -pad_right 0
[INFO GPL-0001] ---- Initialize GPL Main Data Structures
[INFO GPL-0002] DBU: 1000
[INFO GPL-0003] SiteSize: (  0.054  0.270 ) um
[INFO GPL-0004] CoreBBox: (  3.024  3.240 ) ( 159.192 159.030 ) um
[INFO GPL-0036] Movable instances area:       6101.730 um^2
[INFO GPL-0037] Total instances area:         6186.032 um^2
[INFO GPL-0035] Pin density area adjust:       591.347 um^2
[INFO GPL-0032] ---- Initialize Region: Top-level
[INFO GPL-0006] Number of instances:             44563
[INFO GPL-0007] Movable instances:               41672
[INFO GPL-0008] Fixed instances:                  2891
[INFO GPL-0009] Dummy instances:                     0
[INFO GPL-0010] Number of nets:                  42268
[INFO GPL-0011] Number of pins:                 140596
[INFO GPL-0012] Die BBox:  (  0.000  0.000 ) ( 162.218 162.218 ) um
[INFO GPL-0013] Core BBox: (  3.024  3.240 ) ( 159.192 159.030 ) um
[INFO GPL-0016] Core area:                   24329.413 um^2
[INFO GPL-0014] Region name: top-level.
[INFO GPL-0015] Region area:                 24329.413 um^2
[INFO GPL-0017] Fixed instances area:           84.302 um^2
[INFO GPL-0018] Movable instances area:       6693.077 um^2
[INFO GPL-0019] Utilization:                    27.606 %
[INFO GPL-0020] Standard cells area:          6693.077 um^2
[INFO GPL-0021] Large instances area:            0.000 um^2
[INFO GPL-0005] ---- Execute Conjugate Gradient Initial Placement.
[INFO GPL-0051] Source of initial instance position counters:
	Odb location = 2812	Core center = 38860	Region center = 0
[INFO GPL-0033] ---- Initialize Nesterov Region: Top-level
[INFO GPL-0023] Placement target density:       0.4000
[INFO GPL-0024] Movable insts average area:      0.161 um^2
[INFO GPL-0025] Ideal bin area:                  0.402 um^2
[INFO GPL-0026] Ideal bin count:                 60591
[INFO GPL-0027] Total bin area:              24329.413 um^2
[INFO GPL-0028] Bin count (X, Y):         128 ,    128
[INFO GPL-0029] Bin size (W * H):       1.220 *  1.217 um
[INFO GPL-0030] Number of bins:                  16384
[INFO GPL-0084] ---- Execute Nesterov Global Placement.
[INFO GPL-0031] HPWL: Half-Perimeter Wirelength
Iteration | Overflow |     HPWL (um) |  HPWL(%) |   Penalty | Group
---------------------------------------------------------------
        0 |   0.9812 |  3.585972e+05 |   +0.00% |  1.31e-12 |      
       10 |   0.9899 |  3.758520e+04 |  -89.52% |  2.13e-12 |      
       20 |   0.9931 |  2.018078e+04 |  -46.31% |  3.47e-12 |      
       30 |   0.9946 |  1.542106e+04 |  -23.59% |  5.65e-12 |      
       40 |   0.9946 |  1.365898e+04 |  -11.43% |  9.20e-12 |      
       50 |   0.9931 |  1.356196e+04 |   -0.71% |  1.50e-11 |      
       60 |   0.9900 |  1.444740e+04 |   +6.53% |  2.44e-11 |      
       70 |   0.9851 |  1.632614e+04 |  +13.00% |  3.98e-11 |      
       80 |   0.9775 |  1.892420e+04 |  +15.91% |  6.47e-11 |      
       90 |   0.9675 |  2.220501e+04 |  +17.34% |  1.05e-10 |      
      100 |   0.9504 |  2.649475e+04 |  +19.32% |  1.72e-10 |      
      110 |   0.9301 |  3.214969e+04 |  +21.34% |  2.79e-10 |      
      120 |   0.9047 |  3.911470e+04 |  +21.66% |  4.55e-10 |      
      130 |   0.8738 |  4.687382e+04 |  +19.84% |  7.40e-10 |      
      140 |   0.8394 |  5.510361e+04 |  +17.56% |  1.20e-09 |      
      150 |   0.8007 |  6.342494e+04 |  +15.10% |  1.96e-09 |      
      160 |   0.7616 |  7.178513e+04 |  +13.18% |  3.19e-09 |      
      170 |   0.7246 |  7.953203e+04 |  +10.79% |  5.19e-09 |      
      180 |   0.6884 |  8.646612e+04 |   +8.72% |  8.45e-09 |      
      190 |   0.6573 |  9.215257e+04 |   +6.58% |  1.38e-08 |      
      200 |   0.6193 |  9.604073e+04 |   +4.22% |  2.24e-08 |      
      210 |   0.5858 |  9.775960e+04 |   +1.79% |  3.65e-08 |      
      220 |   0.5471 |  1.004435e+05 |   +2.75% |  5.94e-08 |      
      230 |   0.5030 |  1.022623e+05 |   +1.81% |  9.68e-08 |      
      240 |   0.4597 |  1.038004e+05 |   +1.50% |  1.58e-07 |      
      250 |   0.4166 |  1.047163e+05 |   +0.88% |  2.57e-07 |      
      260 |   0.3738 |  1.048645e+05 |   +0.14% |  4.18e-07 |      
      270 |   0.3322 |  1.047378e+05 |   -0.12% |  6.61e-07 |      
      280 |   0.3012 |  1.044868e+05 |   -0.24% |  9.73e-07 |      
      290 |   0.2660 |  1.042688e+05 |   -0.21% |  1.43e-06 |      
      300 |   0.2357 |  1.041979e+05 |   -0.07% |  2.11e-06 |      
      310 |   0.2071 |  1.039919e+05 |   -0.20% |  3.11e-06 |      
      320 |   0.1801 |  1.038739e+05 |   -0.11% |  4.58e-06 |      
      330 |   0.1546 |  1.037533e+05 |   -0.12% |  6.75e-06 |      
      340 |   0.1329 |  1.036181e+05 |   -0.13% |  9.95e-06 |      
      350 |   0.1132 |  1.034417e+05 |   -0.17% |  1.47e-05 |      
      359 |   0.0992 |  1.033668e+05 |          |  2.16e-05 |      
---------------------------------------------------------------
[INFO GPL-1001] Global placement finished at iteration 359
[INFO GPL-1002] Placed Cell Area             6693.0767
[INFO GPL-1003] Available Free Area         24245.1112
[INFO GPL-1004] Minimum Feasible Density        0.2800 (cell_area / free_area)
[INFO GPL-1006]   Suggested Target Densities:
[INFO GPL-1007]     - For 90% usage of free space: 0.3067
[INFO GPL-1008]     - For 80% usage of free space: 0.3451
[INFO GPL-1009]     - For 50% usage of free space: 0.5521
[INFO GPL-1014] Final placement area: 6693.08 (+0.00%)
Design area 6186 um^2 25% utilization.
write_db /work/util/uacc_hw/openroad/work_width_sweep/results/asap7/uacc_section14_allocator_width_sweep/base/3_1_place_gp_skip_io.odb
Elapsed time: 0:04.22[h:]min:sec. CPU time: user 51.91 sys 0.13 (1233%). Peak memory: 325816KB.
Log                       Ext     Elapsed/s Peak Memory/MB sha1sum result [0:20)
3_1_place_gp_skip_io      .odb            4            318 17878e225e3205700906
