OpenROAD 26Q3-463-gbde79242a0 
Features included (+) or not (-): +GPU +GUI +Python
This program is licensed under the BSD-3 license. See the LICENSE file for details.
Components of this program may be licensed under more restrictive licenses which must be honored.
[INFO ORD-0030] Using 16 thread(s).
source /OpenROAD-flow-scripts/flow/platforms/asap7/liberty_suppressions.tcl
read_liberty /OpenROAD-flow-scripts/flow/platforms/asap7/lib/NLDM/asap7sc7p5t_AO_RVT_FF_nldm_211120.lib.gz
read_liberty /OpenROAD-flow-scripts/flow/platforms/asap7/lib/NLDM/asap7sc7p5t_INVBUF_RVT_FF_nldm_220122.lib.gz
read_liberty /OpenROAD-flow-scripts/flow/platforms/asap7/lib/NLDM/asap7sc7p5t_OA_RVT_FF_nldm_211120.lib.gz
read_liberty /OpenROAD-flow-scripts/flow/platforms/asap7/lib/NLDM/asap7sc7p5t_SIMPLE_RVT_FF_nldm_211120.lib.gz
read_liberty /OpenROAD-flow-scripts/flow/platforms/asap7/lib/NLDM/asap7sc7p5t_SEQ_RVT_FF_nldm_220123.lib
read_db /work/util/uacc_hw/openroad/work_width_sweep/results/asap7/uacc_section14_allocator_width_sweep/base/3_2_place_iop.odb
read_sdc /work/util/uacc_hw/openroad/work_width_sweep/results/asap7/uacc_section14_allocator_width_sweep/base/2_floorplan.sdc
source /OpenROAD-flow-scripts/flow/platforms/asap7/setRC.tcl
[INFO RSZ-0026] Removed 2812 buffers.
Perform port buffering...
[INFO RSZ-0027] Inserted 464 BUFx2_ASAP7_75t_R input buffers.
[INFO RSZ-0028] Inserted 320 BUFx2_ASAP7_75t_R output buffers.
global_placement -density 0.4 -pad_left 0 -pad_right 0 -routability_driven -timing_driven -force_center_initial_place -min_phi_coef 0.95 -max_phi_coef 1.05
[INFO GPL-0001] ---- Initialize GPL Main Data Structures
[INFO GPL-0002] DBU: 1000
[INFO GPL-0003] SiteSize: (  0.054  0.270 ) um
[INFO GPL-0004] CoreBBox: (  3.024  3.240 ) ( 159.192 159.030 ) um
[INFO GPL-0036] Movable instances area:       5608.751 um^2
[INFO GPL-0037] Total instances area:         5693.053 um^2
[INFO GPL-0035] Pin density area adjust:       550.300 um^2
[INFO GPL-0032] ---- Initialize Region: Top-level
[INFO GPL-0006] Number of instances:             42535
[INFO GPL-0007] Movable instances:               39644
[INFO GPL-0008] Fixed instances:                  2891
[INFO GPL-0009] Dummy instances:                     0
[INFO GPL-0010] Number of nets:                  40240
[INFO GPL-0011] Number of pins:                 137472
[INFO GPL-0012] Die BBox:  (  0.000  0.000 ) ( 162.218 162.218 ) um
[INFO GPL-0013] Core BBox: (  3.024  3.240 ) ( 159.192 159.030 ) um
[INFO GPL-0016] Core area:                   24329.413 um^2
[INFO GPL-0014] Region name: top-level.
[INFO GPL-0015] Region area:                 24329.413 um^2
[INFO GPL-0017] Fixed instances area:           84.302 um^2
[INFO GPL-0018] Movable instances area:       6159.051 um^2
[INFO GPL-0019] Utilization:                    25.403 %
[INFO GPL-0020] Standard cells area:          6159.051 um^2
[INFO GPL-0021] Large instances area:            0.000 um^2
[INFO GPL-0005] ---- Execute Conjugate Gradient Initial Placement.
[INFO GPL-0051] Source of initial instance position counters:
	Odb location = 0	Core center = 39644	Region center = 0
[InitialPlace]  Iter: 1 conjugate gradient residual: 0.00524910 HPWL: 156273159
[InitialPlace]  Iter: 2 conjugate gradient residual: 0.00103209 HPWL: 106847023
[InitialPlace]  Iter: 3 conjugate gradient residual: 0.00066891 HPWL: 96088209
[InitialPlace]  Iter: 4 conjugate gradient residual: 0.00070088 HPWL: 91473347
[InitialPlace]  Iter: 5 conjugate gradient residual: 0.00056754 HPWL: 88493505
[InitialPlace]  Iter: 6 conjugate gradient residual: 0.00044584 HPWL: 86173097
[InitialPlace]  Iter: 7 conjugate gradient residual: 0.00031735 HPWL: 84327665
[InitialPlace]  Iter: 8 conjugate gradient residual: 0.00018300 HPWL: 83037124
[InitialPlace]  Iter: 9 conjugate gradient residual: 0.00009720 HPWL: 82197416
[InitialPlace]  Iter: 10 conjugate gradient residual: 0.00007514 HPWL: 81727966
[InitialPlace]  Iter: 11 conjugate gradient residual: 0.00007202 HPWL: 81379277
[InitialPlace]  Iter: 12 conjugate gradient residual: 0.00006465 HPWL: 81255140
[InitialPlace]  Iter: 13 conjugate gradient residual: 0.00003483 HPWL: 81068035
[InitialPlace]  Iter: 14 conjugate gradient residual: 0.00005563 HPWL: 81062747
[InitialPlace]  Iter: 15 conjugate gradient residual: 0.00002167 HPWL: 80851006
[InitialPlace]  Iter: 16 conjugate gradient residual: 0.00004894 HPWL: 80947359
[InitialPlace]  Iter: 17 conjugate gradient residual: 0.00027578 HPWL: 80793980
[InitialPlace]  Iter: 18 conjugate gradient residual: 0.00006046 HPWL: 80685236
[InitialPlace]  Iter: 19 conjugate gradient residual: 0.00003551 HPWL: 80627274
[InitialPlace]  Iter: 20 conjugate gradient residual: 0.00016998 HPWL: 80797139
[INFO GPL-0033] ---- Initialize Nesterov Region: Top-level
[INFO GPL-0023] Placement target density:       0.4000
[INFO GPL-0024] Movable insts average area:      0.155 um^2
[INFO GPL-0025] Ideal bin area:                  0.388 um^2
[INFO GPL-0026] Ideal bin count:                 62640
[INFO GPL-0027] Total bin area:              24329.413 um^2
[INFO GPL-0028] Bin count (X, Y):         128 ,    128
[INFO GPL-0029] Bin size (W * H):       1.220 *  1.217 um
[INFO GPL-0030] Number of bins:                  16384
[INFO GPL-0084] ---- Execute Nesterov Global Placement.
[INFO GPL-0031] HPWL: Half-Perimeter Wirelength
Iteration | Overflow |     HPWL (um) |  HPWL(%) |   Penalty | Group
---------------------------------------------------------------
        0 |   0.9277 |  4.906144e+04 |   +0.00% |  1.16e-13 |      
       10 |   0.8885 |  5.727357e+04 |  +16.74% |  1.88e-13 |      
       20 |   0.8643 |  6.177789e+04 |   +7.86% |  3.07e-13 |      
       30 |   0.8523 |  6.347629e+04 |   +2.75% |  4.99e-13 |      
       40 |   0.8472 |  6.414836e+04 |   +1.06% |  8.13e-13 |      
       50 |   0.8457 |  6.454880e+04 |   +0.62% |  1.32e-12 |      
       60 |   0.8442 |  6.475000e+04 |   +0.31% |  2.16e-12 |      
       70 |   0.8443 |  6.476532e+04 |   +0.02% |  3.51e-12 |      
       80 |   0.8444 |  6.476502e+04 |   -0.00% |  5.72e-12 |      
       90 |   0.8436 |  6.481514e+04 |   +0.08% |  9.32e-12 |      
      100 |   0.8426 |  6.492137e+04 |   +0.16% |  1.52e-11 |      
      110 |   0.8412 |  6.508725e+04 |   +0.26% |  2.47e-11 |      
      120 |   0.8413 |  6.528766e+04 |   +0.31% |  4.03e-11 |      
      130 |   0.8401 |  6.554583e+04 |   +0.40% |  6.56e-11 |      
      140 |   0.8383 |  6.593662e+04 |   +0.60% |  1.07e-10 |      
      150 |   0.8348 |  6.662683e+04 |   +1.05% |  1.74e-10 |      
      160 |   0.8302 |  6.794634e+04 |   +1.98% |  2.84e-10 |      
      170 |   0.8247 |  7.013424e+04 |   +3.22% |  4.62e-10 |      
      180 |   0.8139 |  7.367960e+04 |   +5.06% |  7.52e-10 |      
      190 |   0.7946 |  7.852102e+04 |   +6.57% |  1.22e-09 |      
      200 |   0.7681 |  8.370727e+04 |   +6.60% |  1.99e-09 |      
      210 |   0.7397 |  8.784107e+04 |   +4.94% |  3.25e-09 |      
      220 |   0.7088 |  9.005325e+04 |   +2.52% |  5.28e-09 |      
      230 |   0.6800 |  9.307837e+04 |   +3.36% |  8.61e-09 |      
      240 |   0.6439 |  9.944951e+04 |   +6.84% |  1.40e-08 |      
[INFO GPL-0100] Timing-driven iteration 1/2, virtual: false.
[INFO GPL-0101]    Iter: 244, overflow: 0.633, keep resizer changes at: 1, HPWL: 100166367
Iteration |   Area    | Resized | Buffers | Nets repaired | Remaining
---------------------------------------------------------------------
        0 |     +0.0% |       0 |       0 |             0 |     40240
    final |     +1.2% |      78 |     226 |           127 |         0
---------------------------------------------------------------------
[INFO RSZ-0034] Found 114 slew violations.
[INFO RSZ-0036] Found 55 capacitance violations.
[INFO RSZ-0037] Found 8 long wires.
[INFO RSZ-0039] Resized 78 instances.
[INFO RSZ-0038] Inserted 226 buffers in 127 nets.
   Iter   |    Area   | Removed | Inserted |   Pins
          |           | Buffers | Buffers  | Remaining
-------------------------------------------------------
        0 |     +0.0% |       0 |        0 |     39628
     3900 |     -0.0% |       1 |        2 |     35728
     7800 |     -0.1% |      14 |       15 |     31828
    11700 |     -0.1% |      15 |       18 |     27928
    15600 |     -0.1% |      33 |       31 |     24028
    19500 |     -0.1% |      36 |       36 |     20128
    23400 |     -0.2% |      55 |       51 |     16228
    27300 |     -0.2% |      64 |       63 |     12328
    31200 |     -0.3% |      79 |       77 |      8428
    35100 |     -0.4% |     124 |      149 |      4528
    39000 |     -0.7% |     223 |      270 |       628
    final |     -0.7% |     226 |      273 |         0
-------------------------------------------------------
[INFO GPL-0106] Timing-driven: worst slack -1e-09
[INFO GPL-0107] Timing-driven: repair_design delta area: 27.211 um^2 (+0.44%)
[INFO GPL-0108] Timing-driven: repair_design, gpl delta gcells: 273 (+0.69%)
[INFO GPL-0109] Timing-driven: repair_design, gcells created: 499, deleted: 226
[INFO GPL-0110] Timing-driven: new target density: 0.4011224
Iteration | Overflow |     HPWL (um) |  HPWL(%) |   Penalty | Group
---------------------------------------------------------------
      250 |   0.6090 |  1.019502e+05 |   +2.51% |  2.28e-08 |      
[INFO GPL-0038] Routability snapshot saved at iter = 255
      254 |   0.5983 |  1.007213e+05 |          |           |      
      260 |   0.5794 |  1.034540e+05 |   +1.48% |  3.71e-08 |      
      270 |   0.5365 |  1.060091e+05 |   +2.47% |  6.05e-08 |      
      280 |   0.4940 |  1.069310e+05 |   +0.87% |  9.85e-08 |      
      290 |   0.4562 |  1.066858e+05 |   -0.23% |  1.60e-07 |      
      300 |   0.4133 |  1.067958e+05 |   +0.10% |  2.61e-07 |      
      310 |   0.3718 |  1.068287e+05 |   +0.03% |  4.26e-07 |      
      320 |   0.3277 |  1.063116e+05 |   -0.48% |  6.66e-07 |      
      330 |   0.3001 |  1.058343e+05 |   -0.45% |  9.81e-07 |      
[INFO GPL-0040] Routability iteration: 1
[WARNING GRT-0281] Net ap_clk has a large fanout of 6213 terminals.
[INFO GPL-0041] Total routing overflow: 0.0000
[INFO GPL-0042] Number of overflowed tiles: 0 (0.00%)
[INFO GPL-0043] Average top 0.5% routing congestion: 0.6418
[INFO GPL-0044] Average top 1.0% routing congestion: 0.6158
[INFO GPL-0045] Average top 2.0% routing congestion: 0.5883
[INFO GPL-0046] Average top 5.0% routing congestion: 0.5494
[INFO GPL-0047] Routability iteration weighted routing congestion: 0.6288
[INFO GPL-0050] Weighted routing congestion is lower than target routing congestion(1.0100), end routability optimization.
[INFO GPL-0090] Routability finished. Target routing congestion achieved succesfully.
Iteration | Overflow |     HPWL (um) |  HPWL(%) |   Penalty | Group
---------------------------------------------------------------
      340 |   0.2677 |  1.054917e+05 |   -0.32% |  1.44e-06 |      
      350 |   0.2373 |  1.051766e+05 |   -0.30% |  2.13e-06 |      
      360 |   0.2101 |  1.047671e+05 |   -0.39% |  3.14e-06 |      
[INFO GPL-0100] Timing-driven iteration 2/2, virtual: false.
[INFO GPL-0101]    Iter: 368, overflow: 0.193, keep resizer changes at: 1, HPWL: 104573212
Iteration |   Area    | Resized | Buffers | Nets repaired | Remaining
---------------------------------------------------------------------
        0 |     +0.0% |       0 |       0 |             0 |     40513
    final |     +0.1% |       0 |      14 |            13 |         0
---------------------------------------------------------------------
[INFO RSZ-0034] Found 5 slew violations.
[INFO RSZ-0036] Found 1 capacitance violations.
[INFO RSZ-0037] Found 11 long wires.
[INFO RSZ-0038] Inserted 14 buffers in 13 nets.
   Iter   |    Area   | Removed | Inserted |   Pins
          |           | Buffers | Buffers  | Remaining
-------------------------------------------------------
        0 |     +0.0% |       0 |        0 |     39628
     3900 |     +0.0% |       2 |        2 |     35728
     7800 |     +0.0% |      15 |       18 |     31828
    11700 |     +0.0% |      18 |       34 |     27928
    15600 |     +0.1% |      32 |       66 |     24028
    19500 |     +0.0% |      37 |       69 |     20128
    23400 |     +0.1% |      55 |       95 |     16228
    27300 |     +0.0% |      69 |      109 |     12328
    31200 |     +0.1% |      83 |      128 |      8428
    35100 |     +0.2% |     159 |      288 |      4528
    39000 |     +0.4% |     284 |      553 |       628
    final |     +0.4% |     287 |      563 |         0
-------------------------------------------------------
[INFO GPL-0106] Timing-driven: worst slack -1e-09
[INFO GPL-0107] Timing-driven: repair_design delta area: 27.177 um^2 (+0.44%)
[INFO GPL-0108] Timing-driven: repair_design, gpl delta gcells: 290 (+0.73%)
[INFO GPL-0109] Timing-driven: repair_design, gcells created: 577, deleted: 287
[INFO GPL-0110] Timing-driven: new target density: 0.40224332
Iteration | Overflow |     HPWL (um) |  HPWL(%) |   Penalty | Group
---------------------------------------------------------------
      370 |   0.1841 |  1.098746e+05 |   +4.88% |  4.62e-06 |      
      380 |   0.1578 |  1.089932e+05 |   -0.80% |  6.80e-06 |      
      390 |   0.1367 |  1.083658e+05 |   -0.58% |  1.00e-05 |      
      400 |   0.1155 |  1.079682e+05 |   -0.37% |  1.48e-05 |      
      410 |   0.0985 |  1.077380e+05 |   -0.21% |  2.17e-05 |      
      410 |   0.0985 |  1.077380e+05 |          |  2.26e-05 |      
---------------------------------------------------------------
[INFO GPL-1001] Global placement finished at iteration 410
[INFO GPL-1017] Routability mode iteration count: 76
[INFO GPL-1005] Routability final weighted congestion: 0.6101
[INFO GPL-1002] Placed Cell Area             6213.4391
[INFO GPL-1003] Available Free Area         24245.1112
[INFO GPL-1004] Minimum Feasible Density        0.2600 (cell_area / free_area)
[INFO GPL-1006]   Suggested Target Densities:
[INFO GPL-1007]     - For 90% usage of free space: 0.2848
[INFO GPL-1008]     - For 80% usage of free space: 0.3203
[INFO GPL-1009]     - For 50% usage of free space: 0.5126
[INFO GPL-1011] Original area (um^2): 6159.05
[INFO GPL-1012] Total routability artificial inflation: 0.00 (+0.00%)
[INFO GPL-1013] Total timing-driven delta area: 54.39 (+0.88%)
[INFO GPL-1014] Final placement area: 6213.44 (+0.88%)
Took 29 seconds: global_placement -density 0.4 -pad_left 0 -pad_right 0 -routability_driven -timing_driven -force_center_initial_place -min_phi_coef 0.95 -max_phi_coef 1.05
estimate_parasitics -placement
Report metrics stage 3, global place...

==========================================================================
global place report_design_area
--------------------------------------------------------------------------
Design area 5747 um^2 24% utilization.
write_db /work/util/uacc_hw/openroad/work_width_sweep/results/asap7/uacc_section14_allocator_width_sweep/base/3_3_place_gp.odb
Elapsed time: 0:33.59[h:]min:sec. CPU time: user 125.10 sys 26.84 (452%). Peak memory: 805404KB.
Log                       Ext     Elapsed/s Peak Memory/MB sha1sum result [0:20)
3_3_place_gp              .odb           33            786 1e8c1f896f0557ee3e3c
