OpenROAD 26Q3-463-gbde79242a0 
Features included (+) or not (-): +GPU +GUI +Python
This program is licensed under the BSD-3 license. See the LICENSE file for details.
Components of this program may be licensed under more restrictive licenses which must be honored.
[INFO ORD-0030] Using 16 thread(s).
source /OpenROAD-flow-scripts/flow/platforms/asap7/liberty_suppressions.tcl
read_liberty /OpenROAD-flow-scripts/flow/platforms/asap7/lib/NLDM/asap7sc7p5t_AO_RVT_FF_nldm_211120.lib.gz
read_liberty /OpenROAD-flow-scripts/flow/platforms/asap7/lib/NLDM/asap7sc7p5t_INVBUF_RVT_FF_nldm_220122.lib.gz
read_liberty /OpenROAD-flow-scripts/flow/platforms/asap7/lib/NLDM/asap7sc7p5t_OA_RVT_FF_nldm_211120.lib.gz
read_liberty /OpenROAD-flow-scripts/flow/platforms/asap7/lib/NLDM/asap7sc7p5t_SIMPLE_RVT_FF_nldm_211120.lib.gz
read_liberty /OpenROAD-flow-scripts/flow/platforms/asap7/lib/NLDM/asap7sc7p5t_SEQ_RVT_FF_nldm_220123.lib
read_db /work/util/uacc_hw/openroad/work_width_sweep/results/asap7/uacc_section14_allocator_width_sweep/base/3_3_place_gp.odb
read_sdc /work/util/uacc_hw/openroad/work_width_sweep/results/asap7/uacc_section14_allocator_width_sweep/base/2_floorplan.sdc
source /OpenROAD-flow-scripts/flow/platforms/asap7/setRC.tcl
estimate_parasitics -placement
Perform buffer insertion and gate resizing...
repair_design -verbose
Iteration |   Area    | Resized | Buffers | Nets repaired | Remaining
---------------------------------------------------------------------
        0 |     +0.0% |       0 |       0 |             0 |     40803
     1000 |     +0.0% |       0 |       0 |             0 |     39803
     2000 |     +0.0% |       0 |       0 |             0 |     38803
     3000 |     +0.0% |       0 |       0 |             0 |     37803
     4000 |     +0.0% |       0 |       0 |             0 |     36803
     5000 |     +0.0% |       0 |       0 |             0 |     35803
     6000 |     +0.0% |       0 |       0 |             0 |     34803
     7000 |     +0.0% |       0 |       0 |             0 |     33803
     8000 |     +0.0% |       0 |       0 |             0 |     32803
     9000 |     +0.0% |       0 |       0 |             0 |     31803
    10000 |     +0.0% |       0 |       0 |             0 |     30803
    11000 |     +0.0% |       0 |       0 |             0 |     29803
    12000 |     +0.0% |       0 |       0 |             0 |     28803
    13000 |     +0.0% |       0 |       0 |             0 |     27803
    14000 |     +0.0% |       0 |       0 |             0 |     26803
    15000 |     +0.0% |       0 |       0 |             0 |     25803
    16000 |     +0.0% |       0 |       0 |             0 |     24803
    17000 |     +0.0% |       0 |       0 |             0 |     23803
    18000 |     +0.0% |       0 |       0 |             0 |     22803
    19000 |     +0.0% |       0 |       0 |             0 |     21803
    20000 |     +0.0% |       0 |       0 |             0 |     20803
    21000 |     +0.0% |       0 |       0 |             0 |     19803
    22000 |     +0.0% |       0 |       0 |             0 |     18803
    23000 |     +0.0% |       0 |       0 |             0 |     17803
    24000 |     +0.0% |       0 |       0 |             0 |     16803
    25000 |     +0.0% |       0 |       0 |             0 |     15803
    26000 |     +0.0% |       0 |       0 |             0 |     14803
    27000 |     +0.0% |       0 |       0 |             0 |     13803
    28000 |     +0.0% |       0 |       0 |             0 |     12803
    29000 |     +0.0% |       0 |       0 |             0 |     11803
    30000 |     +0.0% |       0 |       0 |             0 |     10803
    31000 |     +0.0% |       0 |       0 |             0 |      9803
    32000 |     +0.0% |       0 |       0 |             0 |      8803
    33000 |     +0.0% |       0 |       0 |             0 |      7803
    34000 |     +0.0% |       0 |       1 |             1 |      6803
    35000 |     +0.0% |       0 |       1 |             1 |      5803
    36000 |     +0.0% |       0 |       1 |             1 |      4803
    37000 |     +0.0% |       0 |       1 |             1 |      3803
    38000 |     +0.0% |       0 |       1 |             1 |      2803
    39000 |     +0.0% |       0 |       1 |             1 |      1803
    40000 |     +0.0% |       0 |       1 |             1 |       803
    final |     +0.0% |       0 |       1 |             1 |         0
---------------------------------------------------------------------
[INFO RSZ-0034] Found 1 slew violations.
[INFO RSZ-0038] Inserted 1 buffers in 1 nets.
[INFO RSZ-0504] Runtime: 3.47s
Floating nets: 
Report metrics stage 3, resizer...

==========================================================================
resizer report_design_area
--------------------------------------------------------------------------
Design area 5748 um^2 24% utilization.
Instance count before 43098, after 43099
Pin count before 137666, after 137668
write_db /work/util/uacc_hw/openroad/work_width_sweep/results/asap7/uacc_section14_allocator_width_sweep/base/3_4_place_resized.odb
Elapsed time: 0:13.88[h:]min:sec. CPU time: user 23.00 sys 9.78 (236%). Peak memory: 409304KB.
Log                       Ext     Elapsed/s Peak Memory/MB sha1sum result [0:20)
3_4_place_resized         .odb           13            399 4708c1deb1faafc05ba5
