OpenROAD 26Q3-463-gbde79242a0 
Features included (+) or not (-): +GPU +GUI +Python
This program is licensed under the BSD-3 license. See the LICENSE file for details.
Components of this program may be licensed under more restrictive licenses which must be honored.
[INFO ORD-0030] Using 16 thread(s).
source /OpenROAD-flow-scripts/flow/platforms/asap7/liberty_suppressions.tcl
read_liberty /OpenROAD-flow-scripts/flow/platforms/asap7/lib/NLDM/asap7sc7p5t_AO_RVT_FF_nldm_211120.lib.gz
read_liberty /OpenROAD-flow-scripts/flow/platforms/asap7/lib/NLDM/asap7sc7p5t_INVBUF_RVT_FF_nldm_220122.lib.gz
read_liberty /OpenROAD-flow-scripts/flow/platforms/asap7/lib/NLDM/asap7sc7p5t_OA_RVT_FF_nldm_211120.lib.gz
read_liberty /OpenROAD-flow-scripts/flow/platforms/asap7/lib/NLDM/asap7sc7p5t_SIMPLE_RVT_FF_nldm_211120.lib.gz
read_liberty /OpenROAD-flow-scripts/flow/platforms/asap7/lib/NLDM/asap7sc7p5t_SEQ_RVT_FF_nldm_220123.lib
read_db /work/util/uacc_hw/openroad/work_width_sweep/results/asap7/uacc_section14_allocator_width_sweep/base/3_place.odb
read_sdc /work/util/uacc_hw/openroad/work_width_sweep/results/asap7/uacc_section14_allocator_width_sweep/base/3_place.sdc
source /OpenROAD-flow-scripts/flow/platforms/asap7/setRC.tcl
clock_tree_synthesis -sink_clustering_enable -repair_clock_nets
[INFO CTS-0050] Root buffer is BUFx24_ASAP7_75t_R.
[INFO CTS-0051] Sink buffer is BUFx24_ASAP7_75t_R.
[INFO CTS-0052] The following clock buffers will be used for CTS:
                    BUFx24_ASAP7_75t_R
[INFO CTS-0049] Characterization buffer is BUFx24_ASAP7_75t_R.
[INFO CTS-0007] Net "ap_clk" found for clock "core_clock".
[INFO CTS-0010]  Clock net "ap_clk" has 6212 sinks.
[INFO CTS-0008] TritonCTS found 1 clock nets.
[INFO CTS-0097] Characterization used 1 buffer(s) types.
[INFO CTS-0201] 0 blockages from hard placement blockages and placed macros will be used.
[INFO CTS-0027] Generating H-Tree topology for net ap_clk.
[INFO CTS-0028]  Total number of sinks: 6212.
[INFO CTS-0090]  Sinks will be clustered based on buffer max cap.
[INFO CTS-0030]  Number of static layers: 0.
[INFO CTS-0020]  Wire segment unit: 1350  dbu (1 um).
[INFO CTS-0206] Best clustering solution was found from max clustering size of 26 and max clustering diameter of 35.
[INFO CTS-0019]  Total number of sinks after clustering: 305.
[INFO CTS-0024]  Normalized sink region: [(3.08659, 4.83333), (91.6781, 116.5)].
[INFO CTS-0025]     Width:  88.5915.
[INFO CTS-0026]     Height: 111.6667.
 Level 1
    Direction: Vertical
    Sinks per sub-region: 153
    Sub-region size: 88.5915 X 55.8333
[INFO CTS-0034]     Segment length (rounded): 28.
 Level 2
    Direction: Horizontal
    Sinks per sub-region: 77
    Sub-region size: 44.2957 X 55.8333
[INFO CTS-0034]     Segment length (rounded): 22.
 Level 3
    Direction: Vertical
    Sinks per sub-region: 39
    Sub-region size: 44.2957 X 27.9167
[INFO CTS-0034]     Segment length (rounded): 14.
 Level 4
    Direction: Horizontal
    Sinks per sub-region: 20
    Sub-region size: 22.1479 X 27.9167
[INFO CTS-0034]     Segment length (rounded): 12.
 Level 5
    Direction: Vertical
    Sinks per sub-region: 10
    Sub-region size: 22.1479 X 13.9583
[INFO CTS-0034]     Segment length (rounded): 6.
[INFO CTS-0038]  Stop criterion found. Sink region hpwl is smaller than max wirelength (121.234 um) and max number of sinks is 15.
[INFO CTS-0035]  Number of sinks covered: 305.
[INFO CTS-0018]     Created 348 clock buffers.
[INFO CTS-0012]     Minimum number of buffers in the clock path: 5.
[INFO CTS-0013]     Maximum number of buffers in the clock path: 5.
[INFO CTS-0015]     Created 348 clock nets.
[INFO CTS-0016]     Fanout distribution for the current clock = 5:2, 6:4, 7:4, 8:4, 9:4, 10:4, 11:7, 12:4, 13:8, 14:12, 15:8, 16:9, 17:10, 18:13, 19:34, 20:48, 21:39, 22:39, 23:38, 24:29, 25:13, 26:4..
[INFO CTS-0017]     Max level of the clock tree: 5.
[INFO CTS-0098] Clock net "ap_clk"
[INFO CTS-0099]  Sinks 6488
[INFO CTS-0100]  Leaf buffers 305
[INFO CTS-0101]  Average sink wire length 251.45 um
[INFO CTS-0102]  Path depth 4 - 5
[INFO CTS-0207]  Dummy loads inserted 276
[INFO RSZ-0047] Found 1 long wires.
[INFO RSZ-0048] Inserted 1 buffers in 1 nets.
[INFO CTS-0500] Runtime: 2.29s
estimate_parasitics -placement
detailed_placement
[INFO DPL-0006] Core area: 24329.41 um^2, Movable instances area: 5868.25 um^2, Utilization: 24.1%
[INFO DPL-0007] Fixed instances area within core: 84.30 um^2, Effective utilization of free area: 24.2%
[INFO DPL-0005] Diamond search max displacement: +/- 500 sites horizontally, +/- 100 rows vertically.
[INFO DPL-1102] Legalizing using negotiation legalizer.
[INFO DPL-1103] Negotiation base search window: +/-20 sites horizontally, +/-5 rows vertically (extendable up to the max displacement cap of +/-500 sites, +/-100 rows near walls).
	Automatic search window extension enabled.
[INFO DPL-1104] NegotiationLegalizer DRC penalty: 5.
[INFO DPL-0392] Negotiation cell height distribution (1 unique row-count(s)):
[INFO DPL-0393]   height 1 row(s): 43724 cells
          |      Total |  Illegal |  Illegal
Iteration | Violations |    Cells |    Sites
---------------------------------------------
        0 |          0 |         0 |         0
Negotiation phase 1 converged at iteration 0.
[INFO DPL-0500] Runtime: 1.80s
Placement Analysis
---------------------------------
total displacement       5134.7 u
average displacement        0.1 u
max displacement            2.2 u
original HPWL          117985.3 u
legalized HPWL         120725.0 u
delta HPWL                    2 %

estimate_parasitics -placement
Report metrics stage 4, cts final...

==========================================================================
cts final report_design_area
--------------------------------------------------------------------------
Design area 5953 um^2 24% utilization.
write_db /work/util/uacc_hw/openroad/work_width_sweep/results/asap7/uacc_section14_allocator_width_sweep/base/4_1_cts.odb
write_sdc -no_timestamp /work/util/uacc_hw/openroad/work_width_sweep/results/asap7/uacc_section14_allocator_width_sweep/base/4_cts.sdc
Elapsed time: 0:16.01[h:]min:sec. CPU time: user 30.56 sys 13.26 (273%). Peak memory: 686112KB.
Log                       Ext     Elapsed/s Peak Memory/MB sha1sum result [0:20)
4_1_cts                   .odb           16            670 f58559bad0a7e0890099
