OpenROAD 26Q3-463-gbde79242a0 
Features included (+) or not (-): +GPU +GUI +Python
This program is licensed under the BSD-3 license. See the LICENSE file for details.
Components of this program may be licensed under more restrictive licenses which must be honored.
[INFO ORD-0030] Using 16 thread(s).
source /OpenROAD-flow-scripts/flow/platforms/asap7/liberty_suppressions.tcl
read_liberty /OpenROAD-flow-scripts/flow/platforms/asap7/lib/NLDM/asap7sc7p5t_AO_RVT_FF_nldm_211120.lib.gz
read_liberty /OpenROAD-flow-scripts/flow/platforms/asap7/lib/NLDM/asap7sc7p5t_INVBUF_RVT_FF_nldm_220122.lib.gz
read_liberty /OpenROAD-flow-scripts/flow/platforms/asap7/lib/NLDM/asap7sc7p5t_OA_RVT_FF_nldm_211120.lib.gz
read_liberty /OpenROAD-flow-scripts/flow/platforms/asap7/lib/NLDM/asap7sc7p5t_SIMPLE_RVT_FF_nldm_211120.lib.gz
read_liberty /OpenROAD-flow-scripts/flow/platforms/asap7/lib/NLDM/asap7sc7p5t_SEQ_RVT_FF_nldm_220123.lib
read_db /work/util/uacc_hw/openroad/work_width_sweep/results/asap7/uacc_section14_allocator_width_sweep/base/4_cts.odb
read_sdc /work/util/uacc_hw/openroad/work_width_sweep/results/asap7/uacc_section14_allocator_width_sweep/base/4_cts.sdc
source /OpenROAD-flow-scripts/flow/platforms/asap7/setRC.tcl
pin_access
[INFO DRT-0149] Reading tech and libs.

Units:                1000
Number of layers:     21
Number of macros:     212
Number of vias:       14
Number of viarulegen: 11

[INFO DRT-0150] Reading design.

Design:                   uacc_section14_allocator_uacc_section14_allocator
Die area:                 ( 0 0 ) ( 162218 162218 )
Number of track patterns: 32
Number of DEF vias:       0
Number of components:     43724
Number of terminals:      934
Number of snets:          2
Number of nets:           41153

[INFO DRT-0167] List of default vias:
  Layer V2
    default via: VIA23
  Layer V3
    default via: VIA34
  Layer V4
    default via: VIA45
  Layer V5
    default via: VIA56
  Layer V6
    default via: VIA67
  Layer V7
    default via: VIA78
  Layer V8
    default via: VIA89
  Layer V9
    default via: VIA9Pad
[INFO DRT-0162] Library cell analysis.
[INFO DRT-0163] Instance analysis.
[INFO DRT-0164] Number of unique instances = 245.
[INFO DRT-0168] Init region query.
[INFO DRT-0024]   Complete Active.
[INFO DRT-0024]   Complete V0.
[INFO DRT-0024]   Complete M1.
[INFO DRT-0024]   Complete V1.
[INFO DRT-0024]   Complete M2.
[INFO DRT-0024]   Complete V2.
[INFO DRT-0024]   Complete M3.
[INFO DRT-0024]   Complete V3.
[INFO DRT-0024]   Complete M4.
[INFO DRT-0024]   Complete V4.
[INFO DRT-0024]   Complete M5.
[INFO DRT-0024]   Complete V5.
[INFO DRT-0024]   Complete M6.
[INFO DRT-0024]   Complete V6.
[INFO DRT-0024]   Complete M7.
[INFO DRT-0024]   Complete V7.
[INFO DRT-0024]   Complete M8.
[INFO DRT-0024]   Complete V8.
[INFO DRT-0024]   Complete M9.
[INFO DRT-0024]   Complete V9.
[INFO DRT-0024]   Complete Pad.
[INFO DRT-0033] Active shape region query size = 0.
[INFO DRT-0033] V0 shape region query size = 0.
[INFO DRT-0033] M1 shape region query size = 874941.
[INFO DRT-0033] V1 shape region query size = 2563276.
[INFO DRT-0033] M2 shape region query size = 36556.
[INFO DRT-0033] V2 shape region query size = 50286.
[INFO DRT-0033] M3 shape region query size = 50286.
[INFO DRT-0033] V3 shape region query size = 33524.
[INFO DRT-0033] M4 shape region query size = 33718.
[INFO DRT-0033] V4 shape region query size = 33524.
[INFO DRT-0033] M5 shape region query size = 19240.
[INFO DRT-0033] V5 shape region query size = 3364.
[INFO DRT-0033] M6 shape region query size = 1798.
[INFO DRT-0033] V6 shape region query size = 0.
[INFO DRT-0033] M7 shape region query size = 0.
[INFO DRT-0033] V7 shape region query size = 0.
[INFO DRT-0033] M8 shape region query size = 0.
[INFO DRT-0033] V8 shape region query size = 0.
[INFO DRT-0033] M9 shape region query size = 0.
[INFO DRT-0033] V9 shape region query size = 0.
[INFO DRT-0033] Pad shape region query size = 0.
[INFO DRT-0165] Start pin access.
[INFO DRT-0076]   Complete 1000 pins.
[INFO DRT-0078]   Complete 1354 pins.
[INFO DRT-0079]   Complete 100 unique inst patterns.
[INFO DRT-0079]   Complete 200 unique inst patterns.
[INFO DRT-0081]   Complete 245 unique inst patterns.
[INFO DRT-0082]   Complete 10000 groups.
[INFO DRT-0082]   Complete 20000 groups.
[INFO DRT-0084]   Complete 29976 groups.
#scanned instances     = 43724
#unique  instances     = 245
#stdCellGenAp          = 6626
#stdCellValidPlanarAp  = 5
#stdCellValidViaAp     = 5359
#stdCellPinNoAp        = 0
#stdCellPinCnt         = 138626
#instTermValidViaApCnt = 0
#macroGenAp            = 0
#macroValidPlanarAp    = 0
#macroValidViaAp       = 0
#macroNoAp             = 0
[INFO DRT-0166] Complete pin access.
[INFO DRT-0267] cpu time = 00:08:13, elapsed time = 00:00:31, memory = 456.31 (MB), peak = 534.18 (MB)
Took 32 seconds: pin_access
global_route -congestion_report_file /work/util/uacc_hw/openroad/work_width_sweep/reports/asap7/uacc_section14_allocator_width_sweep/base/congestion.rpt -congestion_iterations 30 -congestion_report_iter_step 5 -verbose -resistance_aware
[INFO GRT-0020] Min routing layer: M2
[INFO GRT-0021] Max routing layer: M7
[INFO GRT-0022] Global adjustment: 0%
[INFO GRT-0023] Grid origin: (0, 0)
[INFO GRT-0088] Layer M1      Track-Pitch = 0.0360  line-2-Via Pitch: 0.0360
[INFO GRT-0088] Layer M2      Track-Pitch = 0.0390  line-2-Via Pitch: 0.0360
[INFO GRT-0088] Layer M3      Track-Pitch = 0.0360  line-2-Via Pitch: 0.0360
[INFO GRT-0088] Layer M4      Track-Pitch = 0.0480  line-2-Via Pitch: 0.0480
[INFO GRT-0088] Layer M5      Track-Pitch = 0.0480  line-2-Via Pitch: 0.0480
[INFO GRT-0088] Layer M6      Track-Pitch = 0.0640  line-2-Via Pitch: 0.0640
[INFO GRT-0088] Layer M7      Track-Pitch = 0.0640  line-2-Via Pitch: 0.0640
[INFO GRT-0003] Macros: 0
[INFO GRT-0004] Blockages: 18636
[INFO GRT-0019] Found 350 clock nets.
[INFO GRT-0001] Minimum degree: 2
[INFO GRT-0002] Maximum degree: 78

[INFO GRT-0053] Routing resources analysis:
          Routing      Original      Derated      Resource
Layer     Direction    Resources     Resources    Reduction (%)
---------------------------------------------------------------
M1         Vertical            0             0          0.00%
M2         Horizontal     989960        713536          27.92%
M3         Vertical      1225969        910461          25.74%
M4         Horizontal     938879        697365          25.72%
M5         Vertical       907310        672730          25.85%
M6         Horizontal     634109        428016          32.50%
M7         Vertical       717405        483364          32.62%
---------------------------------------------------------------

[INFO GRT-0197] Via related to pin nodes: 274293
[INFO GRT-0198] Via related Steiner nodes: 7276
[INFO GRT-0199] Via filling finished.
[INFO GRT-0111] Final number of vias: 357824
[INFO GRT-0112] Final usage 3D: 1341130

[INFO GRT-0096] Final congestion report:
Layer         Resource        Demand        Usage (%)    Max H / Max V / Total Congestion
---------------------------------------------------------------------------------------
M1                   0             0            0.00%             0 /  0 /  0
M2              713536        109392           15.33%             0 /  0 /  0
M3              910461        126092           13.85%             0 /  0 /  0
M4              697365          9278            1.33%             0 /  0 /  0
M5              672730          9387            1.40%             0 /  0 /  0
M6              428016          7758            1.81%             0 /  0 /  0
M7              483364          5751            1.19%             0 /  0 /  0
---------------------------------------------------------------------------------------
Total          3905472        267658            6.85%             0 /  0 /  0

[INFO GRT-0018] Total wirelength: 2159399 um
[INFO GRT-0014] Routed nets: 41022
[INFO GRT-0303] Global routing runtime = 00:00:13
Took 14 seconds: global_route -congestion_report_file /work/util/uacc_hw/openroad/work_width_sweep/reports/asap7/uacc_section14_allocator_width_sweep/base/congestion.rpt -congestion_iterations 30 -congestion_report_iter_step 5 -verbose -resistance_aware
estimate_parasitics -global_routing
Perform buffer insertion and gate resizing...
repair_design -verbose
Iteration |   Area    | Resized | Buffers | Nets repaired | Remaining
---------------------------------------------------------------------
        0 |     +0.0% |       0 |       0 |             0 |     41429
     1000 |     +0.0% |       0 |       0 |             0 |     40429
     2000 |     +0.0% |       0 |       0 |             0 |     39429
     3000 |     +0.0% |       0 |       0 |             0 |     38429
     4000 |     +0.0% |       0 |       0 |             0 |     37429
     5000 |     +0.0% |       0 |       0 |             0 |     36429
     6000 |     +0.0% |       0 |       0 |             0 |     35429
     7000 |     +0.0% |       0 |       0 |             0 |     34429
     8000 |     +0.0% |       0 |       0 |             0 |     33429
     9000 |     +0.0% |       0 |       0 |             0 |     32429
    10000 |     +0.0% |       0 |       0 |             0 |     31429
    11000 |     +0.0% |       0 |       0 |             0 |     30429
    12000 |     +0.0% |       0 |       0 |             0 |     29429
    13000 |     +0.0% |       0 |       0 |             0 |     28429
    14000 |     +0.0% |       0 |       0 |             0 |     27429
    15000 |     +0.0% |       0 |       0 |             0 |     26429
    16000 |     +0.0% |       0 |       0 |             0 |     25429
    17000 |     +0.0% |       0 |       0 |             0 |     24429
    18000 |     +0.0% |       0 |       0 |             0 |     23429
    19000 |     +0.0% |       0 |       0 |             0 |     22429
    20000 |     +0.0% |       0 |       0 |             0 |     21429
    21000 |     +0.0% |       0 |       0 |             0 |     20429
    22000 |     +0.0% |       0 |       0 |             0 |     19429
    23000 |     +0.0% |       0 |       0 |             0 |     18429
    24000 |     +0.0% |       0 |       1 |             1 |     17429
    25000 |     +0.0% |       0 |       1 |             1 |     16429
    26000 |     +0.0% |       0 |       1 |             1 |     15429
    27000 |     +0.0% |       0 |       1 |             1 |     14429
    28000 |     +0.0% |       0 |       1 |             1 |     13429
    29000 |     +0.0% |       0 |       1 |             1 |     12429
    30000 |     +0.0% |       0 |       1 |             1 |     11429
    31000 |     +0.0% |       0 |       1 |             1 |     10429
    32000 |     +0.0% |       0 |       1 |             1 |      9429
    33000 |     +0.0% |       0 |       1 |             1 |      8429
    34000 |     +0.0% |       0 |       1 |             1 |      7429
    35000 |     +0.0% |       0 |       1 |             1 |      6429
    36000 |     +0.0% |       0 |       1 |             1 |      5429
    37000 |     +0.0% |       0 |       1 |             1 |      4429
    38000 |     +0.0% |       0 |       1 |             1 |      3429
    39000 |     +0.0% |       0 |       1 |             1 |      2429
    40000 |     +0.0% |       0 |       1 |             1 |      1429
[WARNING RSZ-0104] Net service_square_q0[15] only has one pin. Check if it is intended to be dangling.
[WARNING RSZ-0104] Net service_square_q0[14] only has one pin. Check if it is intended to be dangling.
[WARNING RSZ-0104] Net service_square_q0[13] only has one pin. Check if it is intended to be dangling.
[WARNING RSZ-0104] Net service_square_q0[12] only has one pin. Check if it is intended to be dangling.
[WARNING RSZ-0104] Net service_square_q0[11] only has one pin. Check if it is intended to be dangling.
[WARNING RSZ-0104] Net service_cycles_q0[7] only has one pin. Check if it is intended to be dangling.
[WARNING RSZ-0104] Net service_cycles_q0[6] only has one pin. Check if it is intended to be dangling.
[WARNING RSZ-0104] Net lookahead_delta_q0[7] only has one pin. Check if it is intended to be dangling.
[WARNING RSZ-0104] Net lookahead_delta_q0[6] only has one pin. Check if it is intended to be dangling.
[WARNING RSZ-0104] Net lookahead_delta_q0[5] only has one pin. Check if it is intended to be dangling.
[WARNING RSZ-0104] Net lookahead_delta_q0[4] only has one pin. Check if it is intended to be dangling.
[WARNING RSZ-0104] Net interarrival_sum_q0[31] only has one pin. Check if it is intended to be dangling.
[WARNING RSZ-0104] Net interarrival_sum_q0[30] only has one pin. Check if it is intended to be dangling.
    41000 |     +0.0% |       0 |       1 |             1 |       429
[WARNING RSZ-0104] Net interarrival_sum_q0[29] only has one pin. Check if it is intended to be dangling.
[WARNING RSZ-0104] Net interarrival_sum_q0[28] only has one pin. Check if it is intended to be dangling.
[WARNING RSZ-0104] Net interarrival_sum_q0[27] only has one pin. Check if it is intended to be dangling.
[WARNING RSZ-0104] Net interarrival_sum_q0[26] only has one pin. Check if it is intended to be dangling.
[WARNING RSZ-0104] Net interarrival_sum_q0[25] only has one pin. Check if it is intended to be dangling.
[WARNING RSZ-0104] Net interarrival_sum_q0[24] only has one pin. Check if it is intended to be dangling.
[WARNING RSZ-0104] Net interarrival_sum_q0[23] only has one pin. Check if it is intended to be dangling.
[WARNING RSZ-0104] Net interarrival_sum_q0[22] only has one pin. Check if it is intended to be dangling.
[WARNING RSZ-0104] Net interarrival_sum_q0[21] only has one pin. Check if it is intended to be dangling.
[WARNING RSZ-0104] Net interarrival_square_sum_q0[63] only has one pin. Check if it is intended to be dangling.
[WARNING RSZ-0104] Net interarrival_square_sum_q0[62] only has one pin. Check if it is intended to be dangling.
[WARNING RSZ-0104] Net interarrival_square_sum_q0[61] only has one pin. Check if it is intended to be dangling.
[WARNING RSZ-0104] Net interarrival_square_sum_q0[60] only has one pin. Check if it is intended to be dangling.
[WARNING RSZ-0104] Net interarrival_square_sum_q0[59] only has one pin. Check if it is intended to be dangling.
[WARNING RSZ-0104] Net interarrival_square_sum_q0[58] only has one pin. Check if it is intended to be dangling.
[WARNING RSZ-0104] Net interarrival_square_sum_q0[57] only has one pin. Check if it is intended to be dangling.
[WARNING RSZ-0104] Net interarrival_square_sum_q0[56] only has one pin. Check if it is intended to be dangling.
[WARNING RSZ-0104] Net interarrival_square_sum_q0[55] only has one pin. Check if it is intended to be dangling.
[WARNING RSZ-0104] Net interarrival_square_sum_q0[54] only has one pin. Check if it is intended to be dangling.
[WARNING RSZ-0104] Net interarrival_square_sum_q0[53] only has one pin. Check if it is intended to be dangling.
[WARNING RSZ-0104] Net interarrival_square_sum_q0[52] only has one pin. Check if it is intended to be dangling.
[WARNING RSZ-0104] Net interarrival_square_sum_q0[51] only has one pin. Check if it is intended to be dangling.
[WARNING RSZ-0104] Net interarrival_square_sum_q0[50] only has one pin. Check if it is intended to be dangling.
[WARNING RSZ-0104] Net interarrival_square_sum_q0[49] only has one pin. Check if it is intended to be dangling.
[WARNING RSZ-0104] Net interarrival_square_sum_q0[48] only has one pin. Check if it is intended to be dangling.
[WARNING RSZ-0104] Net interarrival_square_sum_q0[47] only has one pin. Check if it is intended to be dangling.
[WARNING RSZ-0104] Net interarrival_square_sum_q0[46] only has one pin. Check if it is intended to be dangling.
[WARNING RSZ-0104] Net interarrival_square_sum_q0[45] only has one pin. Check if it is intended to be dangling.
[WARNING RSZ-0104] Net interarrival_square_sum_q0[44] only has one pin. Check if it is intended to be dangling.
[WARNING RSZ-0104] Net interarrival_square_sum_q0[43] only has one pin. Check if it is intended to be dangling.
[WARNING RSZ-0104] Net interarrival_square_sum_q0[42] only has one pin. Check if it is intended to be dangling.
[WARNING RSZ-0104] Net interarrival_square_sum_q0[41] only has one pin. Check if it is intended to be dangling.
[WARNING RSZ-0104] Net interarrival_samples_q0[31] only has one pin. Check if it is intended to be dangling.
[WARNING RSZ-0104] Net interarrival_samples_q0[30] only has one pin. Check if it is intended to be dangling.
[WARNING RSZ-0104] Net interarrival_samples_q0[29] only has one pin. Check if it is intended to be dangling.
[WARNING RSZ-0104] Net interarrival_samples_q0[28] only has one pin. Check if it is intended to be dangling.
[WARNING RSZ-0104] Net interarrival_samples_q0[27] only has one pin. Check if it is intended to be dangling.
[WARNING RSZ-0104] Net interarrival_samples_q0[26] only has one pin. Check if it is intended to be dangling.
[WARNING RSZ-0104] Net interarrival_samples_q0[25] only has one pin. Check if it is intended to be dangling.
[WARNING RSZ-0104] Net interarrival_samples_q0[24] only has one pin. Check if it is intended to be dangling.
[WARNING RSZ-0104] Net interarrival_samples_q0[23] only has one pin. Check if it is intended to be dangling.
[WARNING RSZ-0104] Net interarrival_samples_q0[22] only has one pin. Check if it is intended to be dangling.
[WARNING RSZ-0104] Net interarrival_samples_q0[21] only has one pin. Check if it is intended to be dangling.
[WARNING RSZ-0104] Net interarrival_samples_q0[20] only has one pin. Check if it is intended to be dangling.
[WARNING RSZ-0104] Net fixed_latency_q_q0[15] only has one pin. Check if it is intended to be dangling.
[WARNING RSZ-0104] Net fixed_latency_q_q0[14] only has one pin. Check if it is intended to be dangling.
[WARNING RSZ-0104] Net collector_overflow_q0[7] only has one pin. Check if it is intended to be dangling.
[WARNING RSZ-0104] Net collector_overflow_q0[6] only has one pin. Check if it is intended to be dangling.
[WARNING RSZ-0104] Net collector_overflow_q0[5] only has one pin. Check if it is intended to be dangling.
[WARNING RSZ-0104] Net collector_overflow_q0[4] only has one pin. Check if it is intended to be dangling.
[WARNING RSZ-0104] Net collector_overflow_q0[3] only has one pin. Check if it is intended to be dangling.
[WARNING RSZ-0104] Net collector_overflow_q0[2] only has one pin. Check if it is intended to be dangling.
[WARNING RSZ-0104] Net collector_overflow_q0[1] only has one pin. Check if it is intended to be dangling.
[WARNING RSZ-0104] Net capacity_gain_q_q0[63] only has one pin. Check if it is intended to be dangling.
[WARNING RSZ-0104] Net capacity_gain_q_q0[62] only has one pin. Check if it is intended to be dangling.
[WARNING RSZ-0104] Net capacity_gain_q_q0[61] only has one pin. Check if it is intended to be dangling.
[WARNING RSZ-0104] Net capacity_gain_q_q0[60] only has one pin. Check if it is intended to be dangling.
[WARNING RSZ-0104] Net capacity_gain_q_q0[59] only has one pin. Check if it is intended to be dangling.
[WARNING RSZ-0104] Net capacity_gain_q_q0[58] only has one pin. Check if it is intended to be dangling.
[WARNING RSZ-0104] Net capacity_gain_q_q0[57] only has one pin. Check if it is intended to be dangling.
[WARNING RSZ-0104] Net capacity_gain_q_q0[56] only has one pin. Check if it is intended to be dangling.
[WARNING RSZ-0104] Net capacity_gain_q_q0[55] only has one pin. Check if it is intended to be dangling.
[WARNING RSZ-0104] Net capacity_gain_q_q0[54] only has one pin. Check if it is intended to be dangling.
[WARNING RSZ-0104] Net capacity_gain_q_q0[53] only has one pin. Check if it is intended to be dangling.
[WARNING RSZ-0104] Net capacity_gain_q_q0[52] only has one pin. Check if it is intended to be dangling.
[WARNING RSZ-0104] Net capacity_gain_q_q0[51] only has one pin. Check if it is intended to be dangling.
[WARNING RSZ-0104] Net capacity_gain_q_q0[50] only has one pin. Check if it is intended to be dangling.
[WARNING RSZ-0104] Net capacity_gain_q_q0[49] only has one pin. Check if it is intended to be dangling.
[WARNING RSZ-0104] Net capacity_gain_q_q0[48] only has one pin. Check if it is intended to be dangling.
[WARNING RSZ-0104] Net capacity_gain_q_q0[47] only has one pin. Check if it is intended to be dangling.
[WARNING RSZ-0104] Net capacity_gain_q_q0[46] only has one pin. Check if it is intended to be dangling.
[WARNING RSZ-0104] Net capacity_gain_q_q0[45] only has one pin. Check if it is intended to be dangling.
[WARNING RSZ-0104] Net capacity_gain_q_q0[44] only has one pin. Check if it is intended to be dangling.
[WARNING RSZ-0104] Net capacity_gain_q_q0[43] only has one pin. Check if it is intended to be dangling.
[WARNING RSZ-0104] Net capacity_gain_q_q0[42] only has one pin. Check if it is intended to be dangling.
[WARNING RSZ-0104] Net candidate_valid_q0[7] only has one pin. Check if it is intended to be dangling.
[WARNING RSZ-0104] Net candidate_valid_q0[6] only has one pin. Check if it is intended to be dangling.
[WARNING RSZ-0104] Net candidate_valid_q0[5] only has one pin. Check if it is intended to be dangling.
[WARNING RSZ-0104] Net candidate_valid_q0[4] only has one pin. Check if it is intended to be dangling.
[WARNING RSZ-0104] Net candidate_valid_q0[3] only has one pin. Check if it is intended to be dangling.
[WARNING RSZ-0104] Net candidate_valid_q0[2] only has one pin. Check if it is intended to be dangling.
[WARNING RSZ-0104] Net candidate_valid_q0[1] only has one pin. Check if it is intended to be dangling.
[WARNING RSZ-0104] Net candidate_class_count_q0[31] only has one pin. Check if it is intended to be dangling.
[WARNING RSZ-0104] Net candidate_class_count_q0[30] only has one pin. Check if it is intended to be dangling.
[WARNING RSZ-0104] Net candidate_class_count_q0[29] only has one pin. Check if it is intended to be dangling.
[WARNING RSZ-0104] Net candidate_class_count_q0[28] only has one pin. Check if it is intended to be dangling.
[WARNING RSZ-0104] Net candidate_class_count_q0[27] only has one pin. Check if it is intended to be dangling.
[WARNING RSZ-0104] Net candidate_class_count_q0[26] only has one pin. Check if it is intended to be dangling.
[WARNING RSZ-0104] Net candidate_class_count_q0[25] only has one pin. Check if it is intended to be dangling.
[WARNING RSZ-0104] Net candidate_class_count_q0[24] only has one pin. Check if it is intended to be dangling.
[WARNING RSZ-0104] Net candidate_class_count_q0[23] only has one pin. Check if it is intended to be dangling.
[WARNING RSZ-0104] Net candidate_class_count_q0[22] only has one pin. Check if it is intended to be dangling.
[WARNING RSZ-0104] Net candidate_class_count_q0[21] only has one pin. Check if it is intended to be dangling.
[WARNING RSZ-0104] Net candidate_class_count_q0[20] only has one pin. Check if it is intended to be dangling.
[WARNING RSZ-0104] Net buffer_full_count_q0[31] only has one pin. Check if it is intended to be dangling.
[WARNING RSZ-0104] Net buffer_full_count_q0[30] only has one pin. Check if it is intended to be dangling.
[WARNING RSZ-0104] Net buffer_full_count_q0[29] only has one pin. Check if it is intended to be dangling.
[WARNING RSZ-0104] Net buffer_full_count_q0[28] only has one pin. Check if it is intended to be dangling.
[WARNING RSZ-0104] Net buffer_full_count_q0[27] only has one pin. Check if it is intended to be dangling.
[WARNING RSZ-0104] Net buffer_full_count_q0[26] only has one pin. Check if it is intended to be dangling.
[WARNING RSZ-0104] Net buffer_full_count_q0[25] only has one pin. Check if it is intended to be dangling.
[WARNING RSZ-0104] Net buffer_full_count_q0[24] only has one pin. Check if it is intended to be dangling.
[WARNING RSZ-0104] Net buffer_full_count_q0[23] only has one pin. Check if it is intended to be dangling.
[WARNING RSZ-0104] Net buffer_full_count_q0[22] only has one pin. Check if it is intended to be dangling.
[WARNING RSZ-0104] Net buffer_full_count_q0[21] only has one pin. Check if it is intended to be dangling.
[WARNING RSZ-0104] Net buffer_full_count_q0[20] only has one pin. Check if it is intended to be dangling.
[WARNING RSZ-0104] Net backpressure_count_q0[31] only has one pin. Check if it is intended to be dangling.
[WARNING RSZ-0104] Net backpressure_count_q0[30] only has one pin. Check if it is intended to be dangling.
[WARNING RSZ-0104] Net backpressure_count_q0[29] only has one pin. Check if it is intended to be dangling.
[WARNING RSZ-0104] Net backpressure_count_q0[28] only has one pin. Check if it is intended to be dangling.
[WARNING RSZ-0104] Net backpressure_count_q0[27] only has one pin. Check if it is intended to be dangling.
[WARNING RSZ-0104] Net backpressure_count_q0[26] only has one pin. Check if it is intended to be dangling.
[WARNING RSZ-0104] Net backpressure_count_q0[25] only has one pin. Check if it is intended to be dangling.
[WARNING RSZ-0104] Net backpressure_count_q0[24] only has one pin. Check if it is intended to be dangling.
[WARNING RSZ-0104] Net backpressure_count_q0[23] only has one pin. Check if it is intended to be dangling.
[WARNING RSZ-0104] Net backpressure_count_q0[22] only has one pin. Check if it is intended to be dangling.
[WARNING RSZ-0104] Net backpressure_count_q0[21] only has one pin. Check if it is intended to be dangling.
[WARNING RSZ-0104] Net backpressure_count_q0[20] only has one pin. Check if it is intended to be dangling.
    final |     +0.0% |       0 |       1 |             1 |         0
---------------------------------------------------------------------
[INFO RSZ-0034] Found 1 slew violations.
[INFO RSZ-0038] Inserted 1 buffers in 1 nets.
[INFO RSZ-0504] Runtime: 3.91s
global_route -start_incremental
detailed_placement
[INFO DPL-0006] Core area: 24329.41 um^2, Movable instances area: 5868.57 um^2, Utilization: 24.1%
[INFO DPL-0007] Fixed instances area within core: 84.30 um^2, Effective utilization of free area: 24.2%
[INFO DPL-0005] Diamond search max displacement: +/- 500 sites horizontally, +/- 100 rows vertically.
[INFO DPL-1102] Legalizing using negotiation legalizer.
[INFO DPL-1103] Negotiation base search window: +/-20 sites horizontally, +/-5 rows vertically (extendable up to the max displacement cap of +/-500 sites, +/-100 rows near walls).
	Automatic search window extension enabled.
[INFO DPL-1104] NegotiationLegalizer DRC penalty: 5.
[INFO DPL-0392] Negotiation cell height distribution (1 unique row-count(s)):
[INFO DPL-0393]   height 1 row(s): 43725 cells
[INFO DPL-0500] Runtime: 0.24s
Placement Analysis
---------------------------------
total displacement          0.0 u
average displacement        0.0 u
max displacement            0.0 u
original HPWL          120725.0 u
legalized HPWL         120725.0 u
delta HPWL                    0 %

global_route -end_incremental -resistance_aware -congestion_report_file /work/util/uacc_hw/openroad/work_width_sweep/reports/asap7/uacc_section14_allocator_width_sweep/base/congestion_post_repair_design.rpt
Repair setup and hold violations...
estimate_parasitics -global_routing
repair_timing -setup_margin 0 -hold_margin 0 -repair_tns 100 -skip_last_gasp -verbose
[INFO RSZ-0100] Repair move sequence: UnbufferMove SizeUpMove SwapPinsMove BufferMove CloneMove SplitLoadMove 
[INFO RSZ-0098] No setup violations found
[INFO RSZ-0505] Runtime: 1.21s
[INFO RSZ-0033] No hold violations found.
[INFO RSZ-0506] Runtime: 0.32s
global_route -start_incremental
detailed_placement
[INFO DPL-0006] Core area: 24329.41 um^2, Movable instances area: 5868.57 um^2, Utilization: 24.1%
[INFO DPL-0007] Fixed instances area within core: 84.30 um^2, Effective utilization of free area: 24.2%
[INFO DPL-0005] Diamond search max displacement: +/- 500 sites horizontally, +/- 100 rows vertically.
[INFO DPL-1102] Legalizing using negotiation legalizer.
[INFO DPL-1103] Negotiation base search window: +/-20 sites horizontally, +/-5 rows vertically (extendable up to the max displacement cap of +/-500 sites, +/-100 rows near walls).
	Automatic search window extension enabled.
[INFO DPL-1104] NegotiationLegalizer DRC penalty: 5.
[INFO DPL-0392] Negotiation cell height distribution (1 unique row-count(s)):
[INFO DPL-0393]   height 1 row(s): 43725 cells
[INFO DPL-0500] Runtime: 0.26s
Placement Analysis
---------------------------------
total displacement          0.0 u
average displacement        0.0 u
max displacement            0.0 u
original HPWL          120725.0 u
legalized HPWL         120725.0 u
delta HPWL                    0 %

check_placement -verbose
global_route -end_incremental -resistance_aware -congestion_report_file /work/util/uacc_hw/openroad/work_width_sweep/reports/asap7/uacc_section14_allocator_width_sweep/base/congestion_post_repair_timing.rpt
estimate_parasitics -global_routing
repair_timing -setup -sequence "vt_swap reroute" -skip_last_gasp -repair_tns 0 -verbose
[INFO RSZ-0100] Repair move sequence: RerouteMove 
[INFO RSZ-0098] No setup violations found
[INFO RSZ-0505] Runtime: 1.24s
Repair antennas...
[WARNING GRT-0246] No diode with LEF class CORE ANTENNACELL found.
[INFO ANT-0002] Found 0 net violations.
[INFO ANT-0001] Found 0 pin violations.
Estimate parasitics...
estimate_parasitics -global_routing
Report metrics stage 5, global route...

==========================================================================
global route report_design_area
--------------------------------------------------------------------------
Design area 5953 um^2 24% utilization.
[INFO FLW-0007] clock core_clock period 5000.000000
[INFO FLW-0008] Clock core_clock period 1995.185
[INFO FLW-0009] Clock core_clock slack 2899.805
write_sdc -no_timestamp /work/util/uacc_hw/openroad/work_width_sweep/results/asap7/uacc_section14_allocator_width_sweep/base/updated_clks.sdc
[INFO FLW-0011] Path endpoint path count 6808
write_db /work/util/uacc_hw/openroad/work_width_sweep/results/asap7/uacc_section14_allocator_width_sweep/base/5_1_grt.odb
write_sdc -no_timestamp /work/util/uacc_hw/openroad/work_width_sweep/results/asap7/uacc_section14_allocator_width_sweep/base/5_1_grt.sdc
Elapsed time: 1:09.03[h:]min:sec. CPU time: user 610.31 sys 31.81 (930%). Peak memory: 1206208KB.
Log                       Ext     Elapsed/s Peak Memory/MB sha1sum result [0:20)
5_1_grt                   .odb           69           1177 accebaf2201ac6346a80
5_1_grt                   .sdc                             b2cfb503843d0b8f1dc4
