OpenROAD 26Q3-463-gbde79242a0 
Features included (+) or not (-): +GPU +GUI +Python
This program is licensed under the BSD-3 license. See the LICENSE file for details.
Components of this program may be licensed under more restrictive licenses which must be honored.
[INFO ORD-0030] Using 16 thread(s).
source /OpenROAD-flow-scripts/flow/platforms/asap7/liberty_suppressions.tcl
read_liberty /OpenROAD-flow-scripts/flow/platforms/asap7/lib/NLDM/asap7sc7p5t_AO_RVT_FF_nldm_211120.lib.gz
read_liberty /OpenROAD-flow-scripts/flow/platforms/asap7/lib/NLDM/asap7sc7p5t_INVBUF_RVT_FF_nldm_220122.lib.gz
read_liberty /OpenROAD-flow-scripts/flow/platforms/asap7/lib/NLDM/asap7sc7p5t_OA_RVT_FF_nldm_211120.lib.gz
read_liberty /OpenROAD-flow-scripts/flow/platforms/asap7/lib/NLDM/asap7sc7p5t_SIMPLE_RVT_FF_nldm_211120.lib.gz
read_liberty /OpenROAD-flow-scripts/flow/platforms/asap7/lib/NLDM/asap7sc7p5t_SEQ_RVT_FF_nldm_220123.lib
read_db /work/util/uacc_hw/openroad/work_precision_f2/results/asap7/uacc_section14_allocator_precision_sweep/base/3_2_place_iop.odb
read_sdc /work/util/uacc_hw/openroad/work_precision_f2/results/asap7/uacc_section14_allocator_precision_sweep/base/2_floorplan.sdc
source /OpenROAD-flow-scripts/flow/platforms/asap7/setRC.tcl
[INFO RSZ-0026] Removed 6145 buffers.
Perform port buffering...
[INFO RSZ-0027] Inserted 751 BUFx2_ASAP7_75t_R input buffers.
[INFO RSZ-0028] Inserted 262 BUFx2_ASAP7_75t_R output buffers.
global_placement -density 0.4 -pad_left 0 -pad_right 0 -routability_driven -timing_driven -force_center_initial_place -min_phi_coef 0.95 -max_phi_coef 1.05
[INFO GPL-0001] ---- Initialize GPL Main Data Structures
[INFO GPL-0002] DBU: 1000
[INFO GPL-0003] SiteSize: (  0.054  0.270 ) um
[INFO GPL-0004] CoreBBox: (  3.024  3.240 ) ( 276.804 276.750 ) um
[INFO GPL-0036] Movable instances area:      17531.400 um^2
[INFO GPL-0037] Total instances area:        17738.465 um^2
[INFO GPL-0035] Pin density area adjust:      1575.493 um^2
[INFO GPL-0032] ---- Initialize Region: Top-level
[INFO GPL-0006] Number of instances:            131836
[INFO GPL-0007] Movable instances:              124735
[INFO GPL-0008] Fixed instances:                  7101
[INFO GPL-0009] Dummy instances:                     0
[INFO GPL-0010] Number of nets:                 125633
[INFO GPL-0011] Number of pins:                 431381
[INFO GPL-0012] Die BBox:  (  0.000  0.000 ) ( 279.828 279.828 ) um
[INFO GPL-0013] Core BBox: (  3.024  3.240 ) ( 276.804 276.750 ) um
[INFO GPL-0016] Core area:                   74881.568 um^2
[INFO GPL-0014] Region name: top-level.
[INFO GPL-0015] Region area:                 74881.568 um^2
[INFO GPL-0017] Fixed instances area:          207.065 um^2
[INFO GPL-0018] Movable instances area:      19106.893 um^2
[INFO GPL-0019] Utilization:                    25.587 %
[INFO GPL-0020] Standard cells area:         19106.893 um^2
[INFO GPL-0021] Large instances area:            0.000 um^2
[INFO GPL-0005] ---- Execute Conjugate Gradient Initial Placement.
[INFO GPL-0051] Source of initial instance position counters:
	Odb location = 0	Core center = 124735	Region center = 0
[InitialPlace]  Iter: 1 conjugate gradient residual: 0.00197718 HPWL: 519923961
[InitialPlace]  Iter: 2 conjugate gradient residual: 0.00132939 HPWL: 294222495
[InitialPlace]  Iter: 3 conjugate gradient residual: 0.00034254 HPWL: 271310084
[InitialPlace]  Iter: 4 conjugate gradient residual: 0.00047044 HPWL: 259535551
[InitialPlace]  Iter: 5 conjugate gradient residual: 0.00033840 HPWL: 253449502
[InitialPlace]  Iter: 6 conjugate gradient residual: 0.00026203 HPWL: 249942275
[InitialPlace]  Iter: 7 conjugate gradient residual: 0.00028861 HPWL: 246878508
[InitialPlace]  Iter: 8 conjugate gradient residual: 0.00031970 HPWL: 245029280
[InitialPlace]  Iter: 9 conjugate gradient residual: 0.00027224 HPWL: 243041403
[InitialPlace]  Iter: 10 conjugate gradient residual: 0.00029698 HPWL: 241524483
[InitialPlace]  Iter: 11 conjugate gradient residual: 0.00041920 HPWL: 240091884
[InitialPlace]  Iter: 12 conjugate gradient residual: 0.00017301 HPWL: 239440433
[InitialPlace]  Iter: 13 conjugate gradient residual: 0.00014667 HPWL: 238137593
[InitialPlace]  Iter: 14 conjugate gradient residual: 0.00020702 HPWL: 237737844
[InitialPlace]  Iter: 15 conjugate gradient residual: 0.00010036 HPWL: 236857920
[InitialPlace]  Iter: 16 conjugate gradient residual: 0.00011485 HPWL: 237060022
[InitialPlace]  Iter: 17 conjugate gradient residual: 0.00008279 HPWL: 236758252
[InitialPlace]  Iter: 18 conjugate gradient residual: 0.00007227 HPWL: 236916989
[InitialPlace]  Iter: 19 conjugate gradient residual: 0.00007791 HPWL: 236852410
[InitialPlace]  Iter: 20 conjugate gradient residual: 0.00006996 HPWL: 236990492
[INFO GPL-0033] ---- Initialize Nesterov Region: Top-level
[INFO GPL-0023] Placement target density:       0.4000
[INFO GPL-0024] Movable insts average area:      0.153 um^2
[INFO GPL-0025] Ideal bin area:                  0.383 um^2
[INFO GPL-0026] Ideal bin count:                195539
[INFO GPL-0027] Total bin area:              74881.568 um^2
[INFO GPL-0028] Bin count (X, Y):         256 ,    256
[INFO GPL-0029] Bin size (W * H):       1.069 *  1.068 um
[INFO GPL-0030] Number of bins:                  65536
[INFO GPL-0084] ---- Execute Nesterov Global Placement.
[INFO GPL-0031] HPWL: Half-Perimeter Wirelength
Iteration | Overflow |     HPWL (um) |  HPWL(%) |   Penalty | Group
---------------------------------------------------------------
        0 |   0.9639 |  1.364136e+05 |   +0.00% |  4.67e-14 |      
       10 |   0.9383 |  1.639336e+05 |  +20.17% |  7.59e-14 |      
       20 |   0.9263 |  1.753493e+05 |   +6.96% |  1.23e-13 |      
       30 |   0.9207 |  1.800496e+05 |   +2.68% |  2.01e-13 |      
       40 |   0.9169 |  1.808852e+05 |   +0.46% |  3.27e-13 |      
       50 |   0.9142 |  1.810943e+05 |   +0.12% |  5.33e-13 |      
       60 |   0.9122 |  1.826278e+05 |   +0.85% |  8.68e-13 |      
       70 |   0.9112 |  1.838018e+05 |   +0.64% |  1.41e-12 |      
       80 |   0.9109 |  1.842157e+05 |   +0.23% |  2.30e-12 |      
       90 |   0.9106 |  1.844374e+05 |   +0.12% |  3.75e-12 |      
      100 |   0.9104 |  1.846772e+05 |   +0.13% |  6.11e-12 |      
      110 |   0.9097 |  1.849433e+05 |   +0.14% |  9.95e-12 |      
      120 |   0.9087 |  1.853979e+05 |   +0.25% |  1.62e-11 |      
      130 |   0.9072 |  1.862735e+05 |   +0.47% |  2.64e-11 |      
      140 |   0.9054 |  1.876952e+05 |   +0.76% |  4.30e-11 |      
      150 |   0.9028 |  1.900258e+05 |   +1.24% |  7.00e-11 |      
      160 |   0.8983 |  1.941767e+05 |   +2.18% |  1.14e-10 |      
      170 |   0.8904 |  2.036219e+05 |   +4.86% |  1.86e-10 |      
      180 |   0.8771 |  2.173095e+05 |   +6.72% |  3.02e-10 |      
      190 |   0.8579 |  2.349127e+05 |   +8.10% |  4.91e-10 |      
      200 |   0.8316 |  2.567872e+05 |   +9.31% |  7.98e-10 |      
      210 |   0.8014 |  2.800203e+05 |   +9.05% |  1.30e-09 |      
      220 |   0.7712 |  2.996336e+05 |   +7.00% |  2.11e-09 |      
      230 |   0.7408 |  3.113222e+05 |   +3.90% |  3.43e-09 |      
      240 |   0.7072 |  3.188262e+05 |   +2.41% |  5.58e-09 |      
      250 |   0.6702 |  3.386828e+05 |   +6.23% |  9.06e-09 |      
      260 |   0.6324 |  3.537813e+05 |   +4.46% |  1.47e-08 |      
[INFO GPL-0100] Timing-driven iteration 1/2, virtual: false.
[INFO GPL-0101]    Iter: 261, overflow: 0.632, keep resizer changes at: 1, HPWL: 353781254
Iteration |   Area    | Resized | Buffers | Nets repaired | Remaining
---------------------------------------------------------------------
        0 |     +0.0% |       0 |       0 |             0 |    125633
    final |     +2.0% |     370 |    1118 |           481 |         0
---------------------------------------------------------------------
[INFO RSZ-0034] Found 457 slew violations.
[INFO RSZ-0036] Found 209 capacitance violations.
[INFO RSZ-0037] Found 99 long wires.
[INFO RSZ-0039] Resized 370 instances.
[INFO RSZ-0038] Inserted 1118 buffers in 481 nets.
   Iter   |    Area   | Removed | Inserted |   Pins
          |           | Buffers | Buffers  | Remaining
-------------------------------------------------------
        0 |     +0.0% |       0 |        0 |    124723
    12400 |     -0.0% |       2 |        2 |    112323
    24800 |     -0.1% |      37 |       24 |     99923
    37200 |     -0.1% |      73 |       53 |     87523
    49600 |     -0.1% |     120 |       94 |     75123
    62000 |     -0.2% |     145 |      110 |     62723
    74400 |     -0.2% |     194 |      160 |     50323
    86800 |     -0.3% |     217 |      192 |     37923
    99200 |     -0.4% |     325 |      293 |     25523
   111600 |     -0.9% |     754 |      732 |     13123
   124000 |     -1.2% |    1110 |     1275 |       723
    final |     -1.2% |    1118 |     1282 |         0
-------------------------------------------------------
[INFO GPL-0106] Timing-driven: worst slack -1e-09
[INFO GPL-0107] Timing-driven: repair_design delta area: 135.012 um^2 (+0.71%)
[INFO GPL-0108] Timing-driven: repair_design, gpl delta gcells: 1282 (+1.03%)
[INFO GPL-0109] Timing-driven: repair_design, gcells created: 2400, deleted: 1118
[INFO GPL-0110] Timing-driven: new target density: 0.40180802
[INFO GPL-0038] Routability snapshot saved at iter = 270
      269 |   0.5978 |  3.897779e+05 |          |           |      
Iteration | Overflow |     HPWL (um) |  HPWL(%) |   Penalty | Group
---------------------------------------------------------------
      270 |   0.5941 |  3.916907e+05 |  +10.72% |  2.39e-08 |      
      280 |   0.5667 |  4.039509e+05 |   +3.13% |  3.89e-08 |      
      290 |   0.5215 |  3.963460e+05 |   -1.88% |  6.33e-08 |      
      300 |   0.4788 |  4.031735e+05 |   +1.72% |  1.03e-07 |      
      310 |   0.4417 |  4.038377e+05 |   +0.16% |  1.68e-07 |      
      320 |   0.4008 |  4.017620e+05 |   -0.51% |  2.73e-07 |      
      330 |   0.3616 |  4.013294e+05 |   -0.11% |  4.45e-07 |      
      340 |   0.3209 |  3.973841e+05 |   -0.98% |  6.83e-07 |      
[INFO GPL-0040] Routability iteration: 1
[WARNING GRT-0281] Net ap_clk has a large fanout of 16379 terminals.
[INFO GPL-0041] Total routing overflow: 0.2499
[INFO GPL-0042] Number of overflowed tiles: 6 (0.00%)
[INFO GPL-0043] Average top 0.5% routing congestion: 0.6784
[INFO GPL-0044] Average top 1.0% routing congestion: 0.6445
[INFO GPL-0045] Average top 2.0% routing congestion: 0.6119
[INFO GPL-0046] Average top 5.0% routing congestion: 0.5674
[INFO GPL-0047] Routability iteration weighted routing congestion: 0.6615
[INFO GPL-0050] Weighted routing congestion is lower than target routing congestion(1.0100), end routability optimization.
[INFO GPL-0090] Routability finished. Target routing congestion achieved succesfully.
Iteration | Overflow |     HPWL (um) |  HPWL(%) |   Penalty | Group
---------------------------------------------------------------
      350 |   0.2943 |  3.932548e+05 |   -1.04% |  1.01e-06 |      
      360 |   0.2634 |  3.904883e+05 |   -0.70% |  1.48e-06 |      
      370 |   0.2337 |  3.877292e+05 |   -0.71% |  2.18e-06 |      
      380 |   0.2074 |  3.845420e+05 |   -0.82% |  3.21e-06 |      
[INFO GPL-0100] Timing-driven iteration 2/2, virtual: false.
[INFO GPL-0101]    Iter: 387, overflow: 0.193, keep resizer changes at: 1, HPWL: 383161324
Iteration |   Area    | Resized | Buffers | Nets repaired | Remaining
---------------------------------------------------------------------
        0 |     +0.0% |       0 |       0 |             0 |    126915
    final |     +0.2% |       0 |     114 |           105 |         0
---------------------------------------------------------------------
[INFO RSZ-0034] Found 60 slew violations.
[INFO RSZ-0036] Found 2 capacitance violations.
[INFO RSZ-0037] Found 67 long wires.
[INFO RSZ-0038] Inserted 114 buffers in 105 nets.
   Iter   |    Area   | Removed | Inserted |   Pins
          |           | Buffers | Buffers  | Remaining
-------------------------------------------------------
        0 |     +0.0% |       0 |        0 |    124723
    12400 |     +0.0% |       2 |        3 |    112323
    24800 |     +0.0% |      25 |       42 |     99923
    37200 |     +0.0% |      57 |      117 |     87523
    49600 |     +0.0% |     106 |      171 |     75123
    62000 |     +0.0% |     128 |      196 |     62723
    74400 |     +0.0% |     186 |      274 |     50323
    86800 |     +0.0% |     222 |      320 |     37923
    99200 |     +0.0% |     334 |      449 |     25523
   111600 |     +0.2% |     805 |     1299 |     13123
   124000 |     +0.4% |    1386 |     2309 |       723
    final |     +0.4% |    1396 |     2317 |         0
-------------------------------------------------------
[INFO GPL-0106] Timing-driven: worst slack -1e-09
[INFO GPL-0107] Timing-driven: repair_design delta area: 102.031 um^2 (+0.53%)
[INFO GPL-0108] Timing-driven: repair_design, gpl delta gcells: 1035 (+0.82%)
[INFO GPL-0109] Timing-driven: repair_design, gcells created: 2431, deleted: 1396
[INFO GPL-0110] Timing-driven: new target density: 0.40317437
Iteration | Overflow |     HPWL (um) |  HPWL(%) |   Penalty | Group
---------------------------------------------------------------
      390 |   0.1821 |  4.442886e+05 |  +15.54% |  4.71e-06 |      
      400 |   0.1572 |  4.357635e+05 |   -1.92% |  6.94e-06 |      
      410 |   0.1383 |  4.312758e+05 |   -1.03% |  1.02e-05 |      
      420 |   0.1186 |  4.272286e+05 |   -0.94% |  1.51e-05 |      
      430 |   0.1005 |  4.247199e+05 |   -0.59% |  2.22e-05 |      
      431 |   0.0990 |  4.245089e+05 |          |  2.40e-05 |      
---------------------------------------------------------------
[INFO GPL-1001] Global placement finished at iteration 431
[INFO GPL-1017] Routability mode iteration count: 78
[INFO GPL-1005] Routability final weighted congestion: 0.6233
[INFO GPL-1002] Placed Cell Area            19343.9355
[INFO GPL-1003] Available Free Area         74674.5026
[INFO GPL-1004] Minimum Feasible Density        0.2600 (cell_area / free_area)
[INFO GPL-1006]   Suggested Target Densities:
[INFO GPL-1007]     - For 90% usage of free space: 0.2878
[INFO GPL-1008]     - For 80% usage of free space: 0.3238
[INFO GPL-1009]     - For 50% usage of free space: 0.5181
[INFO GPL-1011] Original area (um^2): 19106.89
[INFO GPL-1012] Total routability artificial inflation: 0.00 (+0.00%)
[INFO GPL-1013] Total timing-driven delta area: 237.04 (+1.24%)
[INFO GPL-1014] Final placement area: 19343.94 (+1.24%)
Took 348 seconds: global_placement -density 0.4 -pad_left 0 -pad_right 0 -routability_driven -timing_driven -force_center_initial_place -min_phi_coef 0.95 -max_phi_coef 1.05
estimate_parasitics -placement
Report metrics stage 3, global place...

==========================================================================
global place report_design_area
--------------------------------------------------------------------------
Design area 17969 um^2 24% utilization.
write_db /work/util/uacc_hw/openroad/work_precision_f2/results/asap7/uacc_section14_allocator_precision_sweep/base/3_3_place_gp.odb
Elapsed time: 5:57.73[h:]min:sec. CPU time: user 1846.73 sys 50.71 (530%). Peak memory: 1907044KB.
Log                       Ext     Elapsed/s Peak Memory/MB sha1sum result [0:20)
3_3_place_gp              .odb          357           1862 5f46adf195c5766774a1
