OpenROAD 26Q3-463-gbde79242a0 
Features included (+) or not (-): +GPU +GUI +Python
This program is licensed under the BSD-3 license. See the LICENSE file for details.
Components of this program may be licensed under more restrictive licenses which must be honored.
[INFO ORD-0030] Using 16 thread(s).
source /OpenROAD-flow-scripts/flow/platforms/asap7/liberty_suppressions.tcl
read_liberty /OpenROAD-flow-scripts/flow/platforms/asap7/lib/NLDM/asap7sc7p5t_AO_RVT_FF_nldm_211120.lib.gz
read_liberty /OpenROAD-flow-scripts/flow/platforms/asap7/lib/NLDM/asap7sc7p5t_INVBUF_RVT_FF_nldm_220122.lib.gz
read_liberty /OpenROAD-flow-scripts/flow/platforms/asap7/lib/NLDM/asap7sc7p5t_OA_RVT_FF_nldm_211120.lib.gz
read_liberty /OpenROAD-flow-scripts/flow/platforms/asap7/lib/NLDM/asap7sc7p5t_SIMPLE_RVT_FF_nldm_211120.lib.gz
read_liberty /OpenROAD-flow-scripts/flow/platforms/asap7/lib/NLDM/asap7sc7p5t_SEQ_RVT_FF_nldm_220123.lib
read_db /work/util/uacc_hw/openroad/work_precision_f2/results/asap7/uacc_section14_allocator_precision_sweep/base/3_4_place_resized.odb
read_sdc /work/util/uacc_hw/openroad/work_precision_f2/results/asap7/uacc_section14_allocator_precision_sweep/base/2_floorplan.sdc
source /OpenROAD-flow-scripts/flow/platforms/asap7/setRC.tcl
detailed_placement
[INFO DPL-0006] Core area: 74881.57 um^2, Movable instances area: 17763.57 um^2, Utilization: 23.7%
[INFO DPL-0007] Fixed instances area within core: 207.07 um^2, Effective utilization of free area: 23.8%
[INFO DPL-0005] Diamond search max displacement: +/- 500 sites horizontally, +/- 100 rows vertically.
[INFO DPL-1102] Legalizing using negotiation legalizer.
[INFO DPL-1103] Negotiation base search window: +/-20 sites horizontally, +/-5 rows vertically (extendable up to the max displacement cap of +/-500 sites, +/-100 rows near walls).
	Automatic search window extension enabled.
[INFO DPL-1104] NegotiationLegalizer DRC penalty: 5.
[INFO DPL-0392] Negotiation cell height distribution (1 unique row-count(s)):
[INFO DPL-0393]   height 1 row(s): 134160 cells
          |      Total |  Illegal |  Illegal
Iteration | Violations |    Cells |    Sites
---------------------------------------------
        0 |         62 |        14 |        48
        1 |          0 |         0 |         0
Negotiation phase 1 converged at iteration 1.
[INFO DPL-0500] Runtime: 21.28s
Placement Analysis
---------------------------------
total displacement      39517.6 u
average displacement        0.3 u
max displacement            1.8 u
original HPWL          425181.8 u
legalized HPWL         458596.3 u
delta HPWL                    8 %

Took 22 seconds: detailed_placement
improve_placement -max_displacement "5 1"
Detailed placement improvement.
[INFO DPL-0401] Setting random seed to 1.
[INFO DPL-0402] Setting maximum displacement 5 1 to 1350 270 units.
[INFO DPL-0320] Collected 8273 fixed cells.
[INFO DPL-0318] Collected 127059 single height cells.
[INFO DPL-0321] Collected 0 wide cells.
[INFO DPL-0322] Image (3024, 3240) - (276804, 276750)
[INFO DPL-0310] Assigned 127059 cells into segments.  Movement in X-direction is 0.000000, movement in Y-direction is 0.000000.
[INFO DPL-0313] Found 0 cells in wrong regions.
[INFO DPL-0315] Found 0 row alignment problems.
[INFO DPL-0314] Found 0 site alignment problems.
[INFO DPL-0311] Found 0 overlaps between adjacent cells.
[INFO DPL-0312] Found 0 edge spacing violations and 0 padding violations.
[INFO DPL-0303] Running algorithm for independent set matching.
[INFO DPL-0300] Set matching objective is wirelength.
[INFO DPL-0301] Pass   1 of matching; objective is 4.583083e+08.
[INFO DPL-0302] End of matching; objective is 4.577596e+08, improvement is 0.12 percent.
[INFO DPL-0303] Running algorithm for global swaps.
[INFO DPL-0306] Pass   1 of global swaps; hpwl is 4.507636e+08.
[INFO DPL-0306] Pass   2 of global swaps; hpwl is 4.497125e+08.
[INFO DPL-0307] End of global swaps; objective is 4.497125e+08, improvement is 1.76 percent.
[INFO DPL-0303] Running algorithm for vertical swaps.
[INFO DPL-0308] Pass   1 of vertical swaps; hpwl is 4.476717e+08.
[INFO DPL-0309] End of vertical swaps; objective is 4.476717e+08, improvement is 0.45 percent.
[INFO DPL-0303] Running algorithm for reordering.
[INFO DPL-0304] Pass   1 of reordering; objective is 4.475465e+08.
[INFO DPL-0305] End of reordering; objective is 4.475465e+08, improvement is 0.03 percent.
[INFO DPL-0303] Running algorithm for random improvement.
[INFO DPL-0324] Random improver is using random generator.
[INFO DPL-0325] Random improver is using hpwl objective.
[INFO DPL-0326] Random improver cost string is (a).
[INFO DPL-0332] End of pass, Generator random called 2541180 times.
[INFO DPL-0335] Generator random, Cumulative attempts 2541180, swaps 170464, moves 1042458 since last reset.
[INFO DPL-0333] End of pass, Objective hpwl, Initial cost 4.470142e+08, Scratch cost 4.427302e+08, Incremental cost 4.427302e+08, Mismatch? N
[INFO DPL-0338] End of pass, Total cost is 4.427302e+08.
[INFO DPL-0327] Pass   1 of random improver; improvement in cost is 0.96 percent.
[INFO DPL-0328] End of random improver; improvement is 0.958348 percent.
[INFO DPL-0380] Cell flipping.
[INFO DPL-0382] Changed 0 cell orientations for row compatibility.
[INFO DPL-0383] Performed 31737 cell flips.
[INFO DPL-0384] End of flipping; objective is 4.354401e+08, improvement is 1.76 percent.
[INFO DPL-0313] Found 0 cells in wrong regions.
[INFO DPL-0315] Found 0 row alignment problems.
[INFO DPL-0314] Found 0 site alignment problems.
[INFO DPL-0311] Found 0 overlaps between adjacent cells.
[INFO DPL-0312] Found 0 edge spacing violations and 0 padding violations.
Detailed Improvement Results
------------------------------------------
Original HPWL           458596.3 u (  212151.5,   246444.8)
Final HPWL              434983.3 u (  204548.7,   230434.6)
Delta HPWL                  -5.1 % (      -3.6,       -6.5)

Took 32 seconds: improve_placement -max_displacement "5 1"
optimize_mirroring
[INFO DPL-0020] Mirrored 7919 instances
[INFO DPL-0021] HPWL before          434983.3 u
[INFO DPL-0022] HPWL after           434750.5 u
[INFO DPL-0023] HPWL delta               -0.1 %
[INFO FLW-0012] Placement violations .
estimate_parasitics -placement
Report metrics stage 3, detailed place...

==========================================================================
detailed place report_design_area
--------------------------------------------------------------------------
Design area 17971 um^2 24% utilization.
write_db /work/util/uacc_hw/openroad/work_precision_f2/results/asap7/uacc_section14_allocator_precision_sweep/base/3_5_place_dp.odb
Elapsed time: 1:26.11[h:]min:sec. CPU time: user 106.97 sys 16.17 (142%). Peak memory: 1292048KB.
Log                       Ext     Elapsed/s Peak Memory/MB sha1sum result [0:20)
3_5_place_dp              .odb           86           1261 7b8d33db099a8262a07d
