OpenROAD 26Q3-463-gbde79242a0 
Features included (+) or not (-): +GPU +GUI +Python
This program is licensed under the BSD-3 license. See the LICENSE file for details.
Components of this program may be licensed under more restrictive licenses which must be honored.
[INFO ORD-0030] Using 16 thread(s).
source /OpenROAD-flow-scripts/flow/platforms/asap7/liberty_suppressions.tcl
read_liberty /OpenROAD-flow-scripts/flow/platforms/asap7/lib/NLDM/asap7sc7p5t_AO_RVT_FF_nldm_211120.lib.gz
read_liberty /OpenROAD-flow-scripts/flow/platforms/asap7/lib/NLDM/asap7sc7p5t_INVBUF_RVT_FF_nldm_220122.lib.gz
read_liberty /OpenROAD-flow-scripts/flow/platforms/asap7/lib/NLDM/asap7sc7p5t_OA_RVT_FF_nldm_211120.lib.gz
read_liberty /OpenROAD-flow-scripts/flow/platforms/asap7/lib/NLDM/asap7sc7p5t_SIMPLE_RVT_FF_nldm_211120.lib.gz
read_liberty /OpenROAD-flow-scripts/flow/platforms/asap7/lib/NLDM/asap7sc7p5t_SEQ_RVT_FF_nldm_220123.lib
read_db /work/util/uacc_hw/openroad/work_precision_f2/results/asap7/uacc_section14_allocator_precision_sweep/base/4_cts.odb
read_sdc /work/util/uacc_hw/openroad/work_precision_f2/results/asap7/uacc_section14_allocator_precision_sweep/base/4_cts.sdc
source /OpenROAD-flow-scripts/flow/platforms/asap7/setRC.tcl
pin_access
[INFO DRT-0149] Reading tech and libs.

Units:                1000
Number of layers:     21
Number of macros:     212
Number of vias:       14
Number of viarulegen: 11

[INFO DRT-0150] Reading design.

Design:                   uacc_section14_allocator_uacc_section14_allocator
Die area:                 ( 0 0 ) ( 279828 279828 )
Number of track patterns: 32
Number of DEF vias:       0
Number of components:     135923
Number of terminals:      1174
Number of snets:          2
Number of nets:           128923

[INFO DRT-0167] List of default vias:
  Layer V2
    default via: VIA23
  Layer V3
    default via: VIA34
  Layer V4
    default via: VIA45
  Layer V5
    default via: VIA56
  Layer V6
    default via: VIA67
  Layer V7
    default via: VIA78
  Layer V8
    default via: VIA89
  Layer V9
    default via: VIA9Pad
[INFO DRT-0162] Library cell analysis.
[INFO DRT-0163] Instance analysis.
  Complete 100000 instances.
[INFO DRT-0164] Number of unique instances = 274.
[INFO DRT-0168] Init region query.
[INFO DRT-0018]   Complete 100000 insts.
[INFO DRT-0024]   Complete Active.
[INFO DRT-0024]   Complete V0.
[INFO DRT-0024]   Complete M1.
[INFO DRT-0024]   Complete V1.
[INFO DRT-0024]   Complete M2.
[INFO DRT-0024]   Complete V2.
[INFO DRT-0024]   Complete M3.
[INFO DRT-0024]   Complete V3.
[INFO DRT-0024]   Complete M4.
[INFO DRT-0024]   Complete V4.
[INFO DRT-0024]   Complete M5.
[INFO DRT-0024]   Complete V5.
[INFO DRT-0024]   Complete M6.
[INFO DRT-0024]   Complete V6.
[INFO DRT-0024]   Complete M7.
[INFO DRT-0024]   Complete V7.
[INFO DRT-0024]   Complete M8.
[INFO DRT-0024]   Complete V8.
[INFO DRT-0024]   Complete M9.
[INFO DRT-0024]   Complete V9.
[INFO DRT-0024]   Complete Pad.
[INFO DRT-0033] Active shape region query size = 0.
[INFO DRT-0033] V0 shape region query size = 0.
[INFO DRT-0033] M1 shape region query size = 2738718.
[INFO DRT-0033] V1 shape region query size = 7858892.
[INFO DRT-0033] M2 shape region query size = 102886.
[INFO DRT-0033] V2 shape region query size = 155142.
[INFO DRT-0033] M3 shape region query size = 155142.
[INFO DRT-0033] V3 shape region query size = 103428.
[INFO DRT-0033] M4 shape region query size = 103784.
[INFO DRT-0033] V4 shape region query size = 103428.
[INFO DRT-0033] M5 shape region query size = 57834.
[INFO DRT-0033] V5 shape region query size = 10404.
[INFO DRT-0033] M6 shape region query size = 5406.
[INFO DRT-0033] V6 shape region query size = 0.
[INFO DRT-0033] M7 shape region query size = 0.
[INFO DRT-0033] V7 shape region query size = 0.
[INFO DRT-0033] M8 shape region query size = 0.
[INFO DRT-0033] V8 shape region query size = 0.
[INFO DRT-0033] M9 shape region query size = 0.
[INFO DRT-0033] V9 shape region query size = 0.
[INFO DRT-0033] Pad shape region query size = 0.
[INFO DRT-0165] Start pin access.
[INFO DRT-0076]   Complete 1000 pins.
[INFO DRT-0078]   Complete 1511 pins.
[INFO DRT-0079]   Complete 100 unique inst patterns.
[INFO DRT-0079]   Complete 200 unique inst patterns.
[INFO DRT-0081]   Complete 274 unique inst patterns.
[INFO DRT-0082]   Complete 10000 groups.
[INFO DRT-0082]   Complete 20000 groups.
[INFO DRT-0082]   Complete 30000 groups.
[INFO DRT-0082]   Complete 40000 groups.
[INFO DRT-0082]   Complete 50000 groups.
[INFO DRT-0082]   Complete 60000 groups.
[INFO DRT-0082]   Complete 70000 groups.
[INFO DRT-0082]   Complete 80000 groups.
[INFO DRT-0082]   Complete 90000 groups.
[INFO DRT-0084]   Complete 96642 groups.
#scanned instances     = 135923
#unique  instances     = 274
#stdCellGenAp          = 7824
#stdCellValidPlanarAp  = 23
#stdCellValidViaAp     = 6301
#stdCellPinNoAp        = 0
#stdCellPinCnt         = 437574
#instTermValidViaApCnt = 0
#macroGenAp            = 0
#macroValidPlanarAp    = 0
#macroValidViaAp       = 0
#macroNoAp             = 0
[INFO DRT-0166] Complete pin access.
[INFO DRT-0267] cpu time = 00:24:11, elapsed time = 00:01:38, memory = 973.80 (MB), peak = 1234.95 (MB)
Took 102 seconds: pin_access
global_route -congestion_report_file /work/util/uacc_hw/openroad/work_precision_f2/reports/asap7/uacc_section14_allocator_precision_sweep/base/congestion.rpt -congestion_iterations 30 -congestion_report_iter_step 5 -verbose -resistance_aware
[INFO GRT-0020] Min routing layer: M2
[INFO GRT-0021] Max routing layer: M7
[INFO GRT-0022] Global adjustment: 0%
[INFO GRT-0023] Grid origin: (0, 0)
[INFO GRT-0088] Layer M1      Track-Pitch = 0.0360  line-2-Via Pitch: 0.0360
[INFO GRT-0088] Layer M2      Track-Pitch = 0.0390  line-2-Via Pitch: 0.0360
[INFO GRT-0088] Layer M3      Track-Pitch = 0.0360  line-2-Via Pitch: 0.0360
[INFO GRT-0088] Layer M4      Track-Pitch = 0.0480  line-2-Via Pitch: 0.0480
[INFO GRT-0088] Layer M5      Track-Pitch = 0.0480  line-2-Via Pitch: 0.0480
[INFO GRT-0088] Layer M6      Track-Pitch = 0.0640  line-2-Via Pitch: 0.0640
[INFO GRT-0088] Layer M7      Track-Pitch = 0.0640  line-2-Via Pitch: 0.0640
[INFO GRT-0003] Macros: 0
[INFO GRT-0004] Blockages: 49134
[INFO GRT-0019] Found 967 clock nets.
[INFO GRT-0001] Minimum degree: 2
[INFO GRT-0002] Maximum degree: 91

[INFO GRT-0053] Routing resources analysis:
          Routing      Original      Derated      Resource
Layer     Direction    Resources     Resources    Reduction (%)
---------------------------------------------------------------
M1         Vertical            0             0          0.00%
M2         Horizontal    2942991       2120202          27.96%
M3         Vertical      3649160       2710372          25.73%
M4         Horizontal    2796453       2076624          25.74%
M5         Vertical      2698552       2000341          25.87%
M6         Horizontal    1880628       1272114          32.36%
M7         Vertical      2137908       1440594          32.62%
---------------------------------------------------------------

[INFO GRT-0197] Via related to pin nodes: 861308
[INFO GRT-0198] Via related Steiner nodes: 23657
[INFO GRT-0199] Via filling finished.
[INFO GRT-0111] Final number of vias: 1125953
[INFO GRT-0112] Final usage 3D: 4397358

[INFO GRT-0096] Final congestion report:
Layer         Resource        Demand        Usage (%)    Max H / Max V / Total Congestion
---------------------------------------------------------------------------------------
M1                   0             0            0.00%             0 /  0 /  0
M2             2120202        424853           20.04%             0 /  0 /  0
M3             2710372        477492           17.62%             0 /  0 /  0
M4             2076624         52161            2.51%             0 /  0 /  0
M5             2000341         27822            1.39%             0 /  0 /  0
M6             1272114         21119            1.66%             0 /  0 /  0
M7             1440594         16052            1.11%             0 /  0 /  0
---------------------------------------------------------------------------------------
Total         11620247       1019499            8.77%             0 /  0 /  0

[INFO GRT-0018] Total wirelength: 7834496 um
[INFO GRT-0014] Routed nets: 128777
[INFO GRT-0303] Global routing runtime = 00:00:55
Took 58 seconds: global_route -congestion_report_file /work/util/uacc_hw/openroad/work_precision_f2/reports/asap7/uacc_section14_allocator_precision_sweep/base/congestion.rpt -congestion_iterations 30 -congestion_report_iter_step 5 -verbose -resistance_aware
estimate_parasitics -global_routing
Perform buffer insertion and gate resizing...
repair_design -verbose
Iteration |   Area    | Resized | Buffers | Nets repaired | Remaining
---------------------------------------------------------------------
        0 |     +0.0% |       0 |       0 |             0 |    129720
     1000 |     +0.0% |       0 |       0 |             0 |    128720
     2000 |     +0.0% |       0 |       0 |             0 |    127720
     3000 |     +0.0% |       0 |       0 |             0 |    126720
     4000 |     +0.0% |       0 |       0 |             0 |    125720
     5000 |     +0.0% |       0 |       0 |             0 |    124720
     6000 |     +0.0% |       0 |       0 |             0 |    123720
     7000 |     +0.0% |       0 |       0 |             0 |    122720
     8000 |     +0.0% |       0 |       0 |             0 |    121720
     9000 |     +0.0% |       0 |       0 |             0 |    120720
    10000 |     +0.0% |       0 |       0 |             0 |    119720
    11000 |     +0.0% |       0 |       0 |             0 |    118720
    12000 |     +0.0% |       0 |       0 |             0 |    117720
    13000 |     +0.0% |       0 |       0 |             0 |    116720
    14000 |     +0.0% |       0 |       0 |             0 |    115720
    15000 |     +0.0% |       0 |       0 |             0 |    114720
    16000 |     +0.0% |       0 |       0 |             0 |    113720
    17000 |     +0.0% |       0 |       0 |             0 |    112720
    18000 |     +0.0% |       0 |       0 |             0 |    111720
    19000 |     +0.0% |       0 |       0 |             0 |    110720
    20000 |     +0.0% |       0 |       0 |             0 |    109720
    21000 |     +0.0% |       0 |       0 |             0 |    108720
    22000 |     +0.0% |       0 |       0 |             0 |    107720
    23000 |     +0.0% |       0 |       0 |             0 |    106720
    24000 |     +0.0% |       0 |       0 |             0 |    105720
    25000 |     +0.0% |       0 |       0 |             0 |    104720
    26000 |     +0.0% |       0 |       0 |             0 |    103720
    27000 |     +0.0% |       0 |       0 |             0 |    102720
    28000 |     +0.0% |       0 |       0 |             0 |    101720
    29000 |     +0.0% |       0 |       0 |             0 |    100720
    30000 |     +0.0% |       0 |       0 |             0 |     99720
    31000 |     +0.0% |       0 |       0 |             0 |     98720
    32000 |     +0.0% |       0 |       0 |             0 |     97720
    33000 |     +0.0% |       0 |       0 |             0 |     96720
    34000 |     +0.0% |       0 |       0 |             0 |     95720
    35000 |     +0.0% |       0 |       0 |             0 |     94720
    36000 |     +0.0% |       0 |       0 |             0 |     93720
    37000 |     +0.0% |       0 |       0 |             0 |     92720
    38000 |     +0.0% |       0 |       0 |             0 |     91720
    39000 |     +0.0% |       0 |       0 |             0 |     90720
    40000 |     +0.0% |       0 |       0 |             0 |     89720
    41000 |     +0.0% |       0 |       0 |             0 |     88720
    42000 |     +0.0% |       0 |       0 |             0 |     87720
    43000 |     +0.0% |       0 |       0 |             0 |     86720
    44000 |     +0.0% |       0 |       0 |             0 |     85720
    45000 |     +0.0% |       0 |       0 |             0 |     84720
    46000 |     +0.0% |       0 |       0 |             0 |     83720
    47000 |     +0.0% |       0 |       0 |             0 |     82720
    48000 |     +0.0% |       0 |       0 |             0 |     81720
    49000 |     +0.0% |       0 |       0 |             0 |     80720
    50000 |     +0.0% |       0 |       0 |             0 |     79720
    51000 |     +0.0% |       0 |       0 |             0 |     78720
    52000 |     +0.0% |       0 |       0 |             0 |     77720
    53000 |     +0.0% |       0 |       0 |             0 |     76720
    54000 |     +0.0% |       0 |       0 |             0 |     75720
    55000 |     +0.0% |       0 |       0 |             0 |     74720
    56000 |     +0.0% |       0 |       0 |             0 |     73720
    57000 |     +0.0% |       0 |       0 |             0 |     72720
    58000 |     +0.0% |       0 |       0 |             0 |     71720
    59000 |     +0.0% |       0 |       0 |             0 |     70720
    60000 |     +0.0% |       0 |       0 |             0 |     69720
    61000 |     +0.0% |       0 |       0 |             0 |     68720
    62000 |     +0.0% |       0 |       0 |             0 |     67720
    63000 |     +0.0% |       0 |       0 |             0 |     66720
    64000 |     +0.0% |       0 |       0 |             0 |     65720
    65000 |     +0.0% |       0 |       0 |             0 |     64720
    66000 |     +0.0% |       0 |       0 |             0 |     63720
    67000 |     +0.0% |       0 |       0 |             0 |     62720
    68000 |     +0.0% |       0 |       0 |             0 |     61720
    69000 |     +0.0% |       0 |       0 |             0 |     60720
    70000 |     +0.0% |       0 |       0 |             0 |     59720
    71000 |     +0.0% |       0 |       0 |             0 |     58720
    72000 |     +0.0% |       0 |       0 |             0 |     57720
    73000 |     +0.0% |       0 |       0 |             0 |     56720
    74000 |     +0.0% |       0 |       0 |             0 |     55720
    75000 |     +0.0% |       0 |       0 |             0 |     54720
    76000 |     +0.0% |       0 |       0 |             0 |     53720
    77000 |     +0.0% |       0 |       0 |             0 |     52720
    78000 |     +0.0% |       0 |       0 |             0 |     51720
    79000 |     +0.0% |       0 |       0 |             0 |     50720
    80000 |     +0.0% |       0 |       0 |             0 |     49720
    81000 |     +0.0% |       0 |       0 |             0 |     48720
    82000 |     +0.0% |       0 |       0 |             0 |     47720
    83000 |     +0.0% |       0 |       0 |             0 |     46720
    84000 |     +0.0% |       0 |       0 |             0 |     45720
    85000 |     +0.0% |       0 |       0 |             0 |     44720
    86000 |     +0.0% |       0 |       0 |             0 |     43720
    87000 |     +0.0% |       0 |       1 |             1 |     42720
    88000 |     +0.0% |       0 |       1 |             1 |     41720
    89000 |     +0.0% |       0 |       1 |             1 |     40720
    90000 |     +0.0% |       0 |       1 |             1 |     39720
    91000 |     +0.0% |       0 |       1 |             1 |     38720
    92000 |     +0.0% |       0 |       1 |             1 |     37720
    93000 |     +0.0% |       0 |       1 |             1 |     36720
    94000 |     +0.0% |       0 |       1 |             1 |     35720
    95000 |     +0.0% |       0 |       1 |             1 |     34720
    96000 |     +0.0% |       0 |       1 |             1 |     33720
    97000 |     +0.0% |       0 |       1 |             1 |     32720
    98000 |     +0.0% |       0 |       1 |             1 |     31720
    99000 |     +0.0% |       0 |       1 |             1 |     30720
   100000 |     +0.0% |       0 |       1 |             1 |     29720
   101000 |     +0.0% |       0 |       1 |             1 |     28720
   102000 |     +0.0% |       0 |       1 |             1 |     27720
   103000 |     +0.0% |       0 |       1 |             1 |     26720
   104000 |     +0.0% |       0 |       1 |             1 |     25720
   105000 |     +0.0% |       0 |       1 |             1 |     24720
   106000 |     +0.0% |       0 |       1 |             1 |     23720
   107000 |     +0.0% |       0 |       1 |             1 |     22720
   108000 |     +0.0% |       0 |       1 |             1 |     21720
   109000 |     +0.0% |       0 |       1 |             1 |     20720
   110000 |     +0.0% |       0 |       1 |             1 |     19720
   111000 |     +0.0% |       0 |       1 |             1 |     18720
   112000 |     +0.0% |       0 |       1 |             1 |     17720
   113000 |     +0.0% |       0 |       1 |             1 |     16720
   114000 |     +0.0% |       0 |       1 |             1 |     15720
   115000 |     +0.0% |       0 |       1 |             1 |     14720
   116000 |     +0.0% |       0 |       1 |             1 |     13720
   117000 |     +0.0% |       0 |       1 |             1 |     12720
   118000 |     +0.0% |       0 |       1 |             1 |     11720
   119000 |     +0.0% |       0 |       1 |             1 |     10720
   120000 |     +0.0% |       0 |       1 |             1 |      9720
   121000 |     +0.0% |       0 |       1 |             1 |      8720
   122000 |     +0.0% |       0 |       1 |             1 |      7720
   123000 |     +0.0% |       0 |       1 |             1 |      6720
   124000 |     +0.0% |       0 |       1 |             1 |      5720
   125000 |     +0.0% |       0 |       1 |             1 |      4720
   126000 |     +0.0% |       0 |       1 |             1 |      3720
   127000 |     +0.0% |       0 |       1 |             1 |      2720
   128000 |     +0.0% |       0 |       1 |             1 |      1720
[WARNING RSZ-0104] Net updated_ca2_q_q0[7] only has one pin. Check if it is intended to be dangling.
[WARNING RSZ-0104] Net updated_ca2_q_q0[6] only has one pin. Check if it is intended to be dangling.
[WARNING RSZ-0104] Net updated_beta_q_q0[7] only has one pin. Check if it is intended to be dangling.
[WARNING RSZ-0104] Net updated_beta_q_q0[6] only has one pin. Check if it is intended to be dangling.
[WARNING RSZ-0104] Net service_square_q0[63] only has one pin. Check if it is intended to be dangling.
[WARNING RSZ-0104] Net service_square_q0[62] only has one pin. Check if it is intended to be dangling.
[WARNING RSZ-0104] Net service_square_q0[61] only has one pin. Check if it is intended to be dangling.
[WARNING RSZ-0104] Net service_square_q0[60] only has one pin. Check if it is intended to be dangling.
[WARNING RSZ-0104] Net service_square_q0[59] only has one pin. Check if it is intended to be dangling.
[WARNING RSZ-0104] Net service_square_q0[58] only has one pin. Check if it is intended to be dangling.
[WARNING RSZ-0104] Net service_square_q0[57] only has one pin. Check if it is intended to be dangling.
[WARNING RSZ-0104] Net service_square_q0[56] only has one pin. Check if it is intended to be dangling.
[WARNING RSZ-0104] Net service_square_q0[55] only has one pin. Check if it is intended to be dangling.
[WARNING RSZ-0104] Net service_square_q0[54] only has one pin. Check if it is intended to be dangling.
[WARNING RSZ-0104] Net service_square_q0[53] only has one pin. Check if it is intended to be dangling.
[WARNING RSZ-0104] Net service_square_q0[52] only has one pin. Check if it is intended to be dangling.
[WARNING RSZ-0104] Net service_square_q0[51] only has one pin. Check if it is intended to be dangling.
[WARNING RSZ-0104] Net service_square_q0[50] only has one pin. Check if it is intended to be dangling.
[WARNING RSZ-0104] Net service_square_q0[49] only has one pin. Check if it is intended to be dangling.
[WARNING RSZ-0104] Net service_square_q0[48] only has one pin. Check if it is intended to be dangling.
[WARNING RSZ-0104] Net service_cycles_q0[31] only has one pin. Check if it is intended to be dangling.
[WARNING RSZ-0104] Net service_cycles_q0[30] only has one pin. Check if it is intended to be dangling.
[WARNING RSZ-0104] Net service_cycles_q0[29] only has one pin. Check if it is intended to be dangling.
[WARNING RSZ-0104] Net service_cycles_q0[28] only has one pin. Check if it is intended to be dangling.
[WARNING RSZ-0104] Net service_cycles_q0[27] only has one pin. Check if it is intended to be dangling.
[WARNING RSZ-0104] Net service_cycles_q0[26] only has one pin. Check if it is intended to be dangling.
[WARNING RSZ-0104] Net service_cycles_q0[25] only has one pin. Check if it is intended to be dangling.
[WARNING RSZ-0104] Net service_cycles_q0[24] only has one pin. Check if it is intended to be dangling.
[WARNING RSZ-0104] Net previous_ca2_q_q0[7] only has one pin. Check if it is intended to be dangling.
[WARNING RSZ-0104] Net previous_ca2_q_q0[6] only has one pin. Check if it is intended to be dangling.
[WARNING RSZ-0104] Net previous_beta_q_q0[7] only has one pin. Check if it is intended to be dangling.
[WARNING RSZ-0104] Net previous_beta_q_q0[6] only has one pin. Check if it is intended to be dangling.
   129000 |     +0.0% |       0 |       1 |             1 |       720
[WARNING RSZ-0104] Net lookahead_delta_q0[7] only has one pin. Check if it is intended to be dangling.
[WARNING RSZ-0104] Net lookahead_delta_q0[6] only has one pin. Check if it is intended to be dangling.
[WARNING RSZ-0104] Net lookahead_delta_q0[5] only has one pin. Check if it is intended to be dangling.
[WARNING RSZ-0104] Net lookahead_delta_q0[4] only has one pin. Check if it is intended to be dangling.
[WARNING RSZ-0104] Net interarrival_square_sum_q0[99] only has one pin. Check if it is intended to be dangling.
[WARNING RSZ-0104] Net interarrival_square_sum_q0[98] only has one pin. Check if it is intended to be dangling.
[WARNING RSZ-0104] Net interarrival_square_sum_q0[97] only has one pin. Check if it is intended to be dangling.
[WARNING RSZ-0104] Net interarrival_square_sum_q0[96] only has one pin. Check if it is intended to be dangling.
[WARNING RSZ-0104] Net interarrival_square_sum_q0[127] only has one pin. Check if it is intended to be dangling.
[WARNING RSZ-0104] Net interarrival_square_sum_q0[126] only has one pin. Check if it is intended to be dangling.
[WARNING RSZ-0104] Net interarrival_square_sum_q0[125] only has one pin. Check if it is intended to be dangling.
[WARNING RSZ-0104] Net interarrival_square_sum_q0[124] only has one pin. Check if it is intended to be dangling.
[WARNING RSZ-0104] Net interarrival_square_sum_q0[123] only has one pin. Check if it is intended to be dangling.
[WARNING RSZ-0104] Net interarrival_square_sum_q0[122] only has one pin. Check if it is intended to be dangling.
[WARNING RSZ-0104] Net interarrival_square_sum_q0[121] only has one pin. Check if it is intended to be dangling.
[WARNING RSZ-0104] Net interarrival_square_sum_q0[120] only has one pin. Check if it is intended to be dangling.
[WARNING RSZ-0104] Net interarrival_square_sum_q0[119] only has one pin. Check if it is intended to be dangling.
[WARNING RSZ-0104] Net interarrival_square_sum_q0[118] only has one pin. Check if it is intended to be dangling.
[WARNING RSZ-0104] Net interarrival_square_sum_q0[117] only has one pin. Check if it is intended to be dangling.
[WARNING RSZ-0104] Net interarrival_square_sum_q0[116] only has one pin. Check if it is intended to be dangling.
[WARNING RSZ-0104] Net interarrival_square_sum_q0[115] only has one pin. Check if it is intended to be dangling.
[WARNING RSZ-0104] Net interarrival_square_sum_q0[114] only has one pin. Check if it is intended to be dangling.
[WARNING RSZ-0104] Net interarrival_square_sum_q0[113] only has one pin. Check if it is intended to be dangling.
[WARNING RSZ-0104] Net interarrival_square_sum_q0[112] only has one pin. Check if it is intended to be dangling.
[WARNING RSZ-0104] Net interarrival_square_sum_q0[111] only has one pin. Check if it is intended to be dangling.
[WARNING RSZ-0104] Net interarrival_square_sum_q0[110] only has one pin. Check if it is intended to be dangling.
[WARNING RSZ-0104] Net interarrival_square_sum_q0[109] only has one pin. Check if it is intended to be dangling.
[WARNING RSZ-0104] Net interarrival_square_sum_q0[108] only has one pin. Check if it is intended to be dangling.
[WARNING RSZ-0104] Net interarrival_square_sum_q0[107] only has one pin. Check if it is intended to be dangling.
[WARNING RSZ-0104] Net interarrival_square_sum_q0[106] only has one pin. Check if it is intended to be dangling.
[WARNING RSZ-0104] Net interarrival_square_sum_q0[105] only has one pin. Check if it is intended to be dangling.
[WARNING RSZ-0104] Net interarrival_square_sum_q0[104] only has one pin. Check if it is intended to be dangling.
[WARNING RSZ-0104] Net interarrival_square_sum_q0[103] only has one pin. Check if it is intended to be dangling.
[WARNING RSZ-0104] Net interarrival_square_sum_q0[102] only has one pin. Check if it is intended to be dangling.
[WARNING RSZ-0104] Net interarrival_square_sum_q0[101] only has one pin. Check if it is intended to be dangling.
[WARNING RSZ-0104] Net interarrival_square_sum_q0[100] only has one pin. Check if it is intended to be dangling.
[WARNING RSZ-0104] Net fixed_latency_q_q0[63] only has one pin. Check if it is intended to be dangling.
[WARNING RSZ-0104] Net fixed_latency_q_q0[62] only has one pin. Check if it is intended to be dangling.
[WARNING RSZ-0104] Net fixed_latency_q_q0[61] only has one pin. Check if it is intended to be dangling.
[WARNING RSZ-0104] Net fixed_latency_q_q0[60] only has one pin. Check if it is intended to be dangling.
[WARNING RSZ-0104] Net fixed_latency_q_q0[59] only has one pin. Check if it is intended to be dangling.
[WARNING RSZ-0104] Net fixed_latency_q_q0[58] only has one pin. Check if it is intended to be dangling.
[WARNING RSZ-0104] Net fixed_latency_q_q0[57] only has one pin. Check if it is intended to be dangling.
[WARNING RSZ-0104] Net fixed_latency_q_q0[56] only has one pin. Check if it is intended to be dangling.
[WARNING RSZ-0104] Net fixed_latency_q_q0[55] only has one pin. Check if it is intended to be dangling.
[WARNING RSZ-0104] Net fixed_latency_q_q0[54] only has one pin. Check if it is intended to be dangling.
[WARNING RSZ-0104] Net fixed_latency_q_q0[53] only has one pin. Check if it is intended to be dangling.
[WARNING RSZ-0104] Net fixed_latency_q_q0[52] only has one pin. Check if it is intended to be dangling.
[WARNING RSZ-0104] Net fixed_latency_q_q0[51] only has one pin. Check if it is intended to be dangling.
[WARNING RSZ-0104] Net fixed_latency_q_q0[50] only has one pin. Check if it is intended to be dangling.
[WARNING RSZ-0104] Net fixed_latency_q_q0[49] only has one pin. Check if it is intended to be dangling.
[WARNING RSZ-0104] Net fixed_latency_q_q0[48] only has one pin. Check if it is intended to be dangling.
[WARNING RSZ-0104] Net fixed_latency_q_q0[47] only has one pin. Check if it is intended to be dangling.
[WARNING RSZ-0104] Net fixed_latency_q_q0[46] only has one pin. Check if it is intended to be dangling.
[WARNING RSZ-0104] Net fixed_latency_q_q0[45] only has one pin. Check if it is intended to be dangling.
[WARNING RSZ-0104] Net fixed_latency_q_q0[44] only has one pin. Check if it is intended to be dangling.
[WARNING RSZ-0104] Net fixed_latency_q_q0[43] only has one pin. Check if it is intended to be dangling.
[WARNING RSZ-0104] Net fixed_latency_q_q0[42] only has one pin. Check if it is intended to be dangling.
[WARNING RSZ-0104] Net collector_overflow_q0[7] only has one pin. Check if it is intended to be dangling.
[WARNING RSZ-0104] Net collector_overflow_q0[6] only has one pin. Check if it is intended to be dangling.
[WARNING RSZ-0104] Net collector_overflow_q0[5] only has one pin. Check if it is intended to be dangling.
[WARNING RSZ-0104] Net collector_overflow_q0[4] only has one pin. Check if it is intended to be dangling.
[WARNING RSZ-0104] Net collector_overflow_q0[3] only has one pin. Check if it is intended to be dangling.
[WARNING RSZ-0104] Net collector_overflow_q0[2] only has one pin. Check if it is intended to be dangling.
[WARNING RSZ-0104] Net collector_overflow_q0[1] only has one pin. Check if it is intended to be dangling.
[WARNING RSZ-0104] Net capacity_gain_q_q0[99] only has one pin. Check if it is intended to be dangling.
[WARNING RSZ-0104] Net capacity_gain_q_q0[98] only has one pin. Check if it is intended to be dangling.
[WARNING RSZ-0104] Net capacity_gain_q_q0[97] only has one pin. Check if it is intended to be dangling.
[WARNING RSZ-0104] Net capacity_gain_q_q0[96] only has one pin. Check if it is intended to be dangling.
[WARNING RSZ-0104] Net capacity_gain_q_q0[95] only has one pin. Check if it is intended to be dangling.
[WARNING RSZ-0104] Net capacity_gain_q_q0[94] only has one pin. Check if it is intended to be dangling.
[WARNING RSZ-0104] Net capacity_gain_q_q0[93] only has one pin. Check if it is intended to be dangling.
[WARNING RSZ-0104] Net capacity_gain_q_q0[92] only has one pin. Check if it is intended to be dangling.
[WARNING RSZ-0104] Net capacity_gain_q_q0[91] only has one pin. Check if it is intended to be dangling.
[WARNING RSZ-0104] Net capacity_gain_q_q0[90] only has one pin. Check if it is intended to be dangling.
[WARNING RSZ-0104] Net capacity_gain_q_q0[89] only has one pin. Check if it is intended to be dangling.
[WARNING RSZ-0104] Net capacity_gain_q_q0[88] only has one pin. Check if it is intended to be dangling.
[WARNING RSZ-0104] Net capacity_gain_q_q0[87] only has one pin. Check if it is intended to be dangling.
[WARNING RSZ-0104] Net capacity_gain_q_q0[86] only has one pin. Check if it is intended to be dangling.
[WARNING RSZ-0104] Net capacity_gain_q_q0[127] only has one pin. Check if it is intended to be dangling.
[WARNING RSZ-0104] Net capacity_gain_q_q0[126] only has one pin. Check if it is intended to be dangling.
[WARNING RSZ-0104] Net capacity_gain_q_q0[125] only has one pin. Check if it is intended to be dangling.
[WARNING RSZ-0104] Net capacity_gain_q_q0[124] only has one pin. Check if it is intended to be dangling.
[WARNING RSZ-0104] Net capacity_gain_q_q0[123] only has one pin. Check if it is intended to be dangling.
[WARNING RSZ-0104] Net capacity_gain_q_q0[122] only has one pin. Check if it is intended to be dangling.
[WARNING RSZ-0104] Net capacity_gain_q_q0[121] only has one pin. Check if it is intended to be dangling.
[WARNING RSZ-0104] Net capacity_gain_q_q0[120] only has one pin. Check if it is intended to be dangling.
[WARNING RSZ-0104] Net capacity_gain_q_q0[119] only has one pin. Check if it is intended to be dangling.
[WARNING RSZ-0104] Net capacity_gain_q_q0[118] only has one pin. Check if it is intended to be dangling.
[WARNING RSZ-0104] Net capacity_gain_q_q0[117] only has one pin. Check if it is intended to be dangling.
[WARNING RSZ-0104] Net capacity_gain_q_q0[116] only has one pin. Check if it is intended to be dangling.
[WARNING RSZ-0104] Net capacity_gain_q_q0[115] only has one pin. Check if it is intended to be dangling.
[WARNING RSZ-0104] Net capacity_gain_q_q0[114] only has one pin. Check if it is intended to be dangling.
[WARNING RSZ-0104] Net capacity_gain_q_q0[113] only has one pin. Check if it is intended to be dangling.
[WARNING RSZ-0104] Net capacity_gain_q_q0[112] only has one pin. Check if it is intended to be dangling.
[WARNING RSZ-0104] Net capacity_gain_q_q0[111] only has one pin. Check if it is intended to be dangling.
[WARNING RSZ-0104] Net capacity_gain_q_q0[110] only has one pin. Check if it is intended to be dangling.
[WARNING RSZ-0104] Net capacity_gain_q_q0[109] only has one pin. Check if it is intended to be dangling.
[WARNING RSZ-0104] Net capacity_gain_q_q0[108] only has one pin. Check if it is intended to be dangling.
[WARNING RSZ-0104] Net capacity_gain_q_q0[107] only has one pin. Check if it is intended to be dangling.
[WARNING RSZ-0104] Net capacity_gain_q_q0[106] only has one pin. Check if it is intended to be dangling.
[WARNING RSZ-0104] Net capacity_gain_q_q0[105] only has one pin. Check if it is intended to be dangling.
[WARNING RSZ-0104] Net capacity_gain_q_q0[104] only has one pin. Check if it is intended to be dangling.
[WARNING RSZ-0104] Net capacity_gain_q_q0[103] only has one pin. Check if it is intended to be dangling.
[WARNING RSZ-0104] Net capacity_gain_q_q0[102] only has one pin. Check if it is intended to be dangling.
[WARNING RSZ-0104] Net capacity_gain_q_q0[101] only has one pin. Check if it is intended to be dangling.
[WARNING RSZ-0104] Net capacity_gain_q_q0[100] only has one pin. Check if it is intended to be dangling.
[WARNING RSZ-0104] Net candidate_valid_q0[7] only has one pin. Check if it is intended to be dangling.
[WARNING RSZ-0104] Net candidate_valid_q0[6] only has one pin. Check if it is intended to be dangling.
[WARNING RSZ-0104] Net candidate_valid_q0[5] only has one pin. Check if it is intended to be dangling.
[WARNING RSZ-0104] Net candidate_valid_q0[4] only has one pin. Check if it is intended to be dangling.
[WARNING RSZ-0104] Net candidate_valid_q0[3] only has one pin. Check if it is intended to be dangling.
[WARNING RSZ-0104] Net candidate_valid_q0[2] only has one pin. Check if it is intended to be dangling.
[WARNING RSZ-0104] Net candidate_valid_q0[1] only has one pin. Check if it is intended to be dangling.
    final |     +0.0% |       0 |       1 |             1 |         0
---------------------------------------------------------------------
[INFO RSZ-0034] Found 1 slew violations.
[INFO RSZ-0038] Inserted 1 buffers in 1 nets.
[INFO RSZ-0504] Runtime: 18.03s
Took 18 seconds: repair_design -verbose
global_route -start_incremental
detailed_placement
[INFO DPL-0006] Core area: 74881.57 um^2, Movable instances area: 18343.96 um^2, Utilization: 24.5%
[INFO DPL-0007] Fixed instances area within core: 207.07 um^2, Effective utilization of free area: 24.6%
[INFO DPL-0005] Diamond search max displacement: +/- 500 sites horizontally, +/- 100 rows vertically.
[INFO DPL-1102] Legalizing using negotiation legalizer.
[INFO DPL-1103] Negotiation base search window: +/-20 sites horizontally, +/-5 rows vertically (extendable up to the max displacement cap of +/-500 sites, +/-100 rows near walls).
	Automatic search window extension enabled.
[INFO DPL-1104] NegotiationLegalizer DRC penalty: 5.
[INFO DPL-0392] Negotiation cell height distribution (1 unique row-count(s)):
[INFO DPL-0393]   height 1 row(s): 135924 cells
[INFO DPL-0500] Runtime: 1.02s
Placement Analysis
---------------------------------
total displacement          0.3 u
average displacement        0.0 u
max displacement            0.3 u
original HPWL          460699.4 u
legalized HPWL         460699.4 u
delta HPWL                    0 %

global_route -end_incremental -resistance_aware -congestion_report_file /work/util/uacc_hw/openroad/work_precision_f2/reports/asap7/uacc_section14_allocator_precision_sweep/base/congestion_post_repair_design.rpt
Repair setup and hold violations...
estimate_parasitics -global_routing
Took 5 seconds: estimate_parasitics -global_routing
repair_timing -setup_margin 0 -hold_margin 0 -repair_tns 100 -skip_last_gasp -verbose
[INFO RSZ-0100] Repair move sequence: UnbufferMove SizeUpMove SwapPinsMove BufferMove CloneMove SplitLoadMove 
[INFO RSZ-0098] No setup violations found
[INFO RSZ-0505] Runtime: 4.86s
[INFO RSZ-0033] No hold violations found.
[INFO RSZ-0506] Runtime: 1.12s
Took 7 seconds: repair_timing -setup_margin 0 -hold_margin 0 -repair_tns 100 -skip_last_gasp -verbose
global_route -start_incremental
detailed_placement
[INFO DPL-0006] Core area: 74881.57 um^2, Movable instances area: 18343.96 um^2, Utilization: 24.5%
[INFO DPL-0007] Fixed instances area within core: 207.07 um^2, Effective utilization of free area: 24.6%
[INFO DPL-0005] Diamond search max displacement: +/- 500 sites horizontally, +/- 100 rows vertically.
[INFO DPL-1102] Legalizing using negotiation legalizer.
[INFO DPL-1103] Negotiation base search window: +/-20 sites horizontally, +/-5 rows vertically (extendable up to the max displacement cap of +/-500 sites, +/-100 rows near walls).
	Automatic search window extension enabled.
[INFO DPL-1104] NegotiationLegalizer DRC penalty: 5.
[INFO DPL-0392] Negotiation cell height distribution (1 unique row-count(s)):
[INFO DPL-0393]   height 1 row(s): 135924 cells
[INFO DPL-0500] Runtime: 0.98s
Placement Analysis
---------------------------------
total displacement          0.0 u
average displacement        0.0 u
max displacement            0.0 u
original HPWL          460699.4 u
legalized HPWL         460699.4 u
delta HPWL                    0 %

check_placement -verbose
global_route -end_incremental -resistance_aware -congestion_report_file /work/util/uacc_hw/openroad/work_precision_f2/reports/asap7/uacc_section14_allocator_precision_sweep/base/congestion_post_repair_timing.rpt
estimate_parasitics -global_routing
Took 5 seconds: estimate_parasitics -global_routing
repair_timing -setup -sequence "vt_swap reroute" -skip_last_gasp -repair_tns 0 -verbose
[INFO RSZ-0100] Repair move sequence: RerouteMove 
[INFO RSZ-0098] No setup violations found
[INFO RSZ-0505] Runtime: 5.06s
Took 5 seconds: repair_timing -setup -sequence "vt_swap reroute" -skip_last_gasp -repair_tns 0 -verbose
Repair antennas...
[WARNING GRT-0246] No diode with LEF class CORE ANTENNACELL found.
[INFO ANT-0002] Found 0 net violations.
[INFO ANT-0001] Found 0 pin violations.
Estimate parasitics...
estimate_parasitics -global_routing
Took 7 seconds: estimate_parasitics -global_routing
Report metrics stage 5, global route...

==========================================================================
global route report_design_area
--------------------------------------------------------------------------
Design area 18551 um^2 25% utilization.
[INFO FLW-0007] clock core_clock period 5000.000000
[INFO FLW-0008] Clock core_clock period 2365.525
[INFO FLW-0009] Clock core_clock slack 2509.973
write_sdc -no_timestamp /work/util/uacc_hw/openroad/work_precision_f2/results/asap7/uacc_section14_allocator_precision_sweep/base/updated_clks.sdc
[INFO FLW-0011] Path endpoint path count 17437
write_db /work/util/uacc_hw/openroad/work_precision_f2/results/asap7/uacc_section14_allocator_precision_sweep/base/5_1_grt.odb
write_sdc -no_timestamp /work/util/uacc_hw/openroad/work_precision_f2/results/asap7/uacc_section14_allocator_precision_sweep/base/5_1_grt.sdc
Elapsed time: 4:26.31[h:]min:sec. CPU time: user 1921.05 sys 97.31 (757%). Peak memory: 3152944KB.
Log                       Ext     Elapsed/s Peak Memory/MB sha1sum result [0:20)
5_1_grt                   .odb          266           3079 4148b91e1783d92d766c
5_1_grt                   .sdc                             f1f1170f306932655919
