OpenROAD 26Q3-463-gbde79242a0 
Features included (+) or not (-): +GPU +GUI +Python
This program is licensed under the BSD-3 license. See the LICENSE file for details.
Components of this program may be licensed under more restrictive licenses which must be honored.
[INFO ORD-0030] Using 16 thread(s).
source /OpenROAD-flow-scripts/flow/platforms/asap7/liberty_suppressions.tcl
read_liberty /OpenROAD-flow-scripts/flow/platforms/asap7/lib/NLDM/asap7sc7p5t_AO_RVT_FF_nldm_211120.lib.gz
read_liberty /OpenROAD-flow-scripts/flow/platforms/asap7/lib/NLDM/asap7sc7p5t_INVBUF_RVT_FF_nldm_220122.lib.gz
read_liberty /OpenROAD-flow-scripts/flow/platforms/asap7/lib/NLDM/asap7sc7p5t_OA_RVT_FF_nldm_211120.lib.gz
read_liberty /OpenROAD-flow-scripts/flow/platforms/asap7/lib/NLDM/asap7sc7p5t_SIMPLE_RVT_FF_nldm_211120.lib.gz
read_liberty /OpenROAD-flow-scripts/flow/platforms/asap7/lib/NLDM/asap7sc7p5t_SEQ_RVT_FF_nldm_220123.lib
read_db /work/util/uacc_hw/openroad/work_width_sweep/results/asap7/uacc_section14_allocator_width_sweep/base/2_2_floorplan_macro.odb
read_sdc /work/util/uacc_hw/openroad/work_width_sweep/results/asap7/uacc_section14_allocator_width_sweep/base/2_1_floorplan.sdc
source /OpenROAD-flow-scripts/flow/platforms/asap7/setRC.tcl
Tap and End Cap cell insertion
  TAP Cell          : TAPCELL_ASAP7_75t_R
  ENDCAP Cell       : TAPCELL_ASAP7_75t_R
  Halo Around Macro : 2 2
  TAP Cell Distance : 25
[INFO TAP-0004] Inserted 1080 endcaps.
[INFO TAP-0005] Inserted 1355 tapcells.
Design area 5409 um^2 25% utilization.
write_db /work/util/uacc_hw/openroad/work_width_sweep/results/asap7/uacc_section14_allocator_width_sweep/base/2_3_floorplan_tapcell.odb
Elapsed time: 0:01.05[h:]min:sec. CPU time: user 1.00 sys 0.10 (104%). Peak memory: 234768KB.
Log                       Ext     Elapsed/s Peak Memory/MB sha1sum result [0:20)
2_3_floorplan_tapcell     .odb            1            229 c578439ed949996ed533
