OpenROAD 26Q3-463-gbde79242a0 
Features included (+) or not (-): +GPU +GUI +Python
This program is licensed under the BSD-3 license. See the LICENSE file for details.
Components of this program may be licensed under more restrictive licenses which must be honored.
[INFO ORD-0030] Using 16 thread(s).
source /OpenROAD-flow-scripts/flow/platforms/asap7/liberty_suppressions.tcl
read_liberty /OpenROAD-flow-scripts/flow/platforms/asap7/lib/NLDM/asap7sc7p5t_AO_RVT_FF_nldm_211120.lib.gz
read_liberty /OpenROAD-flow-scripts/flow/platforms/asap7/lib/NLDM/asap7sc7p5t_INVBUF_RVT_FF_nldm_220122.lib.gz
read_liberty /OpenROAD-flow-scripts/flow/platforms/asap7/lib/NLDM/asap7sc7p5t_OA_RVT_FF_nldm_211120.lib.gz
read_liberty /OpenROAD-flow-scripts/flow/platforms/asap7/lib/NLDM/asap7sc7p5t_SIMPLE_RVT_FF_nldm_211120.lib.gz
read_liberty /OpenROAD-flow-scripts/flow/platforms/asap7/lib/NLDM/asap7sc7p5t_SEQ_RVT_FF_nldm_220123.lib
read_db /work/util/uacc_hw/openroad/work_width_sweep/results/asap7/uacc_section14_allocator_width_sweep/base/3_3_place_gp.odb
read_sdc /work/util/uacc_hw/openroad/work_width_sweep/results/asap7/uacc_section14_allocator_width_sweep/base/2_floorplan.sdc
source /OpenROAD-flow-scripts/flow/platforms/asap7/setRC.tcl
estimate_parasitics -placement
Perform buffer insertion and gate resizing...
repair_design -verbose
Iteration |   Area    | Resized | Buffers | Nets repaired | Remaining
---------------------------------------------------------------------
        0 |     +0.0% |       0 |       0 |             0 |     29804
     1000 |     +0.0% |       0 |       0 |             0 |     28804
     2000 |     +0.0% |       0 |       0 |             0 |     27804
     3000 |     +0.0% |       0 |       0 |             0 |     26804
     4000 |     +0.0% |       0 |       0 |             0 |     25804
     5000 |     +0.0% |       0 |       0 |             0 |     24804
     6000 |     +0.0% |       0 |       0 |             0 |     23804
     7000 |     +0.0% |       0 |       0 |             0 |     22804
     8000 |     +0.0% |       0 |       0 |             0 |     21804
     9000 |     +0.0% |       0 |       0 |             0 |     20804
    10000 |     +0.0% |       0 |       0 |             0 |     19804
    11000 |     +0.0% |       0 |       1 |             1 |     18804
    12000 |     +0.0% |       0 |       1 |             1 |     17804
    13000 |     +0.0% |       0 |       1 |             1 |     16804
    14000 |     +0.0% |       0 |       1 |             1 |     15804
    15000 |     +0.0% |       0 |       1 |             1 |     14804
    16000 |     +0.0% |       0 |       1 |             1 |     13804
    17000 |     +0.0% |       0 |       1 |             1 |     12804
    18000 |     +0.0% |       0 |       1 |             1 |     11804
    19000 |     +0.0% |       0 |       1 |             1 |     10804
    20000 |     +0.0% |       0 |       1 |             1 |      9804
    21000 |     +0.0% |       0 |       1 |             1 |      8804
    22000 |     +0.0% |       0 |       1 |             1 |      7804
    23000 |     +0.0% |       0 |       1 |             1 |      6804
    24000 |     +0.0% |       0 |       1 |             1 |      5804
    25000 |     +0.0% |       0 |       1 |             1 |      4804
    26000 |     +0.0% |       0 |       1 |             1 |      3804
    27000 |     +0.0% |       0 |       1 |             1 |      2804
    28000 |     +0.0% |       0 |       1 |             1 |      1804
    29000 |     +0.0% |       0 |       1 |             1 |       804
    final |     +0.0% |       0 |       1 |             1 |         0
---------------------------------------------------------------------
[INFO RSZ-0036] Found 1 capacitance violations.
[INFO RSZ-0038] Inserted 1 buffers in 1 nets.
[INFO RSZ-0504] Runtime: 2.11s
Floating nets: 
Report metrics stage 3, resizer...

==========================================================================
resizer report_design_area
--------------------------------------------------------------------------
Design area 4160 um^2 24% utilization.
Instance count before 31460, after 31461
Pin count before 100245, after 100247
write_db /work/util/uacc_hw/openroad/work_width_sweep/results/asap7/uacc_section14_allocator_width_sweep/base/3_4_place_resized.odb
Elapsed time: 0:09.22[h:]min:sec. CPU time: user 13.60 sys 4.71 (198%). Peak memory: 353268KB.
Log                       Ext     Elapsed/s Peak Memory/MB sha1sum result [0:20)
3_4_place_resized         .odb            9            344 113e7ec359cb76fb12a8
