OpenROAD 26Q3-463-gbde79242a0 
Features included (+) or not (-): +GPU +GUI +Python
This program is licensed under the BSD-3 license. See the LICENSE file for details.
Components of this program may be licensed under more restrictive licenses which must be honored.
[INFO ORD-0030] Using 16 thread(s).
source /OpenROAD-flow-scripts/flow/platforms/asap7/liberty_suppressions.tcl
read_liberty /OpenROAD-flow-scripts/flow/platforms/asap7/lib/NLDM/asap7sc7p5t_AO_RVT_FF_nldm_211120.lib.gz
read_liberty /OpenROAD-flow-scripts/flow/platforms/asap7/lib/NLDM/asap7sc7p5t_INVBUF_RVT_FF_nldm_220122.lib.gz
read_liberty /OpenROAD-flow-scripts/flow/platforms/asap7/lib/NLDM/asap7sc7p5t_OA_RVT_FF_nldm_211120.lib.gz
read_liberty /OpenROAD-flow-scripts/flow/platforms/asap7/lib/NLDM/asap7sc7p5t_SIMPLE_RVT_FF_nldm_211120.lib.gz
read_liberty /OpenROAD-flow-scripts/flow/platforms/asap7/lib/NLDM/asap7sc7p5t_SEQ_RVT_FF_nldm_220123.lib
read_db /work/util/uacc_hw/openroad/work_width_sweep/results/asap7/uacc_section14_allocator_width_sweep/base/3_4_place_resized.odb
read_sdc /work/util/uacc_hw/openroad/work_width_sweep/results/asap7/uacc_section14_allocator_width_sweep/base/2_floorplan.sdc
source /OpenROAD-flow-scripts/flow/platforms/asap7/setRC.tcl
detailed_placement
[INFO DPL-0006] Core area: 17632.08 um^2, Movable instances area: 4095.39 um^2, Utilization: 23.2%
[INFO DPL-0007] Fixed instances area within core: 64.56 um^2, Effective utilization of free area: 23.3%
[INFO DPL-0005] Diamond search max displacement: +/- 500 sites horizontally, +/- 100 rows vertically.
[INFO DPL-1102] Legalizing using negotiation legalizer.
[INFO DPL-1103] Negotiation base search window: +/-20 sites horizontally, +/-5 rows vertically (extendable up to the max displacement cap of +/-500 sites, +/-100 rows near walls).
	Automatic search window extension enabled.
[INFO DPL-1104] NegotiationLegalizer DRC penalty: 5.
[INFO DPL-0392] Negotiation cell height distribution (1 unique row-count(s)):
[INFO DPL-0393]   height 1 row(s): 31461 cells
          |      Total |  Illegal |  Illegal
Iteration | Violations |    Cells |    Sites
---------------------------------------------
        0 |          0 |         0 |         0
Negotiation phase 1 converged at iteration 0.
[INFO DPL-0500] Runtime: 3.74s
Placement Analysis
---------------------------------
total displacement       9061.9 u
average displacement        0.3 u
max displacement            1.7 u
original HPWL           80276.8 u
legalized HPWL          87933.4 u
delta HPWL                   10 %

improve_placement -max_displacement "5 1"
Detailed placement improvement.
[INFO DPL-0401] Setting random seed to 1.
[INFO DPL-0402] Setting maximum displacement 5 1 to 1350 270 units.
[INFO DPL-0320] Collected 3106 fixed cells.
[INFO DPL-0318] Collected 29247 single height cells.
[INFO DPL-0321] Collected 0 wide cells.
[INFO DPL-0322] Image (3024, 3240) - (136026, 135810)
[INFO DPL-0310] Assigned 29247 cells into segments.  Movement in X-direction is 0.000000, movement in Y-direction is 0.000000.
[INFO DPL-0313] Found 0 cells in wrong regions.
[INFO DPL-0315] Found 0 row alignment problems.
[INFO DPL-0314] Found 0 site alignment problems.
[INFO DPL-0311] Found 0 overlaps between adjacent cells.
[INFO DPL-0312] Found 0 edge spacing violations and 0 padding violations.
[INFO DPL-0303] Running algorithm for independent set matching.
[INFO DPL-0300] Set matching objective is wirelength.
[INFO DPL-0301] Pass   1 of matching; objective is 8.780492e+07.
[INFO DPL-0302] End of matching; objective is 8.770494e+07, improvement is 0.11 percent.
[INFO DPL-0303] Running algorithm for global swaps.
[INFO DPL-0306] Pass   1 of global swaps; hpwl is 8.641582e+07.
[INFO DPL-0306] Pass   2 of global swaps; hpwl is 8.623223e+07.
[INFO DPL-0307] End of global swaps; objective is 8.623223e+07, improvement is 1.68 percent.
[INFO DPL-0303] Running algorithm for vertical swaps.
[INFO DPL-0308] Pass   1 of vertical swaps; hpwl is 8.582249e+07.
[INFO DPL-0309] End of vertical swaps; objective is 8.582249e+07, improvement is 0.48 percent.
[INFO DPL-0303] Running algorithm for reordering.
[INFO DPL-0304] Pass   1 of reordering; objective is 8.579367e+07.
[INFO DPL-0305] End of reordering; objective is 8.579367e+07, improvement is 0.03 percent.
[INFO DPL-0303] Running algorithm for random improvement.
[INFO DPL-0324] Random improver is using random generator.
[INFO DPL-0325] Random improver is using hpwl objective.
[INFO DPL-0326] Random improver cost string is (a).
[INFO DPL-0332] End of pass, Generator random called 584940 times.
[INFO DPL-0335] Generator random, Cumulative attempts 584940, swaps 39233, moves 240755 since last reset.
[INFO DPL-0333] End of pass, Objective hpwl, Initial cost 8.552701e+07, Scratch cost 8.463694e+07, Incremental cost 8.463694e+07, Mismatch? N
[INFO DPL-0338] End of pass, Total cost is 8.463694e+07.
[INFO DPL-0327] Pass   1 of random improver; improvement in cost is 1.04 percent.
[INFO DPL-0332] End of pass, Generator random called 584940 times.
[INFO DPL-0335] Generator random, Cumulative attempts 1169880, swaps 76847, moves 478896 since last reset.
[INFO DPL-0333] End of pass, Objective hpwl, Initial cost 8.463694e+07, Scratch cost 8.433574e+07, Incremental cost 8.433574e+07, Mismatch? N
[INFO DPL-0338] End of pass, Total cost is 8.433574e+07.
[INFO DPL-0327] Pass   2 of random improver; improvement in cost is 0.36 percent.
[INFO DPL-0328] End of random improver; improvement is 1.392857 percent.
[INFO DPL-0380] Cell flipping.
[INFO DPL-0382] Changed 0 cell orientations for row compatibility.
[INFO DPL-0383] Performed 7849 cell flips.
[INFO DPL-0384] End of flipping; objective is 8.261562e+07, improvement is 2.35 percent.
[INFO DPL-0313] Found 0 cells in wrong regions.
[INFO DPL-0315] Found 0 row alignment problems.
[INFO DPL-0314] Found 0 site alignment problems.
[INFO DPL-0311] Found 0 overlaps between adjacent cells.
[INFO DPL-0312] Found 0 edge spacing violations and 0 padding violations.
Detailed Improvement Results
------------------------------------------
Original HPWL            87933.4 u (   39691.0,    48242.4)
Final HPWL               82533.6 u (   37955.9,    44577.7)
Delta HPWL                  -6.1 % (      -4.4,       -7.6)

Took 6 seconds: improve_placement -max_displacement "5 1"
optimize_mirroring
[INFO DPL-0020] Mirrored 2374 instances
[INFO DPL-0021] HPWL before           82533.6 u
[INFO DPL-0022] HPWL after            82454.9 u
[INFO DPL-0023] HPWL delta               -0.1 %
[INFO FLW-0012] Placement violations .
estimate_parasitics -placement
Report metrics stage 3, detailed place...

==========================================================================
detailed place report_design_area
--------------------------------------------------------------------------
Design area 4160 um^2 24% utilization.
write_db /work/util/uacc_hw/openroad/work_width_sweep/results/asap7/uacc_section14_allocator_width_sweep/base/3_5_place_dp.odb
Elapsed time: 0:18.21[h:]min:sec. CPU time: user 22.75 sys 4.69 (150%). Peak memory: 437592KB.
Log                       Ext     Elapsed/s Peak Memory/MB sha1sum result [0:20)
3_5_place_dp              .odb           18            427 b8ebac05df36c470260a
