OpenROAD 26Q3-463-gbde79242a0 
Features included (+) or not (-): +GPU +GUI +Python
This program is licensed under the BSD-3 license. See the LICENSE file for details.
Components of this program may be licensed under more restrictive licenses which must be honored.
[INFO ORD-0030] Using 16 thread(s).
source /OpenROAD-flow-scripts/flow/platforms/asap7/liberty_suppressions.tcl
read_liberty /OpenROAD-flow-scripts/flow/platforms/asap7/lib/NLDM/asap7sc7p5t_AO_RVT_FF_nldm_211120.lib.gz
read_liberty /OpenROAD-flow-scripts/flow/platforms/asap7/lib/NLDM/asap7sc7p5t_INVBUF_RVT_FF_nldm_220122.lib.gz
read_liberty /OpenROAD-flow-scripts/flow/platforms/asap7/lib/NLDM/asap7sc7p5t_OA_RVT_FF_nldm_211120.lib.gz
read_liberty /OpenROAD-flow-scripts/flow/platforms/asap7/lib/NLDM/asap7sc7p5t_SIMPLE_RVT_FF_nldm_211120.lib.gz
read_liberty /OpenROAD-flow-scripts/flow/platforms/asap7/lib/NLDM/asap7sc7p5t_SEQ_RVT_FF_nldm_220123.lib
read_db /work/util/uacc_hw/openroad/work_width_sweep/results/asap7/uacc_section14_allocator_width_sweep/base/4_cts.odb
read_sdc /work/util/uacc_hw/openroad/work_width_sweep/results/asap7/uacc_section14_allocator_width_sweep/base/4_cts.sdc
source /OpenROAD-flow-scripts/flow/platforms/asap7/setRC.tcl
pin_access
[INFO DRT-0149] Reading tech and libs.

Units:                1000
Number of layers:     21
Number of macros:     212
Number of vias:       14
Number of viarulegen: 11

[INFO DRT-0150] Reading design.

Design:                   uacc_section14_allocator_uacc_section14_allocator
Die area:                 ( 0 0 ) ( 139060 139060 )
Number of track patterns: 32
Number of DEF vias:       0
Number of components:     31958
Number of terminals:      894
Number of snets:          2
Number of nets:           30088

[INFO DRT-0167] List of default vias:
  Layer V2
    default via: VIA23
  Layer V3
    default via: VIA34
  Layer V4
    default via: VIA45
  Layer V5
    default via: VIA56
  Layer V6
    default via: VIA67
  Layer V7
    default via: VIA78
  Layer V8
    default via: VIA89
  Layer V9
    default via: VIA9Pad
[INFO DRT-0162] Library cell analysis.
[INFO DRT-0163] Instance analysis.
[INFO DRT-0164] Number of unique instances = 242.
[INFO DRT-0168] Init region query.
[INFO DRT-0024]   Complete Active.
[INFO DRT-0024]   Complete V0.
[INFO DRT-0024]   Complete M1.
[INFO DRT-0024]   Complete V1.
[INFO DRT-0024]   Complete M2.
[INFO DRT-0024]   Complete V2.
[INFO DRT-0024]   Complete M3.
[INFO DRT-0024]   Complete V3.
[INFO DRT-0024]   Complete M4.
[INFO DRT-0024]   Complete V4.
[INFO DRT-0024]   Complete M5.
[INFO DRT-0024]   Complete V5.
[INFO DRT-0024]   Complete M6.
[INFO DRT-0024]   Complete V6.
[INFO DRT-0024]   Complete M7.
[INFO DRT-0024]   Complete V7.
[INFO DRT-0024]   Complete M8.
[INFO DRT-0024]   Complete V8.
[INFO DRT-0024]   Complete M9.
[INFO DRT-0024]   Complete V9.
[INFO DRT-0024]   Complete Pad.
[INFO DRT-0033] Active shape region query size = 0.
[INFO DRT-0033] V0 shape region query size = 0.
[INFO DRT-0033] M1 shape region query size = 632964.
[INFO DRT-0033] V1 shape region query size = 1857461.
[INFO DRT-0033] M2 shape region query size = 26623.
[INFO DRT-0033] V2 shape region query size = 36900.
[INFO DRT-0033] M3 shape region query size = 36900.
[INFO DRT-0033] V3 shape region query size = 24600.
[INFO DRT-0033] M4 shape region query size = 24882.
[INFO DRT-0033] V4 shape region query size = 24600.
[INFO DRT-0033] M5 shape region query size = 14210.
[INFO DRT-0033] V5 shape region query size = 2500.
[INFO DRT-0033] M6 shape region query size = 1350.
[INFO DRT-0033] V6 shape region query size = 0.
[INFO DRT-0033] M7 shape region query size = 0.
[INFO DRT-0033] V7 shape region query size = 0.
[INFO DRT-0033] M8 shape region query size = 0.
[INFO DRT-0033] V8 shape region query size = 0.
[INFO DRT-0033] M9 shape region query size = 0.
[INFO DRT-0033] V9 shape region query size = 0.
[INFO DRT-0033] Pad shape region query size = 0.
[INFO DRT-0165] Start pin access.
[INFO DRT-0076]   Complete 1000 pins.
[INFO DRT-0078]   Complete 1338 pins.
[INFO DRT-0079]   Complete 100 unique inst patterns.
[INFO DRT-0079]   Complete 200 unique inst patterns.
[INFO DRT-0081]   Complete 242 unique inst patterns.
[INFO DRT-0082]   Complete 10000 groups.
[INFO DRT-0082]   Complete 20000 groups.
[INFO DRT-0084]   Complete 22194 groups.
#scanned instances     = 31958
#unique  instances     = 242
#stdCellGenAp          = 6428
#stdCellValidPlanarAp  = 12
#stdCellValidViaAp     = 5222
#stdCellPinNoAp        = 0
#stdCellPinCnt         = 100962
#instTermValidViaApCnt = 0
#macroGenAp            = 0
#macroValidPlanarAp    = 0
#macroValidViaAp       = 0
#macroNoAp             = 0
[INFO DRT-0166] Complete pin access.
[INFO DRT-0267] cpu time = 00:05:19, elapsed time = 00:00:20, memory = 387.75 (MB), peak = 439.29 (MB)
Took 21 seconds: pin_access
global_route -congestion_report_file /work/util/uacc_hw/openroad/work_width_sweep/reports/asap7/uacc_section14_allocator_width_sweep/base/congestion.rpt -congestion_iterations 30 -congestion_report_iter_step 5 -verbose -resistance_aware
[INFO GRT-0020] Min routing layer: M2
[INFO GRT-0021] Max routing layer: M7
[INFO GRT-0022] Global adjustment: 0%
[INFO GRT-0023] Grid origin: (0, 0)
[INFO GRT-0088] Layer M1      Track-Pitch = 0.0360  line-2-Via Pitch: 0.0360
[INFO GRT-0088] Layer M2      Track-Pitch = 0.0390  line-2-Via Pitch: 0.0360
[INFO GRT-0088] Layer M3      Track-Pitch = 0.0360  line-2-Via Pitch: 0.0360
[INFO GRT-0088] Layer M4      Track-Pitch = 0.0480  line-2-Via Pitch: 0.0480
[INFO GRT-0088] Layer M5      Track-Pitch = 0.0480  line-2-Via Pitch: 0.0480
[INFO GRT-0088] Layer M6      Track-Pitch = 0.0640  line-2-Via Pitch: 0.0640
[INFO GRT-0088] Layer M7      Track-Pitch = 0.0640  line-2-Via Pitch: 0.0640
[INFO GRT-0003] Macros: 0
[INFO GRT-0004] Blockages: 13335
[INFO GRT-0019] Found 284 clock nets.
[INFO GRT-0001] Minimum degree: 2
[INFO GRT-0002] Maximum degree: 72

[INFO GRT-0053] Routing resources analysis:
          Routing      Original      Derated      Resource
Layer     Direction    Resources     Resources    Reduction (%)
---------------------------------------------------------------
M1         Vertical            0             0          0.00%
M2         Horizontal     727679        524450          27.93%
M3         Vertical       898731        667419          25.74%
M4         Horizontal     688124        511082          25.73%
M5         Vertical       665192        493158          25.86%
M6         Horizontal     464820        314445          32.35%
M7         Vertical       525866        354288          32.63%
---------------------------------------------------------------

[INFO GRT-0197] Via related to pin nodes: 198273
[INFO GRT-0198] Via related Steiner nodes: 5313
[INFO GRT-0199] Via filling finished.
[INFO GRT-0111] Final number of vias: 258249
[INFO GRT-0112] Final usage 3D: 969805

[INFO GRT-0096] Final congestion report:
Layer         Resource        Demand        Usage (%)    Max H / Max V / Total Congestion
---------------------------------------------------------------------------------------
M1                   0             0            0.00%             0 /  0 /  0
M2              524450         82324           15.70%             0 /  0 /  0
M3              667419         88665           13.28%             0 /  0 /  0
M4              511082          7362            1.44%             0 /  0 /  0
M5              493158          5928            1.20%             0 /  0 /  0
M6              314445          6445            2.05%             0 /  0 /  0
M7              354288          4334            1.22%             0 /  0 /  0
---------------------------------------------------------------------------------------
Total          2864842        195058            6.81%             0 /  0 /  0

[INFO GRT-0018] Total wirelength: 1569842 um
[INFO GRT-0014] Routed nets: 29940
[INFO GRT-0303] Global routing runtime = 00:00:09
Took 11 seconds: global_route -congestion_report_file /work/util/uacc_hw/openroad/work_width_sweep/reports/asap7/uacc_section14_allocator_width_sweep/base/congestion.rpt -congestion_iterations 30 -congestion_report_iter_step 5 -verbose -resistance_aware
estimate_parasitics -global_routing
Perform buffer insertion and gate resizing...
repair_design -verbose
Iteration |   Area    | Resized | Buffers | Nets repaired | Remaining
---------------------------------------------------------------------
        0 |     +0.0% |       0 |       0 |             0 |     30302
     1000 |     +0.0% |       0 |       0 |             0 |     29302
     2000 |     +0.0% |       0 |       0 |             0 |     28302
     3000 |     +0.0% |       0 |       0 |             0 |     27302
     4000 |     +0.0% |       0 |       0 |             0 |     26302
     5000 |     +0.0% |       0 |       0 |             0 |     25302
     6000 |     +0.0% |       0 |       0 |             0 |     24302
     7000 |     +0.0% |       0 |       0 |             0 |     23302
     8000 |     +0.0% |       0 |       0 |             0 |     22302
     9000 |     +0.0% |       0 |       0 |             0 |     21302
    10000 |     +0.0% |       0 |       0 |             0 |     20302
    11000 |     +0.0% |       0 |       0 |             0 |     19302
    12000 |     +0.0% |       0 |       0 |             0 |     18302
    13000 |     +0.0% |       0 |       0 |             0 |     17302
    14000 |     +0.0% |       0 |       0 |             0 |     16302
    15000 |     +0.0% |       0 |       0 |             0 |     15302
    16000 |     +0.0% |       0 |       0 |             0 |     14302
    17000 |     +0.0% |       0 |       0 |             0 |     13302
    18000 |     +0.0% |       0 |       0 |             0 |     12302
    19000 |     +0.0% |       0 |       0 |             0 |     11302
    20000 |     +0.0% |       0 |       0 |             0 |     10302
    21000 |     +0.0% |       0 |       0 |             0 |      9302
    22000 |     +0.0% |       0 |       0 |             0 |      8302
    23000 |     +0.0% |       0 |       0 |             0 |      7302
    24000 |     +0.0% |       0 |       0 |             0 |      6302
    25000 |     +0.0% |       0 |       0 |             0 |      5302
    26000 |     +0.0% |       0 |       0 |             0 |      4302
    27000 |     +0.0% |       0 |       0 |             0 |      3302
    28000 |     +0.0% |       0 |       0 |             0 |      2302
    29000 |     +0.0% |       0 |       0 |             0 |      1302
[WARNING RSZ-0104] Net service_square_q0[15] only has one pin. Check if it is intended to be dangling.
[WARNING RSZ-0104] Net service_square_q0[14] only has one pin. Check if it is intended to be dangling.
[WARNING RSZ-0104] Net service_square_q0[13] only has one pin. Check if it is intended to be dangling.
[WARNING RSZ-0104] Net service_square_q0[12] only has one pin. Check if it is intended to be dangling.
[WARNING RSZ-0104] Net service_square_q0[11] only has one pin. Check if it is intended to be dangling.
[WARNING RSZ-0104] Net service_cycles_q0[7] only has one pin. Check if it is intended to be dangling.
[WARNING RSZ-0104] Net service_cycles_q0[6] only has one pin. Check if it is intended to be dangling.
[WARNING RSZ-0104] Net observed_wait_sum_q0[31] only has one pin. Check if it is intended to be dangling.
[WARNING RSZ-0104] Net observed_wait_sum_q0[30] only has one pin. Check if it is intended to be dangling.
[WARNING RSZ-0104] Net observed_wait_sum_q0[29] only has one pin. Check if it is intended to be dangling.
[WARNING RSZ-0104] Net lookahead_delta_q0[7] only has one pin. Check if it is intended to be dangling.
[WARNING RSZ-0104] Net lookahead_delta_q0[6] only has one pin. Check if it is intended to be dangling.
[WARNING RSZ-0104] Net lookahead_delta_q0[5] only has one pin. Check if it is intended to be dangling.
[WARNING RSZ-0104] Net lookahead_delta_q0[4] only has one pin. Check if it is intended to be dangling.
[WARNING RSZ-0104] Net interarrival_sum_q0[31] only has one pin. Check if it is intended to be dangling.
[WARNING RSZ-0104] Net interarrival_sum_q0[30] only has one pin. Check if it is intended to be dangling.
[WARNING RSZ-0104] Net interarrival_sum_q0[29] only has one pin. Check if it is intended to be dangling.
[WARNING RSZ-0104] Net interarrival_sum_q0[28] only has one pin. Check if it is intended to be dangling.
[WARNING RSZ-0104] Net interarrival_sum_q0[27] only has one pin. Check if it is intended to be dangling.
[WARNING RSZ-0104] Net interarrival_sum_q0[26] only has one pin. Check if it is intended to be dangling.
[WARNING RSZ-0104] Net interarrival_sum_q0[25] only has one pin. Check if it is intended to be dangling.
[WARNING RSZ-0104] Net interarrival_sum_q0[24] only has one pin. Check if it is intended to be dangling.
[WARNING RSZ-0104] Net interarrival_sum_q0[23] only has one pin. Check if it is intended to be dangling.
[WARNING RSZ-0104] Net interarrival_sum_q0[22] only has one pin. Check if it is intended to be dangling.
[WARNING RSZ-0104] Net interarrival_sum_q0[21] only has one pin. Check if it is intended to be dangling.
[WARNING RSZ-0104] Net interarrival_sum_q0[20] only has one pin. Check if it is intended to be dangling.
[WARNING RSZ-0104] Net interarrival_sum_q0[19] only has one pin. Check if it is intended to be dangling.
[WARNING RSZ-0104] Net interarrival_sum_q0[18] only has one pin. Check if it is intended to be dangling.
[WARNING RSZ-0104] Net interarrival_square_sum_q0[63] only has one pin. Check if it is intended to be dangling.
[WARNING RSZ-0104] Net interarrival_square_sum_q0[62] only has one pin. Check if it is intended to be dangling.
[WARNING RSZ-0104] Net interarrival_square_sum_q0[61] only has one pin. Check if it is intended to be dangling.
[WARNING RSZ-0104] Net interarrival_square_sum_q0[60] only has one pin. Check if it is intended to be dangling.
[WARNING RSZ-0104] Net interarrival_square_sum_q0[59] only has one pin. Check if it is intended to be dangling.
[WARNING RSZ-0104] Net interarrival_square_sum_q0[58] only has one pin. Check if it is intended to be dangling.
[WARNING RSZ-0104] Net interarrival_square_sum_q0[57] only has one pin. Check if it is intended to be dangling.
[WARNING RSZ-0104] Net interarrival_square_sum_q0[56] only has one pin. Check if it is intended to be dangling.
[WARNING RSZ-0104] Net interarrival_square_sum_q0[55] only has one pin. Check if it is intended to be dangling.
[WARNING RSZ-0104] Net interarrival_square_sum_q0[54] only has one pin. Check if it is intended to be dangling.
[WARNING RSZ-0104] Net interarrival_square_sum_q0[53] only has one pin. Check if it is intended to be dangling.
[WARNING RSZ-0104] Net interarrival_square_sum_q0[52] only has one pin. Check if it is intended to be dangling.
[WARNING RSZ-0104] Net interarrival_square_sum_q0[51] only has one pin. Check if it is intended to be dangling.
[WARNING RSZ-0104] Net interarrival_square_sum_q0[50] only has one pin. Check if it is intended to be dangling.
[WARNING RSZ-0104] Net interarrival_square_sum_q0[49] only has one pin. Check if it is intended to be dangling.
[WARNING RSZ-0104] Net interarrival_square_sum_q0[48] only has one pin. Check if it is intended to be dangling.
[WARNING RSZ-0104] Net interarrival_square_sum_q0[47] only has one pin. Check if it is intended to be dangling.
[WARNING RSZ-0104] Net interarrival_square_sum_q0[46] only has one pin. Check if it is intended to be dangling.
[WARNING RSZ-0104] Net interarrival_square_sum_q0[45] only has one pin. Check if it is intended to be dangling.
[WARNING RSZ-0104] Net interarrival_square_sum_q0[44] only has one pin. Check if it is intended to be dangling.
[WARNING RSZ-0104] Net interarrival_square_sum_q0[43] only has one pin. Check if it is intended to be dangling.
[WARNING RSZ-0104] Net interarrival_square_sum_q0[42] only has one pin. Check if it is intended to be dangling.
[WARNING RSZ-0104] Net interarrival_square_sum_q0[41] only has one pin. Check if it is intended to be dangling.
[WARNING RSZ-0104] Net interarrival_square_sum_q0[40] only has one pin. Check if it is intended to be dangling.
[WARNING RSZ-0104] Net interarrival_square_sum_q0[39] only has one pin. Check if it is intended to be dangling.
[WARNING RSZ-0104] Net interarrival_square_sum_q0[38] only has one pin. Check if it is intended to be dangling.
[WARNING RSZ-0104] Net interarrival_square_sum_q0[37] only has one pin. Check if it is intended to be dangling.
[WARNING RSZ-0104] Net interarrival_square_sum_q0[36] only has one pin. Check if it is intended to be dangling.
[WARNING RSZ-0104] Net interarrival_square_sum_q0[35] only has one pin. Check if it is intended to be dangling.
    30000 |     +0.0% |       0 |       0 |             0 |       302
[WARNING RSZ-0104] Net interarrival_samples_q0[31] only has one pin. Check if it is intended to be dangling.
[WARNING RSZ-0104] Net interarrival_samples_q0[30] only has one pin. Check if it is intended to be dangling.
[WARNING RSZ-0104] Net interarrival_samples_q0[29] only has one pin. Check if it is intended to be dangling.
[WARNING RSZ-0104] Net interarrival_samples_q0[28] only has one pin. Check if it is intended to be dangling.
[WARNING RSZ-0104] Net interarrival_samples_q0[27] only has one pin. Check if it is intended to be dangling.
[WARNING RSZ-0104] Net interarrival_samples_q0[26] only has one pin. Check if it is intended to be dangling.
[WARNING RSZ-0104] Net interarrival_samples_q0[25] only has one pin. Check if it is intended to be dangling.
[WARNING RSZ-0104] Net interarrival_samples_q0[24] only has one pin. Check if it is intended to be dangling.
[WARNING RSZ-0104] Net interarrival_samples_q0[23] only has one pin. Check if it is intended to be dangling.
[WARNING RSZ-0104] Net interarrival_samples_q0[22] only has one pin. Check if it is intended to be dangling.
[WARNING RSZ-0104] Net interarrival_samples_q0[21] only has one pin. Check if it is intended to be dangling.
[WARNING RSZ-0104] Net interarrival_samples_q0[20] only has one pin. Check if it is intended to be dangling.
[WARNING RSZ-0104] Net interarrival_samples_q0[19] only has one pin. Check if it is intended to be dangling.
[WARNING RSZ-0104] Net interarrival_samples_q0[18] only has one pin. Check if it is intended to be dangling.
[WARNING RSZ-0104] Net interarrival_samples_q0[17] only has one pin. Check if it is intended to be dangling.
[WARNING RSZ-0104] Net fixed_latency_q_q0[15] only has one pin. Check if it is intended to be dangling.
[WARNING RSZ-0104] Net fixed_latency_q_q0[14] only has one pin. Check if it is intended to be dangling.
[WARNING RSZ-0104] Net collector_overflow_q0[7] only has one pin. Check if it is intended to be dangling.
[WARNING RSZ-0104] Net collector_overflow_q0[6] only has one pin. Check if it is intended to be dangling.
[WARNING RSZ-0104] Net collector_overflow_q0[5] only has one pin. Check if it is intended to be dangling.
[WARNING RSZ-0104] Net collector_overflow_q0[4] only has one pin. Check if it is intended to be dangling.
[WARNING RSZ-0104] Net collector_overflow_q0[3] only has one pin. Check if it is intended to be dangling.
[WARNING RSZ-0104] Net collector_overflow_q0[2] only has one pin. Check if it is intended to be dangling.
[WARNING RSZ-0104] Net collector_overflow_q0[1] only has one pin. Check if it is intended to be dangling.
[WARNING RSZ-0104] Net capacity_gain_q_q0[31] only has one pin. Check if it is intended to be dangling.
[WARNING RSZ-0104] Net capacity_gain_q_q0[30] only has one pin. Check if it is intended to be dangling.
[WARNING RSZ-0104] Net capacity_gain_q_q0[29] only has one pin. Check if it is intended to be dangling.
[WARNING RSZ-0104] Net capacity_gain_q_q0[28] only has one pin. Check if it is intended to be dangling.
[WARNING RSZ-0104] Net capacity_gain_q_q0[27] only has one pin. Check if it is intended to be dangling.
[WARNING RSZ-0104] Net candidate_valid_q0[7] only has one pin. Check if it is intended to be dangling.
[WARNING RSZ-0104] Net candidate_valid_q0[6] only has one pin. Check if it is intended to be dangling.
[WARNING RSZ-0104] Net candidate_valid_q0[5] only has one pin. Check if it is intended to be dangling.
[WARNING RSZ-0104] Net candidate_valid_q0[4] only has one pin. Check if it is intended to be dangling.
[WARNING RSZ-0104] Net candidate_valid_q0[3] only has one pin. Check if it is intended to be dangling.
[WARNING RSZ-0104] Net candidate_valid_q0[2] only has one pin. Check if it is intended to be dangling.
[WARNING RSZ-0104] Net candidate_valid_q0[1] only has one pin. Check if it is intended to be dangling.
[WARNING RSZ-0104] Net candidate_queue_cost_q_q0[31] only has one pin. Check if it is intended to be dangling.
[WARNING RSZ-0104] Net candidate_queue_cost_q_q0[30] only has one pin. Check if it is intended to be dangling.
[WARNING RSZ-0104] Net candidate_queue_cost_q_q0[29] only has one pin. Check if it is intended to be dangling.
[WARNING RSZ-0104] Net candidate_queue_cost_q_q0[28] only has one pin. Check if it is intended to be dangling.
[WARNING RSZ-0104] Net candidate_queue_cost_q_q0[27] only has one pin. Check if it is intended to be dangling.
[WARNING RSZ-0104] Net candidate_fixed_cost_q_q0[31] only has one pin. Check if it is intended to be dangling.
[WARNING RSZ-0104] Net candidate_fixed_cost_q_q0[30] only has one pin. Check if it is intended to be dangling.
[WARNING RSZ-0104] Net candidate_fixed_cost_q_q0[29] only has one pin. Check if it is intended to be dangling.
[WARNING RSZ-0104] Net candidate_fixed_cost_q_q0[28] only has one pin. Check if it is intended to be dangling.
[WARNING RSZ-0104] Net candidate_fixed_cost_q_q0[27] only has one pin. Check if it is intended to be dangling.
[WARNING RSZ-0104] Net candidate_class_count_q0[31] only has one pin. Check if it is intended to be dangling.
[WARNING RSZ-0104] Net candidate_class_count_q0[30] only has one pin. Check if it is intended to be dangling.
[WARNING RSZ-0104] Net candidate_class_count_q0[29] only has one pin. Check if it is intended to be dangling.
[WARNING RSZ-0104] Net candidate_class_count_q0[28] only has one pin. Check if it is intended to be dangling.
[WARNING RSZ-0104] Net candidate_class_count_q0[27] only has one pin. Check if it is intended to be dangling.
[WARNING RSZ-0104] Net candidate_class_count_q0[26] only has one pin. Check if it is intended to be dangling.
[WARNING RSZ-0104] Net candidate_class_count_q0[25] only has one pin. Check if it is intended to be dangling.
[WARNING RSZ-0104] Net candidate_class_count_q0[24] only has one pin. Check if it is intended to be dangling.
[WARNING RSZ-0104] Net candidate_class_count_q0[23] only has one pin. Check if it is intended to be dangling.
[WARNING RSZ-0104] Net candidate_class_count_q0[22] only has one pin. Check if it is intended to be dangling.
[WARNING RSZ-0104] Net candidate_class_count_q0[21] only has one pin. Check if it is intended to be dangling.
[WARNING RSZ-0104] Net candidate_class_count_q0[20] only has one pin. Check if it is intended to be dangling.
[WARNING RSZ-0104] Net candidate_class_count_q0[19] only has one pin. Check if it is intended to be dangling.
[WARNING RSZ-0104] Net candidate_class_count_q0[18] only has one pin. Check if it is intended to be dangling.
[WARNING RSZ-0104] Net candidate_class_count_q0[17] only has one pin. Check if it is intended to be dangling.
[WARNING RSZ-0104] Net buffer_full_count_q0[31] only has one pin. Check if it is intended to be dangling.
[WARNING RSZ-0104] Net buffer_full_count_q0[30] only has one pin. Check if it is intended to be dangling.
[WARNING RSZ-0104] Net buffer_full_count_q0[29] only has one pin. Check if it is intended to be dangling.
[WARNING RSZ-0104] Net buffer_full_count_q0[28] only has one pin. Check if it is intended to be dangling.
[WARNING RSZ-0104] Net buffer_full_count_q0[27] only has one pin. Check if it is intended to be dangling.
[WARNING RSZ-0104] Net buffer_full_count_q0[26] only has one pin. Check if it is intended to be dangling.
[WARNING RSZ-0104] Net buffer_full_count_q0[25] only has one pin. Check if it is intended to be dangling.
[WARNING RSZ-0104] Net buffer_full_count_q0[24] only has one pin. Check if it is intended to be dangling.
[WARNING RSZ-0104] Net buffer_full_count_q0[23] only has one pin. Check if it is intended to be dangling.
[WARNING RSZ-0104] Net buffer_full_count_q0[22] only has one pin. Check if it is intended to be dangling.
[WARNING RSZ-0104] Net buffer_full_count_q0[21] only has one pin. Check if it is intended to be dangling.
[WARNING RSZ-0104] Net buffer_full_count_q0[20] only has one pin. Check if it is intended to be dangling.
[WARNING RSZ-0104] Net buffer_full_count_q0[19] only has one pin. Check if it is intended to be dangling.
[WARNING RSZ-0104] Net buffer_full_count_q0[18] only has one pin. Check if it is intended to be dangling.
[WARNING RSZ-0104] Net buffer_full_count_q0[17] only has one pin. Check if it is intended to be dangling.
[WARNING RSZ-0104] Net backpressure_count_q0[31] only has one pin. Check if it is intended to be dangling.
[WARNING RSZ-0104] Net backpressure_count_q0[30] only has one pin. Check if it is intended to be dangling.
[WARNING RSZ-0104] Net backpressure_count_q0[29] only has one pin. Check if it is intended to be dangling.
[WARNING RSZ-0104] Net backpressure_count_q0[28] only has one pin. Check if it is intended to be dangling.
[WARNING RSZ-0104] Net backpressure_count_q0[27] only has one pin. Check if it is intended to be dangling.
[WARNING RSZ-0104] Net backpressure_count_q0[26] only has one pin. Check if it is intended to be dangling.
[WARNING RSZ-0104] Net backpressure_count_q0[25] only has one pin. Check if it is intended to be dangling.
[WARNING RSZ-0104] Net backpressure_count_q0[24] only has one pin. Check if it is intended to be dangling.
[WARNING RSZ-0104] Net backpressure_count_q0[23] only has one pin. Check if it is intended to be dangling.
[WARNING RSZ-0104] Net backpressure_count_q0[22] only has one pin. Check if it is intended to be dangling.
[WARNING RSZ-0104] Net backpressure_count_q0[21] only has one pin. Check if it is intended to be dangling.
[WARNING RSZ-0104] Net backpressure_count_q0[20] only has one pin. Check if it is intended to be dangling.
[WARNING RSZ-0104] Net backpressure_count_q0[19] only has one pin. Check if it is intended to be dangling.
[WARNING RSZ-0104] Net backpressure_count_q0[18] only has one pin. Check if it is intended to be dangling.
[WARNING RSZ-0104] Net backpressure_count_q0[17] only has one pin. Check if it is intended to be dangling.
    final |     +0.0% |       0 |       0 |             0 |         0
---------------------------------------------------------------------
[INFO RSZ-0504] Runtime: 4.50s
global_route -start_incremental
detailed_placement
[INFO DPL-0006] Core area: 17632.08 um^2, Movable instances area: 4262.16 um^2, Utilization: 24.2%
[INFO DPL-0007] Fixed instances area within core: 64.56 um^2, Effective utilization of free area: 24.3%
[INFO DPL-0005] Diamond search max displacement: +/- 500 sites horizontally, +/- 100 rows vertically.
[INFO DPL-1102] Legalizing using negotiation legalizer.
[INFO DPL-1103] Negotiation base search window: +/-20 sites horizontally, +/-5 rows vertically (extendable up to the max displacement cap of +/-500 sites, +/-100 rows near walls).
	Automatic search window extension enabled.
[INFO DPL-1104] NegotiationLegalizer DRC penalty: 5.
[INFO DPL-0392] Negotiation cell height distribution (1 unique row-count(s)):
[INFO DPL-0393]   height 1 row(s): 31958 cells
[INFO DPL-0500] Runtime: 0.17s
Placement Analysis
---------------------------------
total displacement          0.0 u
average displacement        0.0 u
max displacement            0.0 u
original HPWL           89499.6 u
legalized HPWL          89499.6 u
delta HPWL                    0 %

global_route -end_incremental -resistance_aware -congestion_report_file /work/util/uacc_hw/openroad/work_width_sweep/reports/asap7/uacc_section14_allocator_width_sweep/base/congestion_post_repair_design.rpt
Repair setup and hold violations...
estimate_parasitics -global_routing
repair_timing -setup_margin 0 -hold_margin 0 -repair_tns 100 -skip_last_gasp -verbose
[INFO RSZ-0100] Repair move sequence: UnbufferMove SizeUpMove SwapPinsMove BufferMove CloneMove SplitLoadMove 
[INFO RSZ-0098] No setup violations found
[INFO RSZ-0505] Runtime: 0.82s
[INFO RSZ-0033] No hold violations found.
[INFO RSZ-0506] Runtime: 0.23s
global_route -start_incremental
detailed_placement
[INFO DPL-0006] Core area: 17632.08 um^2, Movable instances area: 4262.16 um^2, Utilization: 24.2%
[INFO DPL-0007] Fixed instances area within core: 64.56 um^2, Effective utilization of free area: 24.3%
[INFO DPL-0005] Diamond search max displacement: +/- 500 sites horizontally, +/- 100 rows vertically.
[INFO DPL-1102] Legalizing using negotiation legalizer.
[INFO DPL-1103] Negotiation base search window: +/-20 sites horizontally, +/-5 rows vertically (extendable up to the max displacement cap of +/-500 sites, +/-100 rows near walls).
	Automatic search window extension enabled.
[INFO DPL-1104] NegotiationLegalizer DRC penalty: 5.
[INFO DPL-0392] Negotiation cell height distribution (1 unique row-count(s)):
[INFO DPL-0393]   height 1 row(s): 31958 cells
[INFO DPL-0500] Runtime: 0.18s
Placement Analysis
---------------------------------
total displacement          0.0 u
average displacement        0.0 u
max displacement            0.0 u
original HPWL           89499.6 u
legalized HPWL          89499.6 u
delta HPWL                    0 %

check_placement -verbose
global_route -end_incremental -resistance_aware -congestion_report_file /work/util/uacc_hw/openroad/work_width_sweep/reports/asap7/uacc_section14_allocator_width_sweep/base/congestion_post_repair_timing.rpt
estimate_parasitics -global_routing
repair_timing -setup -sequence "vt_swap reroute" -skip_last_gasp -repair_tns 0 -verbose
[INFO RSZ-0100] Repair move sequence: RerouteMove 
[INFO RSZ-0098] No setup violations found
[INFO RSZ-0505] Runtime: 0.81s
Repair antennas...
[WARNING GRT-0246] No diode with LEF class CORE ANTENNACELL found.
[INFO ANT-0002] Found 0 net violations.
[INFO ANT-0001] Found 0 pin violations.
Estimate parasitics...
estimate_parasitics -global_routing
Report metrics stage 5, global route...

==========================================================================
global route report_design_area
--------------------------------------------------------------------------
Design area 4327 um^2 25% utilization.
[INFO FLW-0007] clock core_clock period 5000.000000
[INFO FLW-0008] Clock core_clock period 2030.176
[INFO FLW-0009] Clock core_clock slack 2862.973
write_sdc -no_timestamp /work/util/uacc_hw/openroad/work_width_sweep/results/asap7/uacc_section14_allocator_width_sweep/base/updated_clks.sdc
[INFO FLW-0011] Path endpoint path count 4928
write_db /work/util/uacc_hw/openroad/work_width_sweep/results/asap7/uacc_section14_allocator_width_sweep/base/5_1_grt.odb
write_sdc -no_timestamp /work/util/uacc_hw/openroad/work_width_sweep/results/asap7/uacc_section14_allocator_width_sweep/base/5_1_grt.sdc
Elapsed time: 0:50.12[h:]min:sec. CPU time: user 434.52 sys 20.04 (906%). Peak memory: 967044KB.
Log                       Ext     Elapsed/s Peak Memory/MB sha1sum result [0:20)
5_1_grt                   .odb           50            944 95bbefaee3db471445a7
5_1_grt                   .sdc                             ad3cba1ae320b681b0eb
