
==========================================================================
synth report_tns
--------------------------------------------------------------------------
tns max 0.00

==========================================================================
synth report_wns
--------------------------------------------------------------------------
wns max 0.00

==========================================================================
synth report_worst_slack
--------------------------------------------------------------------------
worst slack max 2858.73

==========================================================================
synth report_clock_min_period
--------------------------------------------------------------------------
core_clock period_min = 2141.27 fmax = 467.01

==========================================================================
synth report_checks -path_delay min
--------------------------------------------------------------------------
Startpoint: u19208 (rising edge-triggered flip-flop clocked by core_clock)
Endpoint: u14619 (rising edge-triggered flip-flop clocked by core_clock)
Path Group: core_clock
Path Type: min

Fanout     Cap    Slew   Delay    Time   Description
-----------------------------------------------------------------------------
                  0.00    0.00    0.00   clock core_clock (rise edge)
                          0.00    0.00   clock network delay (ideal)
                  0.00    0.00    0.00 ^ u19208/CLK (DFFHQNx1_ASAP7_75t_R)
     2    1.06   14.98   32.37   32.37 v u19208/QN (DFFHQNx1_ASAP7_75t_R)
                                         reg_2150[0] (net)
                 14.98    0.00   32.37 v u14619/D (DFFHQNx1_ASAP7_75t_R)
                                 32.37   data arrival time

                  0.00    0.00    0.00   clock core_clock (rise edge)
                          0.00    0.00   clock network delay (ideal)
                          0.00    0.00   clock reconvergence pessimism
                                  0.00 ^ u14619/CLK (DFFHQNx1_ASAP7_75t_R)
                          7.84    7.84   library hold time
                                  7.84   data required time
-----------------------------------------------------------------------------
                                  7.84   data required time
                                -32.37   data arrival time
-----------------------------------------------------------------------------
                                 24.53   slack (MET)



==========================================================================
synth report_checks -path_delay max
--------------------------------------------------------------------------
Startpoint: u46693 (rising edge-triggered flip-flop clocked by core_clock)
Endpoint: u37280 (rising edge-triggered flip-flop clocked by core_clock)
Path Group: core_clock
Path Type: max

Fanout     Cap    Slew   Delay    Time   Description
-----------------------------------------------------------------------------
                  0.00    0.00    0.00   clock core_clock (rise edge)
                          0.00    0.00   clock network delay (ideal)
                  0.00    0.00    0.00 ^ u46693/CLK (DFFHQNx1_ASAP7_75t_R)
     1    0.69   12.72   30.56   30.56 v u46693/QN (DFFHQNx1_ASAP7_75t_R)
                                         grp_uacc_section14_cost_core_fu_2003.uacc_section14_allocator_mul_16ns_117ns_132_7_1_U17.uacc_section14_allocator_uacc_section14_allocator_mul_16ns_117ns_132_7_1_Mul_DSP_4_U.b_reg0[8] (net)
                 12.72    0.00   30.56 v gain2991/A (BUFx3_ASAP7_75t_R)
     1    2.60    7.86   15.93   46.49 v gain2991/Y (BUFx3_ASAP7_75t_R)
                                         net2991 (net)
                  7.86    0.00   46.49 v gain2990/A (BUFx24_ASAP7_75t_R)
    25   14.12   11.26   19.94   66.44 v gain2990/Y (BUFx24_ASAP7_75t_R)
                                         net2990 (net)
                 11.26    0.00   66.44 v u47487/A (AND2x2_ASAP7_75t_R)
     2    1.56    7.59   17.10   83.54 v u47487/Y (AND2x2_ASAP7_75t_R)
                                         n36310 (net)
                  7.59    0.00   83.54 v u47488/B (XOR2x2_ASAP7_75t_R)
     2    1.48    9.16   24.68  108.22 ^ u47488/Y (XOR2x2_ASAP7_75t_R)
                                         n36311 (net)
                  9.16    0.00  108.22 ^ u47513/B (XNOR2x2_ASAP7_75t_R)
     2    2.07   10.17   26.70  134.92 v u47513/Y (XNOR2x2_ASAP7_75t_R)
                                         n36336 (net)
                 10.17    0.00  134.92 v u47529/A (XOR2x2_ASAP7_75t_R)
     1    1.01    7.89   24.23  159.14 ^ u47529/Y (XOR2x2_ASAP7_75t_R)
                                         n36352 (net)
                  7.89    0.00  159.14 ^ u47530/B (XNOR2x2_ASAP7_75t_R)
     2    1.45    8.63   25.27  184.41 v u47530/Y (XNOR2x2_ASAP7_75t_R)
                                         n36353 (net)
                  8.63    0.00  184.41 v u47533/A (XOR2x2_ASAP7_75t_R)
     2    1.55    9.38   24.75  209.16 ^ u47533/Y (XOR2x2_ASAP7_75t_R)
                                         n36356 (net)
                  9.38    0.00  209.16 ^ u47549/B (XOR2x2_ASAP7_75t_R)
     2    1.36    8.81   25.05  234.21 ^ u47549/Y (XOR2x2_ASAP7_75t_R)
                                         n36372 (net)
                  8.81    0.00  234.21 ^ u47562/A (XOR2x2_ASAP7_75t_R)
     2    1.55    9.38   24.80  259.01 ^ u47562/Y (XOR2x2_ASAP7_75t_R)
                                         n36385 (net)
                  9.38    0.00  259.01 ^ u47591/B (XOR2x2_ASAP7_75t_R)
     2    1.53    9.30   25.36  284.37 ^ u47591/Y (XOR2x2_ASAP7_75t_R)
                                         n36414 (net)
                  9.30    0.00  284.37 ^ u47658/A (XOR2x2_ASAP7_75t_R)
     2    1.72    9.26   20.74  305.11 v u47658/Y (XOR2x2_ASAP7_75t_R)
                                         n36481 (net)
                  9.26    0.00  305.11 v u47659/B2 (AO22x2_ASAP7_75t_R)
     2    2.33   10.57   20.91  326.02 v u47659/Y (AO22x2_ASAP7_75t_R)
                                         n36482 (net)
                 10.57    0.00  326.02 v u47661/B (MAJx2_ASAP7_75t_R)
     2    1.60    9.23   22.42  348.44 v u47661/Y (MAJx2_ASAP7_75t_R)
                                         n36484 (net)
                  9.23    0.00  348.44 v u47663/B1 (AO22x2_ASAP7_75t_R)
     2    2.33   10.58   21.59  370.03 v u47663/Y (AO22x2_ASAP7_75t_R)
                                         n36486 (net)
                 10.58    0.00  370.03 v u47665/B (MAJx2_ASAP7_75t_R)
     2    2.33   11.04   23.70  393.73 v u47665/Y (MAJx2_ASAP7_75t_R)
                                         n36488 (net)
                 11.04    0.00  393.73 v u47667/B (MAJx2_ASAP7_75t_R)
     2    2.33   11.05   23.84  417.57 v u47667/Y (MAJx2_ASAP7_75t_R)
                                         n36490 (net)
                 11.05    0.00  417.57 v u47669/B (MAJx2_ASAP7_75t_R)
     2    1.43    8.81   22.26  439.84 v u47669/Y (MAJx2_ASAP7_75t_R)
                                         n36492 (net)
                  8.81    0.00  439.84 v u47672/A (XOR2x2_ASAP7_75t_R)
     2    2.02    9.98   20.96  460.80 v u47672/Y (XOR2x2_ASAP7_75t_R)
                                         n36495 (net)
                  9.98    0.00  460.80 v u47710/A (AND2x4_ASAP7_75t_R)
     2    2.33    6.47   15.54  476.34 v u47710/Y (AND2x4_ASAP7_75t_R)
                                         n36533 (net)
                  6.47    0.00  476.34 v u47717/B (MAJx2_ASAP7_75t_R)
     2    2.33   11.07   22.63  498.97 v u47717/Y (MAJx2_ASAP7_75t_R)
                                         n36540 (net)
                 11.07    0.00  498.97 v u47719/B (MAJx2_ASAP7_75t_R)
     2    1.52    9.04   22.43  521.40 v u47719/Y (MAJx2_ASAP7_75t_R)
                                         n36542 (net)
                  9.04    0.00  521.40 v u47721/B1 (AO22x2_ASAP7_75t_R)
     2    2.33   10.58   21.55  542.94 v u47721/Y (AO22x2_ASAP7_75t_R)
                                         n36544 (net)
                 10.58    0.00  542.94 v u47723/B (MAJx2_ASAP7_75t_R)
     2    1.52    9.03   22.29  565.23 v u47723/Y (MAJx2_ASAP7_75t_R)
                                         n36546 (net)
                  9.03    0.00  565.23 v u47725/B1 (AO22x2_ASAP7_75t_R)
     2    2.33   10.59   21.55  586.78 v u47725/Y (AO22x2_ASAP7_75t_R)
                                         n36548 (net)
                 10.59    0.00  586.78 v u47727/B (MAJx2_ASAP7_75t_R)
     2    1.52    9.03   22.29  609.07 v u47727/Y (MAJx2_ASAP7_75t_R)
                                         n36550 (net)
                  9.03    0.00  609.07 v u47729/B1 (AO22x2_ASAP7_75t_R)
     2    2.33   10.59   21.55  630.61 v u47729/Y (AO22x2_ASAP7_75t_R)
                                         n36552 (net)
                 10.59    0.00  630.61 v u47731/B (MAJx2_ASAP7_75t_R)
     2    1.52    9.03   22.29  652.90 v u47731/Y (MAJx2_ASAP7_75t_R)
                                         n36554 (net)
                  9.03    0.00  652.90 v u47733/B1 (AO22x2_ASAP7_75t_R)
     2    2.33   10.59   21.55  674.45 v u47733/Y (AO22x2_ASAP7_75t_R)
                                         n36556 (net)
                 10.59    0.00  674.45 v u47735/B (MAJx2_ASAP7_75t_R)
     2    1.52    9.03   22.29  696.74 v u47735/Y (MAJx2_ASAP7_75t_R)
                                         n36558 (net)
                  9.03    0.00  696.74 v u47737/B1 (AO22x2_ASAP7_75t_R)
     2    2.33   10.59   21.55  718.29 v u47737/Y (AO22x2_ASAP7_75t_R)
                                         n36560 (net)
                 10.59    0.00  718.29 v u47739/B (MAJx2_ASAP7_75t_R)
     2    1.52    9.03   22.29  740.57 v u47739/Y (MAJx2_ASAP7_75t_R)
                                         n36562 (net)
                  9.03    0.00  740.57 v u47741/B1 (AO22x2_ASAP7_75t_R)
     2    2.33   10.59   21.55  762.12 v u47741/Y (AO22x2_ASAP7_75t_R)
                                         n36564 (net)
                 10.59    0.00  762.12 v u47743/B (MAJx2_ASAP7_75t_R)
     2    1.52    9.03   22.29  784.41 v u47743/Y (MAJx2_ASAP7_75t_R)
                                         n36566 (net)
                  9.03    0.00  784.41 v u47745/B1 (AO22x2_ASAP7_75t_R)
     2    2.33   10.59   21.55  805.96 v u47745/Y (AO22x2_ASAP7_75t_R)
                                         n36568 (net)
                 10.59    0.00  805.96 v u47747/B (MAJx2_ASAP7_75t_R)
     2    1.52    9.03   22.29  828.25 v u47747/Y (MAJx2_ASAP7_75t_R)
                                         n36570 (net)
                  9.03    0.00  828.25 v u47749/B1 (AO22x2_ASAP7_75t_R)
     2    2.33   10.59   21.55  849.79 v u47749/Y (AO22x2_ASAP7_75t_R)
                                         n36572 (net)
                 10.59    0.00  849.79 v u47751/B (MAJx2_ASAP7_75t_R)
     3    1.99   10.20   23.11  872.90 v u47751/Y (MAJx2_ASAP7_75t_R)
                                         n36574 (net)
                 10.20    0.00  872.90 v u47752/C (AND3x1_ASAP7_75t_R)
     1    1.11    7.97   14.22  887.13 v u47752/Y (AND3x1_ASAP7_75t_R)
                                         n36575 (net)
                  7.97    0.00  887.13 v u47755/A (OR2x6_ASAP7_75t_R)
     2    2.42    7.63   18.65  905.78 v u47755/Y (OR2x6_ASAP7_75t_R)
                                         n36578 (net)
                  7.63    0.00  905.78 v u47756/A2 (AOI22x1_ASAP7_75t_R)
     3    2.33   21.63   13.38  919.16 ^ u47756/Y (AOI22x1_ASAP7_75t_R)
                                         n36579 (net)
                 21.63    0.00  919.16 ^ u47757/C (OR3x1_ASAP7_75t_R)
     1    0.66    6.94   14.80  933.96 ^ u47757/Y (OR3x1_ASAP7_75t_R)
                                         n36580 (net)
                  6.94    0.00  933.96 ^ u47763/A (AND4x1_ASAP7_75t_R)
     1    0.69   10.23   19.38  953.34 ^ u47763/Y (AND4x1_ASAP7_75t_R)
                                         n36586 (net)
                 10.23    0.00  953.34 ^ gain66/A (BUFx3_ASAP7_75t_R)
     3    2.73    8.87   14.67  968.01 ^ gain66/Y (BUFx3_ASAP7_75t_R)
                                         net66 (net)
                  8.87    0.00  968.01 ^ u47764/B (AND2x2_ASAP7_75t_R)
     2    1.86    9.65   16.42  984.43 ^ u47764/Y (AND2x2_ASAP7_75t_R)
                                         n36587 (net)
                  9.65    0.00  984.43 ^ u47765/C (NOR3x1_ASAP7_75t_R)
     3    1.82   17.77   13.68  998.10 v u47765/Y (NOR3x1_ASAP7_75t_R)
                                         n36588 (net)
                 17.77    0.00  998.10 v u47771/A1 (AO21x1_ASAP7_75t_R)
     3    2.07   13.61   21.83 1019.93 v u47771/Y (AO21x1_ASAP7_75t_R)
                                         n36594 (net)
                 13.61    0.00 1019.93 v u47775/A3 (AO32x1_ASAP7_75t_R)
     1    0.69    8.63   23.76 1043.70 v u47775/Y (AO32x1_ASAP7_75t_R)
                                         n36598 (net)
                  8.63    0.00 1043.70 v gain56/A (BUFx3_ASAP7_75t_R)
     3    2.15    7.03   14.14 1057.84 v gain56/Y (BUFx3_ASAP7_75t_R)
                                         net56 (net)
                  7.03    0.00 1057.84 v u47786/A (AND3x1_ASAP7_75t_R)
     1    0.57    5.48   10.53 1068.37 v u47786/Y (AND3x1_ASAP7_75t_R)
                                         n36609 (net)
                  5.48    0.00 1068.37 v u47789/A (OR2x2_ASAP7_75t_R)
     3    2.07    9.55   17.80 1086.17 v u47789/Y (OR2x2_ASAP7_75t_R)
                                         n36612 (net)
                  9.55    0.00 1086.17 v u47793/A3 (AO32x1_ASAP7_75t_R)
     1    0.69    8.63   22.79 1108.96 v u47793/Y (AO32x1_ASAP7_75t_R)
                                         n36616 (net)
                  8.63    0.00 1108.96 v gain52/A (BUFx3_ASAP7_75t_R)
     3    2.90    8.25   14.98 1123.94 v gain52/Y (BUFx3_ASAP7_75t_R)
                                         net52 (net)
                  8.25    0.00 1123.94 v u47794/B (AO21x1_ASAP7_75t_R)
     2    1.70   11.75   18.57 1142.52 v u47794/Y (AO21x1_ASAP7_75t_R)
                                         n36617 (net)
                 11.75    0.00 1142.52 v u47804/A (AND3x1_ASAP7_75t_R)
     3    1.82   11.24   15.14 1157.66 v u47804/Y (AND3x1_ASAP7_75t_R)
                                         n36627 (net)
                 11.24    0.00 1157.66 v u47810/A1 (AO21x1_ASAP7_75t_R)
     3    1.99   13.11   19.73 1177.38 v u47810/Y (AO21x1_ASAP7_75t_R)
                                         n36633 (net)
                 13.11    0.00 1177.38 v u47811/C (AND3x1_ASAP7_75t_R)
     1    0.57    5.60   13.60 1190.98 v u47811/Y (AND3x1_ASAP7_75t_R)
                                         n36634 (net)
                  5.60    0.00 1190.98 v u47814/A (OR2x2_ASAP7_75t_R)
     3    1.99    9.35   17.69 1208.68 v u47814/Y (OR2x2_ASAP7_75t_R)
                                         n36637 (net)
                  9.35    0.00 1208.68 v u47815/C (AND3x1_ASAP7_75t_R)
     1    0.57    5.48   12.49 1221.17 v u47815/Y (AND3x1_ASAP7_75t_R)
                                         n36638 (net)
                  5.48    0.00 1221.17 v u47818/A (OR2x2_ASAP7_75t_R)
     3    2.15    9.76   17.95 1239.11 v u47818/Y (OR2x2_ASAP7_75t_R)
                                         n36641 (net)
                  9.76    0.00 1239.11 v u47829/A (AND3x1_ASAP7_75t_R)
     1    0.57    5.48   11.40 1250.51 v u47829/Y (AND3x1_ASAP7_75t_R)
                                         n36652 (net)
                  5.48    0.00 1250.51 v u47832/A (OR2x2_ASAP7_75t_R)
     2    1.55    8.27   16.92 1267.43 v u47832/Y (OR2x2_ASAP7_75t_R)
                                         n36655 (net)
                  8.27    0.00 1267.43 v u47833/B2 (AO22x1_ASAP7_75t_R)
     2    1.72   12.89   21.18 1288.62 v u47833/Y (AO22x1_ASAP7_75t_R)
                                         n36656 (net)
                 12.89    0.00 1288.62 v u47834/B (AO21x1_ASAP7_75t_R)
     1    1.38   10.32   18.71 1307.33 v u47834/Y (AO21x1_ASAP7_75t_R)
                                         n36657 (net)
                 10.32    0.00 1307.33 v u47835/B (OAI21x1_ASAP7_75t_R)
     2    2.16   18.81    8.24 1315.57 ^ u47835/Y (OAI21x1_ASAP7_75t_R)
                                         n36658 (net)
                 18.81    0.00 1315.57 ^ u47836/B (NAND2x1_ASAP7_75t_R)
     2    1.01   10.60    8.31 1323.88 v u47836/Y (NAND2x1_ASAP7_75t_R)
                                         n36659 (net)
                 10.60    0.00 1323.88 v u47838/B (OA211x2_ASAP7_75t_R)
     1    0.63    9.22   25.73 1349.61 v u47838/Y (OA211x2_ASAP7_75t_R)
                                         n36661 (net)
                  9.22    0.00 1349.61 v u47839/B (AO21x1_ASAP7_75t_R)
     3    1.99   13.10   19.55 1369.16 v u47839/Y (AO21x1_ASAP7_75t_R)
                                         n36662 (net)
                 13.10    0.00 1369.16 v u47840/C (AND3x1_ASAP7_75t_R)
     1    0.57    5.59   13.59 1382.75 v u47840/Y (AND3x1_ASAP7_75t_R)
                                         n36663 (net)
                  5.59    0.00 1382.75 v u47843/A (OR2x2_ASAP7_75t_R)
     3    2.15    9.76   17.97 1400.73 v u47843/Y (OR2x2_ASAP7_75t_R)
                                         n36666 (net)
                  9.76    0.00 1400.73 v u47854/A (AND3x1_ASAP7_75t_R)
     1    0.57    5.48   11.40 1412.13 v u47854/Y (AND3x1_ASAP7_75t_R)
                                         n36677 (net)
                  5.48    0.00 1412.13 v u47857/A (OR2x2_ASAP7_75t_R)
     3    2.15    9.75   17.95 1430.07 v u47857/Y (OR2x2_ASAP7_75t_R)
                                         n36680 (net)
                  9.75    0.00 1430.07 v u47859/C1 (AO222x2_ASAP7_75t_R)
     1    0.63    9.15   27.53 1457.60 v u47859/Y (AO222x2_ASAP7_75t_R)
                                         n36682 (net)
                  9.15    0.00 1457.60 v u47860/B (OA21x2_ASAP7_75t_R)
     3    1.99    9.45   14.66 1472.26 v u47860/Y (OA21x2_ASAP7_75t_R)
                                         n36683 (net)
                  9.45    0.00 1472.26 v u47861/C (AND3x1_ASAP7_75t_R)
     1    1.11    7.97   13.98 1486.24 v u47861/Y (AND3x1_ASAP7_75t_R)
                                         n36684 (net)
                  7.97    0.00 1486.24 v u47864/A (OR2x6_ASAP7_75t_R)
     3    2.89    8.06   18.98 1505.22 v u47864/Y (OR2x6_ASAP7_75t_R)
                                         n36687 (net)
                  8.06    0.00 1505.22 v u47876/A1 (OA21x2_ASAP7_75t_R)
     3    1.91    9.27   18.46 1523.68 v u47876/Y (OA21x2_ASAP7_75t_R)
                                         n36699 (net)
                  9.27    0.00 1523.68 v u47877/B2 (AO222x2_ASAP7_75t_R)
     1    0.63    9.15   29.64 1553.32 v u47877/Y (AO222x2_ASAP7_75t_R)
                                         n36700 (net)
                  9.15    0.00 1553.32 v u47878/B (OA21x2_ASAP7_75t_R)
     3    1.99    9.45   14.66 1567.98 v u47878/Y (OA21x2_ASAP7_75t_R)
                                         n36701 (net)
                  9.45    0.00 1567.98 v u47879/C (AND3x1_ASAP7_75t_R)
     1    1.11    7.97   13.98 1581.96 v u47879/Y (AND3x1_ASAP7_75t_R)
                                         n36702 (net)
                  7.97    0.00 1581.96 v u47882/A (OR2x6_ASAP7_75t_R)
     3    2.83    8.01   18.94 1600.90 v u47882/Y (OR2x6_ASAP7_75t_R)
                                         n36705 (net)
                  8.01    0.00 1600.90 v u47896/A1 (AO32x1_ASAP7_75t_R)
     1    0.69    8.63   19.61 1620.51 v u47896/Y (AO32x1_ASAP7_75t_R)
                                         n36719 (net)
                  8.63    0.00 1620.51 v gain12/A (BUFx3_ASAP7_75t_R)
     3    2.07    6.90   14.05 1634.56 v gain12/Y (BUFx3_ASAP7_75t_R)
                                         net12 (net)
                  6.90    0.00 1634.56 v u47900/A3 (AO32x1_ASAP7_75t_R)
     1    0.69    8.63   22.16 1656.72 v u47900/Y (AO32x1_ASAP7_75t_R)
                                         n36723 (net)
                  8.63    0.00 1656.72 v gain11/A (BUFx3_ASAP7_75t_R)
     3    2.12    6.98   14.10 1670.83 v gain11/Y (BUFx3_ASAP7_75t_R)
                                         net11 (net)
                  6.98    0.00 1670.83 v u47912/A1 (OA21x2_ASAP7_75t_R)
     3    1.99    9.45   18.35 1689.18 v u47912/Y (OA21x2_ASAP7_75t_R)
                                         n36735 (net)
                  9.45    0.00 1689.18 v u47913/C (AND3x1_ASAP7_75t_R)
     1    1.11    7.97   13.98 1703.16 v u47913/Y (AND3x1_ASAP7_75t_R)
                                         n36736 (net)
                  7.97    0.00 1703.16 v u47916/A (OR2x6_ASAP7_75t_R)
     2    2.27    7.50   18.55 1721.71 v u47916/Y (OR2x6_ASAP7_75t_R)
                                         n36739 (net)
                  7.50    0.00 1721.71 v u47918/A (NAND2x1_ASAP7_75t_R)
     3    3.10   23.60   15.08 1736.79 ^ u47918/Y (NAND2x1_ASAP7_75t_R)
                                         n36741 (net)
                 23.60    0.00 1736.79 ^ u47919/C (AND3x1_ASAP7_75t_R)
     1    1.10   11.56   20.71 1757.50 ^ u47919/Y (AND3x1_ASAP7_75t_R)
                                         n36742 (net)
                 11.56    0.00 1757.50 ^ u47920/B (NOR2x1_ASAP7_75t_R)
     2    2.16   16.31   11.24 1768.74 v u47920/Y (NOR2x1_ASAP7_75t_R)
                                         n36743 (net)
                 16.31    0.00 1768.74 v u47921/B (NAND2x1_ASAP7_75t_R)
     3    3.10   23.77   16.62 1785.36 ^ u47921/Y (NAND2x1_ASAP7_75t_R)
                                         n36744 (net)
                 23.77    0.00 1785.36 ^ u47922/C (AND3x1_ASAP7_75t_R)
     1    0.57    8.53   18.79 1804.15 ^ u47922/Y (AND3x1_ASAP7_75t_R)
                                         n36745 (net)
                  8.53    0.00 1804.15 ^ u47923/B (OR2x2_ASAP7_75t_R)
     2    1.74    8.80   15.08 1819.24 ^ u47923/Y (OR2x2_ASAP7_75t_R)
                                         n36746 (net)
                  8.80    0.00 1819.24 ^ u47924/B (NOR2x1_ASAP7_75t_R)
     3    1.82   13.78    9.63 1828.87 v u47924/Y (NOR2x1_ASAP7_75t_R)
                                         n36747 (net)
                 13.78    0.00 1828.87 v u47942/A1 (AO21x1_ASAP7_75t_R)
     3    2.12   13.76   20.81 1849.67 v u47942/Y (AO21x1_ASAP7_75t_R)
                                         n36765 (net)
                 13.76    0.00 1849.67 v u47954/A1 (OA21x2_ASAP7_75t_R)
     3    1.99    9.50   19.82 1869.50 v u47954/Y (OA21x2_ASAP7_75t_R)
                                         n36777 (net)
                  9.50    0.00 1869.50 v u47955/C (AND3x1_ASAP7_75t_R)
     1    0.57    5.48   12.54 1882.04 v u47955/Y (AND3x1_ASAP7_75t_R)
                                         n36778 (net)
                  5.48    0.00 1882.04 v u47958/A (OR2x2_ASAP7_75t_R)
     3    2.07    9.55   17.80 1899.84 v u47958/Y (OR2x2_ASAP7_75t_R)
                                         n36781 (net)
                  9.55    0.00 1899.84 v u47962/A3 (AO32x1_ASAP7_75t_R)
     1    0.69    8.63   22.79 1922.63 v u47962/Y (AO32x1_ASAP7_75t_R)
                                         n36785 (net)
                  8.63    0.00 1922.63 v gain4/A (BUFx3_ASAP7_75t_R)
     3    2.25    7.19   14.25 1936.88 v gain4/Y (BUFx3_ASAP7_75t_R)
                                         net4 (net)
                  7.19    0.00 1936.88 v u48084/A1 (AO32x1_ASAP7_75t_R)
     1    0.69    8.63   19.44 1956.32 v u48084/Y (AO32x1_ASAP7_75t_R)
                                         n36907 (net)
                  8.63    0.00 1956.32 v gain3/A (BUFx3_ASAP7_75t_R)
     4    2.83    8.13   14.90 1971.22 v gain3/Y (BUFx3_ASAP7_75t_R)
                                         net3 (net)
                  8.13    0.00 1971.22 v u48621/A1 (AO21x1_ASAP7_75t_R)
     1    0.69    7.06   15.11 1986.33 v u48621/Y (AO21x1_ASAP7_75t_R)
                                         n37441 (net)
                  7.06    0.00 1986.33 v gain1/A (BUFx3_ASAP7_75t_R)
     4    2.74    7.97   14.30 2000.62 v gain1/Y (BUFx3_ASAP7_75t_R)
                                         net1 (net)
                  7.97    0.00 2000.62 v u48622/A (AND2x2_ASAP7_75t_R)
     2    1.17    6.65   15.38 2016.01 v u48622/Y (AND2x2_ASAP7_75t_R)
                                         n37442 (net)
                  6.65    0.00 2016.01 v u48623/B (AND3x1_ASAP7_75t_R)
     2    1.64   10.40   13.79 2029.80 v u48623/Y (AND3x1_ASAP7_75t_R)
                                         n37443 (net)
                 10.40    0.00 2029.80 v u48626/A (OR2x6_ASAP7_75t_R)
     4    2.76    7.96   19.63 2049.43 v u48626/Y (OR2x6_ASAP7_75t_R)
                                         n37446 (net)
                  7.96    0.00 2049.43 v u48627/B (AND2x2_ASAP7_75t_R)
     2    1.14    6.60   14.44 2063.87 v u48627/Y (AND2x2_ASAP7_75t_R)
                                         n37447 (net)
                  6.60    0.00 2063.87 v u48629/B1 (AO221x1_ASAP7_75t_R)
     2    1.35   11.91   21.58 2085.45 v u48629/Y (AO221x1_ASAP7_75t_R)
                                         n37449 (net)
                 11.91    0.00 2085.45 v u48630/B1 (AO22x1_ASAP7_75t_R)
     1    0.92    9.14   20.56 2106.01 v u48630/Y (AO22x1_ASAP7_75t_R)
                                         n37450 (net)
                  9.14    0.00 2106.01 v u48631/B (XNOR2x2_ASAP7_75t_R)
     1    0.62    6.55   20.21 2126.22 ^ u48631/Y (XNOR2x2_ASAP7_75t_R)
                                         grp_uacc_section14_cost_core_fu_2003.uacc_section14_allocator_mul_16ns_117ns_132_7_1_U17.uacc_section14_allocator_uacc_section14_allocator_mul_16ns_117ns_132_7_1_Mul_DSP_4_U.tmp_product[129]* (net)
                  6.55    0.00 2126.22 ^ u37280/D (DFFHQNx1_ASAP7_75t_R)
                               2126.22   data arrival time

                  0.00 5000.00 5000.00   clock core_clock (rise edge)
                          0.00 5000.00   clock network delay (ideal)
                          0.00 5000.00   clock reconvergence pessimism
                               5000.00 ^ u37280/CLK (DFFHQNx1_ASAP7_75t_R)
                        -15.05 4984.95   library setup time
                               4984.95   data required time
-----------------------------------------------------------------------------
                               4984.95   data required time
                               -2126.22   data arrival time
-----------------------------------------------------------------------------
                               2858.73   slack (MET)



==========================================================================
synth report_checks -unconstrained
--------------------------------------------------------------------------
Startpoint: u46693 (rising edge-triggered flip-flop clocked by core_clock)
Endpoint: u37280 (rising edge-triggered flip-flop clocked by core_clock)
Path Group: core_clock
Path Type: max

Fanout     Cap    Slew   Delay    Time   Description
-----------------------------------------------------------------------------
                  0.00    0.00    0.00   clock core_clock (rise edge)
                          0.00    0.00   clock network delay (ideal)
                  0.00    0.00    0.00 ^ u46693/CLK (DFFHQNx1_ASAP7_75t_R)
     1    0.69   12.72   30.56   30.56 v u46693/QN (DFFHQNx1_ASAP7_75t_R)
                                         grp_uacc_section14_cost_core_fu_2003.uacc_section14_allocator_mul_16ns_117ns_132_7_1_U17.uacc_section14_allocator_uacc_section14_allocator_mul_16ns_117ns_132_7_1_Mul_DSP_4_U.b_reg0[8] (net)
                 12.72    0.00   30.56 v gain2991/A (BUFx3_ASAP7_75t_R)
     1    2.60    7.86   15.93   46.49 v gain2991/Y (BUFx3_ASAP7_75t_R)
                                         net2991 (net)
                  7.86    0.00   46.49 v gain2990/A (BUFx24_ASAP7_75t_R)
    25   14.12   11.26   19.94   66.44 v gain2990/Y (BUFx24_ASAP7_75t_R)
                                         net2990 (net)
                 11.26    0.00   66.44 v u47487/A (AND2x2_ASAP7_75t_R)
     2    1.56    7.59   17.10   83.54 v u47487/Y (AND2x2_ASAP7_75t_R)
                                         n36310 (net)
                  7.59    0.00   83.54 v u47488/B (XOR2x2_ASAP7_75t_R)
     2    1.48    9.16   24.68  108.22 ^ u47488/Y (XOR2x2_ASAP7_75t_R)
                                         n36311 (net)
                  9.16    0.00  108.22 ^ u47513/B (XNOR2x2_ASAP7_75t_R)
     2    2.07   10.17   26.70  134.92 v u47513/Y (XNOR2x2_ASAP7_75t_R)
                                         n36336 (net)
                 10.17    0.00  134.92 v u47529/A (XOR2x2_ASAP7_75t_R)
     1    1.01    7.89   24.23  159.14 ^ u47529/Y (XOR2x2_ASAP7_75t_R)
                                         n36352 (net)
                  7.89    0.00  159.14 ^ u47530/B (XNOR2x2_ASAP7_75t_R)
     2    1.45    8.63   25.27  184.41 v u47530/Y (XNOR2x2_ASAP7_75t_R)
                                         n36353 (net)
                  8.63    0.00  184.41 v u47533/A (XOR2x2_ASAP7_75t_R)
     2    1.55    9.38   24.75  209.16 ^ u47533/Y (XOR2x2_ASAP7_75t_R)
                                         n36356 (net)
                  9.38    0.00  209.16 ^ u47549/B (XOR2x2_ASAP7_75t_R)
     2    1.36    8.81   25.05  234.21 ^ u47549/Y (XOR2x2_ASAP7_75t_R)
                                         n36372 (net)
                  8.81    0.00  234.21 ^ u47562/A (XOR2x2_ASAP7_75t_R)
     2    1.55    9.38   24.80  259.01 ^ u47562/Y (XOR2x2_ASAP7_75t_R)
                                         n36385 (net)
                  9.38    0.00  259.01 ^ u47591/B (XOR2x2_ASAP7_75t_R)
     2    1.53    9.30   25.36  284.37 ^ u47591/Y (XOR2x2_ASAP7_75t_R)
                                         n36414 (net)
                  9.30    0.00  284.37 ^ u47658/A (XOR2x2_ASAP7_75t_R)
     2    1.72    9.26   20.74  305.11 v u47658/Y (XOR2x2_ASAP7_75t_R)
                                         n36481 (net)
                  9.26    0.00  305.11 v u47659/B2 (AO22x2_ASAP7_75t_R)
     2    2.33   10.57   20.91  326.02 v u47659/Y (AO22x2_ASAP7_75t_R)
                                         n36482 (net)
                 10.57    0.00  326.02 v u47661/B (MAJx2_ASAP7_75t_R)
     2    1.60    9.23   22.42  348.44 v u47661/Y (MAJx2_ASAP7_75t_R)
                                         n36484 (net)
                  9.23    0.00  348.44 v u47663/B1 (AO22x2_ASAP7_75t_R)
     2    2.33   10.58   21.59  370.03 v u47663/Y (AO22x2_ASAP7_75t_R)
                                         n36486 (net)
                 10.58    0.00  370.03 v u47665/B (MAJx2_ASAP7_75t_R)
     2    2.33   11.04   23.70  393.73 v u47665/Y (MAJx2_ASAP7_75t_R)
                                         n36488 (net)
                 11.04    0.00  393.73 v u47667/B (MAJx2_ASAP7_75t_R)
     2    2.33   11.05   23.84  417.57 v u47667/Y (MAJx2_ASAP7_75t_R)
                                         n36490 (net)
                 11.05    0.00  417.57 v u47669/B (MAJx2_ASAP7_75t_R)
     2    1.43    8.81   22.26  439.84 v u47669/Y (MAJx2_ASAP7_75t_R)
                                         n36492 (net)
                  8.81    0.00  439.84 v u47672/A (XOR2x2_ASAP7_75t_R)
     2    2.02    9.98   20.96  460.80 v u47672/Y (XOR2x2_ASAP7_75t_R)
                                         n36495 (net)
                  9.98    0.00  460.80 v u47710/A (AND2x4_ASAP7_75t_R)
     2    2.33    6.47   15.54  476.34 v u47710/Y (AND2x4_ASAP7_75t_R)
                                         n36533 (net)
                  6.47    0.00  476.34 v u47717/B (MAJx2_ASAP7_75t_R)
     2    2.33   11.07   22.63  498.97 v u47717/Y (MAJx2_ASAP7_75t_R)
                                         n36540 (net)
                 11.07    0.00  498.97 v u47719/B (MAJx2_ASAP7_75t_R)
     2    1.52    9.04   22.43  521.40 v u47719/Y (MAJx2_ASAP7_75t_R)
                                         n36542 (net)
                  9.04    0.00  521.40 v u47721/B1 (AO22x2_ASAP7_75t_R)
     2    2.33   10.58   21.55  542.94 v u47721/Y (AO22x2_ASAP7_75t_R)
                                         n36544 (net)
                 10.58    0.00  542.94 v u47723/B (MAJx2_ASAP7_75t_R)
     2    1.52    9.03   22.29  565.23 v u47723/Y (MAJx2_ASAP7_75t_R)
                                         n36546 (net)
                  9.03    0.00  565.23 v u47725/B1 (AO22x2_ASAP7_75t_R)
     2    2.33   10.59   21.55  586.78 v u47725/Y (AO22x2_ASAP7_75t_R)
                                         n36548 (net)
                 10.59    0.00  586.78 v u47727/B (MAJx2_ASAP7_75t_R)
     2    1.52    9.03   22.29  609.07 v u47727/Y (MAJx2_ASAP7_75t_R)
                                         n36550 (net)
                  9.03    0.00  609.07 v u47729/B1 (AO22x2_ASAP7_75t_R)
     2    2.33   10.59   21.55  630.61 v u47729/Y (AO22x2_ASAP7_75t_R)
                                         n36552 (net)
                 10.59    0.00  630.61 v u47731/B (MAJx2_ASAP7_75t_R)
     2    1.52    9.03   22.29  652.90 v u47731/Y (MAJx2_ASAP7_75t_R)
                                         n36554 (net)
                  9.03    0.00  652.90 v u47733/B1 (AO22x2_ASAP7_75t_R)
     2    2.33   10.59   21.55  674.45 v u47733/Y (AO22x2_ASAP7_75t_R)
                                         n36556 (net)
                 10.59    0.00  674.45 v u47735/B (MAJx2_ASAP7_75t_R)
     2    1.52    9.03   22.29  696.74 v u47735/Y (MAJx2_ASAP7_75t_R)
                                         n36558 (net)
                  9.03    0.00  696.74 v u47737/B1 (AO22x2_ASAP7_75t_R)
     2    2.33   10.59   21.55  718.29 v u47737/Y (AO22x2_ASAP7_75t_R)
                                         n36560 (net)
                 10.59    0.00  718.29 v u47739/B (MAJx2_ASAP7_75t_R)
     2    1.52    9.03   22.29  740.57 v u47739/Y (MAJx2_ASAP7_75t_R)
                                         n36562 (net)
                  9.03    0.00  740.57 v u47741/B1 (AO22x2_ASAP7_75t_R)
     2    2.33   10.59   21.55  762.12 v u47741/Y (AO22x2_ASAP7_75t_R)
                                         n36564 (net)
                 10.59    0.00  762.12 v u47743/B (MAJx2_ASAP7_75t_R)
     2    1.52    9.03   22.29  784.41 v u47743/Y (MAJx2_ASAP7_75t_R)
                                         n36566 (net)
                  9.03    0.00  784.41 v u47745/B1 (AO22x2_ASAP7_75t_R)
     2    2.33   10.59   21.55  805.96 v u47745/Y (AO22x2_ASAP7_75t_R)
                                         n36568 (net)
                 10.59    0.00  805.96 v u47747/B (MAJx2_ASAP7_75t_R)
     2    1.52    9.03   22.29  828.25 v u47747/Y (MAJx2_ASAP7_75t_R)
                                         n36570 (net)
                  9.03    0.00  828.25 v u47749/B1 (AO22x2_ASAP7_75t_R)
     2    2.33   10.59   21.55  849.79 v u47749/Y (AO22x2_ASAP7_75t_R)
                                         n36572 (net)
                 10.59    0.00  849.79 v u47751/B (MAJx2_ASAP7_75t_R)
     3    1.99   10.20   23.11  872.90 v u47751/Y (MAJx2_ASAP7_75t_R)
                                         n36574 (net)
                 10.20    0.00  872.90 v u47752/C (AND3x1_ASAP7_75t_R)
     1    1.11    7.97   14.22  887.13 v u47752/Y (AND3x1_ASAP7_75t_R)
                                         n36575 (net)
                  7.97    0.00  887.13 v u47755/A (OR2x6_ASAP7_75t_R)
     2    2.42    7.63   18.65  905.78 v u47755/Y (OR2x6_ASAP7_75t_R)
                                         n36578 (net)
                  7.63    0.00  905.78 v u47756/A2 (AOI22x1_ASAP7_75t_R)
     3    2.33   21.63   13.38  919.16 ^ u47756/Y (AOI22x1_ASAP7_75t_R)
                                         n36579 (net)
                 21.63    0.00  919.16 ^ u47757/C (OR3x1_ASAP7_75t_R)
     1    0.66    6.94   14.80  933.96 ^ u47757/Y (OR3x1_ASAP7_75t_R)
                                         n36580 (net)
                  6.94    0.00  933.96 ^ u47763/A (AND4x1_ASAP7_75t_R)
     1    0.69   10.23   19.38  953.34 ^ u47763/Y (AND4x1_ASAP7_75t_R)
                                         n36586 (net)
                 10.23    0.00  953.34 ^ gain66/A (BUFx3_ASAP7_75t_R)
     3    2.73    8.87   14.67  968.01 ^ gain66/Y (BUFx3_ASAP7_75t_R)
                                         net66 (net)
                  8.87    0.00  968.01 ^ u47764/B (AND2x2_ASAP7_75t_R)
     2    1.86    9.65   16.42  984.43 ^ u47764/Y (AND2x2_ASAP7_75t_R)
                                         n36587 (net)
                  9.65    0.00  984.43 ^ u47765/C (NOR3x1_ASAP7_75t_R)
     3    1.82   17.77   13.68  998.10 v u47765/Y (NOR3x1_ASAP7_75t_R)
                                         n36588 (net)
                 17.77    0.00  998.10 v u47771/A1 (AO21x1_ASAP7_75t_R)
     3    2.07   13.61   21.83 1019.93 v u47771/Y (AO21x1_ASAP7_75t_R)
                                         n36594 (net)
                 13.61    0.00 1019.93 v u47775/A3 (AO32x1_ASAP7_75t_R)
     1    0.69    8.63   23.76 1043.70 v u47775/Y (AO32x1_ASAP7_75t_R)
                                         n36598 (net)
                  8.63    0.00 1043.70 v gain56/A (BUFx3_ASAP7_75t_R)
     3    2.15    7.03   14.14 1057.84 v gain56/Y (BUFx3_ASAP7_75t_R)
                                         net56 (net)
                  7.03    0.00 1057.84 v u47786/A (AND3x1_ASAP7_75t_R)
     1    0.57    5.48   10.53 1068.37 v u47786/Y (AND3x1_ASAP7_75t_R)
                                         n36609 (net)
                  5.48    0.00 1068.37 v u47789/A (OR2x2_ASAP7_75t_R)
     3    2.07    9.55   17.80 1086.17 v u47789/Y (OR2x2_ASAP7_75t_R)
                                         n36612 (net)
                  9.55    0.00 1086.17 v u47793/A3 (AO32x1_ASAP7_75t_R)
     1    0.69    8.63   22.79 1108.96 v u47793/Y (AO32x1_ASAP7_75t_R)
                                         n36616 (net)
                  8.63    0.00 1108.96 v gain52/A (BUFx3_ASAP7_75t_R)
     3    2.90    8.25   14.98 1123.94 v gain52/Y (BUFx3_ASAP7_75t_R)
                                         net52 (net)
                  8.25    0.00 1123.94 v u47794/B (AO21x1_ASAP7_75t_R)
     2    1.70   11.75   18.57 1142.52 v u47794/Y (AO21x1_ASAP7_75t_R)
                                         n36617 (net)
                 11.75    0.00 1142.52 v u47804/A (AND3x1_ASAP7_75t_R)
     3    1.82   11.24   15.14 1157.66 v u47804/Y (AND3x1_ASAP7_75t_R)
                                         n36627 (net)
                 11.24    0.00 1157.66 v u47810/A1 (AO21x1_ASAP7_75t_R)
     3    1.99   13.11   19.73 1177.38 v u47810/Y (AO21x1_ASAP7_75t_R)
                                         n36633 (net)
                 13.11    0.00 1177.38 v u47811/C (AND3x1_ASAP7_75t_R)
     1    0.57    5.60   13.60 1190.98 v u47811/Y (AND3x1_ASAP7_75t_R)
                                         n36634 (net)
                  5.60    0.00 1190.98 v u47814/A (OR2x2_ASAP7_75t_R)
     3    1.99    9.35   17.69 1208.68 v u47814/Y (OR2x2_ASAP7_75t_R)
                                         n36637 (net)
                  9.35    0.00 1208.68 v u47815/C (AND3x1_ASAP7_75t_R)
     1    0.57    5.48   12.49 1221.17 v u47815/Y (AND3x1_ASAP7_75t_R)
                                         n36638 (net)
                  5.48    0.00 1221.17 v u47818/A (OR2x2_ASAP7_75t_R)
     3    2.15    9.76   17.95 1239.11 v u47818/Y (OR2x2_ASAP7_75t_R)
                                         n36641 (net)
                  9.76    0.00 1239.11 v u47829/A (AND3x1_ASAP7_75t_R)
     1    0.57    5.48   11.40 1250.51 v u47829/Y (AND3x1_ASAP7_75t_R)
                                         n36652 (net)
                  5.48    0.00 1250.51 v u47832/A (OR2x2_ASAP7_75t_R)
     2    1.55    8.27   16.92 1267.43 v u47832/Y (OR2x2_ASAP7_75t_R)
                                         n36655 (net)
                  8.27    0.00 1267.43 v u47833/B2 (AO22x1_ASAP7_75t_R)
     2    1.72   12.89   21.18 1288.62 v u47833/Y (AO22x1_ASAP7_75t_R)
                                         n36656 (net)
                 12.89    0.00 1288.62 v u47834/B (AO21x1_ASAP7_75t_R)
     1    1.38   10.32   18.71 1307.33 v u47834/Y (AO21x1_ASAP7_75t_R)
                                         n36657 (net)
                 10.32    0.00 1307.33 v u47835/B (OAI21x1_ASAP7_75t_R)
     2    2.16   18.81    8.24 1315.57 ^ u47835/Y (OAI21x1_ASAP7_75t_R)
                                         n36658 (net)
                 18.81    0.00 1315.57 ^ u47836/B (NAND2x1_ASAP7_75t_R)
     2    1.01   10.60    8.31 1323.88 v u47836/Y (NAND2x1_ASAP7_75t_R)
                                         n36659 (net)
                 10.60    0.00 1323.88 v u47838/B (OA211x2_ASAP7_75t_R)
     1    0.63    9.22   25.73 1349.61 v u47838/Y (OA211x2_ASAP7_75t_R)
                                         n36661 (net)
                  9.22    0.00 1349.61 v u47839/B (AO21x1_ASAP7_75t_R)
     3    1.99   13.10   19.55 1369.16 v u47839/Y (AO21x1_ASAP7_75t_R)
                                         n36662 (net)
                 13.10    0.00 1369.16 v u47840/C (AND3x1_ASAP7_75t_R)
     1    0.57    5.59   13.59 1382.75 v u47840/Y (AND3x1_ASAP7_75t_R)
                                         n36663 (net)
                  5.59    0.00 1382.75 v u47843/A (OR2x2_ASAP7_75t_R)
     3    2.15    9.76   17.97 1400.73 v u47843/Y (OR2x2_ASAP7_75t_R)
                                         n36666 (net)
                  9.76    0.00 1400.73 v u47854/A (AND3x1_ASAP7_75t_R)
     1    0.57    5.48   11.40 1412.13 v u47854/Y (AND3x1_ASAP7_75t_R)
                                         n36677 (net)
                  5.48    0.00 1412.13 v u47857/A (OR2x2_ASAP7_75t_R)
     3    2.15    9.75   17.95 1430.07 v u47857/Y (OR2x2_ASAP7_75t_R)
                                         n36680 (net)
                  9.75    0.00 1430.07 v u47859/C1 (AO222x2_ASAP7_75t_R)
     1    0.63    9.15   27.53 1457.60 v u47859/Y (AO222x2_ASAP7_75t_R)
                                         n36682 (net)
                  9.15    0.00 1457.60 v u47860/B (OA21x2_ASAP7_75t_R)
     3    1.99    9.45   14.66 1472.26 v u47860/Y (OA21x2_ASAP7_75t_R)
                                         n36683 (net)
                  9.45    0.00 1472.26 v u47861/C (AND3x1_ASAP7_75t_R)
     1    1.11    7.97   13.98 1486.24 v u47861/Y (AND3x1_ASAP7_75t_R)
                                         n36684 (net)
                  7.97    0.00 1486.24 v u47864/A (OR2x6_ASAP7_75t_R)
     3    2.89    8.06   18.98 1505.22 v u47864/Y (OR2x6_ASAP7_75t_R)
                                         n36687 (net)
                  8.06    0.00 1505.22 v u47876/A1 (OA21x2_ASAP7_75t_R)
     3    1.91    9.27   18.46 1523.68 v u47876/Y (OA21x2_ASAP7_75t_R)
                                         n36699 (net)
                  9.27    0.00 1523.68 v u47877/B2 (AO222x2_ASAP7_75t_R)
     1    0.63    9.15   29.64 1553.32 v u47877/Y (AO222x2_ASAP7_75t_R)
                                         n36700 (net)
                  9.15    0.00 1553.32 v u47878/B (OA21x2_ASAP7_75t_R)
     3    1.99    9.45   14.66 1567.98 v u47878/Y (OA21x2_ASAP7_75t_R)
                                         n36701 (net)
                  9.45    0.00 1567.98 v u47879/C (AND3x1_ASAP7_75t_R)
     1    1.11    7.97   13.98 1581.96 v u47879/Y (AND3x1_ASAP7_75t_R)
                                         n36702 (net)
                  7.97    0.00 1581.96 v u47882/A (OR2x6_ASAP7_75t_R)
     3    2.83    8.01   18.94 1600.90 v u47882/Y (OR2x6_ASAP7_75t_R)
                                         n36705 (net)
                  8.01    0.00 1600.90 v u47896/A1 (AO32x1_ASAP7_75t_R)
     1    0.69    8.63   19.61 1620.51 v u47896/Y (AO32x1_ASAP7_75t_R)
                                         n36719 (net)
                  8.63    0.00 1620.51 v gain12/A (BUFx3_ASAP7_75t_R)
     3    2.07    6.90   14.05 1634.56 v gain12/Y (BUFx3_ASAP7_75t_R)
                                         net12 (net)
                  6.90    0.00 1634.56 v u47900/A3 (AO32x1_ASAP7_75t_R)
     1    0.69    8.63   22.16 1656.72 v u47900/Y (AO32x1_ASAP7_75t_R)
                                         n36723 (net)
                  8.63    0.00 1656.72 v gain11/A (BUFx3_ASAP7_75t_R)
     3    2.12    6.98   14.10 1670.83 v gain11/Y (BUFx3_ASAP7_75t_R)
                                         net11 (net)
                  6.98    0.00 1670.83 v u47912/A1 (OA21x2_ASAP7_75t_R)
     3    1.99    9.45   18.35 1689.18 v u47912/Y (OA21x2_ASAP7_75t_R)
                                         n36735 (net)
                  9.45    0.00 1689.18 v u47913/C (AND3x1_ASAP7_75t_R)
     1    1.11    7.97   13.98 1703.16 v u47913/Y (AND3x1_ASAP7_75t_R)
                                         n36736 (net)
                  7.97    0.00 1703.16 v u47916/A (OR2x6_ASAP7_75t_R)
     2    2.27    7.50   18.55 1721.71 v u47916/Y (OR2x6_ASAP7_75t_R)
                                         n36739 (net)
                  7.50    0.00 1721.71 v u47918/A (NAND2x1_ASAP7_75t_R)
     3    3.10   23.60   15.08 1736.79 ^ u47918/Y (NAND2x1_ASAP7_75t_R)
                                         n36741 (net)
                 23.60    0.00 1736.79 ^ u47919/C (AND3x1_ASAP7_75t_R)
     1    1.10   11.56   20.71 1757.50 ^ u47919/Y (AND3x1_ASAP7_75t_R)
                                         n36742 (net)
                 11.56    0.00 1757.50 ^ u47920/B (NOR2x1_ASAP7_75t_R)
     2    2.16   16.31   11.24 1768.74 v u47920/Y (NOR2x1_ASAP7_75t_R)
                                         n36743 (net)
                 16.31    0.00 1768.74 v u47921/B (NAND2x1_ASAP7_75t_R)
     3    3.10   23.77   16.62 1785.36 ^ u47921/Y (NAND2x1_ASAP7_75t_R)
                                         n36744 (net)
                 23.77    0.00 1785.36 ^ u47922/C (AND3x1_ASAP7_75t_R)
     1    0.57    8.53   18.79 1804.15 ^ u47922/Y (AND3x1_ASAP7_75t_R)
                                         n36745 (net)
                  8.53    0.00 1804.15 ^ u47923/B (OR2x2_ASAP7_75t_R)
     2    1.74    8.80   15.08 1819.24 ^ u47923/Y (OR2x2_ASAP7_75t_R)
                                         n36746 (net)
                  8.80    0.00 1819.24 ^ u47924/B (NOR2x1_ASAP7_75t_R)
     3    1.82   13.78    9.63 1828.87 v u47924/Y (NOR2x1_ASAP7_75t_R)
                                         n36747 (net)
                 13.78    0.00 1828.87 v u47942/A1 (AO21x1_ASAP7_75t_R)
     3    2.12   13.76   20.81 1849.67 v u47942/Y (AO21x1_ASAP7_75t_R)
                                         n36765 (net)
                 13.76    0.00 1849.67 v u47954/A1 (OA21x2_ASAP7_75t_R)
     3    1.99    9.50   19.82 1869.50 v u47954/Y (OA21x2_ASAP7_75t_R)
                                         n36777 (net)
                  9.50    0.00 1869.50 v u47955/C (AND3x1_ASAP7_75t_R)
     1    0.57    5.48   12.54 1882.04 v u47955/Y (AND3x1_ASAP7_75t_R)
                                         n36778 (net)
                  5.48    0.00 1882.04 v u47958/A (OR2x2_ASAP7_75t_R)
     3    2.07    9.55   17.80 1899.84 v u47958/Y (OR2x2_ASAP7_75t_R)
                                         n36781 (net)
                  9.55    0.00 1899.84 v u47962/A3 (AO32x1_ASAP7_75t_R)
     1    0.69    8.63   22.79 1922.63 v u47962/Y (AO32x1_ASAP7_75t_R)
                                         n36785 (net)
                  8.63    0.00 1922.63 v gain4/A (BUFx3_ASAP7_75t_R)
     3    2.25    7.19   14.25 1936.88 v gain4/Y (BUFx3_ASAP7_75t_R)
                                         net4 (net)
                  7.19    0.00 1936.88 v u48084/A1 (AO32x1_ASAP7_75t_R)
     1    0.69    8.63   19.44 1956.32 v u48084/Y (AO32x1_ASAP7_75t_R)
                                         n36907 (net)
                  8.63    0.00 1956.32 v gain3/A (BUFx3_ASAP7_75t_R)
     4    2.83    8.13   14.90 1971.22 v gain3/Y (BUFx3_ASAP7_75t_R)
                                         net3 (net)
                  8.13    0.00 1971.22 v u48621/A1 (AO21x1_ASAP7_75t_R)
     1    0.69    7.06   15.11 1986.33 v u48621/Y (AO21x1_ASAP7_75t_R)
                                         n37441 (net)
                  7.06    0.00 1986.33 v gain1/A (BUFx3_ASAP7_75t_R)
     4    2.74    7.97   14.30 2000.62 v gain1/Y (BUFx3_ASAP7_75t_R)
                                         net1 (net)
                  7.97    0.00 2000.62 v u48622/A (AND2x2_ASAP7_75t_R)
     2    1.17    6.65   15.38 2016.01 v u48622/Y (AND2x2_ASAP7_75t_R)
                                         n37442 (net)
                  6.65    0.00 2016.01 v u48623/B (AND3x1_ASAP7_75t_R)
     2    1.64   10.40   13.79 2029.80 v u48623/Y (AND3x1_ASAP7_75t_R)
                                         n37443 (net)
                 10.40    0.00 2029.80 v u48626/A (OR2x6_ASAP7_75t_R)
     4    2.76    7.96   19.63 2049.43 v u48626/Y (OR2x6_ASAP7_75t_R)
                                         n37446 (net)
                  7.96    0.00 2049.43 v u48627/B (AND2x2_ASAP7_75t_R)
     2    1.14    6.60   14.44 2063.87 v u48627/Y (AND2x2_ASAP7_75t_R)
                                         n37447 (net)
                  6.60    0.00 2063.87 v u48629/B1 (AO221x1_ASAP7_75t_R)
     2    1.35   11.91   21.58 2085.45 v u48629/Y (AO221x1_ASAP7_75t_R)
                                         n37449 (net)
                 11.91    0.00 2085.45 v u48630/B1 (AO22x1_ASAP7_75t_R)
     1    0.92    9.14   20.56 2106.01 v u48630/Y (AO22x1_ASAP7_75t_R)
                                         n37450 (net)
                  9.14    0.00 2106.01 v u48631/B (XNOR2x2_ASAP7_75t_R)
     1    0.62    6.55   20.21 2126.22 ^ u48631/Y (XNOR2x2_ASAP7_75t_R)
                                         grp_uacc_section14_cost_core_fu_2003.uacc_section14_allocator_mul_16ns_117ns_132_7_1_U17.uacc_section14_allocator_uacc_section14_allocator_mul_16ns_117ns_132_7_1_Mul_DSP_4_U.tmp_product[129]* (net)
                  6.55    0.00 2126.22 ^ u37280/D (DFFHQNx1_ASAP7_75t_R)
                               2126.22   data arrival time

                  0.00 5000.00 5000.00   clock core_clock (rise edge)
                          0.00 5000.00   clock network delay (ideal)
                          0.00 5000.00   clock reconvergence pessimism
                               5000.00 ^ u37280/CLK (DFFHQNx1_ASAP7_75t_R)
                        -15.05 4984.95   library setup time
                               4984.95   data required time
-----------------------------------------------------------------------------
                               4984.95   data required time
                               -2126.22   data arrival time
-----------------------------------------------------------------------------
                               2858.73   slack (MET)



==========================================================================
synth report_power
--------------------------------------------------------------------------
Group                  Internal  Switching    Leakage      Total
                          Power      Power      Power      Power (Watts)
----------------------------------------------------------------
Sequential             9.21e-03   2.11e-04   2.29e-06   9.43e-03  10.3%
Combinational          5.54e-02   2.70e-02   1.30e-05   8.24e-02  89.7%
Clock                  0.00e+00   0.00e+00   0.00e+00   0.00e+00   0.0%
Macro                  0.00e+00   0.00e+00   0.00e+00   0.00e+00   0.0%
Pad                    0.00e+00   0.00e+00   0.00e+00   0.00e+00   0.0%
----------------------------------------------------------------
Total                  6.46e-02   2.72e-02   1.53e-05   9.18e-02 100.0%
                          70.3%      29.6%       0.0%
