
==========================================================================
detailed place report_tns
--------------------------------------------------------------------------
tns max 0.00

==========================================================================
detailed place report_wns
--------------------------------------------------------------------------
wns max 0.00

==========================================================================
detailed place report_worst_slack
--------------------------------------------------------------------------
worst slack max 2705.78

==========================================================================
detailed place report_clock_min_period
--------------------------------------------------------------------------
core_clock period_min = 2294.22 fmax = 435.88

==========================================================================
detailed place report_checks -path_delay min
--------------------------------------------------------------------------
Startpoint: u19392 (rising edge-triggered flip-flop clocked by core_clock)
Endpoint: u15049 (rising edge-triggered flip-flop clocked by core_clock)
Path Group: core_clock
Path Type: min

Fanout     Cap    Slew   Delay    Time   Description
-----------------------------------------------------------------------------
                  0.00    0.00    0.00   clock core_clock (rise edge)
                          0.00    0.00   clock network delay (ideal)
                  0.00    0.00    0.00 ^ u19392/CLK (DFFHQNx1_ASAP7_75t_R)
     2    1.13   15.26   32.73   32.73 v u19392/QN (DFFHQNx1_ASAP7_75t_R)
                                         candidate_queue_cost_q_load_20_reg_5349[4] (net)
                 15.26    0.03   32.76 v u15049/D (DFFHQNx1_ASAP7_75t_R)
                                 32.76   data arrival time

                  0.00    0.00    0.00   clock core_clock (rise edge)
                          0.00    0.00   clock network delay (ideal)
                          0.00    0.00   clock reconvergence pessimism
                                  0.00 ^ u15049/CLK (DFFHQNx1_ASAP7_75t_R)
                          7.82    7.82   library hold time
                                  7.82   data required time
-----------------------------------------------------------------------------
                                  7.82   data required time
                                -32.76   data arrival time
-----------------------------------------------------------------------------
                                 24.95   slack (MET)



==========================================================================
detailed place report_checks -path_delay max
--------------------------------------------------------------------------
Startpoint: u46635 (rising edge-triggered flip-flop clocked by core_clock)
Endpoint: u37280 (rising edge-triggered flip-flop clocked by core_clock)
Path Group: core_clock
Path Type: max

Fanout     Cap    Slew   Delay    Time   Description
-----------------------------------------------------------------------------
                  0.00    0.00    0.00   clock core_clock (rise edge)
                          0.00    0.00   clock network delay (ideal)
                  0.00    0.00    0.00 ^ u46635/CLK (DFFHQNx1_ASAP7_75t_R)
    22   25.07  140.37   92.08   92.08 v u46635/QN (DFFHQNx1_ASAP7_75t_R)
                                         grp_uacc_section14_cost_core_fu_2003.uacc_section14_allocator_mul_16ns_117ns_132_7_1_U17.uacc_section14_allocator_uacc_section14_allocator_mul_16ns_117ns_132_7_1_Mul_DSP_4_U.b_reg0[9] (net)
                140.59    3.31   95.39 v u47486/A (AND2x2_ASAP7_75t_R)
     2    1.59   11.44   40.96  136.35 v u47486/Y (AND2x2_ASAP7_75t_R)
                                         n36309 (net)
                 11.44    0.05  136.40 v u47488/A (XOR2x2_ASAP7_75t_R)
     2    1.79   10.01   25.94  162.34 ^ u47488/Y (XOR2x2_ASAP7_75t_R)
                                         n36311 (net)
                 10.02    0.11  162.45 ^ u47513/B (XNOR2x2_ASAP7_75t_R)
     2    2.19   10.54   27.08  189.53 v u47513/Y (XNOR2x2_ASAP7_75t_R)
                                         n36336 (net)
                 10.54    0.07  189.60 v u47529/A (XOR2x2_ASAP7_75t_R)
     1    1.10    7.99   24.48  214.08 ^ u47529/Y (XOR2x2_ASAP7_75t_R)
                                         n36352 (net)
                  7.99    0.05  214.12 ^ u47530/B (XNOR2x2_ASAP7_75t_R)
     2    1.64    9.06   25.61  239.74 v u47530/Y (XNOR2x2_ASAP7_75t_R)
                                         n36353 (net)
                  9.06    0.05  239.79 v u47533/A (XOR2x2_ASAP7_75t_R)
     2    1.69    9.71   25.11  264.90 ^ u47533/Y (XOR2x2_ASAP7_75t_R)
                                         n36356 (net)
                  9.72    0.06  264.96 ^ u47549/B (XOR2x2_ASAP7_75t_R)
     2    1.58    9.35   25.53  290.49 ^ u47549/Y (XOR2x2_ASAP7_75t_R)
                                         n36372 (net)
                  9.35    0.09  290.58 ^ u47562/A (XOR2x2_ASAP7_75t_R)
     2    1.75    9.93   25.31  315.89 ^ u47562/Y (XOR2x2_ASAP7_75t_R)
                                         n36385 (net)
                  9.93    0.07  315.96 ^ u47591/B (XOR2x2_ASAP7_75t_R)
     2    1.70    9.71   25.81  341.78 ^ u47591/Y (XOR2x2_ASAP7_75t_R)
                                         n36414 (net)
                  9.71    0.07  341.85 ^ u47658/A (XOR2x2_ASAP7_75t_R)
     2    1.80    9.47   20.95  362.80 v u47658/Y (XOR2x2_ASAP7_75t_R)
                                         n36481 (net)
                  9.47    0.04  362.84 v u47659/B2 (AO22x2_ASAP7_75t_R)
     2    2.69   11.59   21.49  384.33 v u47659/Y (AO22x2_ASAP7_75t_R)
                                         n36482 (net)
                 11.60    0.17  384.50 v u47661/B (MAJx2_ASAP7_75t_R)
     2    1.95   10.24   23.29  407.79 v u47661/Y (MAJx2_ASAP7_75t_R)
                                         n36484 (net)
                 10.25    0.12  407.91 v u47663/B1 (AO22x2_ASAP7_75t_R)
     2    2.83   11.94   22.65  430.56 v u47663/Y (AO22x2_ASAP7_75t_R)
                                         n36486 (net)
                 11.96    0.25  430.81 v u47665/B (MAJx2_ASAP7_75t_R)
     2    2.59   11.86   24.50  455.31 v u47665/Y (MAJx2_ASAP7_75t_R)
                                         n36488 (net)
                 11.87    0.15  455.46 v u47667/B (MAJx2_ASAP7_75t_R)
     2    2.52   11.67   24.38  479.84 v u47667/Y (MAJx2_ASAP7_75t_R)
                                         n36490 (net)
                 11.67    0.11  479.95 v u47669/B (MAJx2_ASAP7_75t_R)
     2    1.76    9.71   22.98  502.93 v u47669/Y (MAJx2_ASAP7_75t_R)
                                         n36492 (net)
                  9.71    0.12  503.05 v u47672/A (XOR2x2_ASAP7_75t_R)
     2    2.20   10.53   21.51  524.56 v u47672/Y (XOR2x2_ASAP7_75t_R)
                                         n36495 (net)
                 10.54    0.09  524.66 v u47710/A (AND2x4_ASAP7_75t_R)
     2    2.65    6.86   15.92  540.57 v u47710/Y (AND2x4_ASAP7_75t_R)
                                         n36533 (net)
                  6.88    0.18  540.75 v u47717/B (MAJx2_ASAP7_75t_R)
     2    2.89   12.66   23.60  564.35 v u47717/Y (MAJx2_ASAP7_75t_R)
                                         n36540 (net)
                 12.68    0.28  564.63 v u47719/B (MAJx2_ASAP7_75t_R)
     2    1.72    9.57   23.23  587.86 v u47719/Y (MAJx2_ASAP7_75t_R)
                                         n36542 (net)
                  9.57    0.08  587.94 v u47721/B1 (AO22x2_ASAP7_75t_R)
     2    3.20   13.13   22.94  610.88 v u47721/Y (AO22x2_ASAP7_75t_R)
                                         n36544 (net)
                 13.19    0.47  611.36 v u47723/B (MAJx2_ASAP7_75t_R)
     2    1.78    9.74   23.47  634.83 v u47723/Y (MAJx2_ASAP7_75t_R)
                                         n36546 (net)
                  9.75    0.10  634.92 v u47725/B1 (AO22x2_ASAP7_75t_R)
     2    2.51   11.15   22.01  656.93 v u47725/Y (AO22x2_ASAP7_75t_R)
                                         n36548 (net)
                 11.15    0.10  657.04 v u47727/B (MAJx2_ASAP7_75t_R)
     2    2.42   11.55   23.89  680.92 v u47727/Y (MAJx2_ASAP7_75t_R)
                                         n36550 (net)
                 11.58    0.33  681.25 v u47729/B1 (AO22x2_ASAP7_75t_R)
     2    2.87   12.08   23.14  704.39 v u47729/Y (AO22x2_ASAP7_75t_R)
                                         n36552 (net)
                 12.10    0.25  704.64 v u47731/B (MAJx2_ASAP7_75t_R)
     2    2.10   10.68   23.67  728.31 v u47731/Y (MAJx2_ASAP7_75t_R)
                                         n36554 (net)
                 10.69    0.20  728.51 v u47733/B1 (AO22x2_ASAP7_75t_R)
     2    2.57   11.31   22.39  750.90 v u47733/Y (AO22x2_ASAP7_75t_R)
                                         n36556 (net)
                 11.32    0.14  751.04 v u47735/B (MAJx2_ASAP7_75t_R)
     2    2.42   11.56   23.93  774.97 v u47735/Y (MAJx2_ASAP7_75t_R)
                                         n36558 (net)
                 11.59    0.35  775.32 v u47737/B1 (AO22x2_ASAP7_75t_R)
     2    2.86   12.06   23.12  798.45 v u47737/Y (AO22x2_ASAP7_75t_R)
                                         n36560 (net)
                 12.08    0.26  798.71 v u47739/B (MAJx2_ASAP7_75t_R)
     2    1.92   10.18   23.37  822.08 v u47739/Y (MAJx2_ASAP7_75t_R)
                                         n36562 (net)
                 10.19    0.15  822.23 v u47741/B1 (AO22x2_ASAP7_75t_R)
     2    2.73   11.70   22.47  844.70 v u47741/Y (AO22x2_ASAP7_75t_R)
                                         n36564 (net)
                 11.71    0.22  844.92 v u47743/B (MAJx2_ASAP7_75t_R)
     2    2.20   10.95   23.72  868.64 v u47743/Y (MAJx2_ASAP7_75t_R)
                                         n36566 (net)
                 10.97    0.25  868.89 v u47745/B1 (AO22x2_ASAP7_75t_R)
     2    2.77   11.81   22.80  891.68 v u47745/Y (AO22x2_ASAP7_75t_R)
                                         n36568 (net)
                 11.82    0.22  891.90 v u47747/B (MAJx2_ASAP7_75t_R)
     2    2.19   10.92   23.72  915.62 v u47747/Y (MAJx2_ASAP7_75t_R)
                                         n36570 (net)
                 10.94    0.26  915.88 v u47749/B1 (AO22x2_ASAP7_75t_R)
     2    2.75   11.74   22.75  938.62 v u47749/Y (AO22x2_ASAP7_75t_R)
                                         n36572 (net)
                 11.75    0.21  938.83 v u47751/B (MAJx2_ASAP7_75t_R)
     3    2.67   12.15   24.52  963.36 v u47751/Y (MAJx2_ASAP7_75t_R)
                                         n36574 (net)
                 12.17    0.30  963.66 v u47752/C (AND3x1_ASAP7_75t_R)
     1    1.26    8.81   15.17  978.83 v u47752/Y (AND3x1_ASAP7_75t_R)
                                         n36575 (net)
                  8.81    0.06  978.89 v u47755/A (OR2x6_ASAP7_75t_R)
     2    2.92    8.03   19.20  998.09 v u47755/Y (OR2x6_ASAP7_75t_R)
                                         n36578 (net)
                  8.07    0.26  998.36 v u47756/A2 (AOI22x1_ASAP7_75t_R)
     3    2.83   24.34   14.74 1013.10 ^ u47756/Y (AOI22x1_ASAP7_75t_R)
                                         n36579 (net)
                 24.35    0.20 1013.30 ^ u47757/C (OR3x1_ASAP7_75t_R)
     1    0.83    7.82   15.71 1029.01 ^ u47757/Y (OR3x1_ASAP7_75t_R)
                                         n36580 (net)
                  7.82    0.04 1029.05 ^ u47763/A (AND4x1_ASAP7_75t_R)
     3    3.40   26.59   28.78 1057.83 ^ u47763/Y (AND4x1_ASAP7_75t_R)
                                         n36586 (net)
                 26.61    0.35 1058.18 ^ u47764/B (AND2x2_ASAP7_75t_R)
     2    2.09   10.75   20.93 1079.10 ^ u47764/Y (AND2x2_ASAP7_75t_R)
                                         n36587 (net)
                 10.75    0.12 1079.22 ^ u47765/C (NOR3x1_ASAP7_75t_R)
     3    2.31   19.91   15.21 1094.43 v u47765/Y (NOR3x1_ASAP7_75t_R)
                                         n36588 (net)
                 19.91    0.15 1094.58 v u47771/A1 (AO21x1_ASAP7_75t_R)
     3    3.16   19.61   25.05 1119.62 v u47771/Y (AO21x1_ASAP7_75t_R)
                                         n36594 (net)
                 19.66    0.52 1120.14 v u47775/A3 (AO32x1_ASAP7_75t_R)
     3    3.18   20.90   32.47 1152.60 v u47775/Y (AO32x1_ASAP7_75t_R)
                                         n36598 (net)
                 20.93    0.46 1153.07 v u47786/A (AND3x1_ASAP7_75t_R)
     1    0.69    6.18   14.33 1167.40 v u47786/Y (AND3x1_ASAP7_75t_R)
                                         n36609 (net)
                  6.18    0.03 1167.43 v u47789/A (OR2x2_ASAP7_75t_R)
     3    3.81   14.75   20.29 1187.72 v u47789/Y (OR2x2_ASAP7_75t_R)
                                         n36612 (net)
                 14.94    0.93 1188.65 v u47793/A3 (AO32x1_ASAP7_75t_R)
     3    3.60   23.02   32.41 1221.05 v u47793/Y (AO32x1_ASAP7_75t_R)
                                         n36616 (net)
                 23.02    0.38 1221.43 v u47794/B (AO21x1_ASAP7_75t_R)
     2    2.04   13.98   22.42 1243.85 v u47794/Y (AO21x1_ASAP7_75t_R)
                                         n36617 (net)
                 13.98    0.14 1243.99 v u47804/A (AND3x1_ASAP7_75t_R)
     3    2.24   13.71   16.67 1260.66 v u47804/Y (AND3x1_ASAP7_75t_R)
                                         n36627 (net)
                 13.71    0.13 1260.79 v u47810/A1 (AO21x1_ASAP7_75t_R)
     3    2.30   15.05   21.22 1282.01 v u47810/Y (AO21x1_ASAP7_75t_R)
                                         n36633 (net)
                 15.05    0.12 1282.13 v u47811/C (AND3x1_ASAP7_75t_R)
     1    0.74    6.33   14.59 1296.71 v u47811/Y (AND3x1_ASAP7_75t_R)
                                         n36634 (net)
                  6.33    0.04 1296.75 v u47814/A (OR2x2_ASAP7_75t_R)
     3    2.29   10.24   18.34 1315.09 v u47814/Y (OR2x2_ASAP7_75t_R)
                                         n36637 (net)
                 10.24    0.09 1315.17 v u47815/C (AND3x1_ASAP7_75t_R)
     1    0.77    6.34   13.29 1328.46 v u47815/Y (AND3x1_ASAP7_75t_R)
                                         n36638 (net)
                  6.34    0.04 1328.50 v u47818/A (OR2x2_ASAP7_75t_R)
     3    2.59   11.02   18.80 1347.31 v u47818/Y (OR2x2_ASAP7_75t_R)
                                         n36641 (net)
                 11.03    0.21 1347.52 v u47829/A (AND3x1_ASAP7_75t_R)
     1    0.67    5.88   11.99 1359.51 v u47829/Y (AND3x1_ASAP7_75t_R)
                                         n36652 (net)
                  5.88    0.03 1359.54 v u47832/A (OR2x2_ASAP7_75t_R)
     2    1.93    9.34   17.61 1377.14 v u47832/Y (OR2x2_ASAP7_75t_R)
                                         n36655 (net)
                  9.35    0.14 1377.29 v u47833/B2 (AO22x1_ASAP7_75t_R)
     2    2.99   19.61   24.72 1402.01 v u47833/Y (AO22x1_ASAP7_75t_R)
                                         n36656 (net)
                 19.67    0.58 1402.59 v u47834/B (AO21x1_ASAP7_75t_R)
     1    1.47   11.12   20.37 1422.96 v u47834/Y (AO21x1_ASAP7_75t_R)
                                         n36657 (net)
                 11.12    0.06 1423.02 v u47835/B (OAI21x1_ASAP7_75t_R)
     2    2.93   25.94    9.50 1432.51 ^ u47835/Y (OAI21x1_ASAP7_75t_R)
                                         n36658 (net)
                 25.96    0.39 1432.90 ^ u47836/B (NAND2x1_ASAP7_75t_R)
     2    1.12   12.11    9.44 1442.34 v u47836/Y (NAND2x1_ASAP7_75t_R)
                                         n36659 (net)
                 12.11    0.03 1442.38 v u47838/B (OA211x2_ASAP7_75t_R)
     1    0.76    9.37   26.44 1468.82 v u47838/Y (OA211x2_ASAP7_75t_R)
                                         n36661 (net)
                  9.37    0.03 1468.86 v u47839/B (AO21x1_ASAP7_75t_R)
     3    2.41   15.58   20.60 1489.46 v u47839/Y (AO21x1_ASAP7_75t_R)
                                         n36662 (net)
                 15.58    0.16 1489.62 v u47840/C (AND3x1_ASAP7_75t_R)
     1    0.83    6.79   14.98 1504.60 v u47840/Y (AND3x1_ASAP7_75t_R)
                                         n36663 (net)
                  6.79    0.05 1504.65 v u47843/A (OR2x2_ASAP7_75t_R)
     3    3.48   13.73   20.06 1524.71 v u47843/Y (OR2x2_ASAP7_75t_R)
                                         n36666 (net)
                 13.85    0.70 1525.42 v u47854/A (AND3x1_ASAP7_75t_R)
     1    0.87    6.82   13.17 1538.59 v u47854/Y (AND3x1_ASAP7_75t_R)
                                         n36677 (net)
                  6.83    0.06 1538.64 v u47857/A (OR2x2_ASAP7_75t_R)
     3    3.22   12.88   19.78 1558.42 v u47857/Y (OR2x2_ASAP7_75t_R)
                                         n36680 (net)
                 12.96    0.54 1558.96 v u47859/C1 (AO222x2_ASAP7_75t_R)
     1    0.72    9.22   28.53 1587.49 v u47859/Y (AO222x2_ASAP7_75t_R)
                                         n36682 (net)
                  9.22    0.03 1587.52 v u47860/B (OA21x2_ASAP7_75t_R)
     3    3.65   14.36   16.66 1604.18 v u47860/Y (OA21x2_ASAP7_75t_R)
                                         n36683 (net)
                 14.52    0.85 1605.03 v u47861/C (AND3x1_ASAP7_75t_R)
     1    1.18    8.46   15.64 1620.67 v u47861/Y (AND3x1_ASAP7_75t_R)
                                         n36684 (net)
                  8.46    0.04 1620.71 v u47864/A (OR2x6_ASAP7_75t_R)
     3    3.74    9.06   19.57 1640.28 v u47864/Y (OR2x6_ASAP7_75t_R)
                                         n36687 (net)
                  9.17    0.53 1640.81 v u47876/A1 (OA21x2_ASAP7_75t_R)
     3    2.77   11.67   20.00 1660.81 v u47876/Y (OA21x2_ASAP7_75t_R)
                                         n36699 (net)
                 11.71    0.36 1661.17 v u47877/B2 (AO222x2_ASAP7_75t_R)
     1    0.77    9.34   30.50 1691.67 v u47877/Y (AO222x2_ASAP7_75t_R)
                                         n36700 (net)
                  9.34    0.04 1691.71 v u47878/B (OA21x2_ASAP7_75t_R)
     3    3.09   12.63   16.12 1707.84 v u47878/Y (OA21x2_ASAP7_75t_R)
                                         n36701 (net)
                 12.70    0.53 1708.36 v u47879/C (AND3x1_ASAP7_75t_R)
     1    1.31    9.06   15.44 1723.80 v u47879/Y (AND3x1_ASAP7_75t_R)
                                         n36702 (net)
                  9.06    0.08 1723.88 v u47882/A (OR2x6_ASAP7_75t_R)
     3    3.38    8.55   19.57 1743.45 v u47882/Y (OR2x6_ASAP7_75t_R)
                                         n36705 (net)
                  8.59    0.31 1743.76 v u47896/A1 (AO32x1_ASAP7_75t_R)
     3    2.69   18.42   25.59 1769.35 v u47896/Y (AO32x1_ASAP7_75t_R)
                                         n36719 (net)
                 18.44    0.28 1769.64 v u47900/A3 (AO32x1_ASAP7_75t_R)
     3    2.98   19.84   31.69 1801.33 v u47900/Y (AO32x1_ASAP7_75t_R)
                                         n36723 (net)
                 19.87    0.41 1801.73 v u47912/A1 (OA21x2_ASAP7_75t_R)
     3    2.78   11.79   22.36 1824.09 v u47912/Y (OA21x2_ASAP7_75t_R)
                                         n36735 (net)
                 11.83    0.37 1824.46 v u47913/C (AND3x1_ASAP7_75t_R)
     1    1.28    8.88   15.11 1839.57 v u47913/Y (AND3x1_ASAP7_75t_R)
                                         n36736 (net)
                  8.89    0.07 1839.64 v u47916/A (OR2x6_ASAP7_75t_R)
     2    2.71    7.82   19.08 1858.71 v u47916/Y (OR2x6_ASAP7_75t_R)
                                         n36739 (net)
                  7.85    0.23 1858.94 v u47918/A (NAND2x1_ASAP7_75t_R)
     3    3.32   25.02   15.71 1874.65 ^ u47918/Y (NAND2x1_ASAP7_75t_R)
                                         n36741 (net)
                 25.02    0.14 1874.79 ^ u47919/C (AND3x1_ASAP7_75t_R)
     1    1.27   12.45   21.41 1896.20 ^ u47919/Y (AND3x1_ASAP7_75t_R)
                                         n36742 (net)
                 12.45    0.07 1896.27 ^ u47920/B (NOR2x1_ASAP7_75t_R)
     2    2.46   17.89   12.18 1908.44 v u47920/Y (NOR2x1_ASAP7_75t_R)
                                         n36743 (net)
                 17.89    0.16 1908.60 v u47921/B (NAND2x1_ASAP7_75t_R)
     3    3.34   25.39   17.76 1926.36 ^ u47921/Y (NAND2x1_ASAP7_75t_R)
                                         n36744 (net)
                 25.39    0.10 1926.46 ^ u47922/C (AND3x1_ASAP7_75t_R)
     1    0.74    9.30   19.53 1945.98 ^ u47922/Y (AND3x1_ASAP7_75t_R)
                                         n36745 (net)
                  9.30    0.04 1946.02 ^ u47923/B (OR2x2_ASAP7_75t_R)
     2    1.97    9.51   15.66 1961.68 ^ u47923/Y (OR2x2_ASAP7_75t_R)
                                         n36746 (net)
                  9.52    0.10 1961.78 ^ u47924/B (NOR2x1_ASAP7_75t_R)
     3    2.05   14.90   10.39 1972.17 v u47924/Y (NOR2x1_ASAP7_75t_R)
                                         n36747 (net)
                 14.91    0.08 1972.26 v u47942/A1 (AO21x1_ASAP7_75t_R)
     3    2.57   16.45   22.24 1994.50 v u47942/Y (AO21x1_ASAP7_75t_R)
                                         n36765 (net)
                 16.45    0.18 1994.68 v u47954/A1 (OA21x2_ASAP7_75t_R)
     3    2.56   11.13   21.28 2015.96 v u47954/Y (OA21x2_ASAP7_75t_R)
                                         n36777 (net)
                 11.15    0.26 2016.22 v u47955/C (AND3x1_ASAP7_75t_R)
     1    0.63    5.70   13.19 2029.41 v u47955/Y (AND3x1_ASAP7_75t_R)
                                         n36778 (net)
                  5.70    0.02 2029.43 v u47958/A (OR2x2_ASAP7_75t_R)
     3    2.77   11.50   18.91 2048.34 v u47958/Y (OR2x2_ASAP7_75t_R)
                                         n36781 (net)
                 11.53    0.31 2048.66 v u47962/A3 (AO32x1_ASAP7_75t_R)
     3    2.72   18.51   29.38 2078.03 v u47962/Y (AO32x1_ASAP7_75t_R)
                                         n36785 (net)
                 18.52    0.21 2078.24 v u48084/A1 (AO32x1_ASAP7_75t_R)
     4    4.14   25.90   31.38 2109.63 v u48084/Y (AO32x1_ASAP7_75t_R)
                                         n36907 (net)
                 25.92    0.48 2110.11 v u48621/A1 (AO21x1_ASAP7_75t_R)
     4    3.43   20.95   27.13 2137.24 v u48621/Y (AO21x1_ASAP7_75t_R)
                                         n37441 (net)
                 20.95    0.08 2137.32 v u48622/A (AND2x2_ASAP7_75t_R)
     2    1.71    8.17   20.45 2157.77 v u48622/Y (AND2x2_ASAP7_75t_R)
                                         n37442 (net)
                  8.18    0.15 2157.92 v u48623/B (AND3x1_ASAP7_75t_R)
     2    2.58   15.47   16.46 2174.38 v u48623/Y (AND3x1_ASAP7_75t_R)
                                         n37443 (net)
                 15.48    0.27 2174.65 v u48626/A (OR2x6_ASAP7_75t_R)
     4    3.47    8.51   21.68 2196.34 v u48626/Y (OR2x6_ASAP7_75t_R)
                                         n37446 (net)
                  8.52    0.15 2196.48 v u48627/B (AND2x2_ASAP7_75t_R)
     2    1.86    8.38   15.69 2212.17 v u48627/Y (AND2x2_ASAP7_75t_R)
                                         n37447 (net)
                  8.40    0.16 2212.34 v u48629/B1 (AO221x1_ASAP7_75t_R)
     2    1.94   15.13   23.73 2236.07 v u48629/Y (AO221x1_ASAP7_75t_R)
                                         n37449 (net)
                 15.14    0.19 2236.26 v u48630/B1 (AO22x1_ASAP7_75t_R)
     1    1.11   10.02   22.18 2258.44 v u48630/Y (AO22x1_ASAP7_75t_R)
                                         n37450 (net)
                 10.02    0.06 2258.50 v u48631/B (XNOR2x2_ASAP7_75t_R)
     1    0.72    6.71   20.62 2279.12 ^ u48631/Y (XNOR2x2_ASAP7_75t_R)
                                         grp_uacc_section14_cost_core_fu_2003.uacc_section14_allocator_mul_16ns_117ns_132_7_1_U17.uacc_section14_allocator_uacc_section14_allocator_mul_16ns_117ns_132_7_1_Mul_DSP_4_U.tmp_product[129]* (net)
                  6.71    0.03 2279.15 ^ u37280/D (DFFHQNx1_ASAP7_75t_R)
                               2279.15   data arrival time

                  0.00 5000.00 5000.00   clock core_clock (rise edge)
                          0.00 5000.00   clock network delay (ideal)
                          0.00 5000.00   clock reconvergence pessimism
                               5000.00 ^ u37280/CLK (DFFHQNx1_ASAP7_75t_R)
                        -15.07 4984.93   library setup time
                               4984.93   data required time
-----------------------------------------------------------------------------
                               4984.93   data required time
                               -2279.15   data arrival time
-----------------------------------------------------------------------------
                               2705.78   slack (MET)



==========================================================================
detailed place report_checks -unconstrained
--------------------------------------------------------------------------
Startpoint: u46635 (rising edge-triggered flip-flop clocked by core_clock)
Endpoint: u37280 (rising edge-triggered flip-flop clocked by core_clock)
Path Group: core_clock
Path Type: max

Fanout     Cap    Slew   Delay    Time   Description
-----------------------------------------------------------------------------
                  0.00    0.00    0.00   clock core_clock (rise edge)
                          0.00    0.00   clock network delay (ideal)
                  0.00    0.00    0.00 ^ u46635/CLK (DFFHQNx1_ASAP7_75t_R)
    22   25.07  140.37   92.08   92.08 v u46635/QN (DFFHQNx1_ASAP7_75t_R)
                                         grp_uacc_section14_cost_core_fu_2003.uacc_section14_allocator_mul_16ns_117ns_132_7_1_U17.uacc_section14_allocator_uacc_section14_allocator_mul_16ns_117ns_132_7_1_Mul_DSP_4_U.b_reg0[9] (net)
                140.59    3.31   95.39 v u47486/A (AND2x2_ASAP7_75t_R)
     2    1.59   11.44   40.96  136.35 v u47486/Y (AND2x2_ASAP7_75t_R)
                                         n36309 (net)
                 11.44    0.05  136.40 v u47488/A (XOR2x2_ASAP7_75t_R)
     2    1.79   10.01   25.94  162.34 ^ u47488/Y (XOR2x2_ASAP7_75t_R)
                                         n36311 (net)
                 10.02    0.11  162.45 ^ u47513/B (XNOR2x2_ASAP7_75t_R)
     2    2.19   10.54   27.08  189.53 v u47513/Y (XNOR2x2_ASAP7_75t_R)
                                         n36336 (net)
                 10.54    0.07  189.60 v u47529/A (XOR2x2_ASAP7_75t_R)
     1    1.10    7.99   24.48  214.08 ^ u47529/Y (XOR2x2_ASAP7_75t_R)
                                         n36352 (net)
                  7.99    0.05  214.12 ^ u47530/B (XNOR2x2_ASAP7_75t_R)
     2    1.64    9.06   25.61  239.74 v u47530/Y (XNOR2x2_ASAP7_75t_R)
                                         n36353 (net)
                  9.06    0.05  239.79 v u47533/A (XOR2x2_ASAP7_75t_R)
     2    1.69    9.71   25.11  264.90 ^ u47533/Y (XOR2x2_ASAP7_75t_R)
                                         n36356 (net)
                  9.72    0.06  264.96 ^ u47549/B (XOR2x2_ASAP7_75t_R)
     2    1.58    9.35   25.53  290.49 ^ u47549/Y (XOR2x2_ASAP7_75t_R)
                                         n36372 (net)
                  9.35    0.09  290.58 ^ u47562/A (XOR2x2_ASAP7_75t_R)
     2    1.75    9.93   25.31  315.89 ^ u47562/Y (XOR2x2_ASAP7_75t_R)
                                         n36385 (net)
                  9.93    0.07  315.96 ^ u47591/B (XOR2x2_ASAP7_75t_R)
     2    1.70    9.71   25.81  341.78 ^ u47591/Y (XOR2x2_ASAP7_75t_R)
                                         n36414 (net)
                  9.71    0.07  341.85 ^ u47658/A (XOR2x2_ASAP7_75t_R)
     2    1.80    9.47   20.95  362.80 v u47658/Y (XOR2x2_ASAP7_75t_R)
                                         n36481 (net)
                  9.47    0.04  362.84 v u47659/B2 (AO22x2_ASAP7_75t_R)
     2    2.69   11.59   21.49  384.33 v u47659/Y (AO22x2_ASAP7_75t_R)
                                         n36482 (net)
                 11.60    0.17  384.50 v u47661/B (MAJx2_ASAP7_75t_R)
     2    1.95   10.24   23.29  407.79 v u47661/Y (MAJx2_ASAP7_75t_R)
                                         n36484 (net)
                 10.25    0.12  407.91 v u47663/B1 (AO22x2_ASAP7_75t_R)
     2    2.83   11.94   22.65  430.56 v u47663/Y (AO22x2_ASAP7_75t_R)
                                         n36486 (net)
                 11.96    0.25  430.81 v u47665/B (MAJx2_ASAP7_75t_R)
     2    2.59   11.86   24.50  455.31 v u47665/Y (MAJx2_ASAP7_75t_R)
                                         n36488 (net)
                 11.87    0.15  455.46 v u47667/B (MAJx2_ASAP7_75t_R)
     2    2.52   11.67   24.38  479.84 v u47667/Y (MAJx2_ASAP7_75t_R)
                                         n36490 (net)
                 11.67    0.11  479.95 v u47669/B (MAJx2_ASAP7_75t_R)
     2    1.76    9.71   22.98  502.93 v u47669/Y (MAJx2_ASAP7_75t_R)
                                         n36492 (net)
                  9.71    0.12  503.05 v u47672/A (XOR2x2_ASAP7_75t_R)
     2    2.20   10.53   21.51  524.56 v u47672/Y (XOR2x2_ASAP7_75t_R)
                                         n36495 (net)
                 10.54    0.09  524.66 v u47710/A (AND2x4_ASAP7_75t_R)
     2    2.65    6.86   15.92  540.57 v u47710/Y (AND2x4_ASAP7_75t_R)
                                         n36533 (net)
                  6.88    0.18  540.75 v u47717/B (MAJx2_ASAP7_75t_R)
     2    2.89   12.66   23.60  564.35 v u47717/Y (MAJx2_ASAP7_75t_R)
                                         n36540 (net)
                 12.68    0.28  564.63 v u47719/B (MAJx2_ASAP7_75t_R)
     2    1.72    9.57   23.23  587.86 v u47719/Y (MAJx2_ASAP7_75t_R)
                                         n36542 (net)
                  9.57    0.08  587.94 v u47721/B1 (AO22x2_ASAP7_75t_R)
     2    3.20   13.13   22.94  610.88 v u47721/Y (AO22x2_ASAP7_75t_R)
                                         n36544 (net)
                 13.19    0.47  611.36 v u47723/B (MAJx2_ASAP7_75t_R)
     2    1.78    9.74   23.47  634.83 v u47723/Y (MAJx2_ASAP7_75t_R)
                                         n36546 (net)
                  9.75    0.10  634.92 v u47725/B1 (AO22x2_ASAP7_75t_R)
     2    2.51   11.15   22.01  656.93 v u47725/Y (AO22x2_ASAP7_75t_R)
                                         n36548 (net)
                 11.15    0.10  657.04 v u47727/B (MAJx2_ASAP7_75t_R)
     2    2.42   11.55   23.89  680.92 v u47727/Y (MAJx2_ASAP7_75t_R)
                                         n36550 (net)
                 11.58    0.33  681.25 v u47729/B1 (AO22x2_ASAP7_75t_R)
     2    2.87   12.08   23.14  704.39 v u47729/Y (AO22x2_ASAP7_75t_R)
                                         n36552 (net)
                 12.10    0.25  704.64 v u47731/B (MAJx2_ASAP7_75t_R)
     2    2.10   10.68   23.67  728.31 v u47731/Y (MAJx2_ASAP7_75t_R)
                                         n36554 (net)
                 10.69    0.20  728.51 v u47733/B1 (AO22x2_ASAP7_75t_R)
     2    2.57   11.31   22.39  750.90 v u47733/Y (AO22x2_ASAP7_75t_R)
                                         n36556 (net)
                 11.32    0.14  751.04 v u47735/B (MAJx2_ASAP7_75t_R)
     2    2.42   11.56   23.93  774.97 v u47735/Y (MAJx2_ASAP7_75t_R)
                                         n36558 (net)
                 11.59    0.35  775.32 v u47737/B1 (AO22x2_ASAP7_75t_R)
     2    2.86   12.06   23.12  798.45 v u47737/Y (AO22x2_ASAP7_75t_R)
                                         n36560 (net)
                 12.08    0.26  798.71 v u47739/B (MAJx2_ASAP7_75t_R)
     2    1.92   10.18   23.37  822.08 v u47739/Y (MAJx2_ASAP7_75t_R)
                                         n36562 (net)
                 10.19    0.15  822.23 v u47741/B1 (AO22x2_ASAP7_75t_R)
     2    2.73   11.70   22.47  844.70 v u47741/Y (AO22x2_ASAP7_75t_R)
                                         n36564 (net)
                 11.71    0.22  844.92 v u47743/B (MAJx2_ASAP7_75t_R)
     2    2.20   10.95   23.72  868.64 v u47743/Y (MAJx2_ASAP7_75t_R)
                                         n36566 (net)
                 10.97    0.25  868.89 v u47745/B1 (AO22x2_ASAP7_75t_R)
     2    2.77   11.81   22.80  891.68 v u47745/Y (AO22x2_ASAP7_75t_R)
                                         n36568 (net)
                 11.82    0.22  891.90 v u47747/B (MAJx2_ASAP7_75t_R)
     2    2.19   10.92   23.72  915.62 v u47747/Y (MAJx2_ASAP7_75t_R)
                                         n36570 (net)
                 10.94    0.26  915.88 v u47749/B1 (AO22x2_ASAP7_75t_R)
     2    2.75   11.74   22.75  938.62 v u47749/Y (AO22x2_ASAP7_75t_R)
                                         n36572 (net)
                 11.75    0.21  938.83 v u47751/B (MAJx2_ASAP7_75t_R)
     3    2.67   12.15   24.52  963.36 v u47751/Y (MAJx2_ASAP7_75t_R)
                                         n36574 (net)
                 12.17    0.30  963.66 v u47752/C (AND3x1_ASAP7_75t_R)
     1    1.26    8.81   15.17  978.83 v u47752/Y (AND3x1_ASAP7_75t_R)
                                         n36575 (net)
                  8.81    0.06  978.89 v u47755/A (OR2x6_ASAP7_75t_R)
     2    2.92    8.03   19.20  998.09 v u47755/Y (OR2x6_ASAP7_75t_R)
                                         n36578 (net)
                  8.07    0.26  998.36 v u47756/A2 (AOI22x1_ASAP7_75t_R)
     3    2.83   24.34   14.74 1013.10 ^ u47756/Y (AOI22x1_ASAP7_75t_R)
                                         n36579 (net)
                 24.35    0.20 1013.30 ^ u47757/C (OR3x1_ASAP7_75t_R)
     1    0.83    7.82   15.71 1029.01 ^ u47757/Y (OR3x1_ASAP7_75t_R)
                                         n36580 (net)
                  7.82    0.04 1029.05 ^ u47763/A (AND4x1_ASAP7_75t_R)
     3    3.40   26.59   28.78 1057.83 ^ u47763/Y (AND4x1_ASAP7_75t_R)
                                         n36586 (net)
                 26.61    0.35 1058.18 ^ u47764/B (AND2x2_ASAP7_75t_R)
     2    2.09   10.75   20.93 1079.10 ^ u47764/Y (AND2x2_ASAP7_75t_R)
                                         n36587 (net)
                 10.75    0.12 1079.22 ^ u47765/C (NOR3x1_ASAP7_75t_R)
     3    2.31   19.91   15.21 1094.43 v u47765/Y (NOR3x1_ASAP7_75t_R)
                                         n36588 (net)
                 19.91    0.15 1094.58 v u47771/A1 (AO21x1_ASAP7_75t_R)
     3    3.16   19.61   25.05 1119.62 v u47771/Y (AO21x1_ASAP7_75t_R)
                                         n36594 (net)
                 19.66    0.52 1120.14 v u47775/A3 (AO32x1_ASAP7_75t_R)
     3    3.18   20.90   32.47 1152.60 v u47775/Y (AO32x1_ASAP7_75t_R)
                                         n36598 (net)
                 20.93    0.46 1153.07 v u47786/A (AND3x1_ASAP7_75t_R)
     1    0.69    6.18   14.33 1167.40 v u47786/Y (AND3x1_ASAP7_75t_R)
                                         n36609 (net)
                  6.18    0.03 1167.43 v u47789/A (OR2x2_ASAP7_75t_R)
     3    3.81   14.75   20.29 1187.72 v u47789/Y (OR2x2_ASAP7_75t_R)
                                         n36612 (net)
                 14.94    0.93 1188.65 v u47793/A3 (AO32x1_ASAP7_75t_R)
     3    3.60   23.02   32.41 1221.05 v u47793/Y (AO32x1_ASAP7_75t_R)
                                         n36616 (net)
                 23.02    0.38 1221.43 v u47794/B (AO21x1_ASAP7_75t_R)
     2    2.04   13.98   22.42 1243.85 v u47794/Y (AO21x1_ASAP7_75t_R)
                                         n36617 (net)
                 13.98    0.14 1243.99 v u47804/A (AND3x1_ASAP7_75t_R)
     3    2.24   13.71   16.67 1260.66 v u47804/Y (AND3x1_ASAP7_75t_R)
                                         n36627 (net)
                 13.71    0.13 1260.79 v u47810/A1 (AO21x1_ASAP7_75t_R)
     3    2.30   15.05   21.22 1282.01 v u47810/Y (AO21x1_ASAP7_75t_R)
                                         n36633 (net)
                 15.05    0.12 1282.13 v u47811/C (AND3x1_ASAP7_75t_R)
     1    0.74    6.33   14.59 1296.71 v u47811/Y (AND3x1_ASAP7_75t_R)
                                         n36634 (net)
                  6.33    0.04 1296.75 v u47814/A (OR2x2_ASAP7_75t_R)
     3    2.29   10.24   18.34 1315.09 v u47814/Y (OR2x2_ASAP7_75t_R)
                                         n36637 (net)
                 10.24    0.09 1315.17 v u47815/C (AND3x1_ASAP7_75t_R)
     1    0.77    6.34   13.29 1328.46 v u47815/Y (AND3x1_ASAP7_75t_R)
                                         n36638 (net)
                  6.34    0.04 1328.50 v u47818/A (OR2x2_ASAP7_75t_R)
     3    2.59   11.02   18.80 1347.31 v u47818/Y (OR2x2_ASAP7_75t_R)
                                         n36641 (net)
                 11.03    0.21 1347.52 v u47829/A (AND3x1_ASAP7_75t_R)
     1    0.67    5.88   11.99 1359.51 v u47829/Y (AND3x1_ASAP7_75t_R)
                                         n36652 (net)
                  5.88    0.03 1359.54 v u47832/A (OR2x2_ASAP7_75t_R)
     2    1.93    9.34   17.61 1377.14 v u47832/Y (OR2x2_ASAP7_75t_R)
                                         n36655 (net)
                  9.35    0.14 1377.29 v u47833/B2 (AO22x1_ASAP7_75t_R)
     2    2.99   19.61   24.72 1402.01 v u47833/Y (AO22x1_ASAP7_75t_R)
                                         n36656 (net)
                 19.67    0.58 1402.59 v u47834/B (AO21x1_ASAP7_75t_R)
     1    1.47   11.12   20.37 1422.96 v u47834/Y (AO21x1_ASAP7_75t_R)
                                         n36657 (net)
                 11.12    0.06 1423.02 v u47835/B (OAI21x1_ASAP7_75t_R)
     2    2.93   25.94    9.50 1432.51 ^ u47835/Y (OAI21x1_ASAP7_75t_R)
                                         n36658 (net)
                 25.96    0.39 1432.90 ^ u47836/B (NAND2x1_ASAP7_75t_R)
     2    1.12   12.11    9.44 1442.34 v u47836/Y (NAND2x1_ASAP7_75t_R)
                                         n36659 (net)
                 12.11    0.03 1442.38 v u47838/B (OA211x2_ASAP7_75t_R)
     1    0.76    9.37   26.44 1468.82 v u47838/Y (OA211x2_ASAP7_75t_R)
                                         n36661 (net)
                  9.37    0.03 1468.86 v u47839/B (AO21x1_ASAP7_75t_R)
     3    2.41   15.58   20.60 1489.46 v u47839/Y (AO21x1_ASAP7_75t_R)
                                         n36662 (net)
                 15.58    0.16 1489.62 v u47840/C (AND3x1_ASAP7_75t_R)
     1    0.83    6.79   14.98 1504.60 v u47840/Y (AND3x1_ASAP7_75t_R)
                                         n36663 (net)
                  6.79    0.05 1504.65 v u47843/A (OR2x2_ASAP7_75t_R)
     3    3.48   13.73   20.06 1524.71 v u47843/Y (OR2x2_ASAP7_75t_R)
                                         n36666 (net)
                 13.85    0.70 1525.42 v u47854/A (AND3x1_ASAP7_75t_R)
     1    0.87    6.82   13.17 1538.59 v u47854/Y (AND3x1_ASAP7_75t_R)
                                         n36677 (net)
                  6.83    0.06 1538.64 v u47857/A (OR2x2_ASAP7_75t_R)
     3    3.22   12.88   19.78 1558.42 v u47857/Y (OR2x2_ASAP7_75t_R)
                                         n36680 (net)
                 12.96    0.54 1558.96 v u47859/C1 (AO222x2_ASAP7_75t_R)
     1    0.72    9.22   28.53 1587.49 v u47859/Y (AO222x2_ASAP7_75t_R)
                                         n36682 (net)
                  9.22    0.03 1587.52 v u47860/B (OA21x2_ASAP7_75t_R)
     3    3.65   14.36   16.66 1604.18 v u47860/Y (OA21x2_ASAP7_75t_R)
                                         n36683 (net)
                 14.52    0.85 1605.03 v u47861/C (AND3x1_ASAP7_75t_R)
     1    1.18    8.46   15.64 1620.67 v u47861/Y (AND3x1_ASAP7_75t_R)
                                         n36684 (net)
                  8.46    0.04 1620.71 v u47864/A (OR2x6_ASAP7_75t_R)
     3    3.74    9.06   19.57 1640.28 v u47864/Y (OR2x6_ASAP7_75t_R)
                                         n36687 (net)
                  9.17    0.53 1640.81 v u47876/A1 (OA21x2_ASAP7_75t_R)
     3    2.77   11.67   20.00 1660.81 v u47876/Y (OA21x2_ASAP7_75t_R)
                                         n36699 (net)
                 11.71    0.36 1661.17 v u47877/B2 (AO222x2_ASAP7_75t_R)
     1    0.77    9.34   30.50 1691.67 v u47877/Y (AO222x2_ASAP7_75t_R)
                                         n36700 (net)
                  9.34    0.04 1691.71 v u47878/B (OA21x2_ASAP7_75t_R)
     3    3.09   12.63   16.12 1707.84 v u47878/Y (OA21x2_ASAP7_75t_R)
                                         n36701 (net)
                 12.70    0.53 1708.36 v u47879/C (AND3x1_ASAP7_75t_R)
     1    1.31    9.06   15.44 1723.80 v u47879/Y (AND3x1_ASAP7_75t_R)
                                         n36702 (net)
                  9.06    0.08 1723.88 v u47882/A (OR2x6_ASAP7_75t_R)
     3    3.38    8.55   19.57 1743.45 v u47882/Y (OR2x6_ASAP7_75t_R)
                                         n36705 (net)
                  8.59    0.31 1743.76 v u47896/A1 (AO32x1_ASAP7_75t_R)
     3    2.69   18.42   25.59 1769.35 v u47896/Y (AO32x1_ASAP7_75t_R)
                                         n36719 (net)
                 18.44    0.28 1769.64 v u47900/A3 (AO32x1_ASAP7_75t_R)
     3    2.98   19.84   31.69 1801.33 v u47900/Y (AO32x1_ASAP7_75t_R)
                                         n36723 (net)
                 19.87    0.41 1801.73 v u47912/A1 (OA21x2_ASAP7_75t_R)
     3    2.78   11.79   22.36 1824.09 v u47912/Y (OA21x2_ASAP7_75t_R)
                                         n36735 (net)
                 11.83    0.37 1824.46 v u47913/C (AND3x1_ASAP7_75t_R)
     1    1.28    8.88   15.11 1839.57 v u47913/Y (AND3x1_ASAP7_75t_R)
                                         n36736 (net)
                  8.89    0.07 1839.64 v u47916/A (OR2x6_ASAP7_75t_R)
     2    2.71    7.82   19.08 1858.71 v u47916/Y (OR2x6_ASAP7_75t_R)
                                         n36739 (net)
                  7.85    0.23 1858.94 v u47918/A (NAND2x1_ASAP7_75t_R)
     3    3.32   25.02   15.71 1874.65 ^ u47918/Y (NAND2x1_ASAP7_75t_R)
                                         n36741 (net)
                 25.02    0.14 1874.79 ^ u47919/C (AND3x1_ASAP7_75t_R)
     1    1.27   12.45   21.41 1896.20 ^ u47919/Y (AND3x1_ASAP7_75t_R)
                                         n36742 (net)
                 12.45    0.07 1896.27 ^ u47920/B (NOR2x1_ASAP7_75t_R)
     2    2.46   17.89   12.18 1908.44 v u47920/Y (NOR2x1_ASAP7_75t_R)
                                         n36743 (net)
                 17.89    0.16 1908.60 v u47921/B (NAND2x1_ASAP7_75t_R)
     3    3.34   25.39   17.76 1926.36 ^ u47921/Y (NAND2x1_ASAP7_75t_R)
                                         n36744 (net)
                 25.39    0.10 1926.46 ^ u47922/C (AND3x1_ASAP7_75t_R)
     1    0.74    9.30   19.53 1945.98 ^ u47922/Y (AND3x1_ASAP7_75t_R)
                                         n36745 (net)
                  9.30    0.04 1946.02 ^ u47923/B (OR2x2_ASAP7_75t_R)
     2    1.97    9.51   15.66 1961.68 ^ u47923/Y (OR2x2_ASAP7_75t_R)
                                         n36746 (net)
                  9.52    0.10 1961.78 ^ u47924/B (NOR2x1_ASAP7_75t_R)
     3    2.05   14.90   10.39 1972.17 v u47924/Y (NOR2x1_ASAP7_75t_R)
                                         n36747 (net)
                 14.91    0.08 1972.26 v u47942/A1 (AO21x1_ASAP7_75t_R)
     3    2.57   16.45   22.24 1994.50 v u47942/Y (AO21x1_ASAP7_75t_R)
                                         n36765 (net)
                 16.45    0.18 1994.68 v u47954/A1 (OA21x2_ASAP7_75t_R)
     3    2.56   11.13   21.28 2015.96 v u47954/Y (OA21x2_ASAP7_75t_R)
                                         n36777 (net)
                 11.15    0.26 2016.22 v u47955/C (AND3x1_ASAP7_75t_R)
     1    0.63    5.70   13.19 2029.41 v u47955/Y (AND3x1_ASAP7_75t_R)
                                         n36778 (net)
                  5.70    0.02 2029.43 v u47958/A (OR2x2_ASAP7_75t_R)
     3    2.77   11.50   18.91 2048.34 v u47958/Y (OR2x2_ASAP7_75t_R)
                                         n36781 (net)
                 11.53    0.31 2048.66 v u47962/A3 (AO32x1_ASAP7_75t_R)
     3    2.72   18.51   29.38 2078.03 v u47962/Y (AO32x1_ASAP7_75t_R)
                                         n36785 (net)
                 18.52    0.21 2078.24 v u48084/A1 (AO32x1_ASAP7_75t_R)
     4    4.14   25.90   31.38 2109.63 v u48084/Y (AO32x1_ASAP7_75t_R)
                                         n36907 (net)
                 25.92    0.48 2110.11 v u48621/A1 (AO21x1_ASAP7_75t_R)
     4    3.43   20.95   27.13 2137.24 v u48621/Y (AO21x1_ASAP7_75t_R)
                                         n37441 (net)
                 20.95    0.08 2137.32 v u48622/A (AND2x2_ASAP7_75t_R)
     2    1.71    8.17   20.45 2157.77 v u48622/Y (AND2x2_ASAP7_75t_R)
                                         n37442 (net)
                  8.18    0.15 2157.92 v u48623/B (AND3x1_ASAP7_75t_R)
     2    2.58   15.47   16.46 2174.38 v u48623/Y (AND3x1_ASAP7_75t_R)
                                         n37443 (net)
                 15.48    0.27 2174.65 v u48626/A (OR2x6_ASAP7_75t_R)
     4    3.47    8.51   21.68 2196.34 v u48626/Y (OR2x6_ASAP7_75t_R)
                                         n37446 (net)
                  8.52    0.15 2196.48 v u48627/B (AND2x2_ASAP7_75t_R)
     2    1.86    8.38   15.69 2212.17 v u48627/Y (AND2x2_ASAP7_75t_R)
                                         n37447 (net)
                  8.40    0.16 2212.34 v u48629/B1 (AO221x1_ASAP7_75t_R)
     2    1.94   15.13   23.73 2236.07 v u48629/Y (AO221x1_ASAP7_75t_R)
                                         n37449 (net)
                 15.14    0.19 2236.26 v u48630/B1 (AO22x1_ASAP7_75t_R)
     1    1.11   10.02   22.18 2258.44 v u48630/Y (AO22x1_ASAP7_75t_R)
                                         n37450 (net)
                 10.02    0.06 2258.50 v u48631/B (XNOR2x2_ASAP7_75t_R)
     1    0.72    6.71   20.62 2279.12 ^ u48631/Y (XNOR2x2_ASAP7_75t_R)
                                         grp_uacc_section14_cost_core_fu_2003.uacc_section14_allocator_mul_16ns_117ns_132_7_1_U17.uacc_section14_allocator_uacc_section14_allocator_mul_16ns_117ns_132_7_1_Mul_DSP_4_U.tmp_product[129]* (net)
                  6.71    0.03 2279.15 ^ u37280/D (DFFHQNx1_ASAP7_75t_R)
                               2279.15   data arrival time

                  0.00 5000.00 5000.00   clock core_clock (rise edge)
                          0.00 5000.00   clock network delay (ideal)
                          0.00 5000.00   clock reconvergence pessimism
                               5000.00 ^ u37280/CLK (DFFHQNx1_ASAP7_75t_R)
                        -15.07 4984.93   library setup time
                               4984.93   data required time
-----------------------------------------------------------------------------
                               4984.93   data required time
                               -2279.15   data arrival time
-----------------------------------------------------------------------------
                               2705.78   slack (MET)



==========================================================================
detailed place report_check_types -max_slew -max_cap -max_fanout -violators
--------------------------------------------------------------------------

==========================================================================
detailed place max_slew_check_slack
--------------------------------------------------------------------------
2.702782392501831

==========================================================================
detailed place max_slew_check_limit
--------------------------------------------------------------------------
320.0

==========================================================================
detailed place max_slew_check_slack_limit
--------------------------------------------------------------------------
0.0084

==========================================================================
detailed place max_fanout_check_slack
--------------------------------------------------------------------------
1.0000000150474662e+30

==========================================================================
detailed place max_fanout_check_limit
--------------------------------------------------------------------------
1.0000000150474662e+30

==========================================================================
detailed place max_capacitance_check_slack
--------------------------------------------------------------------------
3.0854122638702393

==========================================================================
detailed place max_capacitance_check_limit
--------------------------------------------------------------------------
23.040000915527344

==========================================================================
detailed place max_capacitance_check_slack_limit
--------------------------------------------------------------------------
0.1339

==========================================================================
detailed place max_slew_violation_count
--------------------------------------------------------------------------
max slew violation count 0

==========================================================================
detailed place max_fanout_violation_count
--------------------------------------------------------------------------
max fanout violation count 0

==========================================================================
detailed place max_cap_violation_count
--------------------------------------------------------------------------
max cap violation count 0

==========================================================================
detailed place setup_violation_count
--------------------------------------------------------------------------
setup violation count 0

==========================================================================
detailed place hold_violation_count
--------------------------------------------------------------------------
hold violation count 0

==========================================================================
detailed place report_checks -path_delay max reg to reg
--------------------------------------------------------------------------
Startpoint: u46635 (rising edge-triggered flip-flop clocked by core_clock)
Endpoint: u37280 (rising edge-triggered flip-flop clocked by core_clock)
Path Group: core_clock
Path Type: max

  Delay    Time   Description
---------------------------------------------------------
   0.00    0.00   clock core_clock (rise edge)
   0.00    0.00   clock network delay (ideal)
   0.00    0.00 ^ u46635/CLK (DFFHQNx1_ASAP7_75t_R)
  92.08   92.08 v u46635/QN (DFFHQNx1_ASAP7_75t_R)
  44.27  136.35 v u47486/Y (AND2x2_ASAP7_75t_R)
  25.99  162.34 ^ u47488/Y (XOR2x2_ASAP7_75t_R)
  27.19  189.53 v u47513/Y (XNOR2x2_ASAP7_75t_R)
  24.54  214.08 ^ u47529/Y (XOR2x2_ASAP7_75t_R)
  25.66  239.74 v u47530/Y (XNOR2x2_ASAP7_75t_R)
  25.16  264.90 ^ u47533/Y (XOR2x2_ASAP7_75t_R)
  25.59  290.49 ^ u47549/Y (XOR2x2_ASAP7_75t_R)
  25.40  315.89 ^ u47562/Y (XOR2x2_ASAP7_75t_R)
  25.89  341.78 ^ u47591/Y (XOR2x2_ASAP7_75t_R)
  21.02  362.80 v u47658/Y (XOR2x2_ASAP7_75t_R)
  21.53  384.33 v u47659/Y (AO22x2_ASAP7_75t_R)
  23.46  407.79 v u47661/Y (MAJx2_ASAP7_75t_R)
  22.77  430.56 v u47663/Y (AO22x2_ASAP7_75t_R)
  24.75  455.31 v u47665/Y (MAJx2_ASAP7_75t_R)
  24.53  479.84 v u47667/Y (MAJx2_ASAP7_75t_R)
  23.09  502.93 v u47669/Y (MAJx2_ASAP7_75t_R)
  21.63  524.56 v u47672/Y (XOR2x2_ASAP7_75t_R)
  16.01  540.57 v u47710/Y (AND2x4_ASAP7_75t_R)
  23.78  564.35 v u47717/Y (MAJx2_ASAP7_75t_R)
  23.51  587.86 v u47719/Y (MAJx2_ASAP7_75t_R)
  23.02  610.88 v u47721/Y (AO22x2_ASAP7_75t_R)
  23.94  634.83 v u47723/Y (MAJx2_ASAP7_75t_R)
  22.10  656.93 v u47725/Y (AO22x2_ASAP7_75t_R)
  23.99  680.92 v u47727/Y (MAJx2_ASAP7_75t_R)
  23.47  704.39 v u47729/Y (AO22x2_ASAP7_75t_R)
  23.92  728.31 v u47731/Y (MAJx2_ASAP7_75t_R)
  22.59  750.90 v u47733/Y (AO22x2_ASAP7_75t_R)
  24.08  774.97 v u47735/Y (MAJx2_ASAP7_75t_R)
  23.47  798.45 v u47737/Y (AO22x2_ASAP7_75t_R)
  23.63  822.08 v u47739/Y (MAJx2_ASAP7_75t_R)
  22.62  844.70 v u47741/Y (AO22x2_ASAP7_75t_R)
  23.94  868.64 v u47743/Y (MAJx2_ASAP7_75t_R)
  23.05  891.68 v u47745/Y (AO22x2_ASAP7_75t_R)
  23.94  915.62 v u47747/Y (MAJx2_ASAP7_75t_R)
  23.00  938.62 v u47749/Y (AO22x2_ASAP7_75t_R)
  24.73  963.36 v u47751/Y (MAJx2_ASAP7_75t_R)
  15.47  978.83 v u47752/Y (AND3x1_ASAP7_75t_R)
  19.26  998.09 v u47755/Y (OR2x6_ASAP7_75t_R)
  15.01 1013.10 ^ u47756/Y (AOI22x1_ASAP7_75t_R)
  15.91 1029.01 ^ u47757/Y (OR3x1_ASAP7_75t_R)
  28.82 1057.83 ^ u47763/Y (AND4x1_ASAP7_75t_R)
  21.28 1079.10 ^ u47764/Y (AND2x2_ASAP7_75t_R)
  15.33 1094.43 v u47765/Y (NOR3x1_ASAP7_75t_R)
  25.19 1119.62 v u47771/Y (AO21x1_ASAP7_75t_R)
  32.98 1152.60 v u47775/Y (AO32x1_ASAP7_75t_R)
  14.80 1167.40 v u47786/Y (AND3x1_ASAP7_75t_R)
  20.32 1187.72 v u47789/Y (OR2x2_ASAP7_75t_R)
  33.34 1221.05 v u47793/Y (AO32x1_ASAP7_75t_R)
  22.79 1243.85 v u47794/Y (AO21x1_ASAP7_75t_R)
  16.81 1260.66 v u47804/Y (AND3x1_ASAP7_75t_R)
  21.35 1282.01 v u47810/Y (AO21x1_ASAP7_75t_R)
  14.70 1296.71 v u47811/Y (AND3x1_ASAP7_75t_R)
  18.38 1315.09 v u47814/Y (OR2x2_ASAP7_75t_R)
  13.37 1328.46 v u47815/Y (AND3x1_ASAP7_75t_R)
  18.85 1347.31 v u47818/Y (OR2x2_ASAP7_75t_R)
  12.20 1359.51 v u47829/Y (AND3x1_ASAP7_75t_R)
  17.64 1377.14 v u47832/Y (OR2x2_ASAP7_75t_R)
  24.86 1402.01 v u47833/Y (AO22x1_ASAP7_75t_R)
  20.95 1422.96 v u47834/Y (AO21x1_ASAP7_75t_R)
   9.56 1432.51 ^ u47835/Y (OAI21x1_ASAP7_75t_R)
   9.83 1442.34 v u47836/Y (NAND2x1_ASAP7_75t_R)
  26.48 1468.82 v u47838/Y (OA211x2_ASAP7_75t_R)
  20.64 1489.46 v u47839/Y (AO21x1_ASAP7_75t_R)
  15.14 1504.60 v u47840/Y (AND3x1_ASAP7_75t_R)
  20.12 1524.71 v u47843/Y (OR2x2_ASAP7_75t_R)
  13.87 1538.59 v u47854/Y (AND3x1_ASAP7_75t_R)
  19.84 1558.42 v u47857/Y (OR2x2_ASAP7_75t_R)
  29.07 1587.49 v u47859/Y (AO222x2_ASAP7_75t_R)
  16.69 1604.18 v u47860/Y (OA21x2_ASAP7_75t_R)
  16.49 1620.67 v u47861/Y (AND3x1_ASAP7_75t_R)
  19.61 1640.28 v u47864/Y (OR2x6_ASAP7_75t_R)
  20.53 1660.81 v u47876/Y (OA21x2_ASAP7_75t_R)
  30.86 1691.67 v u47877/Y (AO222x2_ASAP7_75t_R)
  16.16 1707.84 v u47878/Y (OA21x2_ASAP7_75t_R)
  15.97 1723.80 v u47879/Y (AND3x1_ASAP7_75t_R)
  19.65 1743.45 v u47882/Y (OR2x6_ASAP7_75t_R)
  25.90 1769.35 v u47896/Y (AO32x1_ASAP7_75t_R)
  31.98 1801.33 v u47900/Y (AO32x1_ASAP7_75t_R)
  22.76 1824.09 v u47912/Y (OA21x2_ASAP7_75t_R)
  15.48 1839.57 v u47913/Y (AND3x1_ASAP7_75t_R)
  19.15 1858.71 v u47916/Y (OR2x6_ASAP7_75t_R)
  15.94 1874.65 ^ u47918/Y (NAND2x1_ASAP7_75t_R)
  21.55 1896.20 ^ u47919/Y (AND3x1_ASAP7_75t_R)
  12.24 1908.44 v u47920/Y (NOR2x1_ASAP7_75t_R)
  17.91 1926.36 ^ u47921/Y (NAND2x1_ASAP7_75t_R)
  19.63 1945.98 ^ u47922/Y (AND3x1_ASAP7_75t_R)
  15.70 1961.68 ^ u47923/Y (OR2x2_ASAP7_75t_R)
  10.49 1972.17 v u47924/Y (NOR2x1_ASAP7_75t_R)
  22.33 1994.50 v u47942/Y (AO21x1_ASAP7_75t_R)
  21.46 2015.96 v u47954/Y (OA21x2_ASAP7_75t_R)
  13.45 2029.41 v u47955/Y (AND3x1_ASAP7_75t_R)
  18.93 2048.34 v u47958/Y (OR2x2_ASAP7_75t_R)
  29.69 2078.03 v u47962/Y (AO32x1_ASAP7_75t_R)
  31.60 2109.63 v u48084/Y (AO32x1_ASAP7_75t_R)
  27.61 2137.24 v u48621/Y (AO21x1_ASAP7_75t_R)
  20.53 2157.77 v u48622/Y (AND2x2_ASAP7_75t_R)
  16.61 2174.38 v u48623/Y (AND3x1_ASAP7_75t_R)
  21.95 2196.34 v u48626/Y (OR2x6_ASAP7_75t_R)
  15.84 2212.17 v u48627/Y (AND2x2_ASAP7_75t_R)
  23.89 2236.07 v u48629/Y (AO221x1_ASAP7_75t_R)
  22.37 2258.44 v u48630/Y (AO22x1_ASAP7_75t_R)
  20.68 2279.12 ^ u48631/Y (XNOR2x2_ASAP7_75t_R)
   0.03 2279.15 ^ u37280/D (DFFHQNx1_ASAP7_75t_R)
        2279.15   data arrival time

5000.00 5000.00   clock core_clock (rise edge)
   0.00 5000.00   clock network delay (ideal)
   0.00 5000.00   clock reconvergence pessimism
        5000.00 ^ u37280/CLK (DFFHQNx1_ASAP7_75t_R)
 -15.07 4984.93   library setup time
        4984.93   data required time
---------------------------------------------------------
        4984.93   data required time
        -2279.15   data arrival time
---------------------------------------------------------
        2705.78   slack (MET)



==========================================================================
detailed place report_checks -path_delay min reg to reg
--------------------------------------------------------------------------
Startpoint: u19392 (rising edge-triggered flip-flop clocked by core_clock)
Endpoint: u15049 (rising edge-triggered flip-flop clocked by core_clock)
Path Group: core_clock
Path Type: min

  Delay    Time   Description
---------------------------------------------------------
   0.00    0.00   clock core_clock (rise edge)
   0.00    0.00   clock network delay (ideal)
   0.00    0.00 ^ u19392/CLK (DFFHQNx1_ASAP7_75t_R)
  32.73   32.73 v u19392/QN (DFFHQNx1_ASAP7_75t_R)
   0.03   32.76 v u15049/D (DFFHQNx1_ASAP7_75t_R)
          32.76   data arrival time

   0.00    0.00   clock core_clock (rise edge)
   0.00    0.00   clock network delay (ideal)
   0.00    0.00   clock reconvergence pessimism
           0.00 ^ u15049/CLK (DFFHQNx1_ASAP7_75t_R)
   7.82    7.82   library hold time
           7.82   data required time
---------------------------------------------------------
           7.82   data required time
         -32.76   data arrival time
---------------------------------------------------------
          24.95   slack (MET)



==========================================================================
detailed place critical path target clock latency max path
--------------------------------------------------------------------------
0.0000

==========================================================================
detailed place critical path target clock latency min path
--------------------------------------------------------------------------
0.0000

==========================================================================
detailed place critical path source clock latency min path
--------------------------------------------------------------------------
0.0000

==========================================================================
detailed place critical path delay
--------------------------------------------------------------------------
2279.1465

==========================================================================
detailed place critical path slack
--------------------------------------------------------------------------
2705.7815

==========================================================================
detailed place slack div critical path delay
--------------------------------------------------------------------------
118.719069

==========================================================================
detailed place report_power
--------------------------------------------------------------------------
Group                  Internal  Switching    Leakage      Total
                          Power      Power      Power      Power (Watts)
----------------------------------------------------------------
Sequential             9.00e-03   3.94e-04   2.31e-06   9.40e-03   9.2%
Combinational          5.40e-02   3.86e-02   1.13e-05   9.27e-02  90.8%
Clock                  0.00e+00   0.00e+00   0.00e+00   0.00e+00   0.0%
Macro                  0.00e+00   0.00e+00   0.00e+00   0.00e+00   0.0%
Pad                    0.00e+00   0.00e+00   0.00e+00   0.00e+00   0.0%
----------------------------------------------------------------
Total                  6.30e-02   3.90e-02   1.36e-05   1.02e-01 100.0%
                          61.8%      38.2%       0.0%
