
==========================================================================
resizer report_tns
--------------------------------------------------------------------------
tns max 0.00

==========================================================================
resizer report_wns
--------------------------------------------------------------------------
wns max 0.00

==========================================================================
resizer report_worst_slack
--------------------------------------------------------------------------
worst slack max 2680.86

==========================================================================
resizer report_clock_min_period
--------------------------------------------------------------------------
core_clock period_min = 2319.14 fmax = 431.19

==========================================================================
resizer report_checks -path_delay min
--------------------------------------------------------------------------
Startpoint: u19333 (rising edge-triggered flip-flop clocked by core_clock)
Endpoint: u14906 (rising edge-triggered flip-flop clocked by core_clock)
Path Group: core_clock
Path Type: min

Fanout     Cap    Slew   Delay    Time   Description
-----------------------------------------------------------------------------
                  0.00    0.00    0.00   clock core_clock (rise edge)
                          0.00    0.00   clock network delay (ideal)
                  0.00    0.00    0.00 ^ u19333/CLK (DFFHQNx1_ASAP7_75t_R)
     2    1.17   15.49   32.91   32.91 v u19333/QN (DFFHQNx1_ASAP7_75t_R)
                                         candidate_queue_cost_q_load_20_reg_5349[0] (net)
                 15.50    0.03   32.94 v u14906/D (DFFHQNx1_ASAP7_75t_R)
                                 32.94   data arrival time

                  0.00    0.00    0.00   clock core_clock (rise edge)
                          0.00    0.00   clock network delay (ideal)
                          0.00    0.00   clock reconvergence pessimism
                                  0.00 ^ u14906/CLK (DFFHQNx1_ASAP7_75t_R)
                          7.80    7.80   library hold time
                                  7.80   data required time
-----------------------------------------------------------------------------
                                  7.80   data required time
                                -32.94   data arrival time
-----------------------------------------------------------------------------
                                 25.15   slack (MET)



==========================================================================
resizer report_checks -path_delay max
--------------------------------------------------------------------------
Startpoint: u46635 (rising edge-triggered flip-flop clocked by core_clock)
Endpoint: u37280 (rising edge-triggered flip-flop clocked by core_clock)
Path Group: core_clock
Path Type: max

Fanout     Cap    Slew   Delay    Time   Description
-----------------------------------------------------------------------------
                  0.00    0.00    0.00   clock core_clock (rise edge)
                          0.00    0.00   clock network delay (ideal)
                  0.00    0.00    0.00 ^ u46635/CLK (DFFHQNx1_ASAP7_75t_R)
    22   26.05  145.27   94.51   94.51 v u46635/QN (DFFHQNx1_ASAP7_75t_R)
                                         grp_uacc_section14_cost_core_fu_2003.uacc_section14_allocator_mul_16ns_117ns_132_7_1_U17.uacc_section14_allocator_uacc_section14_allocator_mul_16ns_117ns_132_7_1_Mul_DSP_4_U.b_reg0[9] (net)
                145.48    3.26   97.77 v u47486/A (AND2x2_ASAP7_75t_R)
     2    1.69   11.81   41.82  139.58 v u47486/Y (AND2x2_ASAP7_75t_R)
                                         n36309 (net)
                 11.81    0.06  139.65 v u47488/A (XOR2x2_ASAP7_75t_R)
     2    1.81   10.08   26.07  165.71 ^ u47488/Y (XOR2x2_ASAP7_75t_R)
                                         n36311 (net)
                 10.08    0.12  165.83 ^ u47513/B (XNOR2x2_ASAP7_75t_R)
     2    2.39   11.10   27.41  193.24 v u47513/Y (XNOR2x2_ASAP7_75t_R)
                                         n36336 (net)
                 11.10    0.14  193.38 v u47529/A (XOR2x2_ASAP7_75t_R)
     1    1.31    8.61   24.98  218.36 ^ u47529/Y (XOR2x2_ASAP7_75t_R)
                                         n36352 (net)
                  8.62    0.09  218.46 ^ u47530/B (XNOR2x2_ASAP7_75t_R)
     2    1.68    9.18   25.85  244.30 v u47530/Y (XNOR2x2_ASAP7_75t_R)
                                         n36353 (net)
                  9.18    0.04  244.35 v u47533/A (XOR2x2_ASAP7_75t_R)
     2    1.80   10.08   25.34  269.68 ^ u47533/Y (XOR2x2_ASAP7_75t_R)
                                         n36356 (net)
                 10.08    0.08  269.76 ^ u47549/B (XOR2x2_ASAP7_75t_R)
     2    1.79   10.01   26.02  295.78 ^ u47549/Y (XOR2x2_ASAP7_75t_R)
                                         n36372 (net)
                 10.02    0.12  295.90 ^ u47562/A (XOR2x2_ASAP7_75t_R)
     2    1.89   10.38   25.75  321.65 ^ u47562/Y (XOR2x2_ASAP7_75t_R)
                                         n36385 (net)
                 10.38    0.08  321.73 ^ u47591/B (XOR2x2_ASAP7_75t_R)
     2    1.83   10.12   26.18  347.91 ^ u47591/Y (XOR2x2_ASAP7_75t_R)
                                         n36414 (net)
                 10.12    0.08  347.99 ^ u47658/A (XOR2x2_ASAP7_75t_R)
     2    1.94    9.88   21.25  369.23 v u47658/Y (XOR2x2_ASAP7_75t_R)
                                         n36481 (net)
                  9.89    0.09  369.32 v u47659/B2 (AO22x2_ASAP7_75t_R)
     2    2.74   11.72   21.68  391.00 v u47659/Y (AO22x2_ASAP7_75t_R)
                                         n36482 (net)
                 11.74    0.21  391.21 v u47661/B (MAJx2_ASAP7_75t_R)
     2    2.04   10.49   23.48  414.69 v u47661/Y (MAJx2_ASAP7_75t_R)
                                         n36484 (net)
                 10.49    0.13  414.82 v u47663/B1 (AO22x2_ASAP7_75t_R)
     2    2.94   12.24   22.92  437.74 v u47663/Y (AO22x2_ASAP7_75t_R)
                                         n36486 (net)
                 12.26    0.26  438.00 v u47665/B (MAJx2_ASAP7_75t_R)
     2    2.66   12.04   24.71  462.70 v u47665/Y (MAJx2_ASAP7_75t_R)
                                         n36488 (net)
                 12.05    0.17  462.87 v u47667/B (MAJx2_ASAP7_75t_R)
     2    2.70   12.14   24.71  487.58 v u47667/Y (MAJx2_ASAP7_75t_R)
                                         n36490 (net)
                 12.15    0.18  487.76 v u47669/B (MAJx2_ASAP7_75t_R)
     2    1.73    9.60   23.08  510.84 v u47669/Y (MAJx2_ASAP7_75t_R)
                                         n36492 (net)
                  9.60    0.09  510.92 v u47672/A (XOR2x2_ASAP7_75t_R)
     2    2.32   10.85   21.67  532.60 v u47672/Y (XOR2x2_ASAP7_75t_R)
                                         n36495 (net)
                 10.86    0.13  532.73 v u47710/A (AND2x4_ASAP7_75t_R)
     2    2.62    6.80   16.01  548.75 v u47710/Y (AND2x4_ASAP7_75t_R)
                                         n36533 (net)
                  6.81    0.14  548.89 v u47717/B (MAJx2_ASAP7_75t_R)
     2    2.93   12.77   23.62  572.50 v u47717/Y (MAJx2_ASAP7_75t_R)
                                         n36540 (net)
                 12.79    0.31  572.81 v u47719/B (MAJx2_ASAP7_75t_R)
     2    1.91   10.10   23.57  596.38 v u47719/Y (MAJx2_ASAP7_75t_R)
                                         n36542 (net)
                 10.10    0.10  596.48 v u47721/B1 (AO22x2_ASAP7_75t_R)
     2    3.36   13.63   23.28  619.76 v u47721/Y (AO22x2_ASAP7_75t_R)
                                         n36544 (net)
                 13.71    0.57  620.33 v u47723/B (MAJx2_ASAP7_75t_R)
     2    1.80    9.76   23.67  644.00 v u47723/Y (MAJx2_ASAP7_75t_R)
                                         n36546 (net)
                  9.76    0.06  644.06 v u47725/B1 (AO22x2_ASAP7_75t_R)
     2    2.64   11.49   22.20  666.26 v u47725/Y (AO22x2_ASAP7_75t_R)
                                         n36548 (net)
                 11.50    0.19  666.45 v u47727/B (MAJx2_ASAP7_75t_R)
     2    2.37   11.43   23.92  690.37 v u47727/Y (MAJx2_ASAP7_75t_R)
                                         n36550 (net)
                 11.46    0.33  690.70 v u47729/B1 (AO22x2_ASAP7_75t_R)
     2    2.72   11.70   22.86  713.56 v u47729/Y (AO22x2_ASAP7_75t_R)
                                         n36552 (net)
                 11.72    0.22  713.78 v u47731/B (MAJx2_ASAP7_75t_R)
     2    2.04   10.49   23.46  737.25 v u47731/Y (MAJx2_ASAP7_75t_R)
                                         n36554 (net)
                 10.50    0.17  737.41 v u47733/B1 (AO22x2_ASAP7_75t_R)
     2    2.80   11.91   22.68  760.09 v u47733/Y (AO22x2_ASAP7_75t_R)
                                         n36556 (net)
                 11.93    0.26  760.35 v u47735/B (MAJx2_ASAP7_75t_R)
     2    2.38   11.44   24.05  784.40 v u47735/Y (MAJx2_ASAP7_75t_R)
                                         n36558 (net)
                 11.48    0.33  784.73 v u47737/B1 (AO22x2_ASAP7_75t_R)
     2    2.80   11.91   23.00  807.73 v u47737/Y (AO22x2_ASAP7_75t_R)
                                         n36560 (net)
                 11.93    0.24  807.97 v u47739/B (MAJx2_ASAP7_75t_R)
     2    1.85    9.97   23.21  831.18 v u47739/Y (MAJx2_ASAP7_75t_R)
                                         n36562 (net)
                  9.97    0.11  831.29 v u47741/B1 (AO22x2_ASAP7_75t_R)
     2    2.79   11.88   22.50  853.79 v u47741/Y (AO22x2_ASAP7_75t_R)
                                         n36564 (net)
                 11.90    0.25  854.04 v u47743/B (MAJx2_ASAP7_75t_R)
     2    2.25   11.07   23.84  877.89 v u47743/Y (MAJx2_ASAP7_75t_R)
                                         n36566 (net)
                 11.09    0.26  878.15 v u47745/B1 (AO22x2_ASAP7_75t_R)
     2    2.84   11.99   22.94  901.09 v u47745/Y (AO22x2_ASAP7_75t_R)
                                         n36568 (net)
                 12.01    0.25  901.35 v u47747/B (MAJx2_ASAP7_75t_R)
     2    2.28   11.14   23.93  925.27 v u47747/Y (MAJx2_ASAP7_75t_R)
                                         n36570 (net)
                 11.16    0.26  925.53 v u47749/B1 (AO22x2_ASAP7_75t_R)
     2    2.85   12.02   22.97  948.50 v u47749/Y (AO22x2_ASAP7_75t_R)
                                         n36572 (net)
                 12.04    0.28  948.78 v u47751/B (MAJx2_ASAP7_75t_R)
     3    2.84   12.58   24.88  973.65 v u47751/Y (MAJx2_ASAP7_75t_R)
                                         n36574 (net)
                 12.61    0.37  974.02 v u47752/C (AND3x1_ASAP7_75t_R)
     1    1.20    8.49   15.13  989.15 v u47752/Y (AND3x1_ASAP7_75t_R)
                                         n36575 (net)
                  8.49    0.05  989.20 v u47755/A (OR2x6_ASAP7_75t_R)
     2    3.10    8.30   19.20 1008.40 v u47755/Y (OR2x6_ASAP7_75t_R)
                                         n36578 (net)
                  8.36    0.38 1008.78 v u47756/A2 (AOI22x1_ASAP7_75t_R)
     3    2.97   25.10   15.18 1023.95 ^ u47756/Y (AOI22x1_ASAP7_75t_R)
                                         n36579 (net)
                 25.11    0.23 1024.19 ^ u47757/C (OR3x1_ASAP7_75t_R)
     1    0.92    8.37   16.10 1040.28 ^ u47757/Y (OR3x1_ASAP7_75t_R)
                                         n36580 (net)
                  8.37    0.06 1040.34 ^ u47763/A (AND4x1_ASAP7_75t_R)
     3    3.61   27.81   29.47 1069.82 ^ u47763/Y (AND4x1_ASAP7_75t_R)
                                         n36586 (net)
                 27.83    0.44 1070.25 ^ u47764/B (AND2x2_ASAP7_75t_R)
     2    2.17   11.04   21.28 1091.53 ^ u47764/Y (AND2x2_ASAP7_75t_R)
                                         n36587 (net)
                 11.05    0.15 1091.68 ^ u47765/C (NOR3x1_ASAP7_75t_R)
     3    2.45   20.65   15.66 1107.34 v u47765/Y (NOR3x1_ASAP7_75t_R)
                                         n36588 (net)
                 20.65    0.18 1107.52 v u47771/A1 (AO21x1_ASAP7_75t_R)
     3    3.17   19.68   25.23 1132.75 v u47771/Y (AO21x1_ASAP7_75t_R)
                                         n36594 (net)
                 19.72    0.52 1133.27 v u47775/A3 (AO32x1_ASAP7_75t_R)
     3    3.09   20.42   32.26 1165.54 v u47775/Y (AO32x1_ASAP7_75t_R)
                                         n36598 (net)
                 20.46    0.46 1166.00 v u47786/A (AND3x1_ASAP7_75t_R)
     1    0.72    6.34   14.35 1180.34 v u47786/Y (AND3x1_ASAP7_75t_R)
                                         n36609 (net)
                  6.34    0.04 1180.38 v u47789/A (OR2x2_ASAP7_75t_R)
     3    3.84   14.86   20.35 1200.73 v u47789/Y (OR2x2_ASAP7_75t_R)
                                         n36612 (net)
                 15.06    0.96 1201.69 v u47793/A3 (AO32x1_ASAP7_75t_R)
     3    3.61   23.06   32.43 1234.12 v u47793/Y (AO32x1_ASAP7_75t_R)
                                         n36616 (net)
                 23.07    0.42 1234.54 v u47794/B (AO21x1_ASAP7_75t_R)
     2    2.20   14.79   22.82 1257.36 v u47794/Y (AO21x1_ASAP7_75t_R)
                                         n36617 (net)
                 14.79    0.17 1257.53 v u47804/A (AND3x1_ASAP7_75t_R)
     3    2.25   13.79   16.91 1274.45 v u47804/Y (AND3x1_ASAP7_75t_R)
                                         n36627 (net)
                 13.79    0.14 1274.58 v u47810/A1 (AO21x1_ASAP7_75t_R)
     3    2.46   15.86   21.62 1296.20 v u47810/Y (AO21x1_ASAP7_75t_R)
                                         n36633 (net)
                 15.86    0.18 1296.38 v u47811/C (AND3x1_ASAP7_75t_R)
     1    0.74    6.35   14.82 1311.19 v u47811/Y (AND3x1_ASAP7_75t_R)
                                         n36634 (net)
                  6.35    0.04 1311.23 v u47814/A (OR2x2_ASAP7_75t_R)
     3    2.25   10.13   18.28 1329.51 v u47814/Y (OR2x2_ASAP7_75t_R)
                                         n36637 (net)
                 10.14    0.10 1329.61 v u47815/C (AND3x1_ASAP7_75t_R)
     1    0.84    6.67   13.44 1343.05 v u47815/Y (AND3x1_ASAP7_75t_R)
                                         n36638 (net)
                  6.68    0.05 1343.11 v u47818/A (OR2x2_ASAP7_75t_R)
     3    2.61   11.08   18.91 1362.02 v u47818/Y (OR2x2_ASAP7_75t_R)
                                         n36641 (net)
                 11.10    0.22 1362.24 v u47829/A (AND3x1_ASAP7_75t_R)
     1    0.80    6.50   12.33 1374.58 v u47829/Y (AND3x1_ASAP7_75t_R)
                                         n36652 (net)
                  6.51    0.05 1374.62 v u47832/A (OR2x2_ASAP7_75t_R)
     2    1.97    9.45   17.82 1392.44 v u47832/Y (OR2x2_ASAP7_75t_R)
                                         n36655 (net)
                  9.46    0.16 1392.61 v u47833/B2 (AO22x1_ASAP7_75t_R)
     2    3.07   20.00   24.93 1417.54 v u47833/Y (AO22x1_ASAP7_75t_R)
                                         n36656 (net)
                 20.06    0.59 1418.13 v u47834/B (AO21x1_ASAP7_75t_R)
     1    1.63   11.98   20.87 1439.00 v u47834/Y (AO21x1_ASAP7_75t_R)
                                         n36657 (net)
                 11.99    0.11 1439.11 v u47835/B (OAI21x1_ASAP7_75t_R)
     2    2.91   25.80    9.73 1448.84 ^ u47835/Y (OAI21x1_ASAP7_75t_R)
                                         n36658 (net)
                 25.82    0.37 1449.21 ^ u47836/B (NAND2x1_ASAP7_75t_R)
     2    1.25   12.74    9.90 1459.11 v u47836/Y (NAND2x1_ASAP7_75t_R)
                                         n36659 (net)
                 12.74    0.03 1459.15 v u47838/B (OA211x2_ASAP7_75t_R)
     1    0.77    9.41   26.68 1485.83 v u47838/Y (OA211x2_ASAP7_75t_R)
                                         n36661 (net)
                  9.41    0.04 1485.86 v u47839/B (AO21x1_ASAP7_75t_R)
     3    2.42   15.63   20.63 1506.50 v u47839/Y (AO21x1_ASAP7_75t_R)
                                         n36662 (net)
                 15.63    0.18 1506.67 v u47840/C (AND3x1_ASAP7_75t_R)
     1    0.88    7.07   15.15 1521.82 v u47840/Y (AND3x1_ASAP7_75t_R)
                                         n36663 (net)
                  7.07    0.06 1521.88 v u47843/A (OR2x2_ASAP7_75t_R)
     3    3.63   14.19   20.31 1542.19 v u47843/Y (OR2x2_ASAP7_75t_R)
                                         n36666 (net)
                 14.34    0.80 1542.99 v u47854/A (AND3x1_ASAP7_75t_R)
     1    0.82    6.62   13.17 1556.17 v u47854/Y (AND3x1_ASAP7_75t_R)
                                         n36677 (net)
                  6.62    0.05 1556.22 v u47857/A (OR2x2_ASAP7_75t_R)
     3    3.30   13.13   19.83 1576.05 v u47857/Y (OR2x2_ASAP7_75t_R)
                                         n36680 (net)
                 13.22    0.58 1576.63 v u47859/C1 (AO222x2_ASAP7_75t_R)
     1    0.75    9.29   28.66 1605.29 v u47859/Y (AO222x2_ASAP7_75t_R)
                                         n36682 (net)
                  9.29    0.03 1605.32 v u47860/B (OA21x2_ASAP7_75t_R)
     3    3.50   13.90   16.53 1621.86 v u47860/Y (OA21x2_ASAP7_75t_R)
                                         n36683 (net)
                 14.05    0.78 1622.63 v u47861/C (AND3x1_ASAP7_75t_R)
     1    1.26    8.84   15.70 1638.34 v u47861/Y (AND3x1_ASAP7_75t_R)
                                         n36684 (net)
                  8.84    0.06 1638.40 v u47864/A (OR2x6_ASAP7_75t_R)
     3    3.88    9.26   19.75 1658.15 v u47864/Y (OR2x6_ASAP7_75t_R)
                                         n36687 (net)
                  9.40    0.60 1658.76 v u47876/A1 (OA21x2_ASAP7_75t_R)
     3    2.82   11.83   20.13 1678.89 v u47876/Y (OA21x2_ASAP7_75t_R)
                                         n36699 (net)
                 11.87    0.41 1679.30 v u47877/B2 (AO222x2_ASAP7_75t_R)
     1    0.77    9.34   30.54 1709.83 v u47877/Y (AO222x2_ASAP7_75t_R)
                                         n36700 (net)
                  9.34    0.04 1709.87 v u47878/B (OA21x2_ASAP7_75t_R)
     3    3.07   12.56   16.11 1725.98 v u47878/Y (OA21x2_ASAP7_75t_R)
                                         n36701 (net)
                 12.63    0.50 1726.48 v u47879/C (AND3x1_ASAP7_75t_R)
     1    1.35    9.25   15.52 1742.00 v u47879/Y (AND3x1_ASAP7_75t_R)
                                         n36702 (net)
                  9.26    0.09 1742.09 v u47882/A (OR2x6_ASAP7_75t_R)
     3    3.45    8.66   19.66 1761.75 v u47882/Y (OR2x6_ASAP7_75t_R)
                                         n36705 (net)
                  8.72    0.36 1762.10 v u47896/A1 (AO32x1_ASAP7_75t_R)
     3    2.76   18.75   25.82 1787.92 v u47896/Y (AO32x1_ASAP7_75t_R)
                                         n36719 (net)
                 18.77    0.33 1788.26 v u47900/A3 (AO32x1_ASAP7_75t_R)
     3    2.97   19.81   31.75 1820.00 v u47900/Y (AO32x1_ASAP7_75t_R)
                                         n36723 (net)
                 19.84    0.42 1820.43 v u47912/A1 (OA21x2_ASAP7_75t_R)
     3    2.66   11.44   22.17 1842.60 v u47912/Y (OA21x2_ASAP7_75t_R)
                                         n36735 (net)
                 11.48    0.32 1842.92 v u47913/C (AND3x1_ASAP7_75t_R)
     1    1.35    9.24   15.20 1858.12 v u47913/Y (AND3x1_ASAP7_75t_R)
                                         n36736 (net)
                  9.25    0.09 1858.21 v u47916/A (OR2x6_ASAP7_75t_R)
     2    2.84    7.98   19.27 1877.47 v u47916/Y (OR2x6_ASAP7_75t_R)
                                         n36739 (net)
                  8.02    0.28 1877.75 v u47918/A (NAND2x1_ASAP7_75t_R)
     3    3.42   25.72   16.03 1893.78 ^ u47918/Y (NAND2x1_ASAP7_75t_R)
                                         n36741 (net)
                 25.73    0.18 1893.96 ^ u47919/C (AND3x1_ASAP7_75t_R)
     1    1.42   13.37   22.00 1915.96 ^ u47919/Y (AND3x1_ASAP7_75t_R)
                                         n36742 (net)
                 13.37    0.11 1916.07 ^ u47920/B (NOR2x1_ASAP7_75t_R)
     2    2.51   18.22   12.57 1928.64 v u47920/Y (NOR2x1_ASAP7_75t_R)
                                         n36743 (net)
                 18.23    0.15 1928.79 v u47921/B (NAND2x1_ASAP7_75t_R)
     3    3.50   26.35   18.27 1947.06 ^ u47921/Y (NAND2x1_ASAP7_75t_R)
                                         n36744 (net)
                 26.35    0.12 1947.18 ^ u47922/C (AND3x1_ASAP7_75t_R)
     1    0.63    8.70   19.22 1966.40 ^ u47922/Y (AND3x1_ASAP7_75t_R)
                                         n36745 (net)
                  8.70    0.02 1966.42 ^ u47923/B (OR2x2_ASAP7_75t_R)
     2    2.17   10.10   15.79 1982.22 ^ u47923/Y (OR2x2_ASAP7_75t_R)
                                         n36746 (net)
                 10.10    0.14 1982.35 ^ u47924/B (NOR2x1_ASAP7_75t_R)
     3    2.15   15.50   10.79 1993.15 v u47924/Y (NOR2x1_ASAP7_75t_R)
                                         n36747 (net)
                 15.50    0.10 1993.25 v u47942/A1 (AO21x1_ASAP7_75t_R)
     3    2.62   16.66   22.53 2015.77 v u47942/Y (AO21x1_ASAP7_75t_R)
                                         n36765 (net)
                 16.66    0.17 2015.95 v u47954/A1 (OA21x2_ASAP7_75t_R)
     3    2.72   11.54   21.57 2037.52 v u47954/Y (OA21x2_ASAP7_75t_R)
                                         n36777 (net)
                 11.57    0.31 2037.84 v u47955/C (AND3x1_ASAP7_75t_R)
     1    0.90    7.05   14.03 2051.87 v u47955/Y (AND3x1_ASAP7_75t_R)
                                         n36778 (net)
                  7.06    0.07 2051.93 v u47958/A (OR2x2_ASAP7_75t_R)
     3    2.81   11.59   19.32 2071.25 v u47958/Y (OR2x2_ASAP7_75t_R)
                                         n36781 (net)
                 11.62    0.30 2071.55 v u47962/A3 (AO32x1_ASAP7_75t_R)
     3    2.74   18.58   29.49 2101.04 v u47962/Y (AO32x1_ASAP7_75t_R)
                                         n36785 (net)
                 18.59    0.17 2101.20 v u48084/A1 (AO32x1_ASAP7_75t_R)
     4    4.24   26.40   31.62 2132.83 v u48084/Y (AO32x1_ASAP7_75t_R)
                                         n36907 (net)
                 26.41    0.51 2133.34 v u48621/A1 (AO21x1_ASAP7_75t_R)
     4    3.54   21.55   27.49 2160.83 v u48621/Y (AO21x1_ASAP7_75t_R)
                                         n37441 (net)
                 21.55    0.07 2160.89 v u48622/A (AND2x2_ASAP7_75t_R)
     2    1.81    8.46   20.74 2181.63 v u48622/Y (AND2x2_ASAP7_75t_R)
                                         n37442 (net)
                  8.48    0.18 2181.81 v u48623/B (AND3x1_ASAP7_75t_R)
     2    2.57   15.41   16.53 2198.33 v u48623/Y (AND3x1_ASAP7_75t_R)
                                         n37443 (net)
                 15.42    0.28 2198.61 v u48626/A (OR2x6_ASAP7_75t_R)
     4    3.57    8.66   21.71 2220.32 v u48626/Y (OR2x6_ASAP7_75t_R)
                                         n37446 (net)
                  8.69    0.26 2220.58 v u48627/B (AND2x2_ASAP7_75t_R)
     2    1.86    8.41   15.74 2236.33 v u48627/Y (AND2x2_ASAP7_75t_R)
                                         n37447 (net)
                  8.42    0.17 2236.50 v u48629/B1 (AO221x1_ASAP7_75t_R)
     2    2.04   15.61   24.02 2260.52 v u48629/Y (AO221x1_ASAP7_75t_R)
                                         n37449 (net)
                 15.62    0.19 2260.70 v u48630/B1 (AO22x1_ASAP7_75t_R)
     1    1.21   10.51   22.63 2283.33 v u48630/Y (AO22x1_ASAP7_75t_R)
                                         n37450 (net)
                 10.51    0.09 2283.42 v u48631/B (XNOR2x2_ASAP7_75t_R)
     1    0.66    6.55   20.65 2304.06 ^ u48631/Y (XNOR2x2_ASAP7_75t_R)
                                         grp_uacc_section14_cost_core_fu_2003.uacc_section14_allocator_mul_16ns_117ns_132_7_1_U17.uacc_section14_allocator_uacc_section14_allocator_mul_16ns_117ns_132_7_1_Mul_DSP_4_U.tmp_product[129]* (net)
                  6.55    0.02 2304.09 ^ u37280/D (DFFHQNx1_ASAP7_75t_R)
                               2304.09   data arrival time

                  0.00 5000.00 5000.00   clock core_clock (rise edge)
                          0.00 5000.00   clock network delay (ideal)
                          0.00 5000.00   clock reconvergence pessimism
                               5000.00 ^ u37280/CLK (DFFHQNx1_ASAP7_75t_R)
                        -15.05 4984.95   library setup time
                               4984.95   data required time
-----------------------------------------------------------------------------
                               4984.95   data required time
                               -2304.09   data arrival time
-----------------------------------------------------------------------------
                               2680.86   slack (MET)



==========================================================================
resizer report_checks -unconstrained
--------------------------------------------------------------------------
Startpoint: u46635 (rising edge-triggered flip-flop clocked by core_clock)
Endpoint: u37280 (rising edge-triggered flip-flop clocked by core_clock)
Path Group: core_clock
Path Type: max

Fanout     Cap    Slew   Delay    Time   Description
-----------------------------------------------------------------------------
                  0.00    0.00    0.00   clock core_clock (rise edge)
                          0.00    0.00   clock network delay (ideal)
                  0.00    0.00    0.00 ^ u46635/CLK (DFFHQNx1_ASAP7_75t_R)
    22   26.05  145.27   94.51   94.51 v u46635/QN (DFFHQNx1_ASAP7_75t_R)
                                         grp_uacc_section14_cost_core_fu_2003.uacc_section14_allocator_mul_16ns_117ns_132_7_1_U17.uacc_section14_allocator_uacc_section14_allocator_mul_16ns_117ns_132_7_1_Mul_DSP_4_U.b_reg0[9] (net)
                145.48    3.26   97.77 v u47486/A (AND2x2_ASAP7_75t_R)
     2    1.69   11.81   41.82  139.58 v u47486/Y (AND2x2_ASAP7_75t_R)
                                         n36309 (net)
                 11.81    0.06  139.65 v u47488/A (XOR2x2_ASAP7_75t_R)
     2    1.81   10.08   26.07  165.71 ^ u47488/Y (XOR2x2_ASAP7_75t_R)
                                         n36311 (net)
                 10.08    0.12  165.83 ^ u47513/B (XNOR2x2_ASAP7_75t_R)
     2    2.39   11.10   27.41  193.24 v u47513/Y (XNOR2x2_ASAP7_75t_R)
                                         n36336 (net)
                 11.10    0.14  193.38 v u47529/A (XOR2x2_ASAP7_75t_R)
     1    1.31    8.61   24.98  218.36 ^ u47529/Y (XOR2x2_ASAP7_75t_R)
                                         n36352 (net)
                  8.62    0.09  218.46 ^ u47530/B (XNOR2x2_ASAP7_75t_R)
     2    1.68    9.18   25.85  244.30 v u47530/Y (XNOR2x2_ASAP7_75t_R)
                                         n36353 (net)
                  9.18    0.04  244.35 v u47533/A (XOR2x2_ASAP7_75t_R)
     2    1.80   10.08   25.34  269.68 ^ u47533/Y (XOR2x2_ASAP7_75t_R)
                                         n36356 (net)
                 10.08    0.08  269.76 ^ u47549/B (XOR2x2_ASAP7_75t_R)
     2    1.79   10.01   26.02  295.78 ^ u47549/Y (XOR2x2_ASAP7_75t_R)
                                         n36372 (net)
                 10.02    0.12  295.90 ^ u47562/A (XOR2x2_ASAP7_75t_R)
     2    1.89   10.38   25.75  321.65 ^ u47562/Y (XOR2x2_ASAP7_75t_R)
                                         n36385 (net)
                 10.38    0.08  321.73 ^ u47591/B (XOR2x2_ASAP7_75t_R)
     2    1.83   10.12   26.18  347.91 ^ u47591/Y (XOR2x2_ASAP7_75t_R)
                                         n36414 (net)
                 10.12    0.08  347.99 ^ u47658/A (XOR2x2_ASAP7_75t_R)
     2    1.94    9.88   21.25  369.23 v u47658/Y (XOR2x2_ASAP7_75t_R)
                                         n36481 (net)
                  9.89    0.09  369.32 v u47659/B2 (AO22x2_ASAP7_75t_R)
     2    2.74   11.72   21.68  391.00 v u47659/Y (AO22x2_ASAP7_75t_R)
                                         n36482 (net)
                 11.74    0.21  391.21 v u47661/B (MAJx2_ASAP7_75t_R)
     2    2.04   10.49   23.48  414.69 v u47661/Y (MAJx2_ASAP7_75t_R)
                                         n36484 (net)
                 10.49    0.13  414.82 v u47663/B1 (AO22x2_ASAP7_75t_R)
     2    2.94   12.24   22.92  437.74 v u47663/Y (AO22x2_ASAP7_75t_R)
                                         n36486 (net)
                 12.26    0.26  438.00 v u47665/B (MAJx2_ASAP7_75t_R)
     2    2.66   12.04   24.71  462.70 v u47665/Y (MAJx2_ASAP7_75t_R)
                                         n36488 (net)
                 12.05    0.17  462.87 v u47667/B (MAJx2_ASAP7_75t_R)
     2    2.70   12.14   24.71  487.58 v u47667/Y (MAJx2_ASAP7_75t_R)
                                         n36490 (net)
                 12.15    0.18  487.76 v u47669/B (MAJx2_ASAP7_75t_R)
     2    1.73    9.60   23.08  510.84 v u47669/Y (MAJx2_ASAP7_75t_R)
                                         n36492 (net)
                  9.60    0.09  510.92 v u47672/A (XOR2x2_ASAP7_75t_R)
     2    2.32   10.85   21.67  532.60 v u47672/Y (XOR2x2_ASAP7_75t_R)
                                         n36495 (net)
                 10.86    0.13  532.73 v u47710/A (AND2x4_ASAP7_75t_R)
     2    2.62    6.80   16.01  548.75 v u47710/Y (AND2x4_ASAP7_75t_R)
                                         n36533 (net)
                  6.81    0.14  548.89 v u47717/B (MAJx2_ASAP7_75t_R)
     2    2.93   12.77   23.62  572.50 v u47717/Y (MAJx2_ASAP7_75t_R)
                                         n36540 (net)
                 12.79    0.31  572.81 v u47719/B (MAJx2_ASAP7_75t_R)
     2    1.91   10.10   23.57  596.38 v u47719/Y (MAJx2_ASAP7_75t_R)
                                         n36542 (net)
                 10.10    0.10  596.48 v u47721/B1 (AO22x2_ASAP7_75t_R)
     2    3.36   13.63   23.28  619.76 v u47721/Y (AO22x2_ASAP7_75t_R)
                                         n36544 (net)
                 13.71    0.57  620.33 v u47723/B (MAJx2_ASAP7_75t_R)
     2    1.80    9.76   23.67  644.00 v u47723/Y (MAJx2_ASAP7_75t_R)
                                         n36546 (net)
                  9.76    0.06  644.06 v u47725/B1 (AO22x2_ASAP7_75t_R)
     2    2.64   11.49   22.20  666.26 v u47725/Y (AO22x2_ASAP7_75t_R)
                                         n36548 (net)
                 11.50    0.19  666.45 v u47727/B (MAJx2_ASAP7_75t_R)
     2    2.37   11.43   23.92  690.37 v u47727/Y (MAJx2_ASAP7_75t_R)
                                         n36550 (net)
                 11.46    0.33  690.70 v u47729/B1 (AO22x2_ASAP7_75t_R)
     2    2.72   11.70   22.86  713.56 v u47729/Y (AO22x2_ASAP7_75t_R)
                                         n36552 (net)
                 11.72    0.22  713.78 v u47731/B (MAJx2_ASAP7_75t_R)
     2    2.04   10.49   23.46  737.25 v u47731/Y (MAJx2_ASAP7_75t_R)
                                         n36554 (net)
                 10.50    0.17  737.41 v u47733/B1 (AO22x2_ASAP7_75t_R)
     2    2.80   11.91   22.68  760.09 v u47733/Y (AO22x2_ASAP7_75t_R)
                                         n36556 (net)
                 11.93    0.26  760.35 v u47735/B (MAJx2_ASAP7_75t_R)
     2    2.38   11.44   24.05  784.40 v u47735/Y (MAJx2_ASAP7_75t_R)
                                         n36558 (net)
                 11.48    0.33  784.73 v u47737/B1 (AO22x2_ASAP7_75t_R)
     2    2.80   11.91   23.00  807.73 v u47737/Y (AO22x2_ASAP7_75t_R)
                                         n36560 (net)
                 11.93    0.24  807.97 v u47739/B (MAJx2_ASAP7_75t_R)
     2    1.85    9.97   23.21  831.18 v u47739/Y (MAJx2_ASAP7_75t_R)
                                         n36562 (net)
                  9.97    0.11  831.29 v u47741/B1 (AO22x2_ASAP7_75t_R)
     2    2.79   11.88   22.50  853.79 v u47741/Y (AO22x2_ASAP7_75t_R)
                                         n36564 (net)
                 11.90    0.25  854.04 v u47743/B (MAJx2_ASAP7_75t_R)
     2    2.25   11.07   23.84  877.89 v u47743/Y (MAJx2_ASAP7_75t_R)
                                         n36566 (net)
                 11.09    0.26  878.15 v u47745/B1 (AO22x2_ASAP7_75t_R)
     2    2.84   11.99   22.94  901.09 v u47745/Y (AO22x2_ASAP7_75t_R)
                                         n36568 (net)
                 12.01    0.25  901.35 v u47747/B (MAJx2_ASAP7_75t_R)
     2    2.28   11.14   23.93  925.27 v u47747/Y (MAJx2_ASAP7_75t_R)
                                         n36570 (net)
                 11.16    0.26  925.53 v u47749/B1 (AO22x2_ASAP7_75t_R)
     2    2.85   12.02   22.97  948.50 v u47749/Y (AO22x2_ASAP7_75t_R)
                                         n36572 (net)
                 12.04    0.28  948.78 v u47751/B (MAJx2_ASAP7_75t_R)
     3    2.84   12.58   24.88  973.65 v u47751/Y (MAJx2_ASAP7_75t_R)
                                         n36574 (net)
                 12.61    0.37  974.02 v u47752/C (AND3x1_ASAP7_75t_R)
     1    1.20    8.49   15.13  989.15 v u47752/Y (AND3x1_ASAP7_75t_R)
                                         n36575 (net)
                  8.49    0.05  989.20 v u47755/A (OR2x6_ASAP7_75t_R)
     2    3.10    8.30   19.20 1008.40 v u47755/Y (OR2x6_ASAP7_75t_R)
                                         n36578 (net)
                  8.36    0.38 1008.78 v u47756/A2 (AOI22x1_ASAP7_75t_R)
     3    2.97   25.10   15.18 1023.95 ^ u47756/Y (AOI22x1_ASAP7_75t_R)
                                         n36579 (net)
                 25.11    0.23 1024.19 ^ u47757/C (OR3x1_ASAP7_75t_R)
     1    0.92    8.37   16.10 1040.28 ^ u47757/Y (OR3x1_ASAP7_75t_R)
                                         n36580 (net)
                  8.37    0.06 1040.34 ^ u47763/A (AND4x1_ASAP7_75t_R)
     3    3.61   27.81   29.47 1069.82 ^ u47763/Y (AND4x1_ASAP7_75t_R)
                                         n36586 (net)
                 27.83    0.44 1070.25 ^ u47764/B (AND2x2_ASAP7_75t_R)
     2    2.17   11.04   21.28 1091.53 ^ u47764/Y (AND2x2_ASAP7_75t_R)
                                         n36587 (net)
                 11.05    0.15 1091.68 ^ u47765/C (NOR3x1_ASAP7_75t_R)
     3    2.45   20.65   15.66 1107.34 v u47765/Y (NOR3x1_ASAP7_75t_R)
                                         n36588 (net)
                 20.65    0.18 1107.52 v u47771/A1 (AO21x1_ASAP7_75t_R)
     3    3.17   19.68   25.23 1132.75 v u47771/Y (AO21x1_ASAP7_75t_R)
                                         n36594 (net)
                 19.72    0.52 1133.27 v u47775/A3 (AO32x1_ASAP7_75t_R)
     3    3.09   20.42   32.26 1165.54 v u47775/Y (AO32x1_ASAP7_75t_R)
                                         n36598 (net)
                 20.46    0.46 1166.00 v u47786/A (AND3x1_ASAP7_75t_R)
     1    0.72    6.34   14.35 1180.34 v u47786/Y (AND3x1_ASAP7_75t_R)
                                         n36609 (net)
                  6.34    0.04 1180.38 v u47789/A (OR2x2_ASAP7_75t_R)
     3    3.84   14.86   20.35 1200.73 v u47789/Y (OR2x2_ASAP7_75t_R)
                                         n36612 (net)
                 15.06    0.96 1201.69 v u47793/A3 (AO32x1_ASAP7_75t_R)
     3    3.61   23.06   32.43 1234.12 v u47793/Y (AO32x1_ASAP7_75t_R)
                                         n36616 (net)
                 23.07    0.42 1234.54 v u47794/B (AO21x1_ASAP7_75t_R)
     2    2.20   14.79   22.82 1257.36 v u47794/Y (AO21x1_ASAP7_75t_R)
                                         n36617 (net)
                 14.79    0.17 1257.53 v u47804/A (AND3x1_ASAP7_75t_R)
     3    2.25   13.79   16.91 1274.45 v u47804/Y (AND3x1_ASAP7_75t_R)
                                         n36627 (net)
                 13.79    0.14 1274.58 v u47810/A1 (AO21x1_ASAP7_75t_R)
     3    2.46   15.86   21.62 1296.20 v u47810/Y (AO21x1_ASAP7_75t_R)
                                         n36633 (net)
                 15.86    0.18 1296.38 v u47811/C (AND3x1_ASAP7_75t_R)
     1    0.74    6.35   14.82 1311.19 v u47811/Y (AND3x1_ASAP7_75t_R)
                                         n36634 (net)
                  6.35    0.04 1311.23 v u47814/A (OR2x2_ASAP7_75t_R)
     3    2.25   10.13   18.28 1329.51 v u47814/Y (OR2x2_ASAP7_75t_R)
                                         n36637 (net)
                 10.14    0.10 1329.61 v u47815/C (AND3x1_ASAP7_75t_R)
     1    0.84    6.67   13.44 1343.05 v u47815/Y (AND3x1_ASAP7_75t_R)
                                         n36638 (net)
                  6.68    0.05 1343.11 v u47818/A (OR2x2_ASAP7_75t_R)
     3    2.61   11.08   18.91 1362.02 v u47818/Y (OR2x2_ASAP7_75t_R)
                                         n36641 (net)
                 11.10    0.22 1362.24 v u47829/A (AND3x1_ASAP7_75t_R)
     1    0.80    6.50   12.33 1374.58 v u47829/Y (AND3x1_ASAP7_75t_R)
                                         n36652 (net)
                  6.51    0.05 1374.62 v u47832/A (OR2x2_ASAP7_75t_R)
     2    1.97    9.45   17.82 1392.44 v u47832/Y (OR2x2_ASAP7_75t_R)
                                         n36655 (net)
                  9.46    0.16 1392.61 v u47833/B2 (AO22x1_ASAP7_75t_R)
     2    3.07   20.00   24.93 1417.54 v u47833/Y (AO22x1_ASAP7_75t_R)
                                         n36656 (net)
                 20.06    0.59 1418.13 v u47834/B (AO21x1_ASAP7_75t_R)
     1    1.63   11.98   20.87 1439.00 v u47834/Y (AO21x1_ASAP7_75t_R)
                                         n36657 (net)
                 11.99    0.11 1439.11 v u47835/B (OAI21x1_ASAP7_75t_R)
     2    2.91   25.80    9.73 1448.84 ^ u47835/Y (OAI21x1_ASAP7_75t_R)
                                         n36658 (net)
                 25.82    0.37 1449.21 ^ u47836/B (NAND2x1_ASAP7_75t_R)
     2    1.25   12.74    9.90 1459.11 v u47836/Y (NAND2x1_ASAP7_75t_R)
                                         n36659 (net)
                 12.74    0.03 1459.15 v u47838/B (OA211x2_ASAP7_75t_R)
     1    0.77    9.41   26.68 1485.83 v u47838/Y (OA211x2_ASAP7_75t_R)
                                         n36661 (net)
                  9.41    0.04 1485.86 v u47839/B (AO21x1_ASAP7_75t_R)
     3    2.42   15.63   20.63 1506.50 v u47839/Y (AO21x1_ASAP7_75t_R)
                                         n36662 (net)
                 15.63    0.18 1506.67 v u47840/C (AND3x1_ASAP7_75t_R)
     1    0.88    7.07   15.15 1521.82 v u47840/Y (AND3x1_ASAP7_75t_R)
                                         n36663 (net)
                  7.07    0.06 1521.88 v u47843/A (OR2x2_ASAP7_75t_R)
     3    3.63   14.19   20.31 1542.19 v u47843/Y (OR2x2_ASAP7_75t_R)
                                         n36666 (net)
                 14.34    0.80 1542.99 v u47854/A (AND3x1_ASAP7_75t_R)
     1    0.82    6.62   13.17 1556.17 v u47854/Y (AND3x1_ASAP7_75t_R)
                                         n36677 (net)
                  6.62    0.05 1556.22 v u47857/A (OR2x2_ASAP7_75t_R)
     3    3.30   13.13   19.83 1576.05 v u47857/Y (OR2x2_ASAP7_75t_R)
                                         n36680 (net)
                 13.22    0.58 1576.63 v u47859/C1 (AO222x2_ASAP7_75t_R)
     1    0.75    9.29   28.66 1605.29 v u47859/Y (AO222x2_ASAP7_75t_R)
                                         n36682 (net)
                  9.29    0.03 1605.32 v u47860/B (OA21x2_ASAP7_75t_R)
     3    3.50   13.90   16.53 1621.86 v u47860/Y (OA21x2_ASAP7_75t_R)
                                         n36683 (net)
                 14.05    0.78 1622.63 v u47861/C (AND3x1_ASAP7_75t_R)
     1    1.26    8.84   15.70 1638.34 v u47861/Y (AND3x1_ASAP7_75t_R)
                                         n36684 (net)
                  8.84    0.06 1638.40 v u47864/A (OR2x6_ASAP7_75t_R)
     3    3.88    9.26   19.75 1658.15 v u47864/Y (OR2x6_ASAP7_75t_R)
                                         n36687 (net)
                  9.40    0.60 1658.76 v u47876/A1 (OA21x2_ASAP7_75t_R)
     3    2.82   11.83   20.13 1678.89 v u47876/Y (OA21x2_ASAP7_75t_R)
                                         n36699 (net)
                 11.87    0.41 1679.30 v u47877/B2 (AO222x2_ASAP7_75t_R)
     1    0.77    9.34   30.54 1709.83 v u47877/Y (AO222x2_ASAP7_75t_R)
                                         n36700 (net)
                  9.34    0.04 1709.87 v u47878/B (OA21x2_ASAP7_75t_R)
     3    3.07   12.56   16.11 1725.98 v u47878/Y (OA21x2_ASAP7_75t_R)
                                         n36701 (net)
                 12.63    0.50 1726.48 v u47879/C (AND3x1_ASAP7_75t_R)
     1    1.35    9.25   15.52 1742.00 v u47879/Y (AND3x1_ASAP7_75t_R)
                                         n36702 (net)
                  9.26    0.09 1742.09 v u47882/A (OR2x6_ASAP7_75t_R)
     3    3.45    8.66   19.66 1761.75 v u47882/Y (OR2x6_ASAP7_75t_R)
                                         n36705 (net)
                  8.72    0.36 1762.10 v u47896/A1 (AO32x1_ASAP7_75t_R)
     3    2.76   18.75   25.82 1787.92 v u47896/Y (AO32x1_ASAP7_75t_R)
                                         n36719 (net)
                 18.77    0.33 1788.26 v u47900/A3 (AO32x1_ASAP7_75t_R)
     3    2.97   19.81   31.75 1820.00 v u47900/Y (AO32x1_ASAP7_75t_R)
                                         n36723 (net)
                 19.84    0.42 1820.43 v u47912/A1 (OA21x2_ASAP7_75t_R)
     3    2.66   11.44   22.17 1842.60 v u47912/Y (OA21x2_ASAP7_75t_R)
                                         n36735 (net)
                 11.48    0.32 1842.92 v u47913/C (AND3x1_ASAP7_75t_R)
     1    1.35    9.24   15.20 1858.12 v u47913/Y (AND3x1_ASAP7_75t_R)
                                         n36736 (net)
                  9.25    0.09 1858.21 v u47916/A (OR2x6_ASAP7_75t_R)
     2    2.84    7.98   19.27 1877.47 v u47916/Y (OR2x6_ASAP7_75t_R)
                                         n36739 (net)
                  8.02    0.28 1877.75 v u47918/A (NAND2x1_ASAP7_75t_R)
     3    3.42   25.72   16.03 1893.78 ^ u47918/Y (NAND2x1_ASAP7_75t_R)
                                         n36741 (net)
                 25.73    0.18 1893.96 ^ u47919/C (AND3x1_ASAP7_75t_R)
     1    1.42   13.37   22.00 1915.96 ^ u47919/Y (AND3x1_ASAP7_75t_R)
                                         n36742 (net)
                 13.37    0.11 1916.07 ^ u47920/B (NOR2x1_ASAP7_75t_R)
     2    2.51   18.22   12.57 1928.64 v u47920/Y (NOR2x1_ASAP7_75t_R)
                                         n36743 (net)
                 18.23    0.15 1928.79 v u47921/B (NAND2x1_ASAP7_75t_R)
     3    3.50   26.35   18.27 1947.06 ^ u47921/Y (NAND2x1_ASAP7_75t_R)
                                         n36744 (net)
                 26.35    0.12 1947.18 ^ u47922/C (AND3x1_ASAP7_75t_R)
     1    0.63    8.70   19.22 1966.40 ^ u47922/Y (AND3x1_ASAP7_75t_R)
                                         n36745 (net)
                  8.70    0.02 1966.42 ^ u47923/B (OR2x2_ASAP7_75t_R)
     2    2.17   10.10   15.79 1982.22 ^ u47923/Y (OR2x2_ASAP7_75t_R)
                                         n36746 (net)
                 10.10    0.14 1982.35 ^ u47924/B (NOR2x1_ASAP7_75t_R)
     3    2.15   15.50   10.79 1993.15 v u47924/Y (NOR2x1_ASAP7_75t_R)
                                         n36747 (net)
                 15.50    0.10 1993.25 v u47942/A1 (AO21x1_ASAP7_75t_R)
     3    2.62   16.66   22.53 2015.77 v u47942/Y (AO21x1_ASAP7_75t_R)
                                         n36765 (net)
                 16.66    0.17 2015.95 v u47954/A1 (OA21x2_ASAP7_75t_R)
     3    2.72   11.54   21.57 2037.52 v u47954/Y (OA21x2_ASAP7_75t_R)
                                         n36777 (net)
                 11.57    0.31 2037.84 v u47955/C (AND3x1_ASAP7_75t_R)
     1    0.90    7.05   14.03 2051.87 v u47955/Y (AND3x1_ASAP7_75t_R)
                                         n36778 (net)
                  7.06    0.07 2051.93 v u47958/A (OR2x2_ASAP7_75t_R)
     3    2.81   11.59   19.32 2071.25 v u47958/Y (OR2x2_ASAP7_75t_R)
                                         n36781 (net)
                 11.62    0.30 2071.55 v u47962/A3 (AO32x1_ASAP7_75t_R)
     3    2.74   18.58   29.49 2101.04 v u47962/Y (AO32x1_ASAP7_75t_R)
                                         n36785 (net)
                 18.59    0.17 2101.20 v u48084/A1 (AO32x1_ASAP7_75t_R)
     4    4.24   26.40   31.62 2132.83 v u48084/Y (AO32x1_ASAP7_75t_R)
                                         n36907 (net)
                 26.41    0.51 2133.34 v u48621/A1 (AO21x1_ASAP7_75t_R)
     4    3.54   21.55   27.49 2160.83 v u48621/Y (AO21x1_ASAP7_75t_R)
                                         n37441 (net)
                 21.55    0.07 2160.89 v u48622/A (AND2x2_ASAP7_75t_R)
     2    1.81    8.46   20.74 2181.63 v u48622/Y (AND2x2_ASAP7_75t_R)
                                         n37442 (net)
                  8.48    0.18 2181.81 v u48623/B (AND3x1_ASAP7_75t_R)
     2    2.57   15.41   16.53 2198.33 v u48623/Y (AND3x1_ASAP7_75t_R)
                                         n37443 (net)
                 15.42    0.28 2198.61 v u48626/A (OR2x6_ASAP7_75t_R)
     4    3.57    8.66   21.71 2220.32 v u48626/Y (OR2x6_ASAP7_75t_R)
                                         n37446 (net)
                  8.69    0.26 2220.58 v u48627/B (AND2x2_ASAP7_75t_R)
     2    1.86    8.41   15.74 2236.33 v u48627/Y (AND2x2_ASAP7_75t_R)
                                         n37447 (net)
                  8.42    0.17 2236.50 v u48629/B1 (AO221x1_ASAP7_75t_R)
     2    2.04   15.61   24.02 2260.52 v u48629/Y (AO221x1_ASAP7_75t_R)
                                         n37449 (net)
                 15.62    0.19 2260.70 v u48630/B1 (AO22x1_ASAP7_75t_R)
     1    1.21   10.51   22.63 2283.33 v u48630/Y (AO22x1_ASAP7_75t_R)
                                         n37450 (net)
                 10.51    0.09 2283.42 v u48631/B (XNOR2x2_ASAP7_75t_R)
     1    0.66    6.55   20.65 2304.06 ^ u48631/Y (XNOR2x2_ASAP7_75t_R)
                                         grp_uacc_section14_cost_core_fu_2003.uacc_section14_allocator_mul_16ns_117ns_132_7_1_U17.uacc_section14_allocator_uacc_section14_allocator_mul_16ns_117ns_132_7_1_Mul_DSP_4_U.tmp_product[129]* (net)
                  6.55    0.02 2304.09 ^ u37280/D (DFFHQNx1_ASAP7_75t_R)
                               2304.09   data arrival time

                  0.00 5000.00 5000.00   clock core_clock (rise edge)
                          0.00 5000.00   clock network delay (ideal)
                          0.00 5000.00   clock reconvergence pessimism
                               5000.00 ^ u37280/CLK (DFFHQNx1_ASAP7_75t_R)
                        -15.05 4984.95   library setup time
                               4984.95   data required time
-----------------------------------------------------------------------------
                               4984.95   data required time
                               -2304.09   data arrival time
-----------------------------------------------------------------------------
                               2680.86   slack (MET)



==========================================================================
resizer report_check_types -max_slew -max_cap -max_fanout -violators
--------------------------------------------------------------------------

==========================================================================
resizer max_slew_check_slack
--------------------------------------------------------------------------
0.6897260546684265

==========================================================================
resizer max_slew_check_limit
--------------------------------------------------------------------------
320.0

==========================================================================
resizer max_slew_check_slack_limit
--------------------------------------------------------------------------
0.0022

==========================================================================
resizer max_fanout_check_slack
--------------------------------------------------------------------------
1.0000000150474662e+30

==========================================================================
resizer max_fanout_check_limit
--------------------------------------------------------------------------
1.0000000150474662e+30

==========================================================================
resizer max_capacitance_check_slack
--------------------------------------------------------------------------
3.37312912940979

==========================================================================
resizer max_capacitance_check_limit
--------------------------------------------------------------------------
23.040000915527344

==========================================================================
resizer max_capacitance_check_slack_limit
--------------------------------------------------------------------------
0.1464

==========================================================================
resizer max_slew_violation_count
--------------------------------------------------------------------------
max slew violation count 0

==========================================================================
resizer max_fanout_violation_count
--------------------------------------------------------------------------
max fanout violation count 0

==========================================================================
resizer max_cap_violation_count
--------------------------------------------------------------------------
max cap violation count 0

==========================================================================
resizer setup_violation_count
--------------------------------------------------------------------------
setup violation count 0

==========================================================================
resizer hold_violation_count
--------------------------------------------------------------------------
hold violation count 0

==========================================================================
resizer report_checks -path_delay max reg to reg
--------------------------------------------------------------------------
Startpoint: u46635 (rising edge-triggered flip-flop clocked by core_clock)
Endpoint: u37280 (rising edge-triggered flip-flop clocked by core_clock)
Path Group: core_clock
Path Type: max

  Delay    Time   Description
---------------------------------------------------------
   0.00    0.00   clock core_clock (rise edge)
   0.00    0.00   clock network delay (ideal)
   0.00    0.00 ^ u46635/CLK (DFFHQNx1_ASAP7_75t_R)
  94.51   94.51 v u46635/QN (DFFHQNx1_ASAP7_75t_R)
  45.08  139.58 v u47486/Y (AND2x2_ASAP7_75t_R)
  26.13  165.71 ^ u47488/Y (XOR2x2_ASAP7_75t_R)
  27.53  193.24 v u47513/Y (XNOR2x2_ASAP7_75t_R)
  25.12  218.36 ^ u47529/Y (XOR2x2_ASAP7_75t_R)
  25.94  244.30 v u47530/Y (XNOR2x2_ASAP7_75t_R)
  25.38  269.68 ^ u47533/Y (XOR2x2_ASAP7_75t_R)
  26.09  295.78 ^ u47549/Y (XOR2x2_ASAP7_75t_R)
  25.87  321.65 ^ u47562/Y (XOR2x2_ASAP7_75t_R)
  26.26  347.91 ^ u47591/Y (XOR2x2_ASAP7_75t_R)
  21.32  369.23 v u47658/Y (XOR2x2_ASAP7_75t_R)
  21.77  391.00 v u47659/Y (AO22x2_ASAP7_75t_R)
  23.69  414.69 v u47661/Y (MAJx2_ASAP7_75t_R)
  23.05  437.74 v u47663/Y (AO22x2_ASAP7_75t_R)
  24.96  462.70 v u47665/Y (MAJx2_ASAP7_75t_R)
  24.88  487.58 v u47667/Y (MAJx2_ASAP7_75t_R)
  23.25  510.84 v u47669/Y (MAJx2_ASAP7_75t_R)
  21.76  532.60 v u47672/Y (XOR2x2_ASAP7_75t_R)
  16.15  548.75 v u47710/Y (AND2x4_ASAP7_75t_R)
  23.76  572.50 v u47717/Y (MAJx2_ASAP7_75t_R)
  23.88  596.38 v u47719/Y (MAJx2_ASAP7_75t_R)
  23.38  619.76 v u47721/Y (AO22x2_ASAP7_75t_R)
  24.24  644.00 v u47723/Y (MAJx2_ASAP7_75t_R)
  22.26  666.26 v u47725/Y (AO22x2_ASAP7_75t_R)
  24.11  690.37 v u47727/Y (MAJx2_ASAP7_75t_R)
  23.19  713.56 v u47729/Y (AO22x2_ASAP7_75t_R)
  23.69  737.25 v u47731/Y (MAJx2_ASAP7_75t_R)
  22.84  760.09 v u47733/Y (AO22x2_ASAP7_75t_R)
  24.31  784.40 v u47735/Y (MAJx2_ASAP7_75t_R)
  23.33  807.73 v u47737/Y (AO22x2_ASAP7_75t_R)
  23.45  831.18 v u47739/Y (MAJx2_ASAP7_75t_R)
  22.61  853.79 v u47741/Y (AO22x2_ASAP7_75t_R)
  24.10  877.89 v u47743/Y (MAJx2_ASAP7_75t_R)
  23.20  901.09 v u47745/Y (AO22x2_ASAP7_75t_R)
  24.18  925.27 v u47747/Y (MAJx2_ASAP7_75t_R)
  23.23  948.50 v u47749/Y (AO22x2_ASAP7_75t_R)
  25.15  973.65 v u47751/Y (MAJx2_ASAP7_75t_R)
  15.50  989.15 v u47752/Y (AND3x1_ASAP7_75t_R)
  19.24 1008.40 v u47755/Y (OR2x6_ASAP7_75t_R)
  15.56 1023.95 ^ u47756/Y (AOI22x1_ASAP7_75t_R)
  16.33 1040.28 ^ u47757/Y (OR3x1_ASAP7_75t_R)
  29.53 1069.82 ^ u47763/Y (AND4x1_ASAP7_75t_R)
  21.71 1091.53 ^ u47764/Y (AND2x2_ASAP7_75t_R)
  15.81 1107.34 v u47765/Y (NOR3x1_ASAP7_75t_R)
  25.41 1132.75 v u47771/Y (AO21x1_ASAP7_75t_R)
  32.79 1165.54 v u47775/Y (AO32x1_ASAP7_75t_R)
  14.81 1180.34 v u47786/Y (AND3x1_ASAP7_75t_R)
  20.39 1200.73 v u47789/Y (OR2x2_ASAP7_75t_R)
  33.39 1234.12 v u47793/Y (AO32x1_ASAP7_75t_R)
  23.24 1257.36 v u47794/Y (AO21x1_ASAP7_75t_R)
  17.08 1274.45 v u47804/Y (AND3x1_ASAP7_75t_R)
  21.75 1296.20 v u47810/Y (AO21x1_ASAP7_75t_R)
  14.99 1311.19 v u47811/Y (AND3x1_ASAP7_75t_R)
  18.32 1329.51 v u47814/Y (OR2x2_ASAP7_75t_R)
  13.54 1343.05 v u47815/Y (AND3x1_ASAP7_75t_R)
  18.97 1362.02 v u47818/Y (OR2x2_ASAP7_75t_R)
  12.56 1374.58 v u47829/Y (AND3x1_ASAP7_75t_R)
  17.87 1392.44 v u47832/Y (OR2x2_ASAP7_75t_R)
  25.09 1417.54 v u47833/Y (AO22x1_ASAP7_75t_R)
  21.46 1439.00 v u47834/Y (AO21x1_ASAP7_75t_R)
   9.85 1448.84 ^ u47835/Y (OAI21x1_ASAP7_75t_R)
  10.27 1459.11 v u47836/Y (NAND2x1_ASAP7_75t_R)
  26.71 1485.83 v u47838/Y (OA211x2_ASAP7_75t_R)
  20.67 1506.50 v u47839/Y (AO21x1_ASAP7_75t_R)
  15.32 1521.82 v u47840/Y (AND3x1_ASAP7_75t_R)
  20.37 1542.19 v u47843/Y (OR2x2_ASAP7_75t_R)
  13.98 1556.17 v u47854/Y (AND3x1_ASAP7_75t_R)
  19.88 1576.05 v u47857/Y (OR2x2_ASAP7_75t_R)
  29.24 1605.29 v u47859/Y (AO222x2_ASAP7_75t_R)
  16.56 1621.86 v u47860/Y (OA21x2_ASAP7_75t_R)
  16.48 1638.34 v u47861/Y (AND3x1_ASAP7_75t_R)
  19.82 1658.15 v u47864/Y (OR2x6_ASAP7_75t_R)
  20.73 1678.89 v u47876/Y (OA21x2_ASAP7_75t_R)
  30.95 1709.83 v u47877/Y (AO222x2_ASAP7_75t_R)
  16.14 1725.98 v u47878/Y (OA21x2_ASAP7_75t_R)
  16.02 1742.00 v u47879/Y (AND3x1_ASAP7_75t_R)
  19.74 1761.75 v u47882/Y (OR2x6_ASAP7_75t_R)
  26.18 1787.92 v u47896/Y (AO32x1_ASAP7_75t_R)
  32.08 1820.00 v u47900/Y (AO32x1_ASAP7_75t_R)
  22.60 1842.60 v u47912/Y (OA21x2_ASAP7_75t_R)
  15.52 1858.12 v u47913/Y (AND3x1_ASAP7_75t_R)
  19.35 1877.47 v u47916/Y (OR2x6_ASAP7_75t_R)
  16.31 1893.78 ^ u47918/Y (NAND2x1_ASAP7_75t_R)
  22.18 1915.96 ^ u47919/Y (AND3x1_ASAP7_75t_R)
  12.68 1928.64 v u47920/Y (NOR2x1_ASAP7_75t_R)
  18.42 1947.06 ^ u47921/Y (NAND2x1_ASAP7_75t_R)
  19.34 1966.40 ^ u47922/Y (AND3x1_ASAP7_75t_R)
  15.82 1982.22 ^ u47923/Y (OR2x2_ASAP7_75t_R)
  10.93 1993.15 v u47924/Y (NOR2x1_ASAP7_75t_R)
  22.63 2015.77 v u47942/Y (AO21x1_ASAP7_75t_R)
  21.75 2037.52 v u47954/Y (OA21x2_ASAP7_75t_R)
  14.35 2051.87 v u47955/Y (AND3x1_ASAP7_75t_R)
  19.38 2071.25 v u47958/Y (OR2x2_ASAP7_75t_R)
  29.79 2101.04 v u47962/Y (AO32x1_ASAP7_75t_R)
  31.79 2132.83 v u48084/Y (AO32x1_ASAP7_75t_R)
  28.00 2160.83 v u48621/Y (AO21x1_ASAP7_75t_R)
  20.80 2181.63 v u48622/Y (AND2x2_ASAP7_75t_R)
  16.70 2198.33 v u48623/Y (AND3x1_ASAP7_75t_R)
  21.99 2220.32 v u48626/Y (OR2x6_ASAP7_75t_R)
  16.01 2236.33 v u48627/Y (AND2x2_ASAP7_75t_R)
  24.19 2260.52 v u48629/Y (AO221x1_ASAP7_75t_R)
  22.81 2283.33 v u48630/Y (AO22x1_ASAP7_75t_R)
  20.73 2304.06 ^ u48631/Y (XNOR2x2_ASAP7_75t_R)
   0.02 2304.09 ^ u37280/D (DFFHQNx1_ASAP7_75t_R)
        2304.09   data arrival time

5000.00 5000.00   clock core_clock (rise edge)
   0.00 5000.00   clock network delay (ideal)
   0.00 5000.00   clock reconvergence pessimism
        5000.00 ^ u37280/CLK (DFFHQNx1_ASAP7_75t_R)
 -15.05 4984.95   library setup time
        4984.95   data required time
---------------------------------------------------------
        4984.95   data required time
        -2304.09   data arrival time
---------------------------------------------------------
        2680.86   slack (MET)



==========================================================================
resizer report_checks -path_delay min reg to reg
--------------------------------------------------------------------------
Startpoint: u19333 (rising edge-triggered flip-flop clocked by core_clock)
Endpoint: u14906 (rising edge-triggered flip-flop clocked by core_clock)
Path Group: core_clock
Path Type: min

  Delay    Time   Description
---------------------------------------------------------
   0.00    0.00   clock core_clock (rise edge)
   0.00    0.00   clock network delay (ideal)
   0.00    0.00 ^ u19333/CLK (DFFHQNx1_ASAP7_75t_R)
  32.91   32.91 v u19333/QN (DFFHQNx1_ASAP7_75t_R)
   0.03   32.94 v u14906/D (DFFHQNx1_ASAP7_75t_R)
          32.94   data arrival time

   0.00    0.00   clock core_clock (rise edge)
   0.00    0.00   clock network delay (ideal)
   0.00    0.00   clock reconvergence pessimism
           0.00 ^ u14906/CLK (DFFHQNx1_ASAP7_75t_R)
   7.80    7.80   library hold time
           7.80   data required time
---------------------------------------------------------
           7.80   data required time
         -32.94   data arrival time
---------------------------------------------------------
          25.15   slack (MET)



==========================================================================
resizer critical path target clock latency max path
--------------------------------------------------------------------------
0.0000

==========================================================================
resizer critical path target clock latency min path
--------------------------------------------------------------------------
0.0000

==========================================================================
resizer critical path source clock latency min path
--------------------------------------------------------------------------
0.0000

==========================================================================
resizer critical path delay
--------------------------------------------------------------------------
2304.0854

==========================================================================
resizer critical path slack
--------------------------------------------------------------------------
2680.8604

==========================================================================
resizer slack div critical path delay
--------------------------------------------------------------------------
116.352475

==========================================================================
resizer report_power
--------------------------------------------------------------------------
Group                  Internal  Switching    Leakage      Total
                          Power      Power      Power      Power (Watts)
----------------------------------------------------------------
Sequential             9.00e-03   4.03e-04   2.31e-06   9.41e-03   9.2%
Combinational          5.40e-02   3.85e-02   1.13e-05   9.25e-02  90.8%
Clock                  0.00e+00   0.00e+00   0.00e+00   0.00e+00   0.0%
Macro                  0.00e+00   0.00e+00   0.00e+00   0.00e+00   0.0%
Pad                    0.00e+00   0.00e+00   0.00e+00   0.00e+00   0.0%
----------------------------------------------------------------
Total                  6.30e-02   3.89e-02   1.36e-05   1.02e-01 100.0%
                          61.8%      38.1%       0.0%
