OpenROAD 26Q3-463-gbde79242a0 
Features included (+) or not (-): +GPU +GUI +Python
This program is licensed under the BSD-3 license. See the LICENSE file for details.
Components of this program may be licensed under more restrictive licenses which must be honored.
[INFO ORD-0030] Using 16 thread(s).
source /OpenROAD-flow-scripts/flow/platforms/asap7/liberty_suppressions.tcl
read_liberty /OpenROAD-flow-scripts/flow/platforms/asap7/lib/NLDM/asap7sc7p5t_AO_RVT_FF_nldm_211120.lib.gz
read_liberty /OpenROAD-flow-scripts/flow/platforms/asap7/lib/NLDM/asap7sc7p5t_INVBUF_RVT_FF_nldm_220122.lib.gz
read_liberty /OpenROAD-flow-scripts/flow/platforms/asap7/lib/NLDM/asap7sc7p5t_OA_RVT_FF_nldm_211120.lib.gz
read_liberty /OpenROAD-flow-scripts/flow/platforms/asap7/lib/NLDM/asap7sc7p5t_SIMPLE_RVT_FF_nldm_211120.lib.gz
read_liberty /OpenROAD-flow-scripts/flow/platforms/asap7/lib/NLDM/asap7sc7p5t_SEQ_RVT_FF_nldm_220123.lib
read_db /work/util/uacc_hw/openroad/work_precision_sweep/results/asap7/uacc_section14_allocator_precision_sweep/base/3_2_place_iop.odb
read_sdc /work/util/uacc_hw/openroad/work_precision_sweep/results/asap7/uacc_section14_allocator_precision_sweep/base/2_floorplan.sdc
source /OpenROAD-flow-scripts/flow/platforms/asap7/setRC.tcl
[INFO RSZ-0026] Removed 6165 buffers.
Perform port buffering...
[INFO RSZ-0027] Inserted 742 BUFx2_ASAP7_75t_R input buffers.
[INFO RSZ-0028] Inserted 260 BUFx2_ASAP7_75t_R output buffers.
global_placement -density 0.4 -pad_left 0 -pad_right 0 -routability_driven -timing_driven -force_center_initial_place -min_phi_coef 0.95 -max_phi_coef 1.05
[INFO GPL-0001] ---- Initialize GPL Main Data Structures
[INFO GPL-0002] DBU: 1000
[INFO GPL-0003] SiteSize: (  0.054  0.270 ) um
[INFO GPL-0004] CoreBBox: (  3.024  3.240 ) ( 275.454 275.400 ) um
[INFO GPL-0036] Movable instances area:      17340.169 um^2
[INFO GPL-0037] Total instances area:        17546.214 um^2
[INFO GPL-0035] Pin density area adjust:      1567.555 um^2
[INFO GPL-0032] ---- Initialize Region: Top-level
[INFO GPL-0006] Number of instances:            130731
[INFO GPL-0007] Movable instances:              123665
[INFO GPL-0008] Fixed instances:                  7066
[INFO GPL-0009] Dummy instances:                     0
[INFO GPL-0010] Number of nets:                 124560
[INFO GPL-0011] Number of pins:                 428034
[INFO GPL-0012] Die BBox:  (  0.000  0.000 ) ( 278.496 278.496 ) um
[INFO GPL-0013] Core BBox: (  3.024  3.240 ) ( 275.454 275.400 ) um
[INFO GPL-0016] Core area:                   74144.549 um^2
[INFO GPL-0014] Region name: top-level.
[INFO GPL-0015] Region area:                 74144.549 um^2
[INFO GPL-0017] Fixed instances area:          206.045 um^2
[INFO GPL-0018] Movable instances area:      18907.724 um^2
[INFO GPL-0019] Utilization:                    25.572 %
[INFO GPL-0020] Standard cells area:         18907.724 um^2
[INFO GPL-0021] Large instances area:            0.000 um^2
[INFO GPL-0005] ---- Execute Conjugate Gradient Initial Placement.
[INFO GPL-0051] Source of initial instance position counters:
	Odb location = 0	Core center = 123665	Region center = 0
[InitialPlace]  Iter: 1 conjugate gradient residual: 0.00485673 HPWL: 512664429
[InitialPlace]  Iter: 2 conjugate gradient residual: 0.00293170 HPWL: 296686972
[InitialPlace]  Iter: 3 conjugate gradient residual: 0.00082562 HPWL: 269021758
[InitialPlace]  Iter: 4 conjugate gradient residual: 0.00047992 HPWL: 257644255
[InitialPlace]  Iter: 5 conjugate gradient residual: 0.00047839 HPWL: 251951290
[InitialPlace]  Iter: 6 conjugate gradient residual: 0.00045309 HPWL: 248270662
[InitialPlace]  Iter: 7 conjugate gradient residual: 0.00038655 HPWL: 244877977
[InitialPlace]  Iter: 8 conjugate gradient residual: 0.00025291 HPWL: 241842876
[InitialPlace]  Iter: 9 conjugate gradient residual: 0.00023160 HPWL: 239404492
[InitialPlace]  Iter: 10 conjugate gradient residual: 0.00022362 HPWL: 237795827
[InitialPlace]  Iter: 11 conjugate gradient residual: 0.00021952 HPWL: 236589323
[InitialPlace]  Iter: 12 conjugate gradient residual: 0.00018024 HPWL: 235658333
[InitialPlace]  Iter: 13 conjugate gradient residual: 0.00018457 HPWL: 235017300
[InitialPlace]  Iter: 14 conjugate gradient residual: 0.00017035 HPWL: 234486080
[InitialPlace]  Iter: 15 conjugate gradient residual: 0.00015800 HPWL: 234097003
[InitialPlace]  Iter: 16 conjugate gradient residual: 0.00016426 HPWL: 233590245
[InitialPlace]  Iter: 17 conjugate gradient residual: 0.00015839 HPWL: 233528227
[InitialPlace]  Iter: 18 conjugate gradient residual: 0.00010969 HPWL: 233160847
[InitialPlace]  Iter: 19 conjugate gradient residual: 0.00015509 HPWL: 232672209
[InitialPlace]  Iter: 20 conjugate gradient residual: 0.00009821 HPWL: 233162791
[INFO GPL-0033] ---- Initialize Nesterov Region: Top-level
[INFO GPL-0023] Placement target density:       0.4000
[INFO GPL-0024] Movable insts average area:      0.153 um^2
[INFO GPL-0025] Ideal bin area:                  0.382 um^2
[INFO GPL-0026] Ideal bin count:                193976
[INFO GPL-0027] Total bin area:              74144.549 um^2
[INFO GPL-0028] Bin count (X, Y):         256 ,    256
[INFO GPL-0029] Bin size (W * H):       1.064 *  1.063 um
[INFO GPL-0030] Number of bins:                  65536
[INFO GPL-0084] ---- Execute Nesterov Global Placement.
[INFO GPL-0031] HPWL: Half-Perimeter Wirelength
Iteration | Overflow |     HPWL (um) |  HPWL(%) |   Penalty | Group
---------------------------------------------------------------
        0 |   0.9626 |  1.324822e+05 |   +0.00% |  3.96e-14 |      
       10 |   0.9374 |  1.607391e+05 |  +21.33% |  6.43e-14 |      
       20 |   0.9265 |  1.710806e+05 |   +6.43% |  1.05e-13 |      
       30 |   0.9214 |  1.750342e+05 |   +2.31% |  1.70e-13 |      
       40 |   0.9185 |  1.752811e+05 |   +0.14% |  2.77e-13 |      
       50 |   0.9167 |  1.753352e+05 |   +0.03% |  4.52e-13 |      
       60 |   0.9153 |  1.770944e+05 |   +1.00% |  7.36e-13 |      
       70 |   0.9147 |  1.785395e+05 |   +0.82% |  1.20e-12 |      
       80 |   0.9145 |  1.790312e+05 |   +0.28% |  1.95e-12 |      
       90 |   0.9141 |  1.792501e+05 |   +0.12% |  3.18e-12 |      
      100 |   0.9141 |  1.794931e+05 |   +0.14% |  5.18e-12 |      
      110 |   0.9133 |  1.797331e+05 |   +0.13% |  8.43e-12 |      
      120 |   0.9123 |  1.801025e+05 |   +0.21% |  1.37e-11 |      
      130 |   0.9108 |  1.807620e+05 |   +0.37% |  2.24e-11 |      
      140 |   0.9093 |  1.818869e+05 |   +0.62% |  3.64e-11 |      
      150 |   0.9070 |  1.837913e+05 |   +1.05% |  5.93e-11 |      
      160 |   0.9037 |  1.868783e+05 |   +1.68% |  9.66e-11 |      
      170 |   0.8980 |  1.922668e+05 |   +2.88% |  1.57e-10 |      
      180 |   0.8861 |  2.059754e+05 |   +7.13% |  2.56e-10 |      
      190 |   0.8685 |  2.230600e+05 |   +8.29% |  4.16e-10 |      
      200 |   0.8449 |  2.441318e+05 |   +9.45% |  6.76e-10 |      
      210 |   0.8159 |  2.676799e+05 |   +9.65% |  1.10e-09 |      
      220 |   0.7856 |  2.889082e+05 |   +7.93% |  1.78e-09 |      
      230 |   0.7556 |  3.025549e+05 |   +4.72% |  2.90e-09 |      
      240 |   0.7222 |  3.082788e+05 |   +1.89% |  4.73e-09 |      
      250 |   0.6851 |  3.240366e+05 |   +5.11% |  7.69e-09 |      
      260 |   0.6452 |  3.466023e+05 |   +6.96% |  1.25e-08 |      
[INFO GPL-0100] Timing-driven iteration 1/2, virtual: false.
[INFO GPL-0101]    Iter: 264, overflow: 0.633, keep resizer changes at: 1, HPWL: 347798363
Iteration |   Area    | Resized | Buffers | Nets repaired | Remaining
---------------------------------------------------------------------
        0 |     +0.0% |       0 |       0 |             0 |    124560
    final |     +2.0% |     364 |    1125 |           482 |         0
---------------------------------------------------------------------
[INFO RSZ-0034] Found 465 slew violations.
[INFO RSZ-0036] Found 218 capacitance violations.
[INFO RSZ-0037] Found 83 long wires.
[INFO RSZ-0039] Resized 364 instances.
[INFO RSZ-0038] Inserted 1125 buffers in 482 nets.
   Iter   |    Area   | Removed | Inserted |   Pins
          |           | Buffers | Buffers  | Remaining
-------------------------------------------------------
        0 |     +0.0% |       0 |        0 |    123651
    12300 |     -0.0% |       4 |        3 |    111351
    24600 |     -0.0% |      37 |       21 |     99051
    36900 |     -0.1% |      83 |       57 |     86751
    49200 |     -0.2% |     148 |      104 |     74451
    61500 |     -0.2% |     169 |      117 |     62151
    73800 |     -0.3% |     225 |      168 |     49851
    86100 |     -0.3% |     243 |      194 |     37551
    98400 |     -0.4% |     343 |      298 |     25251
   110700 |     -0.9% |     747 |      729 |     12951
   123000 |     -1.3% |    1120 |     1250 |       651
    final |     -1.3% |    1125 |     1255 |         0
-------------------------------------------------------
[INFO GPL-0106] Timing-driven: worst slack -1e-09
[INFO GPL-0107] Timing-driven: repair_design delta area: 133.516 um^2 (+0.71%)
[INFO GPL-0108] Timing-driven: repair_design, gpl delta gcells: 1255 (+1.01%)
[INFO GPL-0109] Timing-driven: repair_design, gcells created: 2380, deleted: 1125
[INFO GPL-0110] Timing-driven: new target density: 0.40180576
Iteration | Overflow |     HPWL (um) |  HPWL(%) |   Penalty | Group
---------------------------------------------------------------
      270 |   0.6070 |  3.776645e+05 |   +8.96% |  2.03e-08 |      
[INFO GPL-0038] Routability snapshot saved at iter = 274
      273 |   0.5973 |  3.835306e+05 |          |           |      
      280 |   0.5790 |  3.957574e+05 |   +4.79% |  3.29e-08 |      
      290 |   0.5403 |  3.945334e+05 |   -0.31% |  5.36e-08 |      
      300 |   0.4920 |  3.920483e+05 |   -0.63% |  8.73e-08 |      
      310 |   0.4519 |  3.980115e+05 |   +1.52% |  1.42e-07 |      
      320 |   0.4135 |  3.943690e+05 |   -0.92% |  2.32e-07 |      
      330 |   0.3739 |  3.957101e+05 |   +0.34% |  3.77e-07 |      
      340 |   0.3326 |  3.926434e+05 |   -0.77% |  5.96e-07 |      
      350 |   0.3030 |  3.890251e+05 |   -0.92% |  8.78e-07 |      
[INFO GPL-0040] Routability iteration: 1
[WARNING GRT-0281] Net ap_clk has a large fanout of 16248 terminals.
[INFO GPL-0041] Total routing overflow: 0.0000
[INFO GPL-0042] Number of overflowed tiles: 0 (0.00%)
[INFO GPL-0043] Average top 0.5% routing congestion: 0.6770
[INFO GPL-0044] Average top 1.0% routing congestion: 0.6435
[INFO GPL-0045] Average top 2.0% routing congestion: 0.6109
[INFO GPL-0046] Average top 5.0% routing congestion: 0.5669
[INFO GPL-0047] Routability iteration weighted routing congestion: 0.6603
[INFO GPL-0050] Weighted routing congestion is lower than target routing congestion(1.0100), end routability optimization.
[INFO GPL-0090] Routability finished. Target routing congestion achieved succesfully.
Iteration | Overflow |     HPWL (um) |  HPWL(%) |   Penalty | Group
---------------------------------------------------------------
      360 |   0.2735 |  3.847646e+05 |   -1.10% |  1.29e-06 |      
      370 |   0.2441 |  3.817155e+05 |   -0.79% |  1.90e-06 |      
      380 |   0.2182 |  3.782648e+05 |   -0.90% |  2.81e-06 |      
[INFO GPL-0100] Timing-driven iteration 2/2, virtual: false.
[INFO GPL-0101]    Iter: 390, overflow: 0.195, keep resizer changes at: 1, HPWL: 375976865
Iteration |   Area    | Resized | Buffers | Nets repaired | Remaining
---------------------------------------------------------------------
        0 |     +0.0% |       0 |       0 |             0 |    125815
    final |     +0.2% |       0 |     116 |            94 |         0
---------------------------------------------------------------------
[INFO RSZ-0034] Found 52 slew violations.
[INFO RSZ-0036] Found 2 capacitance violations.
[INFO RSZ-0037] Found 51 long wires.
[INFO RSZ-0038] Inserted 116 buffers in 94 nets.
   Iter   |    Area   | Removed | Inserted |   Pins
          |           | Buffers | Buffers  | Remaining
-------------------------------------------------------
        0 |     +0.0% |       0 |        0 |    123651
    12300 |     +0.0% |       3 |        3 |    111351
    24600 |     +0.0% |      21 |       39 |     99051
    36900 |     +0.0% |      61 |      118 |     86751
    49200 |     +0.0% |     129 |      186 |     74451
    61500 |     +0.0% |     146 |      204 |     62151
    73800 |     +0.0% |     201 |      292 |     49851
    86100 |     +0.0% |     231 |      333 |     37551
    98400 |     +0.0% |     343 |      471 |     25251
   110700 |     +0.2% |     803 |     1286 |     12951
   123000 |     +0.4% |    1365 |     2235 |       651
    final |     +0.4% |    1371 |     2240 |         0
-------------------------------------------------------
[INFO GPL-0106] Timing-driven: worst slack -1e-09
[INFO GPL-0107] Timing-driven: repair_design delta area: 98.765 um^2 (+0.52%)
[INFO GPL-0108] Timing-driven: repair_design, gpl delta gcells: 985 (+0.79%)
[INFO GPL-0109] Timing-driven: repair_design, gcells created: 2356, deleted: 1371
[INFO GPL-0110] Timing-driven: new target density: 0.40314153
Iteration | Overflow |     HPWL (um) |  HPWL(%) |   Penalty | Group
---------------------------------------------------------------
      390 |   0.1935 |  4.287481e+05 |  +13.35% |  4.13e-06 |      
      400 |   0.1664 |  4.209089e+05 |   -1.83% |  6.06e-06 |      
      410 |   0.1456 |  4.156458e+05 |   -1.25% |  8.93e-06 |      
      420 |   0.1253 |  4.119581e+05 |   -0.89% |  1.32e-05 |      
      430 |   0.1066 |  4.092924e+05 |   -0.65% |  1.94e-05 |      
      435 |   0.0987 |  4.083219e+05 |          |  2.44e-05 |      
---------------------------------------------------------------
[INFO GPL-1001] Global placement finished at iteration 435
[INFO GPL-1017] Routability mode iteration count: 77
[INFO GPL-1005] Routability final weighted congestion: 0.6207
[INFO GPL-1002] Placed Cell Area            19140.0044
[INFO GPL-1003] Available Free Area         73938.5042
[INFO GPL-1004] Minimum Feasible Density        0.2600 (cell_area / free_area)
[INFO GPL-1006]   Suggested Target Densities:
[INFO GPL-1007]     - For 90% usage of free space: 0.2876
[INFO GPL-1008]     - For 80% usage of free space: 0.3236
[INFO GPL-1009]     - For 50% usage of free space: 0.5177
[INFO GPL-1011] Original area (um^2): 18907.72
[INFO GPL-1012] Total routability artificial inflation: 0.00 (+0.00%)
[INFO GPL-1013] Total timing-driven delta area: 232.28 (+1.23%)
[INFO GPL-1014] Final placement area: 19140.00 (+1.23%)
Took 209 seconds: global_placement -density 0.4 -pad_left 0 -pad_right 0 -routability_driven -timing_driven -force_center_initial_place -min_phi_coef 0.95 -max_phi_coef 1.05
estimate_parasitics -placement
Report metrics stage 3, global place...

==========================================================================
global place report_design_area
--------------------------------------------------------------------------
Design area 17772 um^2 24% utilization.
write_db /work/util/uacc_hw/openroad/work_precision_sweep/results/asap7/uacc_section14_allocator_precision_sweep/base/3_3_place_gp.odb
Elapsed time: 3:38.02[h:]min:sec. CPU time: user 1717.46 sys 110.86 (838%). Peak memory: 1883092KB.
Log                       Ext     Elapsed/s Peak Memory/MB sha1sum result [0:20)
3_3_place_gp              .odb          218           1838 55023685ba9483f54093
