OpenROAD 26Q3-463-gbde79242a0 
Features included (+) or not (-): +GPU +GUI +Python
This program is licensed under the BSD-3 license. See the LICENSE file for details.
Components of this program may be licensed under more restrictive licenses which must be honored.
[INFO ORD-0030] Using 16 thread(s).
source /OpenROAD-flow-scripts/flow/platforms/asap7/liberty_suppressions.tcl
read_liberty /OpenROAD-flow-scripts/flow/platforms/asap7/lib/NLDM/asap7sc7p5t_AO_RVT_FF_nldm_211120.lib.gz
read_liberty /OpenROAD-flow-scripts/flow/platforms/asap7/lib/NLDM/asap7sc7p5t_INVBUF_RVT_FF_nldm_220122.lib.gz
read_liberty /OpenROAD-flow-scripts/flow/platforms/asap7/lib/NLDM/asap7sc7p5t_OA_RVT_FF_nldm_211120.lib.gz
read_liberty /OpenROAD-flow-scripts/flow/platforms/asap7/lib/NLDM/asap7sc7p5t_SIMPLE_RVT_FF_nldm_211120.lib.gz
read_liberty /OpenROAD-flow-scripts/flow/platforms/asap7/lib/NLDM/asap7sc7p5t_SEQ_RVT_FF_nldm_220123.lib
read_db /work/util/uacc_hw/openroad/work_precision_sweep/results/asap7/uacc_section14_allocator_precision_sweep/base/4_cts.odb
read_sdc /work/util/uacc_hw/openroad/work_precision_sweep/results/asap7/uacc_section14_allocator_precision_sweep/base/4_cts.sdc
source /OpenROAD-flow-scripts/flow/platforms/asap7/setRC.tcl
pin_access
[INFO DRT-0149] Reading tech and libs.

Units:                1000
Number of layers:     21
Number of macros:     212
Number of vias:       14
Number of viarulegen: 11

[INFO DRT-0150] Reading design.
[WARNING DRT-0120] Large net net9866 has 106 pins which may impact routing performance. Consider optimization.

Design:                   uacc_section14_allocator_uacc_section14_allocator
Die area:                 ( 0 0 ) ( 278496 278496 )
Number of track patterns: 32
Number of DEF vias:       0
Number of components:     134735
Number of terminals:      1171
Number of snets:          2
Number of nets:           127774

[INFO DRT-0167] List of default vias:
  Layer V2
    default via: VIA23
  Layer V3
    default via: VIA34
  Layer V4
    default via: VIA45
  Layer V5
    default via: VIA56
  Layer V6
    default via: VIA67
  Layer V7
    default via: VIA78
  Layer V8
    default via: VIA89
  Layer V9
    default via: VIA9Pad
[INFO DRT-0162] Library cell analysis.
[INFO DRT-0163] Instance analysis.
  Complete 100000 instances.
[INFO DRT-0164] Number of unique instances = 281.
[INFO DRT-0168] Init region query.
[INFO DRT-0018]   Complete 100000 insts.
[INFO DRT-0024]   Complete Active.
[INFO DRT-0024]   Complete V0.
[INFO DRT-0024]   Complete M1.
[INFO DRT-0024]   Complete V1.
[INFO DRT-0024]   Complete M2.
[INFO DRT-0024]   Complete V2.
[INFO DRT-0024]   Complete M3.
[INFO DRT-0024]   Complete V3.
[INFO DRT-0024]   Complete M4.
[INFO DRT-0024]   Complete V4.
[INFO DRT-0024]   Complete M5.
[INFO DRT-0024]   Complete V5.
[INFO DRT-0024]   Complete M6.
[INFO DRT-0024]   Complete V6.
[INFO DRT-0024]   Complete M7.
[INFO DRT-0024]   Complete V7.
[INFO DRT-0024]   Complete M8.
[INFO DRT-0024]   Complete V8.
[INFO DRT-0024]   Complete M9.
[INFO DRT-0024]   Complete V9.
[INFO DRT-0024]   Complete Pad.
[INFO DRT-0033] Active shape region query size = 0.
[INFO DRT-0033] V0 shape region query size = 0.
[INFO DRT-0033] M1 shape region query size = 2707129.
[INFO DRT-0033] V1 shape region query size = 7781350.
[INFO DRT-0033] M2 shape region query size = 102230.
[INFO DRT-0033] V2 shape region query size = 154377.
[INFO DRT-0033] M3 shape region query size = 154377.
[INFO DRT-0033] V3 shape region query size = 102918.
[INFO DRT-0033] M4 shape region query size = 103281.
[INFO DRT-0033] V4 shape region query size = 102918.
[INFO DRT-0033] M5 shape region query size = 57569.
[INFO DRT-0033] V5 shape region query size = 10404.
[INFO DRT-0033] M6 shape region query size = 5406.
[INFO DRT-0033] V6 shape region query size = 0.
[INFO DRT-0033] M7 shape region query size = 0.
[INFO DRT-0033] V7 shape region query size = 0.
[INFO DRT-0033] M8 shape region query size = 0.
[INFO DRT-0033] V8 shape region query size = 0.
[INFO DRT-0033] M9 shape region query size = 0.
[INFO DRT-0033] V9 shape region query size = 0.
[INFO DRT-0033] Pad shape region query size = 0.
[INFO DRT-0165] Start pin access.
[INFO DRT-0076]   Complete 1000 pins.
[INFO DRT-0078]   Complete 1546 pins.
[INFO DRT-0079]   Complete 100 unique inst patterns.
[INFO DRT-0079]   Complete 200 unique inst patterns.
[INFO DRT-0081]   Complete 281 unique inst patterns.
[INFO DRT-0082]   Complete 10000 groups.
[INFO DRT-0082]   Complete 20000 groups.
[INFO DRT-0082]   Complete 30000 groups.
[INFO DRT-0082]   Complete 40000 groups.
[INFO DRT-0082]   Complete 50000 groups.
[INFO DRT-0082]   Complete 60000 groups.
[INFO DRT-0082]   Complete 70000 groups.
[INFO DRT-0082]   Complete 80000 groups.
[INFO DRT-0082]   Complete 90000 groups.
[INFO DRT-0084]   Complete 96039 groups.
#scanned instances     = 134735
#unique  instances     = 281
#stdCellGenAp          = 7925
#stdCellValidPlanarAp  = 22
#stdCellValidViaAp     = 6367
#stdCellPinNoAp        = 0
#stdCellPinCnt         = 434069
#instTermValidViaApCnt = 0
#macroGenAp            = 0
#macroValidPlanarAp    = 0
#macroValidViaAp       = 0
#macroNoAp             = 0
[INFO DRT-0166] Complete pin access.
[INFO DRT-0267] cpu time = 00:23:00, elapsed time = 00:02:33, memory = 966.11 (MB), peak = 1225.12 (MB)
Took 156 seconds: pin_access
global_route -congestion_report_file /work/util/uacc_hw/openroad/work_precision_sweep/reports/asap7/uacc_section14_allocator_precision_sweep/base/congestion.rpt -congestion_iterations 30 -congestion_report_iter_step 5 -verbose -resistance_aware
[INFO GRT-0020] Min routing layer: M2
[INFO GRT-0021] Max routing layer: M7
[INFO GRT-0022] Global adjustment: 0%
[INFO GRT-0023] Grid origin: (0, 0)
[INFO GRT-0088] Layer M1      Track-Pitch = 0.0360  line-2-Via Pitch: 0.0360
[INFO GRT-0088] Layer M2      Track-Pitch = 0.0390  line-2-Via Pitch: 0.0360
[INFO GRT-0088] Layer M3      Track-Pitch = 0.0360  line-2-Via Pitch: 0.0360
[INFO GRT-0088] Layer M4      Track-Pitch = 0.0480  line-2-Via Pitch: 0.0480
[INFO GRT-0088] Layer M5      Track-Pitch = 0.0480  line-2-Via Pitch: 0.0480
[INFO GRT-0088] Layer M6      Track-Pitch = 0.0640  line-2-Via Pitch: 0.0640
[INFO GRT-0088] Layer M7      Track-Pitch = 0.0640  line-2-Via Pitch: 0.0640
[INFO GRT-0003] Macros: 0
[INFO GRT-0004] Blockages: 48741
[INFO GRT-0019] Found 969 clock nets.
[INFO GRT-0001] Minimum degree: 2
[INFO GRT-0002] Maximum degree: 106

[INFO GRT-0053] Routing resources analysis:
          Routing      Original      Derated      Resource
Layer     Direction    Resources     Resources    Reduction (%)
---------------------------------------------------------------
M1         Vertical            0             0          0.00%
M2         Horizontal    2916969       2101046          27.97%
M3         Vertical      3616386       2685782          25.73%
M4         Horizontal    2771412       2057938          25.74%
M5         Vertical      2674049       1982061          25.88%
M6         Horizontal    1863216       1260106          32.37%
M7         Vertical      2119424       1427884          32.63%
---------------------------------------------------------------

[INFO GRT-0197] Via related to pin nodes: 854728
[INFO GRT-0198] Via related Steiner nodes: 23558
[INFO GRT-0199] Via filling finished.
[INFO GRT-0111] Final number of vias: 1118308
[INFO GRT-0112] Final usage 3D: 4352105

[INFO GRT-0096] Final congestion report:
Layer         Resource        Demand        Usage (%)    Max H / Max V / Total Congestion
---------------------------------------------------------------------------------------
M1                   0             0            0.00%             0 /  0 /  0
M2             2101046        416222           19.81%             0 /  0 /  0
M3             2685782        467363           17.40%             0 /  0 /  0
M4             2057938         47944            2.33%             0 /  0 /  0
M5             1982061         28230            1.42%             0 /  0 /  0
M6             1260106         21060            1.67%             0 /  0 /  0
M7             1427884         16362            1.15%             0 /  0 /  0
---------------------------------------------------------------------------------------
Total         11514817        997181            8.66%             0 /  0 /  0

[INFO GRT-0018] Total wirelength: 7689550 um
[INFO GRT-0014] Routed nets: 127622
[INFO GRT-0303] Global routing runtime = 00:01:10
Took 73 seconds: global_route -congestion_report_file /work/util/uacc_hw/openroad/work_precision_sweep/reports/asap7/uacc_section14_allocator_precision_sweep/base/congestion.rpt -congestion_iterations 30 -congestion_report_iter_step 5 -verbose -resistance_aware
estimate_parasitics -global_routing
Took 5 seconds: estimate_parasitics -global_routing
Perform buffer insertion and gate resizing...
repair_design -verbose
Iteration |   Area    | Resized | Buffers | Nets repaired | Remaining
---------------------------------------------------------------------
        0 |     +0.0% |       0 |       0 |             0 |    128564
     1000 |     +0.0% |       0 |       0 |             0 |    127564
     2000 |     +0.0% |       0 |       0 |             0 |    126564
     3000 |     +0.0% |       0 |       0 |             0 |    125564
     4000 |     +0.0% |       0 |       0 |             0 |    124564
     5000 |     +0.0% |       0 |       0 |             0 |    123564
     6000 |     +0.0% |       0 |       0 |             0 |    122564
     7000 |     +0.0% |       0 |       0 |             0 |    121564
     8000 |     +0.0% |       0 |       0 |             0 |    120564
     9000 |     +0.0% |       0 |       0 |             0 |    119564
    10000 |     +0.0% |       0 |       0 |             0 |    118564
    11000 |     +0.0% |       0 |       0 |             0 |    117564
    12000 |     +0.0% |       0 |       0 |             0 |    116564
    13000 |     +0.0% |       0 |       0 |             0 |    115564
    14000 |     +0.0% |       0 |       0 |             0 |    114564
    15000 |     +0.0% |       0 |       0 |             0 |    113564
    16000 |     +0.0% |       0 |       0 |             0 |    112564
    17000 |     +0.0% |       0 |       0 |             0 |    111564
    18000 |     +0.0% |       0 |       0 |             0 |    110564
    19000 |     +0.0% |       0 |       0 |             0 |    109564
    20000 |     +0.0% |       0 |       0 |             0 |    108564
    21000 |     +0.0% |       0 |       0 |             0 |    107564
    22000 |     +0.0% |       0 |       0 |             0 |    106564
    23000 |     +0.0% |       0 |       0 |             0 |    105564
    24000 |     +0.0% |       0 |       0 |             0 |    104564
    25000 |     +0.0% |       0 |       0 |             0 |    103564
    26000 |     +0.0% |       0 |       0 |             0 |    102564
    27000 |     +0.0% |       0 |       0 |             0 |    101564
    28000 |     +0.0% |       0 |       0 |             0 |    100564
    29000 |     +0.0% |       0 |       0 |             0 |     99564
    30000 |     +0.0% |       0 |       0 |             0 |     98564
    31000 |     +0.0% |       0 |       0 |             0 |     97564
    32000 |     +0.0% |       0 |       0 |             0 |     96564
    33000 |     +0.0% |       0 |       0 |             0 |     95564
    34000 |     +0.0% |       0 |       0 |             0 |     94564
    35000 |     +0.0% |       0 |       0 |             0 |     93564
    36000 |     +0.0% |       0 |       0 |             0 |     92564
    37000 |     +0.0% |       0 |       0 |             0 |     91564
    38000 |     +0.0% |       0 |       0 |             0 |     90564
    39000 |     +0.0% |       0 |       0 |             0 |     89564
    40000 |     +0.0% |       0 |       0 |             0 |     88564
    41000 |     +0.0% |       0 |       0 |             0 |     87564
    42000 |     +0.0% |       0 |       0 |             0 |     86564
    43000 |     +0.0% |       0 |       0 |             0 |     85564
    44000 |     +0.0% |       0 |       0 |             0 |     84564
    45000 |     +0.0% |       0 |       0 |             0 |     83564
    46000 |     +0.0% |       0 |       0 |             0 |     82564
    47000 |     +0.0% |       0 |       0 |             0 |     81564
    48000 |     +0.0% |       0 |       0 |             0 |     80564
    49000 |     +0.0% |       0 |       0 |             0 |     79564
    50000 |     +0.0% |       0 |       0 |             0 |     78564
    51000 |     +0.0% |       0 |       0 |             0 |     77564
    52000 |     +0.0% |       0 |       0 |             0 |     76564
    53000 |     +0.0% |       0 |       0 |             0 |     75564
    54000 |     +0.0% |       0 |       0 |             0 |     74564
    55000 |     +0.0% |       0 |       0 |             0 |     73564
    56000 |     +0.0% |       0 |       0 |             0 |     72564
    57000 |     +0.0% |       0 |       0 |             0 |     71564
    58000 |     +0.0% |       0 |       0 |             0 |     70564
    59000 |     +0.0% |       0 |       0 |             0 |     69564
    60000 |     +0.0% |       0 |       0 |             0 |     68564
    61000 |     +0.0% |       0 |       0 |             0 |     67564
    62000 |     +0.0% |       0 |       0 |             0 |     66564
    63000 |     +0.0% |       0 |       0 |             0 |     65564
    64000 |     +0.0% |       0 |       0 |             0 |     64564
    65000 |     +0.0% |       0 |       0 |             0 |     63564
    66000 |     +0.0% |       0 |       0 |             0 |     62564
    67000 |     +0.0% |       0 |       0 |             0 |     61564
    68000 |     +0.0% |       0 |       0 |             0 |     60564
    69000 |     +0.0% |       0 |       0 |             0 |     59564
    70000 |     +0.0% |       0 |       0 |             0 |     58564
    71000 |     +0.0% |       0 |       0 |             0 |     57564
    72000 |     +0.0% |       0 |       0 |             0 |     56564
    73000 |     +0.0% |       0 |       0 |             0 |     55564
    74000 |     +0.0% |       0 |       0 |             0 |     54564
    75000 |     +0.0% |       0 |       0 |             0 |     53564
    76000 |     +0.0% |       0 |       0 |             0 |     52564
    77000 |     +0.0% |       0 |       0 |             0 |     51564
    78000 |     +0.0% |       0 |       0 |             0 |     50564
    79000 |     +0.0% |       0 |       0 |             0 |     49564
    80000 |     +0.0% |       0 |       0 |             0 |     48564
    81000 |     +0.0% |       0 |       0 |             0 |     47564
    82000 |     +0.0% |       0 |       0 |             0 |     46564
    83000 |     +0.0% |       0 |       0 |             0 |     45564
    84000 |     +0.0% |       0 |       0 |             0 |     44564
    85000 |     +0.0% |       0 |       0 |             0 |     43564
    86000 |     +0.0% |       0 |       0 |             0 |     42564
    87000 |     +0.0% |       0 |       0 |             0 |     41564
    88000 |     +0.0% |       0 |       0 |             0 |     40564
    89000 |     +0.0% |       0 |       0 |             0 |     39564
    90000 |     +0.0% |       0 |       0 |             0 |     38564
    91000 |     +0.0% |       0 |       0 |             0 |     37564
    92000 |     +0.0% |       0 |       0 |             0 |     36564
    93000 |     +0.0% |       0 |       0 |             0 |     35564
    94000 |     +0.0% |       0 |       0 |             0 |     34564
    95000 |     +0.0% |       0 |       0 |             0 |     33564
    96000 |     +0.0% |       0 |       0 |             0 |     32564
    97000 |     +0.0% |       0 |       0 |             0 |     31564
    98000 |     +0.0% |       0 |       0 |             0 |     30564
    99000 |     +0.0% |       0 |       0 |             0 |     29564
   100000 |     +0.0% |       0 |       0 |             0 |     28564
   101000 |     +0.0% |       0 |       0 |             0 |     27564
   102000 |     +0.0% |       0 |       0 |             0 |     26564
   103000 |     +0.0% |       0 |       0 |             0 |     25564
   104000 |     +0.0% |       0 |       0 |             0 |     24564
   105000 |     +0.0% |       0 |       0 |             0 |     23564
   106000 |     +0.0% |       0 |       0 |             0 |     22564
   107000 |     +0.0% |       0 |       0 |             0 |     21564
   108000 |     +0.0% |       0 |       0 |             0 |     20564
   109000 |     +0.0% |       0 |       0 |             0 |     19564
   110000 |     +0.0% |       0 |       0 |             0 |     18564
   111000 |     +0.0% |       0 |       0 |             0 |     17564
   112000 |     +0.0% |       0 |       0 |             0 |     16564
   113000 |     +0.0% |       0 |       0 |             0 |     15564
   114000 |     +0.0% |       0 |       0 |             0 |     14564
   115000 |     +0.0% |       0 |       0 |             0 |     13564
   116000 |     +0.0% |       0 |       0 |             0 |     12564
   117000 |     +0.0% |       0 |       0 |             0 |     11564
   118000 |     +0.0% |       0 |       0 |             0 |     10564
   119000 |     +0.0% |       0 |       0 |             0 |      9564
   120000 |     +0.0% |       0 |       0 |             0 |      8564
   121000 |     +0.0% |       0 |       0 |             0 |      7564
   122000 |     +0.0% |       0 |       0 |             0 |      6564
   123000 |     +0.0% |       0 |       0 |             0 |      5564
   124000 |     +0.0% |       0 |       0 |             0 |      4564
   125000 |     +0.0% |       0 |       0 |             0 |      3564
   126000 |     +0.0% |       0 |       0 |             0 |      2564
   127000 |     +0.0% |       0 |       0 |             0 |      1564
[WARNING RSZ-0104] Net updated_ca2_q_q0[7] only has one pin. Check if it is intended to be dangling.
[WARNING RSZ-0104] Net updated_ca2_q_q0[6] only has one pin. Check if it is intended to be dangling.
[WARNING RSZ-0104] Net updated_ca2_q_q0[5] only has one pin. Check if it is intended to be dangling.
[WARNING RSZ-0104] Net updated_beta_q_q0[7] only has one pin. Check if it is intended to be dangling.
[WARNING RSZ-0104] Net updated_beta_q_q0[6] only has one pin. Check if it is intended to be dangling.
[WARNING RSZ-0104] Net updated_beta_q_q0[5] only has one pin. Check if it is intended to be dangling.
[WARNING RSZ-0104] Net service_square_q0[63] only has one pin. Check if it is intended to be dangling.
[WARNING RSZ-0104] Net service_square_q0[62] only has one pin. Check if it is intended to be dangling.
[WARNING RSZ-0104] Net service_square_q0[61] only has one pin. Check if it is intended to be dangling.
[WARNING RSZ-0104] Net service_square_q0[60] only has one pin. Check if it is intended to be dangling.
[WARNING RSZ-0104] Net service_square_q0[59] only has one pin. Check if it is intended to be dangling.
[WARNING RSZ-0104] Net service_square_q0[58] only has one pin. Check if it is intended to be dangling.
[WARNING RSZ-0104] Net service_square_q0[57] only has one pin. Check if it is intended to be dangling.
[WARNING RSZ-0104] Net service_square_q0[56] only has one pin. Check if it is intended to be dangling.
[WARNING RSZ-0104] Net service_square_q0[55] only has one pin. Check if it is intended to be dangling.
[WARNING RSZ-0104] Net service_square_q0[54] only has one pin. Check if it is intended to be dangling.
[WARNING RSZ-0104] Net service_square_q0[53] only has one pin. Check if it is intended to be dangling.
[WARNING RSZ-0104] Net service_square_q0[52] only has one pin. Check if it is intended to be dangling.
[WARNING RSZ-0104] Net service_square_q0[51] only has one pin. Check if it is intended to be dangling.
[WARNING RSZ-0104] Net service_square_q0[50] only has one pin. Check if it is intended to be dangling.
[WARNING RSZ-0104] Net service_square_q0[49] only has one pin. Check if it is intended to be dangling.
[WARNING RSZ-0104] Net service_square_q0[48] only has one pin. Check if it is intended to be dangling.
[WARNING RSZ-0104] Net service_cycles_q0[31] only has one pin. Check if it is intended to be dangling.
[WARNING RSZ-0104] Net service_cycles_q0[30] only has one pin. Check if it is intended to be dangling.
[WARNING RSZ-0104] Net service_cycles_q0[29] only has one pin. Check if it is intended to be dangling.
[WARNING RSZ-0104] Net service_cycles_q0[28] only has one pin. Check if it is intended to be dangling.
[WARNING RSZ-0104] Net service_cycles_q0[27] only has one pin. Check if it is intended to be dangling.
[WARNING RSZ-0104] Net service_cycles_q0[26] only has one pin. Check if it is intended to be dangling.
[WARNING RSZ-0104] Net service_cycles_q0[25] only has one pin. Check if it is intended to be dangling.
[WARNING RSZ-0104] Net service_cycles_q0[24] only has one pin. Check if it is intended to be dangling.
[WARNING RSZ-0104] Net previous_ca2_q_q0[7] only has one pin. Check if it is intended to be dangling.
[WARNING RSZ-0104] Net previous_ca2_q_q0[6] only has one pin. Check if it is intended to be dangling.
[WARNING RSZ-0104] Net previous_ca2_q_q0[5] only has one pin. Check if it is intended to be dangling.
[WARNING RSZ-0104] Net previous_beta_q_q0[7] only has one pin. Check if it is intended to be dangling.
[WARNING RSZ-0104] Net previous_beta_q_q0[6] only has one pin. Check if it is intended to be dangling.
[WARNING RSZ-0104] Net previous_beta_q_q0[5] only has one pin. Check if it is intended to be dangling.
[WARNING RSZ-0104] Net lookahead_delta_q0[7] only has one pin. Check if it is intended to be dangling.
[WARNING RSZ-0104] Net lookahead_delta_q0[6] only has one pin. Check if it is intended to be dangling.
[WARNING RSZ-0104] Net lookahead_delta_q0[5] only has one pin. Check if it is intended to be dangling.
[WARNING RSZ-0104] Net lookahead_delta_q0[4] only has one pin. Check if it is intended to be dangling.
   128000 |     +0.0% |       0 |       0 |             0 |       564
[WARNING RSZ-0104] Net interarrival_square_sum_q0[99] only has one pin. Check if it is intended to be dangling.
[WARNING RSZ-0104] Net interarrival_square_sum_q0[98] only has one pin. Check if it is intended to be dangling.
[WARNING RSZ-0104] Net interarrival_square_sum_q0[97] only has one pin. Check if it is intended to be dangling.
[WARNING RSZ-0104] Net interarrival_square_sum_q0[96] only has one pin. Check if it is intended to be dangling.
[WARNING RSZ-0104] Net interarrival_square_sum_q0[127] only has one pin. Check if it is intended to be dangling.
[WARNING RSZ-0104] Net interarrival_square_sum_q0[126] only has one pin. Check if it is intended to be dangling.
[WARNING RSZ-0104] Net interarrival_square_sum_q0[125] only has one pin. Check if it is intended to be dangling.
[WARNING RSZ-0104] Net interarrival_square_sum_q0[124] only has one pin. Check if it is intended to be dangling.
[WARNING RSZ-0104] Net interarrival_square_sum_q0[123] only has one pin. Check if it is intended to be dangling.
[WARNING RSZ-0104] Net interarrival_square_sum_q0[122] only has one pin. Check if it is intended to be dangling.
[WARNING RSZ-0104] Net interarrival_square_sum_q0[121] only has one pin. Check if it is intended to be dangling.
[WARNING RSZ-0104] Net interarrival_square_sum_q0[120] only has one pin. Check if it is intended to be dangling.
[WARNING RSZ-0104] Net interarrival_square_sum_q0[119] only has one pin. Check if it is intended to be dangling.
[WARNING RSZ-0104] Net interarrival_square_sum_q0[118] only has one pin. Check if it is intended to be dangling.
[WARNING RSZ-0104] Net interarrival_square_sum_q0[117] only has one pin. Check if it is intended to be dangling.
[WARNING RSZ-0104] Net interarrival_square_sum_q0[116] only has one pin. Check if it is intended to be dangling.
[WARNING RSZ-0104] Net interarrival_square_sum_q0[115] only has one pin. Check if it is intended to be dangling.
[WARNING RSZ-0104] Net interarrival_square_sum_q0[114] only has one pin. Check if it is intended to be dangling.
[WARNING RSZ-0104] Net interarrival_square_sum_q0[113] only has one pin. Check if it is intended to be dangling.
[WARNING RSZ-0104] Net interarrival_square_sum_q0[112] only has one pin. Check if it is intended to be dangling.
[WARNING RSZ-0104] Net interarrival_square_sum_q0[111] only has one pin. Check if it is intended to be dangling.
[WARNING RSZ-0104] Net interarrival_square_sum_q0[110] only has one pin. Check if it is intended to be dangling.
[WARNING RSZ-0104] Net interarrival_square_sum_q0[109] only has one pin. Check if it is intended to be dangling.
[WARNING RSZ-0104] Net interarrival_square_sum_q0[108] only has one pin. Check if it is intended to be dangling.
[WARNING RSZ-0104] Net interarrival_square_sum_q0[107] only has one pin. Check if it is intended to be dangling.
[WARNING RSZ-0104] Net interarrival_square_sum_q0[106] only has one pin. Check if it is intended to be dangling.
[WARNING RSZ-0104] Net interarrival_square_sum_q0[105] only has one pin. Check if it is intended to be dangling.
[WARNING RSZ-0104] Net interarrival_square_sum_q0[104] only has one pin. Check if it is intended to be dangling.
[WARNING RSZ-0104] Net interarrival_square_sum_q0[103] only has one pin. Check if it is intended to be dangling.
[WARNING RSZ-0104] Net interarrival_square_sum_q0[102] only has one pin. Check if it is intended to be dangling.
[WARNING RSZ-0104] Net interarrival_square_sum_q0[101] only has one pin. Check if it is intended to be dangling.
[WARNING RSZ-0104] Net interarrival_square_sum_q0[100] only has one pin. Check if it is intended to be dangling.
[WARNING RSZ-0104] Net fixed_latency_q_q0[63] only has one pin. Check if it is intended to be dangling.
[WARNING RSZ-0104] Net fixed_latency_q_q0[62] only has one pin. Check if it is intended to be dangling.
[WARNING RSZ-0104] Net fixed_latency_q_q0[61] only has one pin. Check if it is intended to be dangling.
[WARNING RSZ-0104] Net fixed_latency_q_q0[60] only has one pin. Check if it is intended to be dangling.
[WARNING RSZ-0104] Net fixed_latency_q_q0[59] only has one pin. Check if it is intended to be dangling.
[WARNING RSZ-0104] Net fixed_latency_q_q0[58] only has one pin. Check if it is intended to be dangling.
[WARNING RSZ-0104] Net fixed_latency_q_q0[57] only has one pin. Check if it is intended to be dangling.
[WARNING RSZ-0104] Net fixed_latency_q_q0[56] only has one pin. Check if it is intended to be dangling.
[WARNING RSZ-0104] Net fixed_latency_q_q0[55] only has one pin. Check if it is intended to be dangling.
[WARNING RSZ-0104] Net fixed_latency_q_q0[54] only has one pin. Check if it is intended to be dangling.
[WARNING RSZ-0104] Net fixed_latency_q_q0[53] only has one pin. Check if it is intended to be dangling.
[WARNING RSZ-0104] Net fixed_latency_q_q0[52] only has one pin. Check if it is intended to be dangling.
[WARNING RSZ-0104] Net fixed_latency_q_q0[51] only has one pin. Check if it is intended to be dangling.
[WARNING RSZ-0104] Net fixed_latency_q_q0[50] only has one pin. Check if it is intended to be dangling.
[WARNING RSZ-0104] Net fixed_latency_q_q0[49] only has one pin. Check if it is intended to be dangling.
[WARNING RSZ-0104] Net fixed_latency_q_q0[48] only has one pin. Check if it is intended to be dangling.
[WARNING RSZ-0104] Net fixed_latency_q_q0[47] only has one pin. Check if it is intended to be dangling.
[WARNING RSZ-0104] Net fixed_latency_q_q0[46] only has one pin. Check if it is intended to be dangling.
[WARNING RSZ-0104] Net fixed_latency_q_q0[45] only has one pin. Check if it is intended to be dangling.
[WARNING RSZ-0104] Net fixed_latency_q_q0[44] only has one pin. Check if it is intended to be dangling.
[WARNING RSZ-0104] Net fixed_latency_q_q0[43] only has one pin. Check if it is intended to be dangling.
[WARNING RSZ-0104] Net fixed_latency_q_q0[42] only has one pin. Check if it is intended to be dangling.
[WARNING RSZ-0104] Net fixed_latency_q_q0[41] only has one pin. Check if it is intended to be dangling.
[WARNING RSZ-0104] Net collector_overflow_q0[7] only has one pin. Check if it is intended to be dangling.
[WARNING RSZ-0104] Net collector_overflow_q0[6] only has one pin. Check if it is intended to be dangling.
[WARNING RSZ-0104] Net collector_overflow_q0[5] only has one pin. Check if it is intended to be dangling.
[WARNING RSZ-0104] Net collector_overflow_q0[4] only has one pin. Check if it is intended to be dangling.
[WARNING RSZ-0104] Net collector_overflow_q0[3] only has one pin. Check if it is intended to be dangling.
[WARNING RSZ-0104] Net collector_overflow_q0[2] only has one pin. Check if it is intended to be dangling.
[WARNING RSZ-0104] Net collector_overflow_q0[1] only has one pin. Check if it is intended to be dangling.
[WARNING RSZ-0104] Net capacity_gain_q_q0[99] only has one pin. Check if it is intended to be dangling.
[WARNING RSZ-0104] Net capacity_gain_q_q0[98] only has one pin. Check if it is intended to be dangling.
[WARNING RSZ-0104] Net capacity_gain_q_q0[97] only has one pin. Check if it is intended to be dangling.
[WARNING RSZ-0104] Net capacity_gain_q_q0[96] only has one pin. Check if it is intended to be dangling.
[WARNING RSZ-0104] Net capacity_gain_q_q0[95] only has one pin. Check if it is intended to be dangling.
[WARNING RSZ-0104] Net capacity_gain_q_q0[94] only has one pin. Check if it is intended to be dangling.
[WARNING RSZ-0104] Net capacity_gain_q_q0[93] only has one pin. Check if it is intended to be dangling.
[WARNING RSZ-0104] Net capacity_gain_q_q0[92] only has one pin. Check if it is intended to be dangling.
[WARNING RSZ-0104] Net capacity_gain_q_q0[91] only has one pin. Check if it is intended to be dangling.
[WARNING RSZ-0104] Net capacity_gain_q_q0[90] only has one pin. Check if it is intended to be dangling.
[WARNING RSZ-0104] Net capacity_gain_q_q0[89] only has one pin. Check if it is intended to be dangling.
[WARNING RSZ-0104] Net capacity_gain_q_q0[88] only has one pin. Check if it is intended to be dangling.
[WARNING RSZ-0104] Net capacity_gain_q_q0[87] only has one pin. Check if it is intended to be dangling.
[WARNING RSZ-0104] Net capacity_gain_q_q0[86] only has one pin. Check if it is intended to be dangling.
[WARNING RSZ-0104] Net capacity_gain_q_q0[85] only has one pin. Check if it is intended to be dangling.
[WARNING RSZ-0104] Net capacity_gain_q_q0[127] only has one pin. Check if it is intended to be dangling.
[WARNING RSZ-0104] Net capacity_gain_q_q0[126] only has one pin. Check if it is intended to be dangling.
[WARNING RSZ-0104] Net capacity_gain_q_q0[125] only has one pin. Check if it is intended to be dangling.
[WARNING RSZ-0104] Net capacity_gain_q_q0[124] only has one pin. Check if it is intended to be dangling.
[WARNING RSZ-0104] Net capacity_gain_q_q0[123] only has one pin. Check if it is intended to be dangling.
[WARNING RSZ-0104] Net capacity_gain_q_q0[122] only has one pin. Check if it is intended to be dangling.
[WARNING RSZ-0104] Net capacity_gain_q_q0[121] only has one pin. Check if it is intended to be dangling.
[WARNING RSZ-0104] Net capacity_gain_q_q0[120] only has one pin. Check if it is intended to be dangling.
[WARNING RSZ-0104] Net capacity_gain_q_q0[119] only has one pin. Check if it is intended to be dangling.
[WARNING RSZ-0104] Net capacity_gain_q_q0[118] only has one pin. Check if it is intended to be dangling.
[WARNING RSZ-0104] Net capacity_gain_q_q0[117] only has one pin. Check if it is intended to be dangling.
[WARNING RSZ-0104] Net capacity_gain_q_q0[116] only has one pin. Check if it is intended to be dangling.
[WARNING RSZ-0104] Net capacity_gain_q_q0[115] only has one pin. Check if it is intended to be dangling.
[WARNING RSZ-0104] Net capacity_gain_q_q0[114] only has one pin. Check if it is intended to be dangling.
[WARNING RSZ-0104] Net capacity_gain_q_q0[113] only has one pin. Check if it is intended to be dangling.
[WARNING RSZ-0104] Net capacity_gain_q_q0[112] only has one pin. Check if it is intended to be dangling.
[WARNING RSZ-0104] Net capacity_gain_q_q0[111] only has one pin. Check if it is intended to be dangling.
[WARNING RSZ-0104] Net capacity_gain_q_q0[110] only has one pin. Check if it is intended to be dangling.
[WARNING RSZ-0104] Net capacity_gain_q_q0[109] only has one pin. Check if it is intended to be dangling.
[WARNING RSZ-0104] Net capacity_gain_q_q0[108] only has one pin. Check if it is intended to be dangling.
[WARNING RSZ-0104] Net capacity_gain_q_q0[107] only has one pin. Check if it is intended to be dangling.
[WARNING RSZ-0104] Net capacity_gain_q_q0[106] only has one pin. Check if it is intended to be dangling.
[WARNING RSZ-0104] Net capacity_gain_q_q0[105] only has one pin. Check if it is intended to be dangling.
[WARNING RSZ-0104] Net capacity_gain_q_q0[104] only has one pin. Check if it is intended to be dangling.
[WARNING RSZ-0104] Net capacity_gain_q_q0[103] only has one pin. Check if it is intended to be dangling.
[WARNING RSZ-0104] Net capacity_gain_q_q0[102] only has one pin. Check if it is intended to be dangling.
[WARNING RSZ-0104] Net capacity_gain_q_q0[101] only has one pin. Check if it is intended to be dangling.
[WARNING RSZ-0104] Net capacity_gain_q_q0[100] only has one pin. Check if it is intended to be dangling.
[WARNING RSZ-0104] Net candidate_valid_q0[7] only has one pin. Check if it is intended to be dangling.
[WARNING RSZ-0104] Net candidate_valid_q0[6] only has one pin. Check if it is intended to be dangling.
[WARNING RSZ-0104] Net candidate_valid_q0[5] only has one pin. Check if it is intended to be dangling.
[WARNING RSZ-0104] Net candidate_valid_q0[4] only has one pin. Check if it is intended to be dangling.
[WARNING RSZ-0104] Net candidate_valid_q0[3] only has one pin. Check if it is intended to be dangling.
[WARNING RSZ-0104] Net candidate_valid_q0[2] only has one pin. Check if it is intended to be dangling.
[WARNING RSZ-0104] Net candidate_valid_q0[1] only has one pin. Check if it is intended to be dangling.
    final |     +0.0% |       0 |       0 |             0 |         0
---------------------------------------------------------------------
[INFO RSZ-0504] Runtime: 21.09s
Took 23 seconds: repair_design -verbose
global_route -start_incremental
detailed_placement
[INFO DPL-0006] Core area: 74144.55 um^2, Movable instances area: 18150.70 um^2, Utilization: 24.5%
[INFO DPL-0007] Fixed instances area within core: 206.04 um^2, Effective utilization of free area: 24.5%
[INFO DPL-0005] Diamond search max displacement: +/- 500 sites horizontally, +/- 100 rows vertically.
[INFO DPL-1102] Legalizing using negotiation legalizer.
[INFO DPL-1103] Negotiation base search window: +/-20 sites horizontally, +/-5 rows vertically (extendable up to the max displacement cap of +/-500 sites, +/-100 rows near walls).
	Automatic search window extension enabled.
[INFO DPL-1104] NegotiationLegalizer DRC penalty: 5.
[INFO DPL-0392] Negotiation cell height distribution (1 unique row-count(s)):
[INFO DPL-0393]   height 1 row(s): 134735 cells
[INFO DPL-0500] Runtime: 1.25s
Placement Analysis
---------------------------------
total displacement          0.0 u
average displacement        0.0 u
max displacement            0.0 u
original HPWL          445341.9 u
legalized HPWL         445341.9 u
delta HPWL                    0 %

global_route -end_incremental -resistance_aware -congestion_report_file /work/util/uacc_hw/openroad/work_precision_sweep/reports/asap7/uacc_section14_allocator_precision_sweep/base/congestion_post_repair_design.rpt
Repair setup and hold violations...
estimate_parasitics -global_routing
Took 5 seconds: estimate_parasitics -global_routing
repair_timing -setup_margin 0 -hold_margin 0 -repair_tns 100 -skip_last_gasp -verbose
[INFO RSZ-0100] Repair move sequence: UnbufferMove SizeUpMove SwapPinsMove BufferMove CloneMove SplitLoadMove 
[INFO RSZ-0098] No setup violations found
[INFO RSZ-0505] Runtime: 6.90s
[INFO RSZ-0033] No hold violations found.
[INFO RSZ-0506] Runtime: 1.80s
Took 10 seconds: repair_timing -setup_margin 0 -hold_margin 0 -repair_tns 100 -skip_last_gasp -verbose
global_route -start_incremental
detailed_placement
[INFO DPL-0006] Core area: 74144.55 um^2, Movable instances area: 18150.70 um^2, Utilization: 24.5%
[INFO DPL-0007] Fixed instances area within core: 206.04 um^2, Effective utilization of free area: 24.5%
[INFO DPL-0005] Diamond search max displacement: +/- 500 sites horizontally, +/- 100 rows vertically.
[INFO DPL-1102] Legalizing using negotiation legalizer.
[INFO DPL-1103] Negotiation base search window: +/-20 sites horizontally, +/-5 rows vertically (extendable up to the max displacement cap of +/-500 sites, +/-100 rows near walls).
	Automatic search window extension enabled.
[INFO DPL-1104] NegotiationLegalizer DRC penalty: 5.
[INFO DPL-0392] Negotiation cell height distribution (1 unique row-count(s)):
[INFO DPL-0393]   height 1 row(s): 134735 cells
[INFO DPL-0500] Runtime: 1.37s
Placement Analysis
---------------------------------
total displacement          0.0 u
average displacement        0.0 u
max displacement            0.0 u
original HPWL          445341.9 u
legalized HPWL         445341.9 u
delta HPWL                    0 %

check_placement -verbose
global_route -end_incremental -resistance_aware -congestion_report_file /work/util/uacc_hw/openroad/work_precision_sweep/reports/asap7/uacc_section14_allocator_precision_sweep/base/congestion_post_repair_timing.rpt
estimate_parasitics -global_routing
Took 6 seconds: estimate_parasitics -global_routing
repair_timing -setup -sequence "vt_swap reroute" -skip_last_gasp -repair_tns 0 -verbose
[INFO RSZ-0100] Repair move sequence: RerouteMove 
[INFO RSZ-0098] No setup violations found
[INFO RSZ-0505] Runtime: 5.98s
Took 6 seconds: repair_timing -setup -sequence "vt_swap reroute" -skip_last_gasp -repair_tns 0 -verbose
Repair antennas...
[WARNING GRT-0246] No diode with LEF class CORE ANTENNACELL found.
[INFO ANT-0002] Found 0 net violations.
[INFO ANT-0001] Found 0 pin violations.
Estimate parasitics...
estimate_parasitics -global_routing
Took 6 seconds: estimate_parasitics -global_routing
Report metrics stage 5, global route...

==========================================================================
global route report_design_area
--------------------------------------------------------------------------
Design area 18357 um^2 25% utilization.
[INFO FLW-0007] clock core_clock period 5000.000000
[INFO FLW-0008] Clock core_clock period 2392.913
[INFO FLW-0009] Clock core_clock slack 2481.144
write_sdc -no_timestamp /work/util/uacc_hw/openroad/work_precision_sweep/results/asap7/uacc_section14_allocator_precision_sweep/base/updated_clks.sdc
[INFO FLW-0011] Path endpoint path count 17297
write_db /work/util/uacc_hw/openroad/work_precision_sweep/results/asap7/uacc_section14_allocator_precision_sweep/base/5_1_grt.odb
write_sdc -no_timestamp /work/util/uacc_hw/openroad/work_precision_sweep/results/asap7/uacc_section14_allocator_precision_sweep/base/5_1_grt.sdc
Elapsed time: 5:40.74[h:]min:sec. CPU time: user 1825.48 sys 52.57 (551%). Peak memory: 3045236KB.
Log                       Ext     Elapsed/s Peak Memory/MB sha1sum result [0:20)
5_1_grt                   .odb          340           2973 ec1fbb6df4cf52a52020
5_1_grt                   .sdc                             67bccf8a5825ed727757
