
==========================================================================
detailed place report_tns
--------------------------------------------------------------------------
tns max 0.00

==========================================================================
detailed place report_wns
--------------------------------------------------------------------------
wns max 0.00

==========================================================================
detailed place report_worst_slack
--------------------------------------------------------------------------
worst slack max 2902.15

==========================================================================
detailed place report_clock_min_period
--------------------------------------------------------------------------
core_clock period_min = 2097.85 fmax = 476.68

==========================================================================
detailed place report_checks -path_delay min
--------------------------------------------------------------------------
Startpoint: u14691 (rising edge-triggered flip-flop clocked by core_clock)
Endpoint: u12046 (rising edge-triggered flip-flop clocked by core_clock)
Path Group: core_clock
Path Type: min

Fanout     Cap    Slew   Delay    Time   Description
-----------------------------------------------------------------------------
                  0.00    0.00    0.00   clock core_clock (rise edge)
                          0.00    0.00   clock network delay (ideal)
                  0.00    0.00    0.00 ^ u14691/CLK (DFFHQNx1_ASAP7_75t_R)
     1    0.53   11.05   31.27   31.27 ^ u14691/QN (DFFHQNx1_ASAP7_75t_R)
                                         grp_uacc_section14_cost_core_fu_1383.uacc_section14_allocator_mul_16ns_55ns_71_7_1_U14.uacc_section14_allocator_uacc_section14_allocator_mul_16ns_55ns_71_7_1_Mul_DSP_0_U.buff3[49] (net)
                 11.05    0.02   31.29 ^ u14692/A (INVx1_ASAP7_75t_R)
     1    0.60    6.09    5.71   37.00 v u14692/Y (INVx1_ASAP7_75t_R)
                                         n9282 (net)
                  6.09    0.02   37.02 v u12046/D (DFFHQNx1_ASAP7_75t_R)
                                 37.02   data arrival time

                  0.00    0.00    0.00   clock core_clock (rise edge)
                          0.00    0.00   clock network delay (ideal)
                          0.00    0.00   clock reconvergence pessimism
                                  0.00 ^ u12046/CLK (DFFHQNx1_ASAP7_75t_R)
                          8.64    8.64   library hold time
                                  8.64   data required time
-----------------------------------------------------------------------------
                                  8.64   data required time
                                -37.02   data arrival time
-----------------------------------------------------------------------------
                                 28.38   slack (MET)



==========================================================================
detailed place report_checks -path_delay max
--------------------------------------------------------------------------
Startpoint: ap_start (input port clocked by core_clock)
Endpoint: arithmetic_saturated_ap_vld (output port clocked by core_clock)
Path Group: core_clock
Path Type: max

Fanout     Cap    Slew   Delay    Time   Description
-----------------------------------------------------------------------------
                  0.00    0.00    0.00   clock core_clock (rise edge)
                          0.00    0.00   clock network delay (ideal)
                       1000.00 1000.00 v input external delay
     1    2.81    0.00    0.00 1000.00 v ap_start (in)
                                         ap_start (net)
                  1.65    0.52 1000.52 v input2829/A (BUFx2_ASAP7_75t_R)
     5    6.52   20.79   18.48 1019.00 v input2829/Y (BUFx2_ASAP7_75t_R)
                                         net2829 (net)
                 21.15    1.52 1020.52 v u1197/B (AND2x4_ASAP7_75t_R)
    28   32.00   49.73   31.16 1051.68 v u1197/Y (AND2x4_ASAP7_75t_R)
                                         n940 (net)
                 50.13    2.71 1054.39 v u1198/B (OR3x1_ASAP7_75t_R)
     1    0.62   10.32   27.01 1081.40 v u1198/Y (OR3x1_ASAP7_75t_R)
                                         net3585 (net)
                 10.32    0.02 1081.43 v output3611/A (BUFx2_ASAP7_75t_R)
     1    2.07    8.75   16.00 1097.42 v output3611/Y (BUFx2_ASAP7_75t_R)
                                         arithmetic_saturated_ap_vld (net)
                  8.81    0.43 1097.85 v arithmetic_saturated_ap_vld (out)
                               1097.85   data arrival time

                  0.00 5000.00 5000.00   clock core_clock (rise edge)
                          0.00 5000.00   clock network delay (ideal)
                          0.00 5000.00   clock reconvergence pessimism
                       -1000.00 4000.00   output external delay
                               4000.00   data required time
-----------------------------------------------------------------------------
                               4000.00   data required time
                               -1097.85   data arrival time
-----------------------------------------------------------------------------
                               2902.15   slack (MET)



==========================================================================
detailed place report_checks -unconstrained
--------------------------------------------------------------------------
Startpoint: ap_start (input port clocked by core_clock)
Endpoint: arithmetic_saturated_ap_vld (output port clocked by core_clock)
Path Group: core_clock
Path Type: max

Fanout     Cap    Slew   Delay    Time   Description
-----------------------------------------------------------------------------
                  0.00    0.00    0.00   clock core_clock (rise edge)
                          0.00    0.00   clock network delay (ideal)
                       1000.00 1000.00 v input external delay
     1    2.81    0.00    0.00 1000.00 v ap_start (in)
                                         ap_start (net)
                  1.65    0.52 1000.52 v input2829/A (BUFx2_ASAP7_75t_R)
     5    6.52   20.79   18.48 1019.00 v input2829/Y (BUFx2_ASAP7_75t_R)
                                         net2829 (net)
                 21.15    1.52 1020.52 v u1197/B (AND2x4_ASAP7_75t_R)
    28   32.00   49.73   31.16 1051.68 v u1197/Y (AND2x4_ASAP7_75t_R)
                                         n940 (net)
                 50.13    2.71 1054.39 v u1198/B (OR3x1_ASAP7_75t_R)
     1    0.62   10.32   27.01 1081.40 v u1198/Y (OR3x1_ASAP7_75t_R)
                                         net3585 (net)
                 10.32    0.02 1081.43 v output3611/A (BUFx2_ASAP7_75t_R)
     1    2.07    8.75   16.00 1097.42 v output3611/Y (BUFx2_ASAP7_75t_R)
                                         arithmetic_saturated_ap_vld (net)
                  8.81    0.43 1097.85 v arithmetic_saturated_ap_vld (out)
                               1097.85   data arrival time

                  0.00 5000.00 5000.00   clock core_clock (rise edge)
                          0.00 5000.00   clock network delay (ideal)
                          0.00 5000.00   clock reconvergence pessimism
                       -1000.00 4000.00   output external delay
                               4000.00   data required time
-----------------------------------------------------------------------------
                               4000.00   data required time
                               -1097.85   data arrival time
-----------------------------------------------------------------------------
                               2902.15   slack (MET)



==========================================================================
detailed place report_check_types -max_slew -max_cap -max_fanout -violators
--------------------------------------------------------------------------
max slew

Pin                                    Limit    Slew   Slack
------------------------------------------------------------
u1376/A                               320.00  347.52  -27.52 (VIOLATED)
u1381/B                               320.00  347.52  -27.52 (VIOLATED)
u25112/A2                             320.00  341.35  -21.35 (VIOLATED)
u25124/A2                             320.00  341.31  -21.31 (VIOLATED)
u25113/A2                             320.00  341.22  -21.22 (VIOLATED)
u25125/A2                             320.00  341.07  -21.07 (VIOLATED)
u25126/A2                             320.00  340.31  -20.31 (VIOLATED)
u25111/A2                             320.00  340.29  -20.29 (VIOLATED)
u25123/A2                             320.00  340.26  -20.26 (VIOLATED)
u25114/A2                             320.00  340.14  -20.14 (VIOLATED)
u25127/A2                             320.00  339.73  -19.73 (VIOLATED)
u25110/A2                             320.00  339.63  -19.63 (VIOLATED)
u25122/A2                             320.00  337.58  -17.58 (VIOLATED)
u25109/A2                             320.00  337.49  -17.49 (VIOLATED)
u25128/A2                             320.00  337.40  -17.40 (VIOLATED)
u25115/A2                             320.00  336.16  -16.16 (VIOLATED)
u25108/A2                             320.00  334.10  -14.10 (VIOLATED)
u25129/A2                             320.00  334.05  -14.05 (VIOLATED)
u25117/A2                             320.00  333.85  -13.85 (VIOLATED)
u25116/A2                             320.00  331.90  -11.90 (VIOLATED)
place4266/A                           320.00  330.75  -10.75 (VIOLATED)


==========================================================================
detailed place max_slew_check_slack
--------------------------------------------------------------------------
-27.52267837524414

==========================================================================
detailed place max_slew_check_limit
--------------------------------------------------------------------------
320.0

==========================================================================
detailed place max_slew_check_slack_limit
--------------------------------------------------------------------------
-0.0860

==========================================================================
detailed place max_fanout_check_slack
--------------------------------------------------------------------------
1.0000000150474662e+30

==========================================================================
detailed place max_fanout_check_limit
--------------------------------------------------------------------------
1.0000000150474662e+30

==========================================================================
detailed place max_capacitance_check_slack
--------------------------------------------------------------------------
13.157323837280273

==========================================================================
detailed place max_capacitance_check_limit
--------------------------------------------------------------------------
23.040000915527344

==========================================================================
detailed place max_capacitance_check_slack_limit
--------------------------------------------------------------------------
0.5711

==========================================================================
detailed place max_slew_violation_count
--------------------------------------------------------------------------
max slew violation count 21

==========================================================================
detailed place max_fanout_violation_count
--------------------------------------------------------------------------
max fanout violation count 0

==========================================================================
detailed place max_cap_violation_count
--------------------------------------------------------------------------
max cap violation count 0

==========================================================================
detailed place setup_violation_count
--------------------------------------------------------------------------
setup violation count 0

==========================================================================
detailed place hold_violation_count
--------------------------------------------------------------------------
hold violation count 0

==========================================================================
detailed place report_checks -path_delay max reg to reg
--------------------------------------------------------------------------
Startpoint: u21309 (rising edge-triggered flip-flop clocked by core_clock)
Endpoint: u20063 (rising edge-triggered flip-flop clocked by core_clock)
Path Group: core_clock
Path Type: max

  Delay    Time   Description
---------------------------------------------------------
   0.00    0.00   clock core_clock (rise edge)
   0.00    0.00   clock network delay (ideal)
   0.00    0.00 ^ u21309/CLK (DFFHQNx1_ASAP7_75t_R)
  81.68   81.68 ^ u21309/QN (DFFHQNx1_ASAP7_75t_R)
  49.32  130.99 ^ place4573/Y (BUFx3_ASAP7_75t_R)
  39.09  170.08 ^ u23436/Y (AO22x2_ASAP7_75t_R)
  15.92  186.01 ^ u23637/Y (AND2x2_ASAP7_75t_R)
  25.59  211.59 ^ u23638/Y (XOR2x2_ASAP7_75t_R)
  24.82  236.41 ^ u23674/Y (XOR2x2_ASAP7_75t_R)
  25.70  262.11 ^ u23675/Y (XOR2x2_ASAP7_75t_R)
  24.60  286.71 ^ u23708/Y (XOR2x2_ASAP7_75t_R)
  25.25  311.95 ^ u23709/Y (XOR2x2_ASAP7_75t_R)
  25.96  337.92 ^ u23726/Y (XOR2x2_ASAP7_75t_R)
  25.71  363.63 ^ u23756/Y (XOR2x2_ASAP7_75t_R)
  28.36  391.99 ^ u23797/Y (XOR2x2_ASAP7_75t_R)
  17.44  409.43 ^ u23945/Y (OR2x2_ASAP7_75t_R)
  29.32  438.75 ^ u23946/Y (AND4x1_ASAP7_75t_R)
  18.84  457.59 ^ u23947/Y (AO221x1_ASAP7_75t_R)
  26.71  484.30 ^ u23949/Y (AND4x1_ASAP7_75t_R)
  11.93  496.23 v u23968/Y (NOR2x1_ASAP7_75t_R)
  19.32  515.55 v u24004/Y (AND2x2_ASAP7_75t_R)
  14.94  530.49 v u24005/Y (AND2x4_ASAP7_75t_R)
  22.54  553.04 v u24007/Y (MAJx2_ASAP7_75t_R)
  14.13  567.17 ^ u24009/Y (NAND2x1_ASAP7_75t_R)
  13.88  581.05 v u24010/Y (NAND2x1_ASAP7_75t_R)
  28.27  609.32 v u24107/Y (AO32x1_ASAP7_75t_R)
  14.03  623.35 v u24143/Y (AND3x1_ASAP7_75t_R)
  20.05  643.40 v u24146/Y (OR2x2_ASAP7_75t_R)
  29.36  672.76 v u24160/Y (AO32x1_ASAP7_75t_R)
  35.29  708.05 v u24164/Y (AO32x1_ASAP7_75t_R)
  30.16  738.20 v u24178/Y (AO32x1_ASAP7_75t_R)
  29.72  767.93 v u24182/Y (AO32x1_ASAP7_75t_R)
  23.15  791.07 v u24183/Y (AO22x2_ASAP7_75t_R)
  24.03  815.10 v u24185/Y (MAJx2_ASAP7_75t_R)
  24.06  839.16 v u24187/Y (AO22x2_ASAP7_75t_R)
  25.01  864.17 v u24189/Y (MAJx2_ASAP7_75t_R)
  23.14  887.32 v u24191/Y (AO22x2_ASAP7_75t_R)
  24.34  911.66 v u24193/Y (MAJx2_ASAP7_75t_R)
  27.65  939.31 v u24197/Y (AO32x1_ASAP7_75t_R)
  23.20  962.51 v u24198/Y (AO22x2_ASAP7_75t_R)
  23.56  986.07 v u24200/Y (MAJx2_ASAP7_75t_R)
  23.09 1009.16 v u24202/Y (AO22x2_ASAP7_75t_R)
  23.53 1032.69 v u24204/Y (MAJx2_ASAP7_75t_R)
  22.02 1054.72 v u24206/Y (AO22x2_ASAP7_75t_R)
  25.03 1079.75 v u24208/Y (MAJx2_ASAP7_75t_R)
  31.48 1111.23 v u24209/Y (AO222x2_ASAP7_75t_R)
  17.13 1128.35 v u24210/Y (OA21x2_ASAP7_75t_R)
  17.01 1145.36 ^ u24228/Y (NAND3x1_ASAP7_75t_R)
  29.99 1175.35 ^ u24243/Y (AO32x1_ASAP7_75t_R)
  21.44 1196.79 ^ u24244/Y (OR3x1_ASAP7_75t_R)
  12.86 1209.65 v u24312/Y (NAND2x1_ASAP7_75t_R)
  11.17 1220.81 ^ u24314/Y (NAND2x1_ASAP7_75t_R)
  23.83 1244.65 ^ u24316/Y (OA211x2_ASAP7_75t_R)
  13.02 1257.67 ^ u24532/Y (OR3x1_ASAP7_75t_R)
  25.15 1282.81 ^ u24534/Y (OA211x2_ASAP7_75t_R)
  19.09 1301.90 v u24729/Y (NOR3x1_ASAP7_75t_R)
  24.33 1326.23 v u24789/Y (OR3x1_ASAP7_75t_R)
  12.45 1338.68 ^ u24790/Y (NAND2x1_ASAP7_75t_R)
  19.34 1358.02 ^ u24792/Y (AO22x1_ASAP7_75t_R)
  21.47 1379.50 ^ u24798/Y (XNOR2x2_ASAP7_75t_R)
   0.06 1379.56 ^ u20063/D (DFFHQNx1_ASAP7_75t_R)
        1379.56   data arrival time

5000.00 5000.00   clock core_clock (rise edge)
   0.00 5000.00   clock network delay (ideal)
   0.00 5000.00   clock reconvergence pessimism
        5000.00 ^ u20063/CLK (DFFHQNx1_ASAP7_75t_R)
 -15.14 4984.86   library setup time
        4984.86   data required time
---------------------------------------------------------
        4984.86   data required time
        -1379.56   data arrival time
---------------------------------------------------------
        3605.30   slack (MET)



==========================================================================
detailed place report_checks -path_delay min reg to reg
--------------------------------------------------------------------------
Startpoint: u14691 (rising edge-triggered flip-flop clocked by core_clock)
Endpoint: u12046 (rising edge-triggered flip-flop clocked by core_clock)
Path Group: core_clock
Path Type: min

  Delay    Time   Description
---------------------------------------------------------
   0.00    0.00   clock core_clock (rise edge)
   0.00    0.00   clock network delay (ideal)
   0.00    0.00 ^ u14691/CLK (DFFHQNx1_ASAP7_75t_R)
  31.27   31.27 ^ u14691/QN (DFFHQNx1_ASAP7_75t_R)
   5.72   37.00 v u14692/Y (INVx1_ASAP7_75t_R)
   0.02   37.02 v u12046/D (DFFHQNx1_ASAP7_75t_R)
          37.02   data arrival time

   0.00    0.00   clock core_clock (rise edge)
   0.00    0.00   clock network delay (ideal)
   0.00    0.00   clock reconvergence pessimism
           0.00 ^ u12046/CLK (DFFHQNx1_ASAP7_75t_R)
   8.64    8.64   library hold time
           8.64   data required time
---------------------------------------------------------
           8.64   data required time
         -37.02   data arrival time
---------------------------------------------------------
          28.38   slack (MET)



==========================================================================
detailed place critical path target clock latency max path
--------------------------------------------------------------------------
0.0000

==========================================================================
detailed place critical path target clock latency min path
--------------------------------------------------------------------------
0.0000

==========================================================================
detailed place critical path source clock latency min path
--------------------------------------------------------------------------
0.0000

==========================================================================
detailed place critical path delay
--------------------------------------------------------------------------
1097.8489

==========================================================================
detailed place critical path slack
--------------------------------------------------------------------------
2902.1509

==========================================================================
detailed place slack div critical path delay
--------------------------------------------------------------------------
264.348846

==========================================================================
detailed place report_power
--------------------------------------------------------------------------
Group                  Internal  Switching    Leakage      Total
                          Power      Power      Power      Power (Watts)
----------------------------------------------------------------
Sequential             2.65e-03   1.50e-04   8.92e-07   2.80e-03  26.2%
Combinational          4.90e-03   3.01e-03   3.28e-06   7.91e-03  73.8%
Clock                  0.00e+00   0.00e+00   0.00e+00   0.00e+00   0.0%
Macro                  0.00e+00   0.00e+00   0.00e+00   0.00e+00   0.0%
Pad                    0.00e+00   0.00e+00   0.00e+00   0.00e+00   0.0%
----------------------------------------------------------------
Total                  7.55e-03   3.16e-03   4.17e-06   1.07e-02 100.0%
                          70.5%      29.5%       0.0%
