
==========================================================================
finish report_tns
--------------------------------------------------------------------------
tns max 0.00

==========================================================================
finish report_wns
--------------------------------------------------------------------------
wns max 0.00

==========================================================================
finish report_worst_slack
--------------------------------------------------------------------------
worst slack max 2899.81

==========================================================================
finish report_clock_min_period
--------------------------------------------------------------------------
core_clock period_min = 2100.19 fmax = 476.15

==========================================================================
finish report_clock_skew
--------------------------------------------------------------------------
Clock core_clock
 188.35 source latency u6909/CLK ^
-160.76 target latency u37711/CLK ^
  -1.40 CRPR
--------------
  26.20 setup skew


==========================================================================
finish report_checks -path_delay min
--------------------------------------------------------------------------
Startpoint: u27385 (rising edge-triggered flip-flop clocked by core_clock)
Endpoint: u25185 (rising edge-triggered flip-flop clocked by core_clock)
Path Group: core_clock
Path Type: min

Fanout     Cap    Slew   Delay    Time   Description
-----------------------------------------------------------------------------
                          0.00    0.00   clock core_clock (rise edge)
                          0.00    0.00   clock source latency
     1   12.50    0.00    0.00    0.00 ^ ap_clk (in)
                                         ap_clk (net)
                 14.60    4.60    4.60 ^ wire4689/A (BUFx6f_ASAP7_75t_R)
     1   12.37   17.54   16.43   21.03 ^ wire4689/Y (BUFx6f_ASAP7_75t_R)
                                         net4663 (net)
                 25.74    6.30   27.33 ^ clkbuf_0_ap_clk/A (BUFx24_ASAP7_75t_R)
     2   13.99   11.93   23.33   50.66 ^ clkbuf_0_ap_clk/Y (BUFx24_ASAP7_75t_R)
                                         clknet_0_ap_clk (net)
                 16.02    3.60   54.26 ^ clkbuf_1_1_0_ap_clk/A (BUFx24_ASAP7_75t_R)
     4   19.76   14.64   21.22   75.48 ^ clkbuf_1_1_0_ap_clk/Y (BUFx24_ASAP7_75t_R)
                                         clknet_1_1_0_ap_clk (net)
                 20.70    4.87   80.35 ^ clkbuf_3_6_0_ap_clk/A (BUFx24_ASAP7_75t_R)
     4   15.48   12.46   22.01  102.36 ^ clkbuf_3_6_0_ap_clk/Y (BUFx24_ASAP7_75t_R)
                                         clknet_3_6_0_ap_clk (net)
                 18.88    4.66  107.02 ^ clkbuf_5_24_0_ap_clk/A (BUFx24_ASAP7_75t_R)
    10   30.45   20.13   23.33  130.35 ^ clkbuf_5_24_0_ap_clk/Y (BUFx24_ASAP7_75t_R)
                                         clknet_5_24_0_ap_clk (net)
                 25.19    5.18  135.53 ^ clkbuf_leaf_156_ap_clk/A (BUFx24_ASAP7_75t_R)
    25   15.32   12.69   23.70  159.23 ^ clkbuf_leaf_156_ap_clk/Y (BUFx24_ASAP7_75t_R)
                                         clknet_leaf_156_ap_clk (net)
                 13.92    2.02  161.25 ^ u27385/CLK (DFFHQNx1_ASAP7_75t_R)
     1    0.64   11.80   35.97  197.22 ^ u27385/QN (DFFHQNx1_ASAP7_75t_R)
                                         grp_uacc_section14_cost_core_fu_1383.uacc_section14_allocator_mul_16ns_55ns_71_7_1_U14.uacc_section14_allocator_uacc_section14_allocator_mul_16ns_55ns_71_7_1_Mul_DSP_0_U.buff3[31] (net)
                 11.80    0.03  197.25 ^ u27386/A (INVx1_ASAP7_75t_R)
     1    0.80    7.19    6.39  203.64 v u27386/Y (INVx1_ASAP7_75t_R)
                                         n20032 (net)
                  7.19    0.08  203.71 v u25185/D (DFFHQNx1_ASAP7_75t_R)
                                203.71   data arrival time

                          0.00    0.00   clock core_clock (rise edge)
                          0.00    0.00   clock source latency
     1   12.78    0.00    0.00    0.00 ^ ap_clk (in)
                                         ap_clk (net)
                 15.20    4.80    4.80 ^ wire4689/A (BUFx6f_ASAP7_75t_R)
     1   12.97   18.28   16.64   21.44 ^ wire4689/Y (BUFx6f_ASAP7_75t_R)
                                         net4663 (net)
                 27.34    6.80   28.23 ^ clkbuf_0_ap_clk/A (BUFx24_ASAP7_75t_R)
     2   15.19   12.55   23.82   52.06 ^ clkbuf_0_ap_clk/Y (BUFx24_ASAP7_75t_R)
                                         clknet_0_ap_clk (net)
                 17.21    3.95   56.00 ^ clkbuf_1_0_0_ap_clk/A (BUFx24_ASAP7_75t_R)
     4   21.65   15.26   21.25   77.26 ^ clkbuf_1_0_0_ap_clk/Y (BUFx24_ASAP7_75t_R)
                                         clknet_1_0_0_ap_clk (net)
                 25.62    6.58   83.83 ^ clkbuf_3_3_0_ap_clk/A (BUFx24_ASAP7_75t_R)
     4   18.98   14.15   23.32  107.16 ^ clkbuf_3_3_0_ap_clk/Y (BUFx24_ASAP7_75t_R)
                                         clknet_3_3_0_ap_clk (net)
                 22.81    5.72  112.87 ^ clkbuf_5_13_0_ap_clk/A (BUFx24_ASAP7_75t_R)
    12   48.43   27.57   25.83  138.70 ^ clkbuf_5_13_0_ap_clk/Y (BUFx24_ASAP7_75t_R)
                                         clknet_5_13_0_ap_clk (net)
                 40.39    9.85  148.54 ^ clkbuf_leaf_162_ap_clk/A (BUFx24_ASAP7_75t_R)
    26   18.90   14.83   28.02  176.56 ^ clkbuf_leaf_162_ap_clk/Y (BUFx24_ASAP7_75t_R)
                                         clknet_leaf_162_ap_clk (net)
                 16.02    2.15  178.71 ^ u25185/CLK (DFFHQNx1_ASAP7_75t_R)
                         -1.40  177.32   clock reconvergence pessimism
                         12.48  189.79   library hold time
                                189.79   data required time
-----------------------------------------------------------------------------
                                189.79   data required time
                               -203.71   data arrival time
-----------------------------------------------------------------------------
                                 13.92   slack (MET)



==========================================================================
finish report_checks -path_delay max
--------------------------------------------------------------------------
Startpoint: ap_start (input port clocked by core_clock)
Endpoint: arithmetic_saturated_ap_vld (output port clocked by core_clock)
Path Group: core_clock
Path Type: max

Fanout     Cap    Slew   Delay    Time   Description
-----------------------------------------------------------------------------
                          0.00    0.00   clock core_clock (rise edge)
                          0.00    0.00   clock network delay (propagated)
                       1000.00 1000.00 v input external delay
     1    2.82    0.00    0.00 1000.00 v ap_start (in)
                                         ap_start (net)
                  1.01    0.32 1000.32 v input2829/A (BUFx2_ASAP7_75t_R)
     5    6.92   22.03   18.59 1018.91 v input2829/Y (BUFx2_ASAP7_75t_R)
                                         net2829 (net)
                 22.51    1.81 1020.72 v u1197/B (AND2x4_ASAP7_75t_R)
    28   33.41   51.89   32.01 1052.73 v u1197/Y (AND2x4_ASAP7_75t_R)
                                         n940 (net)
                 52.55    3.44 1056.16 v u1198/B (OR3x1_ASAP7_75t_R)
     1    0.68   10.63   27.55 1083.71 v u1198/Y (OR3x1_ASAP7_75t_R)
                                         net3585 (net)
                 10.63    0.03 1083.75 v output3611/A (BUFx2_ASAP7_75t_R)
     1    2.07    8.82   16.08 1099.83 v output3611/Y (BUFx2_ASAP7_75t_R)
                                         arithmetic_saturated_ap_vld (net)
                  8.87    0.37 1100.19 v arithmetic_saturated_ap_vld (out)
                               1100.19   data arrival time

                       5000.00 5000.00   clock core_clock (rise edge)
                          0.00 5000.00   clock network delay (propagated)
                          0.00 5000.00   clock reconvergence pessimism
                       -1000.00 4000.00   output external delay
                               4000.00   data required time
-----------------------------------------------------------------------------
                               4000.00   data required time
                               -1100.19   data arrival time
-----------------------------------------------------------------------------
                               2899.81   slack (MET)



==========================================================================
finish report_checks -unconstrained
--------------------------------------------------------------------------
Startpoint: ap_start (input port clocked by core_clock)
Endpoint: arithmetic_saturated_ap_vld (output port clocked by core_clock)
Path Group: core_clock
Path Type: max

Fanout     Cap    Slew   Delay    Time   Description
-----------------------------------------------------------------------------
                          0.00    0.00   clock core_clock (rise edge)
                          0.00    0.00   clock network delay (propagated)
                       1000.00 1000.00 v input external delay
     1    2.82    0.00    0.00 1000.00 v ap_start (in)
                                         ap_start (net)
                  1.01    0.32 1000.32 v input2829/A (BUFx2_ASAP7_75t_R)
     5    6.92   22.03   18.59 1018.91 v input2829/Y (BUFx2_ASAP7_75t_R)
                                         net2829 (net)
                 22.51    1.81 1020.72 v u1197/B (AND2x4_ASAP7_75t_R)
    28   33.41   51.89   32.01 1052.73 v u1197/Y (AND2x4_ASAP7_75t_R)
                                         n940 (net)
                 52.55    3.44 1056.16 v u1198/B (OR3x1_ASAP7_75t_R)
     1    0.68   10.63   27.55 1083.71 v u1198/Y (OR3x1_ASAP7_75t_R)
                                         net3585 (net)
                 10.63    0.03 1083.75 v output3611/A (BUFx2_ASAP7_75t_R)
     1    2.07    8.82   16.08 1099.83 v output3611/Y (BUFx2_ASAP7_75t_R)
                                         arithmetic_saturated_ap_vld (net)
                  8.87    0.37 1100.19 v arithmetic_saturated_ap_vld (out)
                               1100.19   data arrival time

                       5000.00 5000.00   clock core_clock (rise edge)
                          0.00 5000.00   clock network delay (propagated)
                          0.00 5000.00   clock reconvergence pessimism
                       -1000.00 4000.00   output external delay
                               4000.00   data required time
-----------------------------------------------------------------------------
                               4000.00   data required time
                               -1100.19   data arrival time
-----------------------------------------------------------------------------
                               2899.81   slack (MET)



==========================================================================
finish report_check_types -max_slew -max_cap -max_fanout -violators
--------------------------------------------------------------------------

==========================================================================
finish max_slew_check_slack
--------------------------------------------------------------------------
37.98164749145508

==========================================================================
finish max_slew_check_limit
--------------------------------------------------------------------------
320.0

==========================================================================
finish max_slew_check_slack_limit
--------------------------------------------------------------------------
0.1187

==========================================================================
finish max_fanout_check_slack
--------------------------------------------------------------------------
1.0000000150474662e+30

==========================================================================
finish max_fanout_check_limit
--------------------------------------------------------------------------
1.0000000150474662e+30

==========================================================================
finish max_capacitance_check_slack
--------------------------------------------------------------------------
12.516046524047852

==========================================================================
finish max_capacitance_check_limit
--------------------------------------------------------------------------
23.040000915527344

==========================================================================
finish max_capacitance_check_slack_limit
--------------------------------------------------------------------------
0.5432

==========================================================================
finish max_slew_violation_count
--------------------------------------------------------------------------
max slew violation count 0

==========================================================================
finish max_fanout_violation_count
--------------------------------------------------------------------------
max fanout violation count 0

==========================================================================
finish max_cap_violation_count
--------------------------------------------------------------------------
max cap violation count 0

==========================================================================
finish setup_violation_count
--------------------------------------------------------------------------
setup violation count 0

==========================================================================
finish hold_violation_count
--------------------------------------------------------------------------
hold violation count 0

==========================================================================
finish report_checks -path_delay max reg to reg
--------------------------------------------------------------------------
Startpoint: u21309 (rising edge-triggered flip-flop clocked by core_clock)
Endpoint: u20063 (rising edge-triggered flip-flop clocked by core_clock)
Path Group: core_clock
Path Type: max

  Delay    Time   Description
---------------------------------------------------------
   0.00    0.00   clock core_clock (rise edge)
   0.00    0.00   clock source latency
   0.00    0.00 ^ ap_clk (in)
  21.44   21.44 ^ wire4689/Y (BUFx6f_ASAP7_75t_R)
  30.62   52.06 ^ clkbuf_0_ap_clk/Y (BUFx24_ASAP7_75t_R)
  25.20   77.26 ^ clkbuf_1_0_0_ap_clk/Y (BUFx24_ASAP7_75t_R)
  29.90  107.16 ^ clkbuf_3_3_0_ap_clk/Y (BUFx24_ASAP7_75t_R)
  31.54  138.70 ^ clkbuf_5_13_0_ap_clk/Y (BUFx24_ASAP7_75t_R)
  37.06  175.76 ^ clkbuf_leaf_253_ap_clk/Y (BUFx24_ASAP7_75t_R)
   3.51  179.28 ^ u21309/CLK (DFFHQNx1_ASAP7_75t_R)
  87.92  267.19 ^ u21309/QN (DFFHQNx1_ASAP7_75t_R)
  43.44  310.63 v u23632/Y (INVx2_ASAP7_75t_R)
  33.00  343.63 v u23846/Y (OR4x1_ASAP7_75t_R)
  17.21  360.84 v u23847/Y (AND2x2_ASAP7_75t_R)
  25.73  386.57 ^ u23848/Y (XOR2x2_ASAP7_75t_R)
  26.65  413.23 ^ u23890/Y (XOR2x2_ASAP7_75t_R)
  25.16  438.38 ^ u23891/Y (XOR2x2_ASAP7_75t_R)
  25.41  463.79 ^ u23894/Y (XOR2x2_ASAP7_75t_R)
  23.96  487.76 ^ u23895/Y (XNOR2x2_ASAP7_75t_R)
  12.92  500.67 v u23936/Y (NOR2x1_ASAP7_75t_R)
  23.33  524.00 v u23937/Y (AO21x1_ASAP7_75t_R)
  25.65  549.65 v u23939/Y (MAJx2_ASAP7_75t_R)
  23.06  572.71 v u23941/Y (AO22x2_ASAP7_75t_R)
  25.60  598.31 v u23943/Y (MAJx2_ASAP7_75t_R)
  17.54  615.85 v u23944/Y (AO21x1_ASAP7_75t_R)
  18.01  633.85 v u23946/Y (AND4x1_ASAP7_75t_R)
  24.52  658.37 v u23947/Y (AO221x1_ASAP7_75t_R)
  16.88  675.25 v u23949/Y (AND4x1_ASAP7_75t_R)
  17.80  693.05 v u23950/Y (AO21x1_ASAP7_75t_R)
  19.86  712.91 v u23965/Y (AO21x1_ASAP7_75t_R)
  17.84  730.75 v u24005/Y (AND2x4_ASAP7_75t_R)
  22.89  753.65 v u24007/Y (MAJx2_ASAP7_75t_R)
  14.60  768.24 ^ u24009/Y (NAND2x1_ASAP7_75t_R)
  14.50  782.74 v u24010/Y (NAND2x1_ASAP7_75t_R)
  29.02  811.76 v u24107/Y (AO32x1_ASAP7_75t_R)
  14.73  826.49 v u24143/Y (AND3x1_ASAP7_75t_R)
  20.51  846.99 v u24146/Y (OR2x2_ASAP7_75t_R)
  30.58  877.57 v u24160/Y (AO32x1_ASAP7_75t_R)
  36.04  913.62 v u24164/Y (AO32x1_ASAP7_75t_R)
  30.38  944.00 v u24178/Y (AO32x1_ASAP7_75t_R)
  30.43  974.42 v u24182/Y (AO32x1_ASAP7_75t_R)
  23.86  998.28 v u24183/Y (AO22x2_ASAP7_75t_R)
  24.29 1022.57 v u24185/Y (MAJx2_ASAP7_75t_R)
  24.33 1046.90 v u24187/Y (AO22x2_ASAP7_75t_R)
  25.36 1072.25 v u24189/Y (MAJx2_ASAP7_75t_R)
  23.48 1095.74 v u24191/Y (AO22x2_ASAP7_75t_R)
  24.81 1120.55 v u24193/Y (MAJx2_ASAP7_75t_R)
  27.76 1148.31 v u24197/Y (AO32x1_ASAP7_75t_R)
  23.66 1171.97 v u24198/Y (AO22x2_ASAP7_75t_R)
  24.00 1195.97 v u24200/Y (MAJx2_ASAP7_75t_R)
  23.70 1219.67 v u24202/Y (AO22x2_ASAP7_75t_R)
  24.59 1244.26 v u24204/Y (MAJx2_ASAP7_75t_R)
  22.53 1266.79 v u24206/Y (AO22x2_ASAP7_75t_R)
  25.40 1292.18 v u24208/Y (MAJx2_ASAP7_75t_R)
  32.05 1324.23 v u24209/Y (AO222x2_ASAP7_75t_R)
  17.48 1341.71 v u24210/Y (OA21x2_ASAP7_75t_R)
  17.78 1359.49 ^ u24228/Y (NAND3x1_ASAP7_75t_R)
  30.51 1390.00 ^ u24243/Y (AO32x1_ASAP7_75t_R)
  22.01 1412.01 ^ u24244/Y (OR3x1_ASAP7_75t_R)
  13.55 1425.56 v u24312/Y (NAND2x1_ASAP7_75t_R)
  11.74 1437.30 ^ u24314/Y (NAND2x1_ASAP7_75t_R)
  24.33 1461.63 ^ u24316/Y (OA211x2_ASAP7_75t_R)
  13.78 1475.41 ^ u24532/Y (OR3x1_ASAP7_75t_R)
  25.75 1501.16 ^ u24534/Y (OA211x2_ASAP7_75t_R)
  19.62 1520.77 v u24729/Y (NOR3x1_ASAP7_75t_R)
  24.89 1545.66 v u24789/Y (OR3x1_ASAP7_75t_R)
  13.12 1558.78 ^ u24790/Y (NAND2x1_ASAP7_75t_R)
  20.01 1578.78 ^ u24792/Y (AO22x1_ASAP7_75t_R)
  21.63 1600.41 ^ u24798/Y (XNOR2x2_ASAP7_75t_R)
   0.09 1600.51 ^ u20063/D (DFFHQNx1_ASAP7_75t_R)
        1600.51   data arrival time

5000.00 5000.00   clock core_clock (rise edge)
   0.00 5000.00   clock source latency
   0.00 5000.00 ^ ap_clk (in)
  21.03 5021.03 ^ wire4689/Y (BUFx6f_ASAP7_75t_R)
  29.63 5050.66 ^ clkbuf_0_ap_clk/Y (BUFx24_ASAP7_75t_R)
  24.35 5075.01 ^ clkbuf_1_0_0_ap_clk/Y (BUFx24_ASAP7_75t_R)
  28.29 5103.30 ^ clkbuf_3_3_0_ap_clk/Y (BUFx24_ASAP7_75t_R)
  28.92 5132.22 ^ clkbuf_5_12_0_ap_clk/Y (BUFx24_ASAP7_75t_R)
  29.28 5161.50 ^ clkbuf_leaf_169_ap_clk/Y (BUFx24_ASAP7_75t_R)
   0.89 5162.39 ^ u20063/CLK (DFFHQNx1_ASAP7_75t_R)
   3.85 5166.25   clock reconvergence pessimism
  -5.61 5160.63   library setup time
        5160.63   data required time
---------------------------------------------------------
        5160.63   data required time
        -1600.51   data arrival time
---------------------------------------------------------
        3560.13   slack (MET)



==========================================================================
finish report_checks -path_delay min reg to reg
--------------------------------------------------------------------------
Startpoint: u27385 (rising edge-triggered flip-flop clocked by core_clock)
Endpoint: u25185 (rising edge-triggered flip-flop clocked by core_clock)
Path Group: core_clock
Path Type: min

  Delay    Time   Description
---------------------------------------------------------
   0.00    0.00   clock core_clock (rise edge)
   0.00    0.00   clock source latency
   0.00    0.00 ^ ap_clk (in)
  21.03   21.03 ^ wire4689/Y (BUFx6f_ASAP7_75t_R)
  29.63   50.66 ^ clkbuf_0_ap_clk/Y (BUFx24_ASAP7_75t_R)
  24.82   75.48 ^ clkbuf_1_1_0_ap_clk/Y (BUFx24_ASAP7_75t_R)
  26.88  102.36 ^ clkbuf_3_6_0_ap_clk/Y (BUFx24_ASAP7_75t_R)
  27.99  130.35 ^ clkbuf_5_24_0_ap_clk/Y (BUFx24_ASAP7_75t_R)
  28.88  159.23 ^ clkbuf_leaf_156_ap_clk/Y (BUFx24_ASAP7_75t_R)
   2.02  161.25 ^ u27385/CLK (DFFHQNx1_ASAP7_75t_R)
  35.97  197.22 ^ u27385/QN (DFFHQNx1_ASAP7_75t_R)
   6.42  203.64 v u27386/Y (INVx1_ASAP7_75t_R)
   0.08  203.71 v u25185/D (DFFHQNx1_ASAP7_75t_R)
         203.71   data arrival time

   0.00    0.00   clock core_clock (rise edge)
   0.00    0.00   clock source latency
   0.00    0.00 ^ ap_clk (in)
  21.44   21.44 ^ wire4689/Y (BUFx6f_ASAP7_75t_R)
  30.62   52.06 ^ clkbuf_0_ap_clk/Y (BUFx24_ASAP7_75t_R)
  25.20   77.26 ^ clkbuf_1_0_0_ap_clk/Y (BUFx24_ASAP7_75t_R)
  29.90  107.16 ^ clkbuf_3_3_0_ap_clk/Y (BUFx24_ASAP7_75t_R)
  31.54  138.70 ^ clkbuf_5_13_0_ap_clk/Y (BUFx24_ASAP7_75t_R)
  37.87  176.56 ^ clkbuf_leaf_162_ap_clk/Y (BUFx24_ASAP7_75t_R)
   2.15  178.71 ^ u25185/CLK (DFFHQNx1_ASAP7_75t_R)
  -1.40  177.32   clock reconvergence pessimism
  12.48  189.79   library hold time
         189.79   data required time
---------------------------------------------------------
         189.79   data required time
        -203.71   data arrival time
---------------------------------------------------------
          13.92   slack (MET)



==========================================================================
finish critical path target clock latency max path
--------------------------------------------------------------------------
169.0252

==========================================================================
finish critical path target clock latency min path
--------------------------------------------------------------------------
190.4037

==========================================================================
finish critical path source clock latency min path
--------------------------------------------------------------------------
0.0000

==========================================================================
finish critical path delay
--------------------------------------------------------------------------
1100.1948

==========================================================================
finish critical path slack
--------------------------------------------------------------------------
2899.8052

==========================================================================
finish slack div critical path delay
--------------------------------------------------------------------------
263.571978

==========================================================================
finish report_power
--------------------------------------------------------------------------
Group                  Internal  Switching    Leakage      Total
                          Power      Power      Power      Power (Watts)
----------------------------------------------------------------
Sequential             2.58e-03   1.64e-04   8.92e-07   2.75e-03  21.4%
Combinational          4.90e-03   3.28e-03   3.28e-06   8.19e-03  63.6%
Clock                  1.11e-03   8.17e-04   1.99e-07   1.93e-03  15.0%
Macro                  0.00e+00   0.00e+00   0.00e+00   0.00e+00   0.0%
Pad                    0.00e+00   0.00e+00   0.00e+00   0.00e+00   0.0%
----------------------------------------------------------------
Total                  8.60e-03   4.26e-03   4.37e-06   1.29e-02 100.0%
                          66.8%      33.1%       0.0%
