OpenROAD 26Q3-463-gbde79242a0 
Features included (+) or not (-): +GPU +GUI +Python
This program is licensed under the BSD-3 license. See the LICENSE file for details.
Components of this program may be licensed under more restrictive licenses which must be honored.
[INFO ORD-0030] Using 16 thread(s).
source /OpenROAD-flow-scripts/flow/platforms/asap7/liberty_suppressions.tcl
read_liberty /OpenROAD-flow-scripts/flow/platforms/asap7/lib/NLDM/asap7sc7p5t_AO_RVT_FF_nldm_211120.lib.gz
read_liberty /OpenROAD-flow-scripts/flow/platforms/asap7/lib/NLDM/asap7sc7p5t_INVBUF_RVT_FF_nldm_220122.lib.gz
read_liberty /OpenROAD-flow-scripts/flow/platforms/asap7/lib/NLDM/asap7sc7p5t_OA_RVT_FF_nldm_211120.lib.gz
read_liberty /OpenROAD-flow-scripts/flow/platforms/asap7/lib/NLDM/asap7sc7p5t_SIMPLE_RVT_FF_nldm_211120.lib.gz
read_liberty /OpenROAD-flow-scripts/flow/platforms/asap7/lib/NLDM/asap7sc7p5t_SEQ_RVT_FF_nldm_220123.lib
read_db /work/util/uacc_hw/openroad/work_width_sweep/results/asap7/uacc_section14_allocator_width_sweep/base/3_2_place_iop.odb
read_sdc /work/util/uacc_hw/openroad/work_width_sweep/results/asap7/uacc_section14_allocator_width_sweep/base/2_floorplan.sdc
source /OpenROAD-flow-scripts/flow/platforms/asap7/setRC.tcl
[INFO RSZ-0026] Removed 6037 buffers.
Perform port buffering...
[INFO RSZ-0027] Inserted 773 BUFx2_ASAP7_75t_R input buffers.
[INFO RSZ-0028] Inserted 354 BUFx2_ASAP7_75t_R output buffers.
global_placement -density 0.4 -pad_left 0 -pad_right 0 -routability_driven -timing_driven -force_center_initial_place -min_phi_coef 0.95 -max_phi_coef 1.05
[INFO GPL-0001] ---- Initialize GPL Main Data Structures
[INFO GPL-0002] DBU: 1000
[INFO GPL-0003] SiteSize: (  0.054  0.270 ) um
[INFO GPL-0004] CoreBBox: (  3.024  3.240 ) ( 276.588 276.480 ) um
[INFO GPL-0036] Movable instances area:      17453.237 um^2
[INFO GPL-0037] Total instances area:        17660.098 um^2
[INFO GPL-0035] Pin density area adjust:      1582.635 um^2
[INFO GPL-0032] ---- Initialize Region: Top-level
[INFO GPL-0006] Number of instances:            131193
[INFO GPL-0007] Movable instances:              124099
[INFO GPL-0008] Fixed instances:                  7094
[INFO GPL-0009] Dummy instances:                     0
[INFO GPL-0010] Number of nets:                 125007
[INFO GPL-0011] Number of pins:                 430135
[INFO GPL-0012] Die BBox:  (  0.000  0.000 ) ( 279.609 279.609 ) um
[INFO GPL-0013] Core BBox: (  3.024  3.240 ) ( 276.588 276.480 ) um
[INFO GPL-0016] Core area:                   74748.627 um^2
[INFO GPL-0014] Region name: top-level.
[INFO GPL-0015] Region area:                 74748.627 um^2
[INFO GPL-0017] Fixed instances area:          206.861 um^2
[INFO GPL-0018] Movable instances area:      19035.872 um^2
[INFO GPL-0019] Utilization:                    25.537 %
[INFO GPL-0020] Standard cells area:         19035.872 um^2
[INFO GPL-0021] Large instances area:            0.000 um^2
[INFO GPL-0005] ---- Execute Conjugate Gradient Initial Placement.
[INFO GPL-0051] Source of initial instance position counters:
	Odb location = 0	Core center = 124099	Region center = 0
[InitialPlace]  Iter: 1 conjugate gradient residual: 0.00289871 HPWL: 533340782
[InitialPlace]  Iter: 2 conjugate gradient residual: 0.00134647 HPWL: 307114538
[InitialPlace]  Iter: 3 conjugate gradient residual: 0.00048647 HPWL: 280601545
[InitialPlace]  Iter: 4 conjugate gradient residual: 0.00031730 HPWL: 268640547
[InitialPlace]  Iter: 5 conjugate gradient residual: 0.00024352 HPWL: 261681404
[InitialPlace]  Iter: 6 conjugate gradient residual: 0.00022883 HPWL: 256655184
[InitialPlace]  Iter: 7 conjugate gradient residual: 0.00019295 HPWL: 253425522
[InitialPlace]  Iter: 8 conjugate gradient residual: 0.00018904 HPWL: 251557945
[InitialPlace]  Iter: 9 conjugate gradient residual: 0.00019082 HPWL: 249912543
[InitialPlace]  Iter: 10 conjugate gradient residual: 0.00014772 HPWL: 249269249
[InitialPlace]  Iter: 11 conjugate gradient residual: 0.00014685 HPWL: 248367241
[InitialPlace]  Iter: 12 conjugate gradient residual: 0.00013511 HPWL: 247986837
[InitialPlace]  Iter: 13 conjugate gradient residual: 0.00013538 HPWL: 247393559
[InitialPlace]  Iter: 14 conjugate gradient residual: 0.00012520 HPWL: 247431761
[InitialPlace]  Iter: 15 conjugate gradient residual: 0.00012461 HPWL: 246969730
[InitialPlace]  Iter: 16 conjugate gradient residual: 0.00012228 HPWL: 246973471
[InitialPlace]  Iter: 17 conjugate gradient residual: 0.00010986 HPWL: 246718587
[InitialPlace]  Iter: 18 conjugate gradient residual: 0.00011096 HPWL: 246853351
[InitialPlace]  Iter: 19 conjugate gradient residual: 0.00010158 HPWL: 246640918
[InitialPlace]  Iter: 20 conjugate gradient residual: 0.00010287 HPWL: 246718198
[INFO GPL-0033] ---- Initialize Nesterov Region: Top-level
[INFO GPL-0023] Placement target density:       0.4000
[INFO GPL-0024] Movable insts average area:      0.153 um^2
[INFO GPL-0025] Ideal bin area:                  0.383 um^2
[INFO GPL-0026] Ideal bin count:                194921
[INFO GPL-0027] Total bin area:              74748.627 um^2
[INFO GPL-0028] Bin count (X, Y):         256 ,    256
[INFO GPL-0029] Bin size (W * H):       1.069 *  1.067 um
[INFO GPL-0030] Number of bins:                  65536
[INFO GPL-0084] ---- Execute Nesterov Global Placement.
[INFO GPL-0031] HPWL: Half-Perimeter Wirelength
Iteration | Overflow |     HPWL (um) |  HPWL(%) |   Penalty | Group
---------------------------------------------------------------
        0 |   0.9651 |  1.509629e+05 |   +0.00% |  4.45e-14 |      
       10 |   0.9385 |  1.785019e+05 |  +18.24% |  7.24e-14 |      
       20 |   0.9233 |  1.920503e+05 |   +7.59% |  1.18e-13 |      
       30 |   0.9124 |  1.991193e+05 |   +3.68% |  1.92e-13 |      
       40 |   0.9056 |  2.002382e+05 |   +0.56% |  3.12e-13 |      
       50 |   0.9011 |  2.021466e+05 |   +0.95% |  5.08e-13 |      
       60 |   0.8982 |  2.059128e+05 |   +1.86% |  8.27e-13 |      
       70 |   0.8970 |  2.077766e+05 |   +0.91% |  1.35e-12 |      
       80 |   0.8961 |  2.084617e+05 |   +0.33% |  2.19e-12 |      
       90 |   0.8950 |  2.100432e+05 |   +0.76% |  3.57e-12 |      
      100 |   0.8938 |  2.121252e+05 |   +0.99% |  5.82e-12 |      
      110 |   0.8920 |  2.141493e+05 |   +0.95% |  9.48e-12 |      
      120 |   0.8906 |  2.162133e+05 |   +0.96% |  1.54e-11 |      
      130 |   0.8891 |  2.183712e+05 |   +1.00% |  2.51e-11 |      
      140 |   0.8877 |  2.207249e+05 |   +1.08% |  4.09e-11 |      
      150 |   0.8850 |  2.238140e+05 |   +1.40% |  6.66e-11 |      
      160 |   0.8811 |  2.284013e+05 |   +2.05% |  1.08e-10 |      
      170 |   0.8749 |  2.355076e+05 |   +3.11% |  1.77e-10 |      
      180 |   0.8649 |  2.464041e+05 |   +4.63% |  2.87e-10 |      
      190 |   0.8498 |  2.621111e+05 |   +6.37% |  4.67e-10 |      
      200 |   0.8287 |  2.827529e+05 |   +7.88% |  7.59e-10 |      
      210 |   0.8027 |  3.062941e+05 |   +8.33% |  1.23e-09 |      
      220 |   0.7752 |  3.280175e+05 |   +7.09% |  2.00e-09 |      
      230 |   0.7459 |  3.416027e+05 |   +4.14% |  3.26e-09 |      
      240 |   0.7109 |  3.514381e+05 |   +2.88% |  5.31e-09 |      
      250 |   0.6739 |  3.733088e+05 |   +6.22% |  8.62e-09 |      
      260 |   0.6388 |  3.937437e+05 |   +5.47% |  1.40e-08 |      
[INFO GPL-0100] Timing-driven iteration 1/2, virtual: false.
[INFO GPL-0101]    Iter: 262, overflow: 0.635, keep resizer changes at: 1, HPWL: 394263961
Iteration |   Area    | Resized | Buffers | Nets repaired | Remaining
---------------------------------------------------------------------
        0 |     +0.0% |       0 |       0 |             0 |    125007
    final |     +2.1% |     376 |    1187 |           516 |         0
---------------------------------------------------------------------
[INFO RSZ-0034] Found 494 slew violations.
[INFO RSZ-0036] Found 220 capacitance violations.
[INFO RSZ-0037] Found 91 long wires.
[INFO RSZ-0039] Resized 376 instances.
[INFO RSZ-0038] Inserted 1187 buffers in 516 nets.
   Iter   |    Area   | Removed | Inserted |   Pins
          |           | Buffers | Buffers  | Remaining
-------------------------------------------------------
        0 |     +0.0% |       0 |        0 |    124091
    12400 |     -0.0% |       4 |        2 |    111691
    24800 |     -0.1% |      91 |       27 |     99291
    37200 |     -0.1% |     105 |       56 |     86891
    49600 |     -0.2% |     163 |       94 |     74491
    62000 |     -0.2% |     198 |      119 |     62091
    74400 |     -0.3% |     231 |      157 |     49691
    86800 |     -0.3% |     241 |      169 |     37291
    99200 |     -0.4% |     341 |      270 |     24891
   111600 |     -0.9% |     741 |      662 |     12491
   124000 |     -1.3% |    1182 |     1261 |        91
    final |     -1.3% |    1187 |     1267 |         0
-------------------------------------------------------
[INFO GPL-0106] Timing-driven: worst slack -1e-09
[INFO GPL-0107] Timing-driven: repair_design delta area: 135.559 um^2 (+0.71%)
[INFO GPL-0108] Timing-driven: repair_design, gpl delta gcells: 1267 (+1.02%)
[INFO GPL-0109] Timing-driven: repair_design, gcells created: 2454, deleted: 1187
[INFO GPL-0110] Timing-driven: new target density: 0.40181857
Iteration | Overflow |     HPWL (um) |  HPWL(%) |   Penalty | Group
---------------------------------------------------------------
      270 |   0.5979 |  4.321177e+05 |   +9.75% |  2.27e-08 |      
[INFO GPL-0038] Routability snapshot saved at iter = 271
      270 |   0.5979 |  4.321177e+05 |          |           |      
      280 |   0.5679 |  4.463848e+05 |   +3.30% |  3.70e-08 |      
      290 |   0.5286 |  4.398199e+05 |   -1.47% |  6.02e-08 |      
      300 |   0.4847 |  4.476357e+05 |   +1.78% |  9.79e-08 |      
      310 |   0.4435 |  4.407989e+05 |   -1.53% |  1.59e-07 |      
      320 |   0.4038 |  4.361488e+05 |   -1.05% |  2.60e-07 |      
      330 |   0.3668 |  4.383467e+05 |   +0.50% |  4.23e-07 |      
      340 |   0.3245 |  4.349831e+05 |   -0.77% |  6.62e-07 |      
[INFO GPL-0040] Routability iteration: 1
[WARNING GRT-0281] Net ap_clk has a large fanout of 15446 terminals.
[INFO GPL-0041] Total routing overflow: 0.0000
[INFO GPL-0042] Number of overflowed tiles: 0 (0.00%)
[INFO GPL-0043] Average top 0.5% routing congestion: 0.6730
[INFO GPL-0044] Average top 1.0% routing congestion: 0.6440
[INFO GPL-0045] Average top 2.0% routing congestion: 0.6142
[INFO GPL-0046] Average top 5.0% routing congestion: 0.5720
[INFO GPL-0047] Routability iteration weighted routing congestion: 0.6585
[INFO GPL-0050] Weighted routing congestion is lower than target routing congestion(1.0100), end routability optimization.
[INFO GPL-0090] Routability finished. Target routing congestion achieved succesfully.
Iteration | Overflow |     HPWL (um) |  HPWL(%) |   Penalty | Group
---------------------------------------------------------------
      350 |   0.2958 |  4.289369e+05 |   -1.39% |  9.75e-07 |      
      360 |   0.2643 |  4.248085e+05 |   -0.96% |  1.44e-06 |      
      370 |   0.2358 |  4.211658e+05 |   -0.86% |  2.12e-06 |      
      380 |   0.2089 |  4.174952e+05 |   -0.87% |  3.12e-06 |      
[INFO GPL-0100] Timing-driven iteration 2/2, virtual: false.
[INFO GPL-0101]    Iter: 387, overflow: 0.194, keep resizer changes at: 1, HPWL: 415772357
Iteration |   Area    | Resized | Buffers | Nets repaired | Remaining
---------------------------------------------------------------------
        0 |     +0.0% |       0 |       0 |             0 |    126274
    final |     +0.3% |       0 |     169 |           143 |         0
---------------------------------------------------------------------
[INFO RSZ-0034] Found 69 slew violations.
[INFO RSZ-0036] Found 2 capacitance violations.
[INFO RSZ-0037] Found 93 long wires.
[INFO RSZ-0038] Inserted 169 buffers in 143 nets.
   Iter   |    Area   | Removed | Inserted |   Pins
          |           | Buffers | Buffers  | Remaining
-------------------------------------------------------
        0 |     +0.0% |       0 |        0 |    124091
    12400 |     +0.0% |       2 |        2 |    111691
    24800 |     +0.0% |      33 |       73 |     99291
    37200 |     +0.0% |      98 |      175 |     86891
    49600 |     +0.0% |     142 |      248 |     74491
    62000 |     +0.0% |     170 |      285 |     62091
    74400 |     +0.0% |     218 |      348 |     49691
    86800 |     +0.0% |     232 |      370 |     37291
    99200 |     -0.0% |     352 |      505 |     24891
   111600 |     +0.1% |     777 |     1260 |     12491
   124000 |     +0.4% |    1428 |     2387 |        91
    final |     +0.4% |    1436 |     2393 |         0
-------------------------------------------------------
[INFO GPL-0106] Timing-driven: worst slack -1e-09
[INFO GPL-0107] Timing-driven: repair_design delta area: 108.708 um^2 (+0.57%)
[INFO GPL-0108] Timing-driven: repair_design, gpl delta gcells: 1126 (+0.90%)
[INFO GPL-0109] Timing-driven: repair_design, gcells created: 2562, deleted: 1436
[INFO GPL-0110] Timing-driven: new target density: 0.40327692
Iteration | Overflow |     HPWL (um) |  HPWL(%) |   Penalty | Group
---------------------------------------------------------------
      390 |   0.1829 |  4.747211e+05 |  +13.71% |  4.57e-06 |      
      400 |   0.1571 |  4.655281e+05 |   -1.94% |  6.73e-06 |      
      410 |   0.1384 |  4.602489e+05 |   -1.13% |  9.91e-06 |      
      420 |   0.1185 |  4.563286e+05 |   -0.85% |  1.46e-05 |      
      430 |   0.1010 |  4.535138e+05 |   -0.62% |  2.15e-05 |      
      431 |   0.0994 |  4.532776e+05 |          |  2.32e-05 |      
---------------------------------------------------------------
[INFO GPL-1001] Global placement finished at iteration 431
[INFO GPL-1017] Routability mode iteration count: 78
[INFO GPL-1005] Routability final weighted congestion: 0.6379
[INFO GPL-1002] Placed Cell Area            19280.1392
[INFO GPL-1003] Available Free Area         74541.7663
[INFO GPL-1004] Minimum Feasible Density        0.2600 (cell_area / free_area)
[INFO GPL-1006]   Suggested Target Densities:
[INFO GPL-1007]     - For 90% usage of free space: 0.2874
[INFO GPL-1008]     - For 80% usage of free space: 0.3233
[INFO GPL-1009]     - For 50% usage of free space: 0.5173
[INFO GPL-1011] Original area (um^2): 19035.87
[INFO GPL-1012] Total routability artificial inflation: 0.00 (+0.00%)
[INFO GPL-1013] Total timing-driven delta area: 244.27 (+1.28%)
[INFO GPL-1014] Final placement area: 19280.14 (+1.28%)
Took 116 seconds: global_placement -density 0.4 -pad_left 0 -pad_right 0 -routability_driven -timing_driven -force_center_initial_place -min_phi_coef 0.95 -max_phi_coef 1.05
estimate_parasitics -placement
Report metrics stage 3, global place...

==========================================================================
global place report_design_area
--------------------------------------------------------------------------
Design area 17897 um^2 24% utilization.
write_db /work/util/uacc_hw/openroad/work_width_sweep/results/asap7/uacc_section14_allocator_width_sweep/base/3_3_place_gp.odb
Elapsed time: 2:09.20[h:]min:sec. CPU time: user 420.01 sys 117.32 (415%). Peak memory: 1902128KB.
Log                       Ext     Elapsed/s Peak Memory/MB sha1sum result [0:20)
3_3_place_gp              .odb          129           1857 a71e771401a890990284
