OpenROAD 26Q3-463-gbde79242a0 
Features included (+) or not (-): +GPU +GUI +Python
This program is licensed under the BSD-3 license. See the LICENSE file for details.
Components of this program may be licensed under more restrictive licenses which must be honored.
[INFO ORD-0030] Using 16 thread(s).
source /OpenROAD-flow-scripts/flow/platforms/asap7/liberty_suppressions.tcl
read_liberty /OpenROAD-flow-scripts/flow/platforms/asap7/lib/NLDM/asap7sc7p5t_AO_RVT_FF_nldm_211120.lib.gz
read_liberty /OpenROAD-flow-scripts/flow/platforms/asap7/lib/NLDM/asap7sc7p5t_INVBUF_RVT_FF_nldm_220122.lib.gz
read_liberty /OpenROAD-flow-scripts/flow/platforms/asap7/lib/NLDM/asap7sc7p5t_OA_RVT_FF_nldm_211120.lib.gz
read_liberty /OpenROAD-flow-scripts/flow/platforms/asap7/lib/NLDM/asap7sc7p5t_SIMPLE_RVT_FF_nldm_211120.lib.gz
read_liberty /OpenROAD-flow-scripts/flow/platforms/asap7/lib/NLDM/asap7sc7p5t_SEQ_RVT_FF_nldm_220123.lib
read_db /work/util/uacc_hw/openroad/work_width_sweep/results/asap7/uacc_section14_allocator_width_sweep/base/3_3_place_gp.odb
read_sdc /work/util/uacc_hw/openroad/work_width_sweep/results/asap7/uacc_section14_allocator_width_sweep/base/2_floorplan.sdc
source /OpenROAD-flow-scripts/flow/platforms/asap7/setRC.tcl
estimate_parasitics -placement
Perform buffer insertion and gate resizing...
repair_design -verbose
Iteration |   Area    | Resized | Buffers | Nets repaired | Remaining
---------------------------------------------------------------------
        0 |     +0.0% |       0 |       0 |             0 |    127400
     1000 |     +0.0% |       0 |       0 |             0 |    126400
     2000 |     +0.0% |       0 |       0 |             0 |    125400
     3000 |     +0.0% |       0 |       0 |             0 |    124400
     4000 |     +0.0% |       0 |       0 |             0 |    123400
     5000 |     +0.0% |       0 |       0 |             0 |    122400
     6000 |     +0.0% |       0 |       0 |             0 |    121400
     7000 |     +0.0% |       0 |       0 |             0 |    120400
     8000 |     +0.0% |       0 |       0 |             0 |    119400
     9000 |     +0.0% |       0 |       0 |             0 |    118400
    10000 |     +0.0% |       0 |       0 |             0 |    117400
    11000 |     +0.0% |       0 |       0 |             0 |    116400
    12000 |     +0.0% |       0 |       0 |             0 |    115400
    13000 |     +0.0% |       0 |       0 |             0 |    114400
    14000 |     +0.0% |       0 |       0 |             0 |    113400
    15000 |     +0.0% |       0 |       0 |             0 |    112400
    16000 |     +0.0% |       0 |       0 |             0 |    111400
    17000 |     +0.0% |       0 |       0 |             0 |    110400
    18000 |     +0.0% |       0 |       0 |             0 |    109400
    19000 |     +0.0% |       0 |       0 |             0 |    108400
    20000 |     +0.0% |       0 |       0 |             0 |    107400
    21000 |     +0.0% |       0 |       0 |             0 |    106400
    22000 |     +0.0% |       0 |       0 |             0 |    105400
    23000 |     +0.0% |       0 |       0 |             0 |    104400
    24000 |     +0.0% |       0 |       0 |             0 |    103400
    25000 |     +0.0% |       0 |       0 |             0 |    102400
    26000 |     +0.0% |       0 |       0 |             0 |    101400
    27000 |     +0.0% |       0 |       0 |             0 |    100400
    28000 |     +0.0% |       0 |       0 |             0 |     99400
    29000 |     +0.0% |       0 |       0 |             0 |     98400
    30000 |     +0.0% |       0 |       0 |             0 |     97400
    31000 |     +0.0% |       0 |       0 |             0 |     96400
    32000 |     +0.0% |       0 |       0 |             0 |     95400
    33000 |     +0.0% |       0 |       0 |             0 |     94400
    34000 |     +0.0% |       0 |       0 |             0 |     93400
    35000 |     +0.0% |       0 |       0 |             0 |     92400
    36000 |     +0.0% |       0 |       0 |             0 |     91400
    37000 |     +0.0% |       0 |       0 |             0 |     90400
    38000 |     +0.0% |       0 |       0 |             0 |     89400
    39000 |     +0.0% |       0 |       0 |             0 |     88400
    40000 |     +0.0% |       0 |       0 |             0 |     87400
    41000 |     +0.0% |       0 |       0 |             0 |     86400
    42000 |     +0.0% |       0 |       0 |             0 |     85400
    43000 |     +0.0% |       0 |       0 |             0 |     84400
    44000 |     +0.0% |       0 |       0 |             0 |     83400
    45000 |     +0.0% |       0 |       0 |             0 |     82400
    46000 |     +0.0% |       0 |       0 |             0 |     81400
    47000 |     +0.0% |       0 |       0 |             0 |     80400
    48000 |     +0.0% |       0 |       0 |             0 |     79400
    49000 |     +0.0% |       0 |       0 |             0 |     78400
    50000 |     +0.0% |       0 |       0 |             0 |     77400
    51000 |     +0.0% |       0 |       0 |             0 |     76400
    52000 |     +0.0% |       0 |       0 |             0 |     75400
    53000 |     +0.0% |       0 |       0 |             0 |     74400
    54000 |     +0.0% |       0 |       0 |             0 |     73400
    55000 |     +0.0% |       0 |       0 |             0 |     72400
    56000 |     +0.0% |       0 |       0 |             0 |     71400
    57000 |     +0.0% |       0 |       0 |             0 |     70400
    58000 |     +0.0% |       0 |       0 |             0 |     69400
    59000 |     +0.0% |       0 |       0 |             0 |     68400
    60000 |     +0.0% |       0 |       0 |             0 |     67400
    61000 |     +0.0% |       0 |       0 |             0 |     66400
    62000 |     +0.0% |       0 |       0 |             0 |     65400
    63000 |     +0.0% |       0 |       0 |             0 |     64400
    64000 |     +0.0% |       0 |       0 |             0 |     63400
    65000 |     +0.0% |       0 |       0 |             0 |     62400
    66000 |     +0.0% |       0 |       0 |             0 |     61400
    67000 |     +0.0% |       0 |       0 |             0 |     60400
    68000 |     +0.0% |       0 |       0 |             0 |     59400
    69000 |     +0.0% |       0 |       0 |             0 |     58400
    70000 |     +0.0% |       0 |       0 |             0 |     57400
    71000 |     +0.0% |       0 |       0 |             0 |     56400
    72000 |     +0.0% |       0 |       1 |             1 |     55400
    73000 |     +0.0% |       0 |       1 |             1 |     54400
    74000 |     +0.0% |       0 |       1 |             1 |     53400
    75000 |     +0.0% |       0 |       1 |             1 |     52400
    76000 |     +0.0% |       0 |       1 |             1 |     51400
    77000 |     +0.0% |       0 |       1 |             1 |     50400
    78000 |     +0.0% |       0 |       1 |             1 |     49400
    79000 |     +0.0% |       0 |       1 |             1 |     48400
    80000 |     +0.0% |       0 |       1 |             1 |     47400
    81000 |     +0.0% |       0 |       1 |             1 |     46400
    82000 |     +0.0% |       0 |       1 |             1 |     45400
    83000 |     +0.0% |       0 |       1 |             1 |     44400
    84000 |     +0.0% |       0 |       1 |             1 |     43400
    85000 |     +0.0% |       0 |       1 |             1 |     42400
    86000 |     +0.0% |       0 |       1 |             1 |     41400
    87000 |     +0.0% |       0 |       1 |             1 |     40400
    88000 |     +0.0% |       0 |       1 |             1 |     39400
    89000 |     +0.0% |       0 |       3 |             3 |     38400
    90000 |     +0.0% |       0 |       3 |             3 |     37400
    91000 |     +0.0% |       0 |       3 |             3 |     36400
    92000 |     +0.0% |       0 |       3 |             3 |     35400
    93000 |     +0.0% |       0 |       3 |             3 |     34400
    94000 |     +0.0% |       0 |       3 |             3 |     33400
    95000 |     +0.0% |       0 |       3 |             3 |     32400
    96000 |     +0.0% |       0 |       3 |             3 |     31400
    97000 |     +0.0% |       0 |       3 |             3 |     30400
    98000 |     +0.0% |       0 |       3 |             3 |     29400
    99000 |     +0.0% |       0 |       4 |             4 |     28400
   100000 |     +0.0% |       0 |       4 |             4 |     27400
   101000 |     +0.0% |       0 |       4 |             4 |     26400
   102000 |     +0.0% |       0 |       4 |             4 |     25400
   103000 |     +0.0% |       0 |       4 |             4 |     24400
   104000 |     +0.0% |       0 |       4 |             4 |     23400
   105000 |     +0.0% |       0 |       4 |             4 |     22400
   106000 |     +0.0% |       0 |       4 |             4 |     21400
   107000 |     +0.0% |       0 |       4 |             4 |     20400
   108000 |     +0.0% |       0 |       4 |             4 |     19400
   109000 |     +0.0% |       0 |       4 |             4 |     18400
   110000 |     +0.0% |       0 |       5 |             5 |     17400
   111000 |     +0.0% |       0 |       5 |             5 |     16400
   112000 |     +0.0% |       0 |       5 |             5 |     15400
   113000 |     +0.0% |       0 |       5 |             5 |     14400
   114000 |     +0.0% |       0 |       5 |             5 |     13400
   115000 |     +0.0% |       0 |       5 |             5 |     12400
   116000 |     +0.0% |       0 |       5 |             5 |     11400
   117000 |     +0.0% |       0 |       5 |             5 |     10400
   118000 |     +0.0% |       0 |       5 |             5 |      9400
   119000 |     +0.0% |       0 |       5 |             5 |      8400
   120000 |     +0.0% |       0 |       5 |             5 |      7400
   121000 |     +0.0% |       0 |       5 |             5 |      6400
   122000 |     +0.0% |       0 |       5 |             5 |      5400
   123000 |     +0.0% |       0 |       5 |             5 |      4400
   124000 |     +0.0% |       0 |       5 |             5 |      3400
   125000 |     +0.0% |       0 |       5 |             5 |      2400
   126000 |     +0.0% |       0 |       5 |             5 |      1400
   127000 |     +0.0% |       0 |       5 |             5 |       400
    final |     +0.0% |       0 |       5 |             5 |         0
---------------------------------------------------------------------
[INFO RSZ-0034] Found 4 slew violations.
[INFO RSZ-0036] Found 1 capacitance violations.
[INFO RSZ-0038] Inserted 5 buffers in 5 nets.
[INFO RSZ-0504] Runtime: 14.92s
Took 17 seconds: repair_design -verbose
Floating nets: 
Report metrics stage 3, resizer...

==========================================================================
resizer report_design_area
--------------------------------------------------------------------------
Design area 17898 um^2 24% utilization.
Instance count before 133586, after 133591
Pin count before 433651, after 433661
write_db /work/util/uacc_hw/openroad/work_width_sweep/results/asap7/uacc_section14_allocator_width_sweep/base/3_4_place_resized.odb
Elapsed time: 0:47.02[h:]min:sec. CPU time: user 84.72 sys 32.98 (250%). Peak memory: 937848KB.
Log                       Ext     Elapsed/s Peak Memory/MB sha1sum result [0:20)
3_4_place_resized         .odb           47            915 343508ff0a183e78a71e
