OpenROAD 26Q3-463-gbde79242a0 
Features included (+) or not (-): +GPU +GUI +Python
This program is licensed under the BSD-3 license. See the LICENSE file for details.
Components of this program may be licensed under more restrictive licenses which must be honored.
[INFO ORD-0030] Using 16 thread(s).
source /OpenROAD-flow-scripts/flow/platforms/asap7/liberty_suppressions.tcl
read_liberty /OpenROAD-flow-scripts/flow/platforms/asap7/lib/NLDM/asap7sc7p5t_AO_RVT_FF_nldm_211120.lib.gz
read_liberty /OpenROAD-flow-scripts/flow/platforms/asap7/lib/NLDM/asap7sc7p5t_INVBUF_RVT_FF_nldm_220122.lib.gz
read_liberty /OpenROAD-flow-scripts/flow/platforms/asap7/lib/NLDM/asap7sc7p5t_OA_RVT_FF_nldm_211120.lib.gz
read_liberty /OpenROAD-flow-scripts/flow/platforms/asap7/lib/NLDM/asap7sc7p5t_SIMPLE_RVT_FF_nldm_211120.lib.gz
read_liberty /OpenROAD-flow-scripts/flow/platforms/asap7/lib/NLDM/asap7sc7p5t_SEQ_RVT_FF_nldm_220123.lib
read_db /work/util/uacc_hw/openroad/work_width_sweep/results/asap7/uacc_section14_allocator_width_sweep/base/4_cts.odb
read_sdc /work/util/uacc_hw/openroad/work_width_sweep/results/asap7/uacc_section14_allocator_width_sweep/base/4_cts.sdc
source /OpenROAD-flow-scripts/flow/platforms/asap7/setRC.tcl
pin_access
[INFO DRT-0149] Reading tech and libs.

Units:                1000
Number of layers:     21
Number of macros:     212
Number of vias:       14
Number of viarulegen: 11

[INFO DRT-0150] Reading design.

Design:                   uacc_section14_allocator_uacc_section14_allocator
Die area:                 ( 0 0 ) ( 279609 279609 )
Number of track patterns: 32
Number of DEF vias:       0
Number of components:     135270
Number of terminals:      1272
Number of snets:          2
Number of nets:           128330

[INFO DRT-0167] List of default vias:
  Layer V2
    default via: VIA23
  Layer V3
    default via: VIA34
  Layer V4
    default via: VIA45
  Layer V5
    default via: VIA56
  Layer V6
    default via: VIA67
  Layer V7
    default via: VIA78
  Layer V8
    default via: VIA89
  Layer V9
    default via: VIA9Pad
[INFO DRT-0162] Library cell analysis.
[INFO DRT-0163] Instance analysis.
  Complete 100000 instances.
[INFO DRT-0164] Number of unique instances = 277.
[INFO DRT-0168] Init region query.
[INFO DRT-0018]   Complete 100000 insts.
[INFO DRT-0024]   Complete Active.
[INFO DRT-0024]   Complete V0.
[INFO DRT-0024]   Complete M1.
[INFO DRT-0024]   Complete V1.
[INFO DRT-0024]   Complete M2.
[INFO DRT-0024]   Complete V2.
[INFO DRT-0024]   Complete M3.
[INFO DRT-0024]   Complete V3.
[INFO DRT-0024]   Complete M4.
[INFO DRT-0024]   Complete V4.
[INFO DRT-0024]   Complete M5.
[INFO DRT-0024]   Complete V5.
[INFO DRT-0024]   Complete M6.
[INFO DRT-0024]   Complete V6.
[INFO DRT-0024]   Complete M7.
[INFO DRT-0024]   Complete V7.
[INFO DRT-0024]   Complete M8.
[INFO DRT-0024]   Complete V8.
[INFO DRT-0024]   Complete M9.
[INFO DRT-0024]   Complete V9.
[INFO DRT-0024]   Complete Pad.
[INFO DRT-0033] Active shape region query size = 0.
[INFO DRT-0033] V0 shape region query size = 0.
[INFO DRT-0033] M1 shape region query size = 2718402.
[INFO DRT-0033] V1 shape region query size = 7836804.
[INFO DRT-0033] M2 shape region query size = 100030.
[INFO DRT-0033] V2 shape region query size = 154989.
[INFO DRT-0033] M3 shape region query size = 154989.
[INFO DRT-0033] V3 shape region query size = 103326.
[INFO DRT-0033] M4 shape region query size = 103665.
[INFO DRT-0033] V4 shape region query size = 103326.
[INFO DRT-0033] M5 shape region query size = 57898.
[INFO DRT-0033] V5 shape region query size = 10404.
[INFO DRT-0033] M6 shape region query size = 5406.
[INFO DRT-0033] V6 shape region query size = 0.
[INFO DRT-0033] M7 shape region query size = 0.
[INFO DRT-0033] V7 shape region query size = 0.
[INFO DRT-0033] M8 shape region query size = 0.
[INFO DRT-0033] V8 shape region query size = 0.
[INFO DRT-0033] M9 shape region query size = 0.
[INFO DRT-0033] V9 shape region query size = 0.
[INFO DRT-0033] Pad shape region query size = 0.
[INFO DRT-0165] Start pin access.
[INFO DRT-0076]   Complete 1000 pins.
[INFO DRT-0078]   Complete 1516 pins.
[INFO DRT-0079]   Complete 100 unique inst patterns.
[INFO DRT-0079]   Complete 200 unique inst patterns.
[INFO DRT-0081]   Complete 277 unique inst patterns.
[INFO DRT-0082]   Complete 10000 groups.
[INFO DRT-0082]   Complete 20000 groups.
[INFO DRT-0082]   Complete 30000 groups.
[INFO DRT-0082]   Complete 40000 groups.
[INFO DRT-0082]   Complete 50000 groups.
[INFO DRT-0082]   Complete 60000 groups.
[INFO DRT-0082]   Complete 70000 groups.
[INFO DRT-0082]   Complete 80000 groups.
[INFO DRT-0082]   Complete 90000 groups.
[INFO DRT-0084]   Complete 96215 groups.
#scanned instances     = 135270
#unique  instances     = 277
#stdCellGenAp          = 7700
#stdCellValidPlanarAp  = 5
#stdCellValidViaAp     = 6232
#stdCellPinNoAp        = 0
#stdCellPinCnt         = 436257
#instTermValidViaApCnt = 0
#macroGenAp            = 0
#macroValidPlanarAp    = 0
#macroValidViaAp       = 0
#macroNoAp             = 0
[INFO DRT-0166] Complete pin access.
[INFO DRT-0267] cpu time = 00:22:37, elapsed time = 00:01:25, memory = 969.30 (MB), peak = 1229.68 (MB)
Took 88 seconds: pin_access
global_route -congestion_report_file /work/util/uacc_hw/openroad/work_width_sweep/reports/asap7/uacc_section14_allocator_width_sweep/base/congestion.rpt -congestion_iterations 30 -congestion_report_iter_step 5 -verbose -resistance_aware
[INFO GRT-0020] Min routing layer: M2
[INFO GRT-0021] Max routing layer: M7
[INFO GRT-0022] Global adjustment: 0%
[INFO GRT-0023] Grid origin: (0, 0)
[INFO GRT-0088] Layer M1      Track-Pitch = 0.0360  line-2-Via Pitch: 0.0360
[INFO GRT-0088] Layer M2      Track-Pitch = 0.0390  line-2-Via Pitch: 0.0360
[INFO GRT-0088] Layer M3      Track-Pitch = 0.0360  line-2-Via Pitch: 0.0360
[INFO GRT-0088] Layer M4      Track-Pitch = 0.0480  line-2-Via Pitch: 0.0480
[INFO GRT-0088] Layer M5      Track-Pitch = 0.0480  line-2-Via Pitch: 0.0480
[INFO GRT-0088] Layer M6      Track-Pitch = 0.0640  line-2-Via Pitch: 0.0640
[INFO GRT-0088] Layer M7      Track-Pitch = 0.0640  line-2-Via Pitch: 0.0640
[INFO GRT-0003] Macros: 0
[INFO GRT-0004] Blockages: 46335
[INFO GRT-0019] Found 926 clock nets.
[INFO GRT-0001] Minimum degree: 2
[INFO GRT-0002] Maximum degree: 97

[INFO GRT-0053] Routing resources analysis:
          Routing      Original      Derated      Resource
Layer     Direction    Resources     Resources    Reduction (%)
---------------------------------------------------------------
M1         Vertical            0             0          0.00%
M2         Horizontal    2944051       2120551          27.97%
M3         Vertical      3646385       2708538          25.72%
M4         Horizontal    2794059       2074719          25.75%
M5         Vertical      2696266       1998504          25.88%
M6         Horizontal    1879161       1271136          32.36%
M7         Vertical      2136441       1439616          32.62%
---------------------------------------------------------------

[INFO GRT-0197] Via related to pin nodes: 856085
[INFO GRT-0198] Via related Steiner nodes: 23284
[INFO GRT-0199] Via filling finished.
[INFO GRT-0111] Final number of vias: 1123504
[INFO GRT-0112] Final usage 3D: 4445930

[INFO GRT-0096] Final congestion report:
Layer         Resource        Demand        Usage (%)    Max H / Max V / Total Congestion
---------------------------------------------------------------------------------------
M1                   0             0            0.00%             0 /  0 /  0
M2             2120551        454301           21.42%             0 /  0 /  0
M3             2708538        510584           18.85%             0 /  0 /  0
M4             2074719         42035            2.03%             0 /  0 /  0
M5             1998504         32990            1.65%             0 /  0 /  0
M6             1271136         20220            1.59%             0 /  0 /  0
M7             1439616         15288            1.06%             0 /  0 /  0
---------------------------------------------------------------------------------------
Total         11613064       1075418            9.26%             0 /  0 /  0

[INFO GRT-0018] Total wirelength: 8180982 um
[INFO GRT-0014] Routed nets: 128196
[INFO GRT-0303] Global routing runtime = 00:00:51
Took 55 seconds: global_route -congestion_report_file /work/util/uacc_hw/openroad/work_width_sweep/reports/asap7/uacc_section14_allocator_width_sweep/base/congestion.rpt -congestion_iterations 30 -congestion_report_iter_step 5 -verbose -resistance_aware
estimate_parasitics -global_routing
Perform buffer insertion and gate resizing...
repair_design -verbose
Iteration |   Area    | Resized | Buffers | Nets repaired | Remaining
---------------------------------------------------------------------
        0 |     +0.0% |       0 |       0 |             0 |    129084
     1000 |     +0.0% |       0 |       0 |             0 |    128084
     2000 |     +0.0% |       0 |       0 |             0 |    127084
     3000 |     +0.0% |       0 |       0 |             0 |    126084
     4000 |     +0.0% |       0 |       0 |             0 |    125084
     5000 |     +0.0% |       0 |       0 |             0 |    124084
     6000 |     +0.0% |       0 |       0 |             0 |    123084
     7000 |     +0.0% |       0 |       0 |             0 |    122084
     8000 |     +0.0% |       0 |       0 |             0 |    121084
     9000 |     +0.0% |       0 |       0 |             0 |    120084
    10000 |     +0.0% |       0 |       0 |             0 |    119084
    11000 |     +0.0% |       0 |       0 |             0 |    118084
    12000 |     +0.0% |       0 |       0 |             0 |    117084
    13000 |     +0.0% |       0 |       0 |             0 |    116084
    14000 |     +0.0% |       0 |       0 |             0 |    115084
    15000 |     +0.0% |       0 |       0 |             0 |    114084
    16000 |     +0.0% |       0 |       0 |             0 |    113084
    17000 |     +0.0% |       0 |       0 |             0 |    112084
    18000 |     +0.0% |       0 |       0 |             0 |    111084
    19000 |     +0.0% |       0 |       0 |             0 |    110084
    20000 |     +0.0% |       0 |       0 |             0 |    109084
    21000 |     +0.0% |       0 |       0 |             0 |    108084
    22000 |     +0.0% |       0 |       0 |             0 |    107084
    23000 |     +0.0% |       0 |       0 |             0 |    106084
    24000 |     +0.0% |       0 |       0 |             0 |    105084
    25000 |     +0.0% |       0 |       0 |             0 |    104084
    26000 |     +0.0% |       0 |       0 |             0 |    103084
    27000 |     +0.0% |       0 |       0 |             0 |    102084
    28000 |     +0.0% |       0 |       0 |             0 |    101084
    29000 |     +0.0% |       0 |       0 |             0 |    100084
    30000 |     +0.0% |       0 |       0 |             0 |     99084
    31000 |     +0.0% |       0 |       0 |             0 |     98084
    32000 |     +0.0% |       0 |       0 |             0 |     97084
    33000 |     +0.0% |       0 |       0 |             0 |     96084
    34000 |     +0.0% |       0 |       0 |             0 |     95084
    35000 |     +0.0% |       0 |       0 |             0 |     94084
    36000 |     +0.0% |       0 |       0 |             0 |     93084
    37000 |     +0.0% |       0 |       0 |             0 |     92084
    38000 |     +0.0% |       0 |       0 |             0 |     91084
    39000 |     +0.0% |       0 |       0 |             0 |     90084
    40000 |     +0.0% |       0 |       0 |             0 |     89084
    41000 |     +0.0% |       0 |       0 |             0 |     88084
    42000 |     +0.0% |       0 |       0 |             0 |     87084
    43000 |     +0.0% |       0 |       0 |             0 |     86084
    44000 |     +0.0% |       0 |       0 |             0 |     85084
    45000 |     +0.0% |       0 |       0 |             0 |     84084
    46000 |     +0.0% |       0 |       0 |             0 |     83084
    47000 |     +0.0% |       0 |       0 |             0 |     82084
    48000 |     +0.0% |       0 |       0 |             0 |     81084
    49000 |     +0.0% |       0 |       0 |             0 |     80084
    50000 |     +0.0% |       0 |       0 |             0 |     79084
    51000 |     +0.0% |       0 |       0 |             0 |     78084
    52000 |     +0.0% |       0 |       0 |             0 |     77084
    53000 |     +0.0% |       0 |       0 |             0 |     76084
    54000 |     +0.0% |       0 |       0 |             0 |     75084
    55000 |     +0.0% |       0 |       0 |             0 |     74084
    56000 |     +0.0% |       0 |       0 |             0 |     73084
    57000 |     +0.0% |       0 |       0 |             0 |     72084
    58000 |     +0.0% |       0 |       0 |             0 |     71084
    59000 |     +0.0% |       0 |       0 |             0 |     70084
    60000 |     +0.0% |       0 |       0 |             0 |     69084
    61000 |     +0.0% |       0 |       0 |             0 |     68084
    62000 |     +0.0% |       0 |       0 |             0 |     67084
    63000 |     +0.0% |       0 |       0 |             0 |     66084
    64000 |     +0.0% |       0 |       0 |             0 |     65084
    65000 |     +0.0% |       0 |       0 |             0 |     64084
    66000 |     +0.0% |       0 |       0 |             0 |     63084
    67000 |     +0.0% |       0 |       0 |             0 |     62084
    68000 |     +0.0% |       0 |       0 |             0 |     61084
    69000 |     +0.0% |       0 |       0 |             0 |     60084
    70000 |     +0.0% |       0 |       0 |             0 |     59084
    71000 |     +0.0% |       0 |       0 |             0 |     58084
    72000 |     +0.0% |       0 |       0 |             0 |     57084
    73000 |     +0.0% |       0 |       0 |             0 |     56084
    74000 |     +0.0% |       0 |       0 |             0 |     55084
    75000 |     +0.0% |       0 |       0 |             0 |     54084
    76000 |     +0.0% |       0 |       0 |             0 |     53084
    77000 |     +0.0% |       0 |       0 |             0 |     52084
    78000 |     +0.0% |       0 |       0 |             0 |     51084
    79000 |     +0.0% |       0 |       0 |             0 |     50084
    80000 |     +0.0% |       0 |       0 |             0 |     49084
    81000 |     +0.0% |       0 |       0 |             0 |     48084
    82000 |     +0.0% |       0 |       0 |             0 |     47084
    83000 |     +0.0% |       0 |       0 |             0 |     46084
    84000 |     +0.0% |       0 |       0 |             0 |     45084
    85000 |     +0.0% |       0 |       0 |             0 |     44084
    86000 |     +0.0% |       0 |       0 |             0 |     43084
    87000 |     +0.0% |       0 |       0 |             0 |     42084
    88000 |     +0.0% |       0 |       0 |             0 |     41084
    89000 |     +0.0% |       0 |       0 |             0 |     40084
    90000 |     +0.0% |       0 |       0 |             0 |     39084
    91000 |     +0.0% |       0 |       0 |             0 |     38084
    92000 |     +0.0% |       0 |       0 |             0 |     37084
    93000 |     +0.0% |       0 |       0 |             0 |     36084
    94000 |     +0.0% |       0 |       0 |             0 |     35084
    95000 |     +0.0% |       0 |       0 |             0 |     34084
    96000 |     +0.0% |       0 |       0 |             0 |     33084
    97000 |     +0.0% |       0 |       0 |             0 |     32084
    98000 |     +0.0% |       0 |       0 |             0 |     31084
    99000 |     +0.0% |       0 |       0 |             0 |     30084
   100000 |     +0.0% |       0 |       0 |             0 |     29084
   101000 |     +0.0% |       0 |       0 |             0 |     28084
   102000 |     +0.0% |       0 |       0 |             0 |     27084
   103000 |     +0.0% |       0 |       0 |             0 |     26084
   104000 |     +0.0% |       0 |       0 |             0 |     25084
   105000 |     +0.0% |       0 |       0 |             0 |     24084
   106000 |     +0.0% |       0 |       0 |             0 |     23084
   107000 |     +0.0% |       0 |       0 |             0 |     22084
   108000 |     +0.0% |       0 |       0 |             0 |     21084
   109000 |     +0.0% |       0 |       0 |             0 |     20084
   110000 |     +0.0% |       0 |       0 |             0 |     19084
   111000 |     +0.0% |       0 |       0 |             0 |     18084
   112000 |     +0.0% |       0 |       0 |             0 |     17084
   113000 |     +0.0% |       0 |       0 |             0 |     16084
   114000 |     +0.0% |       0 |       0 |             0 |     15084
   115000 |     +0.0% |       0 |       0 |             0 |     14084
   116000 |     +0.0% |       0 |       0 |             0 |     13084
   117000 |     +0.0% |       0 |       0 |             0 |     12084
   118000 |     +0.0% |       0 |       0 |             0 |     11084
   119000 |     +0.0% |       0 |       0 |             0 |     10084
   120000 |     +0.0% |       0 |       0 |             0 |      9084
   121000 |     +0.0% |       0 |       0 |             0 |      8084
   122000 |     +0.0% |       0 |       0 |             0 |      7084
   123000 |     +0.0% |       0 |       0 |             0 |      6084
   124000 |     +0.0% |       0 |       0 |             0 |      5084
   125000 |     +0.0% |       0 |       0 |             0 |      4084
   126000 |     +0.0% |       0 |       0 |             0 |      3084
   127000 |     +0.0% |       0 |       0 |             0 |      2084
   128000 |     +0.0% |       0 |       0 |             0 |      1084
[WARNING RSZ-0104] Net service_square_q0[63] only has one pin. Check if it is intended to be dangling.
[WARNING RSZ-0104] Net service_square_q0[62] only has one pin. Check if it is intended to be dangling.
[WARNING RSZ-0104] Net service_square_q0[61] only has one pin. Check if it is intended to be dangling.
[WARNING RSZ-0104] Net service_square_q0[60] only has one pin. Check if it is intended to be dangling.
[WARNING RSZ-0104] Net service_square_q0[59] only has one pin. Check if it is intended to be dangling.
[WARNING RSZ-0104] Net service_square_q0[58] only has one pin. Check if it is intended to be dangling.
[WARNING RSZ-0104] Net service_square_q0[57] only has one pin. Check if it is intended to be dangling.
[WARNING RSZ-0104] Net service_square_q0[56] only has one pin. Check if it is intended to be dangling.
[WARNING RSZ-0104] Net service_square_q0[55] only has one pin. Check if it is intended to be dangling.
[WARNING RSZ-0104] Net service_square_q0[54] only has one pin. Check if it is intended to be dangling.
[WARNING RSZ-0104] Net service_square_q0[53] only has one pin. Check if it is intended to be dangling.
[WARNING RSZ-0104] Net service_square_q0[52] only has one pin. Check if it is intended to be dangling.
[WARNING RSZ-0104] Net service_square_q0[51] only has one pin. Check if it is intended to be dangling.
[WARNING RSZ-0104] Net service_square_q0[50] only has one pin. Check if it is intended to be dangling.
[WARNING RSZ-0104] Net service_square_q0[49] only has one pin. Check if it is intended to be dangling.
[WARNING RSZ-0104] Net service_square_q0[48] only has one pin. Check if it is intended to be dangling.
[WARNING RSZ-0104] Net service_cycles_q0[31] only has one pin. Check if it is intended to be dangling.
[WARNING RSZ-0104] Net service_cycles_q0[30] only has one pin. Check if it is intended to be dangling.
[WARNING RSZ-0104] Net service_cycles_q0[29] only has one pin. Check if it is intended to be dangling.
[WARNING RSZ-0104] Net service_cycles_q0[28] only has one pin. Check if it is intended to be dangling.
[WARNING RSZ-0104] Net service_cycles_q0[27] only has one pin. Check if it is intended to be dangling.
[WARNING RSZ-0104] Net service_cycles_q0[26] only has one pin. Check if it is intended to be dangling.
[WARNING RSZ-0104] Net service_cycles_q0[25] only has one pin. Check if it is intended to be dangling.
[WARNING RSZ-0104] Net service_cycles_q0[24] only has one pin. Check if it is intended to be dangling.
[WARNING RSZ-0104] Net lookahead_delta_q0[7] only has one pin. Check if it is intended to be dangling.
[WARNING RSZ-0104] Net lookahead_delta_q0[6] only has one pin. Check if it is intended to be dangling.
[WARNING RSZ-0104] Net lookahead_delta_q0[5] only has one pin. Check if it is intended to be dangling.
[WARNING RSZ-0104] Net lookahead_delta_q0[4] only has one pin. Check if it is intended to be dangling.
[WARNING RSZ-0104] Net interarrival_square_sum_q0[99] only has one pin. Check if it is intended to be dangling.
[WARNING RSZ-0104] Net interarrival_square_sum_q0[98] only has one pin. Check if it is intended to be dangling.
[WARNING RSZ-0104] Net interarrival_square_sum_q0[97] only has one pin. Check if it is intended to be dangling.
[WARNING RSZ-0104] Net interarrival_square_sum_q0[96] only has one pin. Check if it is intended to be dangling.
[WARNING RSZ-0104] Net interarrival_square_sum_q0[127] only has one pin. Check if it is intended to be dangling.
[WARNING RSZ-0104] Net interarrival_square_sum_q0[126] only has one pin. Check if it is intended to be dangling.
[WARNING RSZ-0104] Net interarrival_square_sum_q0[125] only has one pin. Check if it is intended to be dangling.
[WARNING RSZ-0104] Net interarrival_square_sum_q0[124] only has one pin. Check if it is intended to be dangling.
[WARNING RSZ-0104] Net interarrival_square_sum_q0[123] only has one pin. Check if it is intended to be dangling.
[WARNING RSZ-0104] Net interarrival_square_sum_q0[122] only has one pin. Check if it is intended to be dangling.
[WARNING RSZ-0104] Net interarrival_square_sum_q0[121] only has one pin. Check if it is intended to be dangling.
[WARNING RSZ-0104] Net interarrival_square_sum_q0[120] only has one pin. Check if it is intended to be dangling.
[WARNING RSZ-0104] Net interarrival_square_sum_q0[119] only has one pin. Check if it is intended to be dangling.
[WARNING RSZ-0104] Net interarrival_square_sum_q0[118] only has one pin. Check if it is intended to be dangling.
[WARNING RSZ-0104] Net interarrival_square_sum_q0[117] only has one pin. Check if it is intended to be dangling.
[WARNING RSZ-0104] Net interarrival_square_sum_q0[116] only has one pin. Check if it is intended to be dangling.
[WARNING RSZ-0104] Net interarrival_square_sum_q0[115] only has one pin. Check if it is intended to be dangling.
[WARNING RSZ-0104] Net interarrival_square_sum_q0[114] only has one pin. Check if it is intended to be dangling.
[WARNING RSZ-0104] Net interarrival_square_sum_q0[113] only has one pin. Check if it is intended to be dangling.
[WARNING RSZ-0104] Net interarrival_square_sum_q0[112] only has one pin. Check if it is intended to be dangling.
[WARNING RSZ-0104] Net interarrival_square_sum_q0[111] only has one pin. Check if it is intended to be dangling.
[WARNING RSZ-0104] Net interarrival_square_sum_q0[110] only has one pin. Check if it is intended to be dangling.
[WARNING RSZ-0104] Net interarrival_square_sum_q0[109] only has one pin. Check if it is intended to be dangling.
[WARNING RSZ-0104] Net interarrival_square_sum_q0[108] only has one pin. Check if it is intended to be dangling.
[WARNING RSZ-0104] Net interarrival_square_sum_q0[107] only has one pin. Check if it is intended to be dangling.
[WARNING RSZ-0104] Net interarrival_square_sum_q0[106] only has one pin. Check if it is intended to be dangling.
[WARNING RSZ-0104] Net interarrival_square_sum_q0[105] only has one pin. Check if it is intended to be dangling.
[WARNING RSZ-0104] Net interarrival_square_sum_q0[104] only has one pin. Check if it is intended to be dangling.
[WARNING RSZ-0104] Net interarrival_square_sum_q0[103] only has one pin. Check if it is intended to be dangling.
[WARNING RSZ-0104] Net interarrival_square_sum_q0[102] only has one pin. Check if it is intended to be dangling.
[WARNING RSZ-0104] Net interarrival_square_sum_q0[101] only has one pin. Check if it is intended to be dangling.
[WARNING RSZ-0104] Net interarrival_square_sum_q0[100] only has one pin. Check if it is intended to be dangling.
[WARNING RSZ-0104] Net fixed_latency_q_q0[63] only has one pin. Check if it is intended to be dangling.
[WARNING RSZ-0104] Net fixed_latency_q_q0[62] only has one pin. Check if it is intended to be dangling.
[WARNING RSZ-0104] Net fixed_latency_q_q0[61] only has one pin. Check if it is intended to be dangling.
[WARNING RSZ-0104] Net fixed_latency_q_q0[60] only has one pin. Check if it is intended to be dangling.
[WARNING RSZ-0104] Net fixed_latency_q_q0[59] only has one pin. Check if it is intended to be dangling.
[WARNING RSZ-0104] Net fixed_latency_q_q0[58] only has one pin. Check if it is intended to be dangling.
[WARNING RSZ-0104] Net fixed_latency_q_q0[57] only has one pin. Check if it is intended to be dangling.
[WARNING RSZ-0104] Net fixed_latency_q_q0[56] only has one pin. Check if it is intended to be dangling.
[WARNING RSZ-0104] Net fixed_latency_q_q0[55] only has one pin. Check if it is intended to be dangling.
[WARNING RSZ-0104] Net fixed_latency_q_q0[54] only has one pin. Check if it is intended to be dangling.
[WARNING RSZ-0104] Net fixed_latency_q_q0[53] only has one pin. Check if it is intended to be dangling.
[WARNING RSZ-0104] Net fixed_latency_q_q0[52] only has one pin. Check if it is intended to be dangling.
[WARNING RSZ-0104] Net fixed_latency_q_q0[51] only has one pin. Check if it is intended to be dangling.
[WARNING RSZ-0104] Net fixed_latency_q_q0[50] only has one pin. Check if it is intended to be dangling.
[WARNING RSZ-0104] Net fixed_latency_q_q0[49] only has one pin. Check if it is intended to be dangling.
[WARNING RSZ-0104] Net fixed_latency_q_q0[48] only has one pin. Check if it is intended to be dangling.
[WARNING RSZ-0104] Net fixed_latency_q_q0[47] only has one pin. Check if it is intended to be dangling.
[WARNING RSZ-0104] Net fixed_latency_q_q0[46] only has one pin. Check if it is intended to be dangling.
[WARNING RSZ-0104] Net fixed_latency_q_q0[45] only has one pin. Check if it is intended to be dangling.
[WARNING RSZ-0104] Net fixed_latency_q_q0[44] only has one pin. Check if it is intended to be dangling.
[WARNING RSZ-0104] Net collector_overflow_q0[7] only has one pin. Check if it is intended to be dangling.
[WARNING RSZ-0104] Net collector_overflow_q0[6] only has one pin. Check if it is intended to be dangling.
[WARNING RSZ-0104] Net collector_overflow_q0[5] only has one pin. Check if it is intended to be dangling.
[WARNING RSZ-0104] Net collector_overflow_q0[4] only has one pin. Check if it is intended to be dangling.
[WARNING RSZ-0104] Net collector_overflow_q0[3] only has one pin. Check if it is intended to be dangling.
[WARNING RSZ-0104] Net collector_overflow_q0[2] only has one pin. Check if it is intended to be dangling.
[WARNING RSZ-0104] Net collector_overflow_q0[1] only has one pin. Check if it is intended to be dangling.
[WARNING RSZ-0104] Net capacity_gain_q_q0[99] only has one pin. Check if it is intended to be dangling.
[WARNING RSZ-0104] Net capacity_gain_q_q0[98] only has one pin. Check if it is intended to be dangling.
[WARNING RSZ-0104] Net capacity_gain_q_q0[97] only has one pin. Check if it is intended to be dangling.
[WARNING RSZ-0104] Net capacity_gain_q_q0[96] only has one pin. Check if it is intended to be dangling.
[WARNING RSZ-0104] Net capacity_gain_q_q0[95] only has one pin. Check if it is intended to be dangling.
[WARNING RSZ-0104] Net capacity_gain_q_q0[94] only has one pin. Check if it is intended to be dangling.
[WARNING RSZ-0104] Net capacity_gain_q_q0[93] only has one pin. Check if it is intended to be dangling.
[WARNING RSZ-0104] Net capacity_gain_q_q0[92] only has one pin. Check if it is intended to be dangling.
[WARNING RSZ-0104] Net capacity_gain_q_q0[91] only has one pin. Check if it is intended to be dangling.
[WARNING RSZ-0104] Net capacity_gain_q_q0[90] only has one pin. Check if it is intended to be dangling.
[WARNING RSZ-0104] Net capacity_gain_q_q0[89] only has one pin. Check if it is intended to be dangling.
[WARNING RSZ-0104] Net capacity_gain_q_q0[88] only has one pin. Check if it is intended to be dangling.
[WARNING RSZ-0104] Net capacity_gain_q_q0[127] only has one pin. Check if it is intended to be dangling.
[WARNING RSZ-0104] Net capacity_gain_q_q0[126] only has one pin. Check if it is intended to be dangling.
[WARNING RSZ-0104] Net capacity_gain_q_q0[125] only has one pin. Check if it is intended to be dangling.
[WARNING RSZ-0104] Net capacity_gain_q_q0[124] only has one pin. Check if it is intended to be dangling.
[WARNING RSZ-0104] Net capacity_gain_q_q0[123] only has one pin. Check if it is intended to be dangling.
[WARNING RSZ-0104] Net capacity_gain_q_q0[122] only has one pin. Check if it is intended to be dangling.
[WARNING RSZ-0104] Net capacity_gain_q_q0[121] only has one pin. Check if it is intended to be dangling.
[WARNING RSZ-0104] Net capacity_gain_q_q0[120] only has one pin. Check if it is intended to be dangling.
[WARNING RSZ-0104] Net capacity_gain_q_q0[119] only has one pin. Check if it is intended to be dangling.
[WARNING RSZ-0104] Net capacity_gain_q_q0[118] only has one pin. Check if it is intended to be dangling.
[WARNING RSZ-0104] Net capacity_gain_q_q0[117] only has one pin. Check if it is intended to be dangling.
[WARNING RSZ-0104] Net capacity_gain_q_q0[116] only has one pin. Check if it is intended to be dangling.
[WARNING RSZ-0104] Net capacity_gain_q_q0[115] only has one pin. Check if it is intended to be dangling.
[WARNING RSZ-0104] Net capacity_gain_q_q0[114] only has one pin. Check if it is intended to be dangling.
[WARNING RSZ-0104] Net capacity_gain_q_q0[113] only has one pin. Check if it is intended to be dangling.
[WARNING RSZ-0104] Net capacity_gain_q_q0[112] only has one pin. Check if it is intended to be dangling.
[WARNING RSZ-0104] Net capacity_gain_q_q0[111] only has one pin. Check if it is intended to be dangling.
[WARNING RSZ-0104] Net capacity_gain_q_q0[110] only has one pin. Check if it is intended to be dangling.
[WARNING RSZ-0104] Net capacity_gain_q_q0[109] only has one pin. Check if it is intended to be dangling.
[WARNING RSZ-0104] Net capacity_gain_q_q0[108] only has one pin. Check if it is intended to be dangling.
[WARNING RSZ-0104] Net capacity_gain_q_q0[107] only has one pin. Check if it is intended to be dangling.
[WARNING RSZ-0104] Net capacity_gain_q_q0[106] only has one pin. Check if it is intended to be dangling.
[WARNING RSZ-0104] Net capacity_gain_q_q0[105] only has one pin. Check if it is intended to be dangling.
[WARNING RSZ-0104] Net capacity_gain_q_q0[104] only has one pin. Check if it is intended to be dangling.
[WARNING RSZ-0104] Net capacity_gain_q_q0[103] only has one pin. Check if it is intended to be dangling.
[WARNING RSZ-0104] Net capacity_gain_q_q0[102] only has one pin. Check if it is intended to be dangling.
[WARNING RSZ-0104] Net capacity_gain_q_q0[101] only has one pin. Check if it is intended to be dangling.
[WARNING RSZ-0104] Net capacity_gain_q_q0[100] only has one pin. Check if it is intended to be dangling.
[WARNING RSZ-0104] Net candidate_valid_q0[7] only has one pin. Check if it is intended to be dangling.
[WARNING RSZ-0104] Net candidate_valid_q0[6] only has one pin. Check if it is intended to be dangling.
[WARNING RSZ-0104] Net candidate_valid_q0[5] only has one pin. Check if it is intended to be dangling.
[WARNING RSZ-0104] Net candidate_valid_q0[4] only has one pin. Check if it is intended to be dangling.
[WARNING RSZ-0104] Net candidate_valid_q0[3] only has one pin. Check if it is intended to be dangling.
[WARNING RSZ-0104] Net candidate_valid_q0[2] only has one pin. Check if it is intended to be dangling.
[WARNING RSZ-0104] Net candidate_valid_q0[1] only has one pin. Check if it is intended to be dangling.
   129000 |     +0.0% |       0 |       0 |             0 |        84
    final |     +0.0% |       0 |       0 |             0 |         0
---------------------------------------------------------------------
[INFO RSZ-0504] Runtime: 12.58s
Took 13 seconds: repair_design -verbose
global_route -start_incremental
detailed_placement
[INFO DPL-0006] Core area: 74748.63 um^2, Movable instances area: 18254.19 um^2, Utilization: 24.4%
[INFO DPL-0007] Fixed instances area within core: 206.86 um^2, Effective utilization of free area: 24.5%
[INFO DPL-0005] Diamond search max displacement: +/- 500 sites horizontally, +/- 100 rows vertically.
[INFO DPL-1102] Legalizing using negotiation legalizer.
[INFO DPL-1103] Negotiation base search window: +/-20 sites horizontally, +/-5 rows vertically (extendable up to the max displacement cap of +/-500 sites, +/-100 rows near walls).
	Automatic search window extension enabled.
[INFO DPL-1104] NegotiationLegalizer DRC penalty: 5.
[INFO DPL-0392] Negotiation cell height distribution (1 unique row-count(s)):
[INFO DPL-0393]   height 1 row(s): 135270 cells
[INFO DPL-0500] Runtime: 0.98s
Placement Analysis
---------------------------------
total displacement          0.0 u
average displacement        0.0 u
max displacement            0.0 u
original HPWL          488154.3 u
legalized HPWL         488154.3 u
delta HPWL                    0 %

global_route -end_incremental -resistance_aware -congestion_report_file /work/util/uacc_hw/openroad/work_width_sweep/reports/asap7/uacc_section14_allocator_width_sweep/base/congestion_post_repair_design.rpt
Repair setup and hold violations...
estimate_parasitics -global_routing
repair_timing -setup_margin 0 -hold_margin 0 -repair_tns 100 -skip_last_gasp -verbose
[INFO RSZ-0100] Repair move sequence: UnbufferMove SizeUpMove SwapPinsMove BufferMove CloneMove SplitLoadMove 
[INFO RSZ-0098] No setup violations found
[INFO RSZ-0505] Runtime: 4.67s
[INFO RSZ-0046] Found 14 endpoints with hold violations.
Iteration | Resized | Buffers | Cloned Gates |   Area   |   WNS   |   TNS   | Endpoint
--------------------------------------------------------------------------------------
        0 |       0 |       0 |            0 |    +0.0% | -11.840 | -75.297 | u121352/D
       10 |       0 |      10 |            0 |    +0.0% |  -3.732 |  -9.786 | u121121/D
    final |       0 |      15 |            0 |    +0.0% |   0.209 |   0.000 | u121344/D
--------------------------------------------------------------------------------------
[INFO RSZ-0032] Inserted 15 hold buffers.
[INFO RSZ-0506] Runtime: 4.38s
Took 11 seconds: repair_timing -setup_margin 0 -hold_margin 0 -repair_tns 100 -skip_last_gasp -verbose
global_route -start_incremental
detailed_placement
[INFO DPL-0006] Core area: 74748.63 um^2, Movable instances area: 18255.28 um^2, Utilization: 24.4%
[INFO DPL-0007] Fixed instances area within core: 206.86 um^2, Effective utilization of free area: 24.5%
[INFO DPL-0005] Diamond search max displacement: +/- 500 sites horizontally, +/- 100 rows vertically.
[INFO DPL-1102] Legalizing using negotiation legalizer.
[INFO DPL-1103] Negotiation base search window: +/-20 sites horizontally, +/-5 rows vertically (extendable up to the max displacement cap of +/-500 sites, +/-100 rows near walls).
	Automatic search window extension enabled.
[INFO DPL-1104] NegotiationLegalizer DRC penalty: 5.
[INFO DPL-0392] Negotiation cell height distribution (1 unique row-count(s)):
[INFO DPL-0393]   height 1 row(s): 135285 cells
          |      Total |  Illegal |  Illegal
Iteration | Violations |    Cells |    Sites
---------------------------------------------
        0 |          0 |         0 |         0
Negotiation phase 1 converged at iteration 0.
[INFO DPL-0500] Runtime: 1.09s
Placement Analysis
---------------------------------
total displacement          4.5 u
average displacement        0.0 u
max displacement            0.9 u
original HPWL          488158.2 u
legalized HPWL         488162.1 u
delta HPWL                    0 %

check_placement -verbose
global_route -end_incremental -resistance_aware -congestion_report_file /work/util/uacc_hw/openroad/work_width_sweep/reports/asap7/uacc_section14_allocator_width_sweep/base/congestion_post_repair_timing.rpt
estimate_parasitics -global_routing
repair_timing -setup -sequence "vt_swap reroute" -skip_last_gasp -repair_tns 0 -verbose
[INFO RSZ-0100] Repair move sequence: RerouteMove 
[INFO RSZ-0098] No setup violations found
[INFO RSZ-0505] Runtime: 4.85s
Took 5 seconds: repair_timing -setup -sequence "vt_swap reroute" -skip_last_gasp -repair_tns 0 -verbose
Repair antennas...
[WARNING GRT-0246] No diode with LEF class CORE ANTENNACELL found.
[INFO ANT-0002] Found 0 net violations.
[INFO ANT-0001] Found 0 pin violations.
Estimate parasitics...
estimate_parasitics -global_routing
Report metrics stage 5, global route...

==========================================================================
global route report_design_area
--------------------------------------------------------------------------
Design area 18462 um^2 25% utilization.
[INFO FLW-0007] clock core_clock period 5000.000000
[INFO FLW-0008] Clock core_clock period 2279.793
[INFO FLW-0009] Clock core_clock slack 2600.218
write_sdc -no_timestamp /work/util/uacc_hw/openroad/work_width_sweep/results/asap7/uacc_section14_allocator_width_sweep/base/updated_clks.sdc
[INFO FLW-0011] Path endpoint path count 16553
write_db /work/util/uacc_hw/openroad/work_width_sweep/results/asap7/uacc_section14_allocator_width_sweep/base/5_1_grt.odb
write_sdc -no_timestamp /work/util/uacc_hw/openroad/work_width_sweep/results/asap7/uacc_section14_allocator_width_sweep/base/5_1_grt.sdc
Elapsed time: 3:42.69[h:]min:sec. CPU time: user 1771.91 sys 121.83 (850%). Peak memory: 3057208KB.
Log                       Ext     Elapsed/s Peak Memory/MB sha1sum result [0:20)
5_1_grt                   .odb          222           2985 d3999912bfed931e4de6
5_1_grt                   .sdc                             4329bb4500d65429814a
