OpenROAD 26Q3-463-gbde79242a0 
Features included (+) or not (-): +GPU +GUI +Python
This program is licensed under the BSD-3 license. See the LICENSE file for details.
Components of this program may be licensed under more restrictive licenses which must be honored.
[INFO ORD-0030] Using 16 thread(s).
source /OpenROAD-flow-scripts/flow/platforms/asap7/liberty_suppressions.tcl
read_liberty /OpenROAD-flow-scripts/flow/platforms/asap7/lib/NLDM/asap7sc7p5t_AO_RVT_FF_nldm_211120.lib.gz
read_liberty /OpenROAD-flow-scripts/flow/platforms/asap7/lib/NLDM/asap7sc7p5t_INVBUF_RVT_FF_nldm_220122.lib.gz
read_liberty /OpenROAD-flow-scripts/flow/platforms/asap7/lib/NLDM/asap7sc7p5t_OA_RVT_FF_nldm_211120.lib.gz
read_liberty /OpenROAD-flow-scripts/flow/platforms/asap7/lib/NLDM/asap7sc7p5t_SIMPLE_RVT_FF_nldm_211120.lib.gz
read_liberty /OpenROAD-flow-scripts/flow/platforms/asap7/lib/NLDM/asap7sc7p5t_SEQ_RVT_FF_nldm_220123.lib
read_db /work/util/uacc_hw/openroad/work_width_sweep/results/asap7/uacc_section14_allocator_width_sweep/base/6_1_fill.odb
read_sdc /work/util/uacc_hw/openroad/work_width_sweep/results/asap7/uacc_section14_allocator_width_sweep/base/6_1_fill.sdc
source /OpenROAD-flow-scripts/flow/platforms/asap7/setRC.tcl
write_db /work/util/uacc_hw/openroad/work_width_sweep/results/asap7/uacc_section14_allocator_width_sweep/base/6_final.odb
Deleted 0 routing obstructions
OpenRCX is not enabled for this platform.
Falling back to global route-based estimates.
estimate_parasitics -global_routing
Took 6 seconds: estimate_parasitics -global_routing
Cell type report:                       Count       Area
  Fill cell                            312580   56286.48
  Tap cell                               7094     206.86
  Tie cell                                  8       0.35
  Clock buffer                           1306     488.46
  Timing Repair Buffer                   3540     313.56
  Inverter                               8843     395.34
  Clock inverter                          373      74.18
  Sequential cell                       15445    4508.92
  Multi-Input combinational cell        98676   12474.47
  Total                                447865   74748.63
Report metrics stage 6, finish...

==========================================================================
finish report_design_area
--------------------------------------------------------------------------
Design area 18462 um^2 25% utilization.
[WARNING GUI-0076] QStandardPaths: XDG_RUNTIME_DIR not set, defaulting to '/tmp/runtime-root'
[WARNING GUI-0066] Heat map "IR Drop" has not been populated with data.
[WARNING GUI-0066] Heat map "Routing Congestion" has not been populated with data.
Elapsed time: 0:46.79[h:]min:sec. CPU time: user 85.74 sys 39.12 (266%). Peak memory: 2519312KB.
Log                       Ext     Elapsed/s Peak Memory/MB sha1sum result [0:20)
6_report                                 46           2460                  N/A
