OpenROAD 26Q3-463-gbde79242a0 
Features included (+) or not (-): +GPU +GUI +Python
This program is licensed under the BSD-3 license. See the LICENSE file for details.
Components of this program may be licensed under more restrictive licenses which must be honored.
[INFO ORD-0030] Using 16 thread(s).
source /OpenROAD-flow-scripts/flow/platforms/asap7/liberty_suppressions.tcl
read_liberty /OpenROAD-flow-scripts/flow/platforms/asap7/lib/NLDM/asap7sc7p5t_AO_RVT_FF_nldm_211120.lib.gz
read_liberty /OpenROAD-flow-scripts/flow/platforms/asap7/lib/NLDM/asap7sc7p5t_INVBUF_RVT_FF_nldm_220122.lib.gz
read_liberty /OpenROAD-flow-scripts/flow/platforms/asap7/lib/NLDM/asap7sc7p5t_OA_RVT_FF_nldm_211120.lib.gz
read_liberty /OpenROAD-flow-scripts/flow/platforms/asap7/lib/NLDM/asap7sc7p5t_SIMPLE_RVT_FF_nldm_211120.lib.gz
read_liberty /OpenROAD-flow-scripts/flow/platforms/asap7/lib/NLDM/asap7sc7p5t_SEQ_RVT_FF_nldm_220123.lib
read_db /work/util/uacc_hw/openroad/work_precision_f4/results/asap7/uacc_section14_allocator_precision_sweep/base/3_2_place_iop.odb
read_sdc /work/util/uacc_hw/openroad/work_precision_f4/results/asap7/uacc_section14_allocator_precision_sweep/base/2_floorplan.sdc
source /OpenROAD-flow-scripts/flow/platforms/asap7/setRC.tcl
[INFO RSZ-0026] Removed 6040 buffers.
Perform port buffering...
[INFO RSZ-0027] Inserted 769 BUFx2_ASAP7_75t_R input buffers.
[INFO RSZ-0028] Inserted 354 BUFx2_ASAP7_75t_R output buffers.
global_placement -density 0.4 -pad_left 0 -pad_right 0 -routability_driven -timing_driven -force_center_initial_place -min_phi_coef 0.95 -max_phi_coef 1.05
[INFO GPL-0001] ---- Initialize GPL Main Data Structures
[INFO GPL-0002] DBU: 1000
[INFO GPL-0003] SiteSize: (  0.054  0.270 ) um
[INFO GPL-0004] CoreBBox: (  3.024  3.240 ) ( 276.102 275.940 ) um
[INFO GPL-0036] Movable instances area:      17419.076 um^2
[INFO GPL-0037] Total instances area:        17625.529 um^2
[INFO GPL-0035] Pin density area adjust:      1580.374 um^2
[INFO GPL-0032] ---- Initialize Region: Top-level
[INFO GPL-0006] Number of instances:            131184
[INFO GPL-0007] Movable instances:              124104
[INFO GPL-0008] Fixed instances:                  7080
[INFO GPL-0009] Dummy instances:                     0
[INFO GPL-0010] Number of nets:                 125008
[INFO GPL-0011] Number of pins:                 430198
[INFO GPL-0012] Die BBox:  (  0.000  0.000 ) ( 279.118 279.118 ) um
[INFO GPL-0013] Core BBox: (  3.024  3.240 ) ( 276.102 275.940 ) um
[INFO GPL-0016] Core area:                   74468.371 um^2
[INFO GPL-0014] Region name: top-level.
[INFO GPL-0015] Region area:                 74468.371 um^2
[INFO GPL-0017] Fixed instances area:          206.453 um^2
[INFO GPL-0018] Movable instances area:      18999.450 um^2
[INFO GPL-0019] Utilization:                    25.584 %
[INFO GPL-0020] Standard cells area:         18999.450 um^2
[INFO GPL-0021] Large instances area:            0.000 um^2
[INFO GPL-0005] ---- Execute Conjugate Gradient Initial Placement.
[INFO GPL-0051] Source of initial instance position counters:
	Odb location = 0	Core center = 124104	Region center = 0
[InitialPlace]  Iter: 1 conjugate gradient residual: 0.00262468 HPWL: 517059763
[InitialPlace]  Iter: 2 conjugate gradient residual: 0.00156688 HPWL: 307719360
[InitialPlace]  Iter: 3 conjugate gradient residual: 0.00101509 HPWL: 272988157
[InitialPlace]  Iter: 4 conjugate gradient residual: 0.00101001 HPWL: 259710606
[InitialPlace]  Iter: 5 conjugate gradient residual: 0.00086323 HPWL: 250668258
[InitialPlace]  Iter: 6 conjugate gradient residual: 0.00076606 HPWL: 243042847
[InitialPlace]  Iter: 7 conjugate gradient residual: 0.00758263 HPWL: 235819504
[InitialPlace]  Iter: 8 conjugate gradient residual: 0.00120510 HPWL: 251192202
[InitialPlace]  Iter: 9 conjugate gradient residual: 0.00069543 HPWL: 239652800
[InitialPlace]  Iter: 10 conjugate gradient residual: 0.00041975 HPWL: 233305692
[InitialPlace]  Iter: 11 conjugate gradient residual: 0.00012851 HPWL: 229933482
[InitialPlace]  Iter: 12 conjugate gradient residual: 0.00012908 HPWL: 228343914
[InitialPlace]  Iter: 13 conjugate gradient residual: 0.00013407 HPWL: 227787108
[InitialPlace]  Iter: 14 conjugate gradient residual: 0.00012294 HPWL: 227660596
[InitialPlace]  Iter: 15 conjugate gradient residual: 0.00012224 HPWL: 227462138
[InitialPlace]  Iter: 16 conjugate gradient residual: 0.00010336 HPWL: 227558547
[InitialPlace]  Iter: 17 conjugate gradient residual: 0.00012674 HPWL: 227381263
[InitialPlace]  Iter: 18 conjugate gradient residual: 0.00010171 HPWL: 227510762
[InitialPlace]  Iter: 19 conjugate gradient residual: 0.00009613 HPWL: 227360150
[InitialPlace]  Iter: 20 conjugate gradient residual: 0.00008516 HPWL: 227579869
[INFO GPL-0033] ---- Initialize Nesterov Region: Top-level
[INFO GPL-0023] Placement target density:       0.4000
[INFO GPL-0024] Movable insts average area:      0.153 um^2
[INFO GPL-0025] Ideal bin area:                  0.383 um^2
[INFO GPL-0026] Ideal bin count:                194571
[INFO GPL-0027] Total bin area:              74468.371 um^2
[INFO GPL-0028] Bin count (X, Y):         256 ,    256
[INFO GPL-0029] Bin size (W * H):       1.067 *  1.065 um
[INFO GPL-0030] Number of bins:                  65536
[INFO GPL-0084] ---- Execute Nesterov Global Placement.
[INFO GPL-0031] HPWL: Half-Perimeter Wirelength
Iteration | Overflow |     HPWL (um) |  HPWL(%) |   Penalty | Group
---------------------------------------------------------------
        0 |   0.9665 |  1.274596e+05 |   +0.00% |  3.86e-14 |      
       10 |   0.9414 |  1.532736e+05 |  +20.25% |  6.26e-14 |      
       20 |   0.9257 |  1.673799e+05 |   +9.20% |  1.02e-13 |      
       30 |   0.9183 |  1.725227e+05 |   +3.07% |  1.66e-13 |      
       40 |   0.9143 |  1.743842e+05 |   +1.08% |  2.70e-13 |      
       50 |   0.9113 |  1.760243e+05 |   +0.94% |  4.40e-13 |      
       60 |   0.9090 |  1.787398e+05 |   +1.54% |  7.16e-13 |      
       70 |   0.9078 |  1.807638e+05 |   +1.13% |  1.17e-12 |      
       80 |   0.9072 |  1.818723e+05 |   +0.61% |  1.90e-12 |      
       90 |   0.9067 |  1.827317e+05 |   +0.47% |  3.09e-12 |      
      100 |   0.9062 |  1.834504e+05 |   +0.39% |  5.04e-12 |      
      110 |   0.9057 |  1.840501e+05 |   +0.33% |  8.21e-12 |      
      120 |   0.9052 |  1.847059e+05 |   +0.36% |  1.34e-11 |      
      130 |   0.9049 |  1.855842e+05 |   +0.48% |  2.18e-11 |      
      140 |   0.9035 |  1.868974e+05 |   +0.71% |  3.55e-11 |      
      150 |   0.9019 |  1.891436e+05 |   +1.20% |  5.78e-11 |      
      160 |   0.8986 |  1.931096e+05 |   +2.10% |  9.40e-11 |      
      170 |   0.8924 |  1.997004e+05 |   +3.41% |  1.53e-10 |      
      180 |   0.8818 |  2.098971e+05 |   +5.11% |  2.49e-10 |      
      190 |   0.8654 |  2.245630e+05 |   +6.99% |  4.05e-10 |      
      200 |   0.8419 |  2.435958e+05 |   +8.48% |  6.58e-10 |      
      210 |   0.8150 |  2.648884e+05 |   +8.74% |  1.07e-09 |      
      220 |   0.7862 |  2.858019e+05 |   +7.90% |  1.74e-09 |      
      230 |   0.7559 |  3.009504e+05 |   +5.30% |  2.83e-09 |      
      240 |   0.7246 |  3.097170e+05 |   +2.91% |  4.60e-09 |      
      250 |   0.6889 |  3.281584e+05 |   +5.95% |  7.48e-09 |      
      260 |   0.6521 |  3.518733e+05 |   +7.23% |  1.22e-08 |      
[INFO GPL-0100] Timing-driven iteration 1/2, virtual: false.
[INFO GPL-0101]    Iter: 266, overflow: 0.632, keep resizer changes at: 1, HPWL: 352570530
Iteration |   Area    | Resized | Buffers | Nets repaired | Remaining
---------------------------------------------------------------------
        0 |     +0.0% |       0 |       0 |             0 |    125008
    final |     +2.0% |     375 |    1140 |           488 |         0
---------------------------------------------------------------------
[INFO RSZ-0034] Found 466 slew violations.
[INFO RSZ-0036] Found 211 capacitance violations.
[INFO RSZ-0037] Found 67 long wires.
[INFO RSZ-0039] Resized 375 instances.
[INFO RSZ-0038] Inserted 1140 buffers in 488 nets.
   Iter   |    Area   | Removed | Inserted |   Pins
          |           | Buffers | Buffers  | Remaining
-------------------------------------------------------
        0 |     +0.0% |       0 |        0 |    124096
    12400 |     -0.0% |       2 |        2 |    111696
    24800 |     -0.1% |      60 |       20 |     99296
    37200 |     -0.1% |      94 |       55 |     86896
    49600 |     -0.2% |     148 |       93 |     74496
    62000 |     -0.2% |     185 |      121 |     62096
    74400 |     -0.3% |     228 |      160 |     49696
    86800 |     -0.3% |     235 |      174 |     37296
    99200 |     -0.4% |     343 |      283 |     24896
   111600 |     -0.8% |     721 |      698 |     12496
   124000 |     -1.2% |    1136 |     1311 |        96
    final |     -1.2% |    1140 |     1316 |         0
-------------------------------------------------------
[INFO GPL-0106] Timing-driven: worst slack -1e-09
[INFO GPL-0107] Timing-driven: repair_design delta area: 138.411 um^2 (+0.73%)
[INFO GPL-0108] Timing-driven: repair_design, gpl delta gcells: 1316 (+1.06%)
[INFO GPL-0109] Timing-driven: repair_design, gcells created: 2456, deleted: 1140
[INFO GPL-0110] Timing-driven: new target density: 0.40186384
Iteration | Overflow |     HPWL (um) |  HPWL(%) |   Penalty | Group
---------------------------------------------------------------
      270 |   0.6129 |  3.772453e+05 |   +7.21% |  1.97e-08 |      
[INFO GPL-0038] Routability snapshot saved at iter = 276
      275 |   0.5970 |  3.852723e+05 |          |           |      
      280 |   0.5812 |  3.946152e+05 |   +4.60% |  3.21e-08 |      
      290 |   0.5421 |  4.035683e+05 |   +2.27% |  5.22e-08 |      
      300 |   0.4958 |  4.029718e+05 |   -0.15% |  8.50e-08 |      
      310 |   0.4543 |  4.076216e+05 |   +1.15% |  1.38e-07 |      
      320 |   0.4177 |  4.062819e+05 |   -0.33% |  2.25e-07 |      
      330 |   0.3793 |  4.058384e+05 |   -0.11% |  3.67e-07 |      
      340 |   0.3362 |  4.039594e+05 |   -0.46% |  5.86e-07 |      
      350 |   0.3068 |  3.996326e+05 |   -1.07% |  8.63e-07 |      
[INFO GPL-0040] Routability iteration: 1
[WARNING GRT-0281] Net ap_clk has a large fanout of 15642 terminals.
[INFO GPL-0041] Total routing overflow: 0.0000
[INFO GPL-0042] Number of overflowed tiles: 0 (0.00%)
[INFO GPL-0043] Average top 0.5% routing congestion: 0.6700
[INFO GPL-0044] Average top 1.0% routing congestion: 0.6393
[INFO GPL-0045] Average top 2.0% routing congestion: 0.6085
[INFO GPL-0046] Average top 5.0% routing congestion: 0.5663
[INFO GPL-0047] Routability iteration weighted routing congestion: 0.6547
[INFO GPL-0050] Weighted routing congestion is lower than target routing congestion(1.0100), end routability optimization.
[INFO GPL-0090] Routability finished. Target routing congestion achieved succesfully.
Iteration | Overflow |     HPWL (um) |  HPWL(%) |   Penalty | Group
---------------------------------------------------------------
      360 |   0.2770 |  3.957527e+05 |   -0.97% |  1.27e-06 |      
      370 |   0.2451 |  3.924850e+05 |   -0.83% |  1.87e-06 |      
      380 |   0.2189 |  3.896582e+05 |   -0.72% |  2.76e-06 |      
[INFO GPL-0100] Timing-driven iteration 2/2, virtual: false.
[INFO GPL-0101]    Iter: 390, overflow: 0.194, keep resizer changes at: 1, HPWL: 387148655
Iteration |   Area    | Resized | Buffers | Nets repaired | Remaining
---------------------------------------------------------------------
        0 |     +0.0% |       0 |       0 |             0 |    126324
    final |     +0.2% |       0 |      98 |            82 |         0
---------------------------------------------------------------------
[INFO RSZ-0034] Found 40 slew violations.
[INFO RSZ-0037] Found 54 long wires.
[INFO RSZ-0038] Inserted 98 buffers in 82 nets.
   Iter   |    Area   | Removed | Inserted |   Pins
          |           | Buffers | Buffers  | Remaining
-------------------------------------------------------
        0 |     +0.0% |       0 |        0 |    124096
    12400 |     +0.0% |       2 |        3 |    111696
    24800 |     +0.0% |      22 |       36 |     99296
    37200 |     +0.0% |      60 |      114 |     86896
    49600 |     +0.0% |     104 |      184 |     74496
    62000 |     +0.0% |     135 |      223 |     62096
    74400 |     +0.0% |     181 |      283 |     49696
    86800 |     +0.0% |     196 |      301 |     37296
    99200 |     +0.0% |     315 |      450 |     24896
   111600 |     +0.2% |     754 |     1234 |     12496
   124000 |     +0.4% |    1406 |     2352 |        96
    final |     +0.4% |    1414 |     2364 |         0
-------------------------------------------------------
[INFO GPL-0106] Timing-driven: worst slack -1e-09
[INFO GPL-0107] Timing-driven: repair_design delta area: 103.795 um^2 (+0.54%)
[INFO GPL-0108] Timing-driven: repair_design, gpl delta gcells: 1048 (+0.84%)
[INFO GPL-0109] Timing-driven: repair_design, gcells created: 2462, deleted: 1414
[INFO GPL-0110] Timing-driven: new target density: 0.40326154
Iteration | Overflow |     HPWL (um) |  HPWL(%) |   Penalty | Group
---------------------------------------------------------------
      390 |   0.1930 |  4.500621e+05 |  +15.50% |  4.06e-06 |      
      400 |   0.1658 |  4.417454e+05 |   -1.85% |  5.95e-06 |      
      410 |   0.1450 |  4.360934e+05 |   -1.28% |  8.77e-06 |      
      420 |   0.1250 |  4.317654e+05 |   -0.99% |  1.29e-05 |      
      430 |   0.1067 |  4.287200e+05 |   -0.71% |  1.90e-05 |      
      435 |   0.0990 |  4.276772e+05 |          |  2.40e-05 |      
---------------------------------------------------------------
[INFO GPL-1001] Global placement finished at iteration 435
[INFO GPL-1017] Routability mode iteration count: 77
[INFO GPL-1005] Routability final weighted congestion: 0.6256
[INFO GPL-1002] Placed Cell Area            19241.6562
[INFO GPL-1003] Available Free Area         74261.9178
[INFO GPL-1004] Minimum Feasible Density        0.2600 (cell_area / free_area)
[INFO GPL-1006]   Suggested Target Densities:
[INFO GPL-1007]     - For 90% usage of free space: 0.2879
[INFO GPL-1008]     - For 80% usage of free space: 0.3239
[INFO GPL-1009]     - For 50% usage of free space: 0.5182
[INFO GPL-1011] Original area (um^2): 18999.45
[INFO GPL-1012] Total routability artificial inflation: 0.00 (+0.00%)
[INFO GPL-1013] Total timing-driven delta area: 242.21 (+1.27%)
[INFO GPL-1014] Final placement area: 19241.66 (+1.27%)
Took 226 seconds: global_placement -density 0.4 -pad_left 0 -pad_right 0 -routability_driven -timing_driven -force_center_initial_place -min_phi_coef 0.95 -max_phi_coef 1.05
estimate_parasitics -placement
Report metrics stage 3, global place...

==========================================================================
global place report_design_area
--------------------------------------------------------------------------
Design area 17860 um^2 24% utilization.
write_db /work/util/uacc_hw/openroad/work_precision_f4/results/asap7/uacc_section14_allocator_precision_sweep/base/3_3_place_gp.odb
Elapsed time: 3:54.73[h:]min:sec. CPU time: user 1693.28 sys 108.63 (767%). Peak memory: 1811820KB.
Log                       Ext     Elapsed/s Peak Memory/MB sha1sum result [0:20)
3_3_place_gp              .odb          234           1769 9f0267665c0950581e7a
