OpenROAD 26Q3-463-gbde79242a0 
Features included (+) or not (-): +GPU +GUI +Python
This program is licensed under the BSD-3 license. See the LICENSE file for details.
Components of this program may be licensed under more restrictive licenses which must be honored.
[INFO ORD-0030] Using 16 thread(s).
source /OpenROAD-flow-scripts/flow/platforms/asap7/liberty_suppressions.tcl
read_liberty /OpenROAD-flow-scripts/flow/platforms/asap7/lib/NLDM/asap7sc7p5t_AO_RVT_FF_nldm_211120.lib.gz
read_liberty /OpenROAD-flow-scripts/flow/platforms/asap7/lib/NLDM/asap7sc7p5t_INVBUF_RVT_FF_nldm_220122.lib.gz
read_liberty /OpenROAD-flow-scripts/flow/platforms/asap7/lib/NLDM/asap7sc7p5t_OA_RVT_FF_nldm_211120.lib.gz
read_liberty /OpenROAD-flow-scripts/flow/platforms/asap7/lib/NLDM/asap7sc7p5t_SIMPLE_RVT_FF_nldm_211120.lib.gz
read_liberty /OpenROAD-flow-scripts/flow/platforms/asap7/lib/NLDM/asap7sc7p5t_SEQ_RVT_FF_nldm_220123.lib
read_db /work/util/uacc_hw/openroad/work_precision_f4/results/asap7/uacc_section14_allocator_precision_sweep/base/4_cts.odb
read_sdc /work/util/uacc_hw/openroad/work_precision_f4/results/asap7/uacc_section14_allocator_precision_sweep/base/4_cts.sdc
source /OpenROAD-flow-scripts/flow/platforms/asap7/setRC.tcl
pin_access
[INFO DRT-0149] Reading tech and libs.

Units:                1000
Number of layers:     21
Number of macros:     212
Number of vias:       14
Number of viarulegen: 11

[INFO DRT-0150] Reading design.

Design:                   uacc_section14_allocator_uacc_section14_allocator
Die area:                 ( 0 0 ) ( 279118 279118 )
Number of track patterns: 32
Number of DEF vias:       0
Number of components:     135267
Number of terminals:      1268
Number of snets:          2
Number of nets:           128323

[INFO DRT-0167] List of default vias:
  Layer V2
    default via: VIA23
  Layer V3
    default via: VIA34
  Layer V4
    default via: VIA45
  Layer V5
    default via: VIA56
  Layer V6
    default via: VIA67
  Layer V7
    default via: VIA78
  Layer V8
    default via: VIA89
  Layer V9
    default via: VIA9Pad
[INFO DRT-0162] Library cell analysis.
[INFO DRT-0163] Instance analysis.
  Complete 100000 instances.
[INFO DRT-0164] Number of unique instances = 277.
[INFO DRT-0168] Init region query.
[INFO DRT-0018]   Complete 100000 insts.
[INFO DRT-0024]   Complete Active.
[INFO DRT-0024]   Complete V0.
[INFO DRT-0024]   Complete M1.
[INFO DRT-0024]   Complete V1.
[INFO DRT-0024]   Complete M2.
[INFO DRT-0024]   Complete V2.
[INFO DRT-0024]   Complete M3.
[INFO DRT-0024]   Complete V3.
[INFO DRT-0024]   Complete M4.
[INFO DRT-0024]   Complete V4.
[INFO DRT-0024]   Complete M5.
[INFO DRT-0024]   Complete V5.
[INFO DRT-0024]   Complete M6.
[INFO DRT-0024]   Complete V6.
[INFO DRT-0024]   Complete M7.
[INFO DRT-0024]   Complete V7.
[INFO DRT-0024]   Complete M8.
[INFO DRT-0024]   Complete V8.
[INFO DRT-0024]   Complete M9.
[INFO DRT-0024]   Complete V9.
[INFO DRT-0024]   Complete Pad.
[INFO DRT-0033] Active shape region query size = 0.
[INFO DRT-0033] V0 shape region query size = 0.
[INFO DRT-0033] M1 shape region query size = 2714763.
[INFO DRT-0033] V1 shape region query size = 7809210.
[INFO DRT-0033] M2 shape region query size = 100509.
[INFO DRT-0033] V2 shape region query size = 154683.
[INFO DRT-0033] M3 shape region query size = 154683.
[INFO DRT-0033] V3 shape region query size = 103122.
[INFO DRT-0033] M4 shape region query size = 103412.
[INFO DRT-0033] V4 shape region query size = 103122.
[INFO DRT-0033] M5 shape region query size = 57841.
[INFO DRT-0033] V5 shape region query size = 10404.
[INFO DRT-0033] M6 shape region query size = 5406.
[INFO DRT-0033] V6 shape region query size = 0.
[INFO DRT-0033] M7 shape region query size = 0.
[INFO DRT-0033] V7 shape region query size = 0.
[INFO DRT-0033] M8 shape region query size = 0.
[INFO DRT-0033] V8 shape region query size = 0.
[INFO DRT-0033] M9 shape region query size = 0.
[INFO DRT-0033] V9 shape region query size = 0.
[INFO DRT-0033] Pad shape region query size = 0.
[INFO DRT-0165] Start pin access.
[INFO DRT-0076]   Complete 1000 pins.
[INFO DRT-0078]   Complete 1524 pins.
[INFO DRT-0079]   Complete 100 unique inst patterns.
[INFO DRT-0079]   Complete 200 unique inst patterns.
[INFO DRT-0081]   Complete 277 unique inst patterns.
[INFO DRT-0082]   Complete 10000 groups.
[INFO DRT-0082]   Complete 20000 groups.
[INFO DRT-0082]   Complete 30000 groups.
[INFO DRT-0082]   Complete 40000 groups.
[INFO DRT-0082]   Complete 50000 groups.
[INFO DRT-0082]   Complete 60000 groups.
[INFO DRT-0082]   Complete 70000 groups.
[INFO DRT-0082]   Complete 80000 groups.
[INFO DRT-0082]   Complete 90000 groups.
[INFO DRT-0084]   Complete 96190 groups.
#scanned instances     = 135267
#unique  instances     = 277
#stdCellGenAp          = 7809
#stdCellValidPlanarAp  = 9
#stdCellValidViaAp     = 6289
#stdCellPinNoAp        = 0
#stdCellPinCnt         = 436322
#instTermValidViaApCnt = 0
#macroGenAp            = 0
#macroValidPlanarAp    = 0
#macroValidViaAp       = 0
#macroNoAp             = 0
[INFO DRT-0166] Complete pin access.
[INFO DRT-0267] cpu time = 00:23:28, elapsed time = 00:01:36, memory = 968.67 (MB), peak = 1228.42 (MB)
Took 98 seconds: pin_access
global_route -congestion_report_file /work/util/uacc_hw/openroad/work_precision_f4/reports/asap7/uacc_section14_allocator_precision_sweep/base/congestion.rpt -congestion_iterations 30 -congestion_report_iter_step 5 -verbose -resistance_aware
[INFO GRT-0020] Min routing layer: M2
[INFO GRT-0021] Max routing layer: M7
[INFO GRT-0022] Global adjustment: 0%
[INFO GRT-0023] Grid origin: (0, 0)
[INFO GRT-0088] Layer M1      Track-Pitch = 0.0360  line-2-Via Pitch: 0.0360
[INFO GRT-0088] Layer M2      Track-Pitch = 0.0390  line-2-Via Pitch: 0.0360
[INFO GRT-0088] Layer M3      Track-Pitch = 0.0360  line-2-Via Pitch: 0.0360
[INFO GRT-0088] Layer M4      Track-Pitch = 0.0480  line-2-Via Pitch: 0.0480
[INFO GRT-0088] Layer M5      Track-Pitch = 0.0480  line-2-Via Pitch: 0.0480
[INFO GRT-0088] Layer M6      Track-Pitch = 0.0640  line-2-Via Pitch: 0.0640
[INFO GRT-0088] Layer M7      Track-Pitch = 0.0640  line-2-Via Pitch: 0.0640
[INFO GRT-0003] Macros: 0
[INFO GRT-0004] Blockages: 46923
[INFO GRT-0019] Found 942 clock nets.
[INFO GRT-0001] Minimum degree: 2
[INFO GRT-0002] Maximum degree: 96

[INFO GRT-0053] Routing resources analysis:
          Routing      Original      Derated      Resource
Layer     Direction    Resources     Resources    Reduction (%)
---------------------------------------------------------------
M1         Vertical            0             0          0.00%
M2         Horizontal    2931828       2112012          27.96%
M3         Vertical      3632102       2697636          25.73%
M4         Horizontal    2783456       2067052          25.74%
M5         Vertical      2685878       1991006          25.87%
M6         Horizontal    1871424       1266103          32.35%
M7         Vertical      2128168       1434232          32.61%
---------------------------------------------------------------

[INFO GRT-0197] Via related to pin nodes: 855531
[INFO GRT-0198] Via related Steiner nodes: 23475
[INFO GRT-0199] Via filling finished.
[INFO GRT-0111] Final number of vias: 1118736
[INFO GRT-0112] Final usage 3D: 4385102

[INFO GRT-0096] Final congestion report:
Layer         Resource        Demand        Usage (%)    Max H / Max V / Total Congestion
---------------------------------------------------------------------------------------
M1                   0             0            0.00%             0 /  0 /  0
M2             2112012        432010           20.45%             0 /  0 /  0
M3             2697636        486672           18.04%             0 /  0 /  0
M4             2067052         44690            2.16%             0 /  0 /  0
M5             1991006         29564            1.48%             0 /  0 /  0
M6             1266103         20804            1.64%             0 /  0 /  0
M7             1434232         15154            1.06%             0 /  0 /  0
---------------------------------------------------------------------------------------
Total         11568041       1028894            8.89%             0 /  0 /  0

[INFO GRT-0018] Total wirelength: 7889905 um
[INFO GRT-0014] Routed nets: 128189
[INFO GRT-0303] Global routing runtime = 00:00:54
Took 58 seconds: global_route -congestion_report_file /work/util/uacc_hw/openroad/work_precision_f4/reports/asap7/uacc_section14_allocator_precision_sweep/base/congestion.rpt -congestion_iterations 30 -congestion_report_iter_step 5 -verbose -resistance_aware
estimate_parasitics -global_routing
Perform buffer insertion and gate resizing...
repair_design -verbose
Iteration |   Area    | Resized | Buffers | Nets repaired | Remaining
---------------------------------------------------------------------
        0 |     +0.0% |       0 |       0 |             0 |    129091
     1000 |     +0.0% |       0 |       0 |             0 |    128091
     2000 |     +0.0% |       0 |       0 |             0 |    127091
     3000 |     +0.0% |       0 |       0 |             0 |    126091
     4000 |     +0.0% |       0 |       0 |             0 |    125091
     5000 |     +0.0% |       0 |       0 |             0 |    124091
     6000 |     +0.0% |       0 |       0 |             0 |    123091
     7000 |     +0.0% |       0 |       0 |             0 |    122091
     8000 |     +0.0% |       0 |       0 |             0 |    121091
     9000 |     +0.0% |       0 |       0 |             0 |    120091
    10000 |     +0.0% |       0 |       0 |             0 |    119091
    11000 |     +0.0% |       0 |       0 |             0 |    118091
    12000 |     +0.0% |       0 |       0 |             0 |    117091
    13000 |     +0.0% |       0 |       0 |             0 |    116091
    14000 |     +0.0% |       0 |       0 |             0 |    115091
    15000 |     +0.0% |       0 |       0 |             0 |    114091
    16000 |     +0.0% |       0 |       0 |             0 |    113091
    17000 |     +0.0% |       0 |       0 |             0 |    112091
    18000 |     +0.0% |       0 |       0 |             0 |    111091
    19000 |     +0.0% |       0 |       0 |             0 |    110091
    20000 |     +0.0% |       0 |       0 |             0 |    109091
    21000 |     +0.0% |       0 |       0 |             0 |    108091
    22000 |     +0.0% |       0 |       0 |             0 |    107091
    23000 |     +0.0% |       0 |       0 |             0 |    106091
    24000 |     +0.0% |       0 |       0 |             0 |    105091
    25000 |     +0.0% |       0 |       0 |             0 |    104091
    26000 |     +0.0% |       0 |       0 |             0 |    103091
    27000 |     +0.0% |       0 |       0 |             0 |    102091
    28000 |     +0.0% |       0 |       0 |             0 |    101091
    29000 |     +0.0% |       0 |       0 |             0 |    100091
    30000 |     +0.0% |       0 |       0 |             0 |     99091
    31000 |     +0.0% |       0 |       0 |             0 |     98091
    32000 |     +0.0% |       0 |       0 |             0 |     97091
    33000 |     +0.0% |       0 |       0 |             0 |     96091
    34000 |     +0.0% |       0 |       0 |             0 |     95091
    35000 |     +0.0% |       0 |       0 |             0 |     94091
    36000 |     +0.0% |       0 |       0 |             0 |     93091
    37000 |     +0.0% |       0 |       0 |             0 |     92091
    38000 |     +0.0% |       0 |       0 |             0 |     91091
    39000 |     +0.0% |       0 |       0 |             0 |     90091
    40000 |     +0.0% |       0 |       0 |             0 |     89091
    41000 |     +0.0% |       0 |       0 |             0 |     88091
    42000 |     +0.0% |       0 |       0 |             0 |     87091
    43000 |     +0.0% |       0 |       0 |             0 |     86091
    44000 |     +0.0% |       0 |       0 |             0 |     85091
    45000 |     +0.0% |       0 |       0 |             0 |     84091
    46000 |     +0.0% |       0 |       0 |             0 |     83091
    47000 |     +0.0% |       0 |       0 |             0 |     82091
    48000 |     +0.0% |       0 |       0 |             0 |     81091
    49000 |     +0.0% |       0 |       0 |             0 |     80091
    50000 |     +0.0% |       0 |       0 |             0 |     79091
    51000 |     +0.0% |       0 |       0 |             0 |     78091
    52000 |     +0.0% |       0 |       0 |             0 |     77091
    53000 |     +0.0% |       0 |       0 |             0 |     76091
    54000 |     +0.0% |       0 |       0 |             0 |     75091
    55000 |     +0.0% |       0 |       0 |             0 |     74091
    56000 |     +0.0% |       0 |       0 |             0 |     73091
    57000 |     +0.0% |       0 |       0 |             0 |     72091
    58000 |     +0.0% |       0 |       0 |             0 |     71091
    59000 |     +0.0% |       0 |       0 |             0 |     70091
    60000 |     +0.0% |       0 |       0 |             0 |     69091
    61000 |     +0.0% |       0 |       0 |             0 |     68091
    62000 |     +0.0% |       0 |       0 |             0 |     67091
    63000 |     +0.0% |       0 |       0 |             0 |     66091
    64000 |     +0.0% |       0 |       0 |             0 |     65091
    65000 |     +0.0% |       0 |       0 |             0 |     64091
    66000 |     +0.0% |       0 |       0 |             0 |     63091
    67000 |     +0.0% |       0 |       0 |             0 |     62091
    68000 |     +0.0% |       0 |       0 |             0 |     61091
    69000 |     +0.0% |       0 |       0 |             0 |     60091
    70000 |     +0.0% |       0 |       0 |             0 |     59091
    71000 |     +0.0% |       0 |       0 |             0 |     58091
    72000 |     +0.0% |       0 |       0 |             0 |     57091
    73000 |     +0.0% |       0 |       0 |             0 |     56091
    74000 |     +0.0% |       0 |       0 |             0 |     55091
    75000 |     +0.0% |       0 |       0 |             0 |     54091
    76000 |     +0.0% |       0 |       0 |             0 |     53091
    77000 |     +0.0% |       0 |       0 |             0 |     52091
    78000 |     +0.0% |       0 |       0 |             0 |     51091
    79000 |     +0.0% |       0 |       0 |             0 |     50091
    80000 |     +0.0% |       0 |       0 |             0 |     49091
    81000 |     +0.0% |       0 |       0 |             0 |     48091
    82000 |     +0.0% |       0 |       0 |             0 |     47091
    83000 |     +0.0% |       0 |       0 |             0 |     46091
    84000 |     +0.0% |       0 |       0 |             0 |     45091
    85000 |     +0.0% |       0 |       0 |             0 |     44091
    86000 |     +0.0% |       0 |       0 |             0 |     43091
    87000 |     +0.0% |       0 |       0 |             0 |     42091
    88000 |     +0.0% |       0 |       0 |             0 |     41091
    89000 |     +0.0% |       0 |       0 |             0 |     40091
    90000 |     +0.0% |       0 |       0 |             0 |     39091
    91000 |     +0.0% |       0 |       0 |             0 |     38091
    92000 |     +0.0% |       0 |       0 |             0 |     37091
    93000 |     +0.0% |       0 |       0 |             0 |     36091
    94000 |     +0.0% |       0 |       0 |             0 |     35091
    95000 |     +0.0% |       0 |       0 |             0 |     34091
    96000 |     +0.0% |       0 |       0 |             0 |     33091
    97000 |     +0.0% |       0 |       0 |             0 |     32091
    98000 |     +0.0% |       0 |       0 |             0 |     31091
    99000 |     +0.0% |       0 |       0 |             0 |     30091
   100000 |     +0.0% |       0 |       0 |             0 |     29091
   101000 |     +0.0% |       0 |       0 |             0 |     28091
   102000 |     +0.0% |       0 |       0 |             0 |     27091
   103000 |     +0.0% |       0 |       0 |             0 |     26091
   104000 |     +0.0% |       0 |       0 |             0 |     25091
   105000 |     +0.0% |       0 |       0 |             0 |     24091
   106000 |     +0.0% |       0 |       0 |             0 |     23091
   107000 |     +0.0% |       0 |       0 |             0 |     22091
   108000 |     +0.0% |       0 |       0 |             0 |     21091
   109000 |     +0.0% |       0 |       1 |             1 |     20091
   110000 |     +0.0% |       0 |       1 |             1 |     19091
   111000 |     +0.0% |       0 |       1 |             1 |     18091
   112000 |     +0.0% |       0 |       1 |             1 |     17091
   113000 |     +0.0% |       0 |       1 |             1 |     16091
   114000 |     +0.0% |       0 |       1 |             1 |     15091
   115000 |     +0.0% |       0 |       1 |             1 |     14091
   116000 |     +0.0% |       0 |       1 |             1 |     13091
   117000 |     +0.0% |       0 |       1 |             1 |     12091
   118000 |     +0.0% |       0 |       1 |             1 |     11091
   119000 |     +0.0% |       0 |       1 |             1 |     10091
   120000 |     +0.0% |       0 |       1 |             1 |      9091
   121000 |     +0.0% |       0 |       1 |             1 |      8091
   122000 |     +0.0% |       0 |       1 |             1 |      7091
   123000 |     +0.0% |       0 |       1 |             1 |      6091
   124000 |     +0.0% |       0 |       1 |             1 |      5091
   125000 |     +0.0% |       0 |       1 |             1 |      4091
   126000 |     +0.0% |       0 |       1 |             1 |      3091
   127000 |     +0.0% |       0 |       1 |             1 |      2091
   128000 |     +0.0% |       0 |       1 |             1 |      1091
[WARNING RSZ-0104] Net service_square_q0[63] only has one pin. Check if it is intended to be dangling.
[WARNING RSZ-0104] Net service_square_q0[62] only has one pin. Check if it is intended to be dangling.
[WARNING RSZ-0104] Net service_square_q0[61] only has one pin. Check if it is intended to be dangling.
[WARNING RSZ-0104] Net service_square_q0[60] only has one pin. Check if it is intended to be dangling.
[WARNING RSZ-0104] Net service_square_q0[59] only has one pin. Check if it is intended to be dangling.
[WARNING RSZ-0104] Net service_square_q0[58] only has one pin. Check if it is intended to be dangling.
[WARNING RSZ-0104] Net service_square_q0[57] only has one pin. Check if it is intended to be dangling.
[WARNING RSZ-0104] Net service_square_q0[56] only has one pin. Check if it is intended to be dangling.
[WARNING RSZ-0104] Net service_square_q0[55] only has one pin. Check if it is intended to be dangling.
[WARNING RSZ-0104] Net service_square_q0[54] only has one pin. Check if it is intended to be dangling.
[WARNING RSZ-0104] Net service_square_q0[53] only has one pin. Check if it is intended to be dangling.
[WARNING RSZ-0104] Net service_square_q0[52] only has one pin. Check if it is intended to be dangling.
[WARNING RSZ-0104] Net service_square_q0[51] only has one pin. Check if it is intended to be dangling.
[WARNING RSZ-0104] Net service_square_q0[50] only has one pin. Check if it is intended to be dangling.
[WARNING RSZ-0104] Net service_square_q0[49] only has one pin. Check if it is intended to be dangling.
[WARNING RSZ-0104] Net service_square_q0[48] only has one pin. Check if it is intended to be dangling.
[WARNING RSZ-0104] Net service_cycles_q0[31] only has one pin. Check if it is intended to be dangling.
[WARNING RSZ-0104] Net service_cycles_q0[30] only has one pin. Check if it is intended to be dangling.
[WARNING RSZ-0104] Net service_cycles_q0[29] only has one pin. Check if it is intended to be dangling.
[WARNING RSZ-0104] Net service_cycles_q0[28] only has one pin. Check if it is intended to be dangling.
[WARNING RSZ-0104] Net service_cycles_q0[27] only has one pin. Check if it is intended to be dangling.
[WARNING RSZ-0104] Net service_cycles_q0[26] only has one pin. Check if it is intended to be dangling.
[WARNING RSZ-0104] Net service_cycles_q0[25] only has one pin. Check if it is intended to be dangling.
[WARNING RSZ-0104] Net service_cycles_q0[24] only has one pin. Check if it is intended to be dangling.
[WARNING RSZ-0104] Net lookahead_delta_q0[7] only has one pin. Check if it is intended to be dangling.
[WARNING RSZ-0104] Net lookahead_delta_q0[6] only has one pin. Check if it is intended to be dangling.
[WARNING RSZ-0104] Net lookahead_delta_q0[5] only has one pin. Check if it is intended to be dangling.
[WARNING RSZ-0104] Net lookahead_delta_q0[4] only has one pin. Check if it is intended to be dangling.
[WARNING RSZ-0104] Net interarrival_square_sum_q0[99] only has one pin. Check if it is intended to be dangling.
[WARNING RSZ-0104] Net interarrival_square_sum_q0[98] only has one pin. Check if it is intended to be dangling.
[WARNING RSZ-0104] Net interarrival_square_sum_q0[97] only has one pin. Check if it is intended to be dangling.
[WARNING RSZ-0104] Net interarrival_square_sum_q0[96] only has one pin. Check if it is intended to be dangling.
[WARNING RSZ-0104] Net interarrival_square_sum_q0[127] only has one pin. Check if it is intended to be dangling.
[WARNING RSZ-0104] Net interarrival_square_sum_q0[126] only has one pin. Check if it is intended to be dangling.
[WARNING RSZ-0104] Net interarrival_square_sum_q0[125] only has one pin. Check if it is intended to be dangling.
[WARNING RSZ-0104] Net interarrival_square_sum_q0[124] only has one pin. Check if it is intended to be dangling.
[WARNING RSZ-0104] Net interarrival_square_sum_q0[123] only has one pin. Check if it is intended to be dangling.
[WARNING RSZ-0104] Net interarrival_square_sum_q0[122] only has one pin. Check if it is intended to be dangling.
[WARNING RSZ-0104] Net interarrival_square_sum_q0[121] only has one pin. Check if it is intended to be dangling.
[WARNING RSZ-0104] Net interarrival_square_sum_q0[120] only has one pin. Check if it is intended to be dangling.
[WARNING RSZ-0104] Net interarrival_square_sum_q0[119] only has one pin. Check if it is intended to be dangling.
[WARNING RSZ-0104] Net interarrival_square_sum_q0[118] only has one pin. Check if it is intended to be dangling.
[WARNING RSZ-0104] Net interarrival_square_sum_q0[117] only has one pin. Check if it is intended to be dangling.
[WARNING RSZ-0104] Net interarrival_square_sum_q0[116] only has one pin. Check if it is intended to be dangling.
[WARNING RSZ-0104] Net interarrival_square_sum_q0[115] only has one pin. Check if it is intended to be dangling.
[WARNING RSZ-0104] Net interarrival_square_sum_q0[114] only has one pin. Check if it is intended to be dangling.
[WARNING RSZ-0104] Net interarrival_square_sum_q0[113] only has one pin. Check if it is intended to be dangling.
[WARNING RSZ-0104] Net interarrival_square_sum_q0[112] only has one pin. Check if it is intended to be dangling.
[WARNING RSZ-0104] Net interarrival_square_sum_q0[111] only has one pin. Check if it is intended to be dangling.
[WARNING RSZ-0104] Net interarrival_square_sum_q0[110] only has one pin. Check if it is intended to be dangling.
[WARNING RSZ-0104] Net interarrival_square_sum_q0[109] only has one pin. Check if it is intended to be dangling.
[WARNING RSZ-0104] Net interarrival_square_sum_q0[108] only has one pin. Check if it is intended to be dangling.
[WARNING RSZ-0104] Net interarrival_square_sum_q0[107] only has one pin. Check if it is intended to be dangling.
[WARNING RSZ-0104] Net interarrival_square_sum_q0[106] only has one pin. Check if it is intended to be dangling.
[WARNING RSZ-0104] Net interarrival_square_sum_q0[105] only has one pin. Check if it is intended to be dangling.
[WARNING RSZ-0104] Net interarrival_square_sum_q0[104] only has one pin. Check if it is intended to be dangling.
[WARNING RSZ-0104] Net interarrival_square_sum_q0[103] only has one pin. Check if it is intended to be dangling.
[WARNING RSZ-0104] Net interarrival_square_sum_q0[102] only has one pin. Check if it is intended to be dangling.
[WARNING RSZ-0104] Net interarrival_square_sum_q0[101] only has one pin. Check if it is intended to be dangling.
[WARNING RSZ-0104] Net interarrival_square_sum_q0[100] only has one pin. Check if it is intended to be dangling.
[WARNING RSZ-0104] Net fixed_latency_q_q0[63] only has one pin. Check if it is intended to be dangling.
[WARNING RSZ-0104] Net fixed_latency_q_q0[62] only has one pin. Check if it is intended to be dangling.
[WARNING RSZ-0104] Net fixed_latency_q_q0[61] only has one pin. Check if it is intended to be dangling.
[WARNING RSZ-0104] Net fixed_latency_q_q0[60] only has one pin. Check if it is intended to be dangling.
[WARNING RSZ-0104] Net fixed_latency_q_q0[59] only has one pin. Check if it is intended to be dangling.
[WARNING RSZ-0104] Net fixed_latency_q_q0[58] only has one pin. Check if it is intended to be dangling.
[WARNING RSZ-0104] Net fixed_latency_q_q0[57] only has one pin. Check if it is intended to be dangling.
[WARNING RSZ-0104] Net fixed_latency_q_q0[56] only has one pin. Check if it is intended to be dangling.
[WARNING RSZ-0104] Net fixed_latency_q_q0[55] only has one pin. Check if it is intended to be dangling.
[WARNING RSZ-0104] Net fixed_latency_q_q0[54] only has one pin. Check if it is intended to be dangling.
[WARNING RSZ-0104] Net fixed_latency_q_q0[53] only has one pin. Check if it is intended to be dangling.
[WARNING RSZ-0104] Net fixed_latency_q_q0[52] only has one pin. Check if it is intended to be dangling.
[WARNING RSZ-0104] Net fixed_latency_q_q0[51] only has one pin. Check if it is intended to be dangling.
[WARNING RSZ-0104] Net fixed_latency_q_q0[50] only has one pin. Check if it is intended to be dangling.
[WARNING RSZ-0104] Net fixed_latency_q_q0[49] only has one pin. Check if it is intended to be dangling.
[WARNING RSZ-0104] Net fixed_latency_q_q0[48] only has one pin. Check if it is intended to be dangling.
[WARNING RSZ-0104] Net fixed_latency_q_q0[47] only has one pin. Check if it is intended to be dangling.
[WARNING RSZ-0104] Net fixed_latency_q_q0[46] only has one pin. Check if it is intended to be dangling.
[WARNING RSZ-0104] Net fixed_latency_q_q0[45] only has one pin. Check if it is intended to be dangling.
[WARNING RSZ-0104] Net fixed_latency_q_q0[44] only has one pin. Check if it is intended to be dangling.
[WARNING RSZ-0104] Net collector_overflow_q0[7] only has one pin. Check if it is intended to be dangling.
[WARNING RSZ-0104] Net collector_overflow_q0[6] only has one pin. Check if it is intended to be dangling.
[WARNING RSZ-0104] Net collector_overflow_q0[5] only has one pin. Check if it is intended to be dangling.
[WARNING RSZ-0104] Net collector_overflow_q0[4] only has one pin. Check if it is intended to be dangling.
[WARNING RSZ-0104] Net collector_overflow_q0[3] only has one pin. Check if it is intended to be dangling.
[WARNING RSZ-0104] Net collector_overflow_q0[2] only has one pin. Check if it is intended to be dangling.
[WARNING RSZ-0104] Net collector_overflow_q0[1] only has one pin. Check if it is intended to be dangling.
[WARNING RSZ-0104] Net capacity_gain_q_q0[99] only has one pin. Check if it is intended to be dangling.
[WARNING RSZ-0104] Net capacity_gain_q_q0[98] only has one pin. Check if it is intended to be dangling.
[WARNING RSZ-0104] Net capacity_gain_q_q0[97] only has one pin. Check if it is intended to be dangling.
[WARNING RSZ-0104] Net capacity_gain_q_q0[96] only has one pin. Check if it is intended to be dangling.
[WARNING RSZ-0104] Net capacity_gain_q_q0[95] only has one pin. Check if it is intended to be dangling.
[WARNING RSZ-0104] Net capacity_gain_q_q0[94] only has one pin. Check if it is intended to be dangling.
[WARNING RSZ-0104] Net capacity_gain_q_q0[93] only has one pin. Check if it is intended to be dangling.
[WARNING RSZ-0104] Net capacity_gain_q_q0[92] only has one pin. Check if it is intended to be dangling.
[WARNING RSZ-0104] Net capacity_gain_q_q0[91] only has one pin. Check if it is intended to be dangling.
[WARNING RSZ-0104] Net capacity_gain_q_q0[90] only has one pin. Check if it is intended to be dangling.
[WARNING RSZ-0104] Net capacity_gain_q_q0[89] only has one pin. Check if it is intended to be dangling.
[WARNING RSZ-0104] Net capacity_gain_q_q0[88] only has one pin. Check if it is intended to be dangling.
[WARNING RSZ-0104] Net capacity_gain_q_q0[127] only has one pin. Check if it is intended to be dangling.
[WARNING RSZ-0104] Net capacity_gain_q_q0[126] only has one pin. Check if it is intended to be dangling.
[WARNING RSZ-0104] Net capacity_gain_q_q0[125] only has one pin. Check if it is intended to be dangling.
[WARNING RSZ-0104] Net capacity_gain_q_q0[124] only has one pin. Check if it is intended to be dangling.
[WARNING RSZ-0104] Net capacity_gain_q_q0[123] only has one pin. Check if it is intended to be dangling.
[WARNING RSZ-0104] Net capacity_gain_q_q0[122] only has one pin. Check if it is intended to be dangling.
[WARNING RSZ-0104] Net capacity_gain_q_q0[121] only has one pin. Check if it is intended to be dangling.
[WARNING RSZ-0104] Net capacity_gain_q_q0[120] only has one pin. Check if it is intended to be dangling.
[WARNING RSZ-0104] Net capacity_gain_q_q0[119] only has one pin. Check if it is intended to be dangling.
[WARNING RSZ-0104] Net capacity_gain_q_q0[118] only has one pin. Check if it is intended to be dangling.
[WARNING RSZ-0104] Net capacity_gain_q_q0[117] only has one pin. Check if it is intended to be dangling.
[WARNING RSZ-0104] Net capacity_gain_q_q0[116] only has one pin. Check if it is intended to be dangling.
[WARNING RSZ-0104] Net capacity_gain_q_q0[115] only has one pin. Check if it is intended to be dangling.
[WARNING RSZ-0104] Net capacity_gain_q_q0[114] only has one pin. Check if it is intended to be dangling.
[WARNING RSZ-0104] Net capacity_gain_q_q0[113] only has one pin. Check if it is intended to be dangling.
[WARNING RSZ-0104] Net capacity_gain_q_q0[112] only has one pin. Check if it is intended to be dangling.
[WARNING RSZ-0104] Net capacity_gain_q_q0[111] only has one pin. Check if it is intended to be dangling.
[WARNING RSZ-0104] Net capacity_gain_q_q0[110] only has one pin. Check if it is intended to be dangling.
[WARNING RSZ-0104] Net capacity_gain_q_q0[109] only has one pin. Check if it is intended to be dangling.
[WARNING RSZ-0104] Net capacity_gain_q_q0[108] only has one pin. Check if it is intended to be dangling.
[WARNING RSZ-0104] Net capacity_gain_q_q0[107] only has one pin. Check if it is intended to be dangling.
[WARNING RSZ-0104] Net capacity_gain_q_q0[106] only has one pin. Check if it is intended to be dangling.
[WARNING RSZ-0104] Net capacity_gain_q_q0[105] only has one pin. Check if it is intended to be dangling.
[WARNING RSZ-0104] Net capacity_gain_q_q0[104] only has one pin. Check if it is intended to be dangling.
[WARNING RSZ-0104] Net capacity_gain_q_q0[103] only has one pin. Check if it is intended to be dangling.
[WARNING RSZ-0104] Net capacity_gain_q_q0[102] only has one pin. Check if it is intended to be dangling.
[WARNING RSZ-0104] Net capacity_gain_q_q0[101] only has one pin. Check if it is intended to be dangling.
[WARNING RSZ-0104] Net capacity_gain_q_q0[100] only has one pin. Check if it is intended to be dangling.
[WARNING RSZ-0104] Net candidate_valid_q0[7] only has one pin. Check if it is intended to be dangling.
[WARNING RSZ-0104] Net candidate_valid_q0[6] only has one pin. Check if it is intended to be dangling.
[WARNING RSZ-0104] Net candidate_valid_q0[5] only has one pin. Check if it is intended to be dangling.
[WARNING RSZ-0104] Net candidate_valid_q0[4] only has one pin. Check if it is intended to be dangling.
[WARNING RSZ-0104] Net candidate_valid_q0[3] only has one pin. Check if it is intended to be dangling.
[WARNING RSZ-0104] Net candidate_valid_q0[2] only has one pin. Check if it is intended to be dangling.
[WARNING RSZ-0104] Net candidate_valid_q0[1] only has one pin. Check if it is intended to be dangling.
   129000 |     +0.0% |       0 |       1 |             1 |        91
    final |     +0.0% |       0 |       1 |             1 |         0
---------------------------------------------------------------------
[INFO RSZ-0034] Found 1 slew violations.
[INFO RSZ-0038] Inserted 1 buffers in 1 nets.
[INFO RSZ-0504] Runtime: 15.51s
Took 16 seconds: repair_design -verbose
global_route -start_incremental
detailed_placement
[INFO DPL-0006] Core area: 74468.37 um^2, Movable instances area: 18225.32 um^2, Utilization: 24.5%
[INFO DPL-0007] Fixed instances area within core: 206.45 um^2, Effective utilization of free area: 24.5%
[INFO DPL-0005] Diamond search max displacement: +/- 500 sites horizontally, +/- 100 rows vertically.
[INFO DPL-1102] Legalizing using negotiation legalizer.
[INFO DPL-1103] Negotiation base search window: +/-20 sites horizontally, +/-5 rows vertically (extendable up to the max displacement cap of +/-500 sites, +/-100 rows near walls).
	Automatic search window extension enabled.
[INFO DPL-1104] NegotiationLegalizer DRC penalty: 5.
[INFO DPL-0392] Negotiation cell height distribution (1 unique row-count(s)):
[INFO DPL-0393]   height 1 row(s): 135268 cells
          |      Total |  Illegal |  Illegal
Iteration | Violations |    Cells |    Sites
---------------------------------------------
        0 |          0 |         0 |         0
Negotiation phase 1 converged at iteration 0.
[INFO DPL-0500] Runtime: 1.03s
Placement Analysis
---------------------------------
total displacement          0.8 u
average displacement        0.0 u
max displacement            0.8 u
original HPWL          464024.1 u
legalized HPWL         464024.1 u
delta HPWL                    0 %

global_route -end_incremental -resistance_aware -congestion_report_file /work/util/uacc_hw/openroad/work_precision_f4/reports/asap7/uacc_section14_allocator_precision_sweep/base/congestion_post_repair_design.rpt
Took 6 seconds: global_route -end_incremental -resistance_aware -congestion_report_file /work/util/uacc_hw/openroad/work_precision_f4/reports/asap7/uacc_section14_allocator_precision_sweep/base/congestion_post_repair_design.rpt
Repair setup and hold violations...
estimate_parasitics -global_routing
repair_timing -setup_margin 0 -hold_margin 0 -repair_tns 100 -skip_last_gasp -verbose
[INFO RSZ-0100] Repair move sequence: UnbufferMove SizeUpMove SwapPinsMove BufferMove CloneMove SplitLoadMove 
[INFO RSZ-0098] No setup violations found
[INFO RSZ-0505] Runtime: 4.67s
[INFO RSZ-0033] No hold violations found.
[INFO RSZ-0506] Runtime: 1.03s
Took 5 seconds: repair_timing -setup_margin 0 -hold_margin 0 -repair_tns 100 -skip_last_gasp -verbose
global_route -start_incremental
detailed_placement
[INFO DPL-0006] Core area: 74468.37 um^2, Movable instances area: 18225.32 um^2, Utilization: 24.5%
[INFO DPL-0007] Fixed instances area within core: 206.45 um^2, Effective utilization of free area: 24.5%
[INFO DPL-0005] Diamond search max displacement: +/- 500 sites horizontally, +/- 100 rows vertically.
[INFO DPL-1102] Legalizing using negotiation legalizer.
[INFO DPL-1103] Negotiation base search window: +/-20 sites horizontally, +/-5 rows vertically (extendable up to the max displacement cap of +/-500 sites, +/-100 rows near walls).
	Automatic search window extension enabled.
[INFO DPL-1104] NegotiationLegalizer DRC penalty: 5.
[INFO DPL-0392] Negotiation cell height distribution (1 unique row-count(s)):
[INFO DPL-0393]   height 1 row(s): 135268 cells
[INFO DPL-0500] Runtime: 0.92s
Placement Analysis
---------------------------------
total displacement          0.0 u
average displacement        0.0 u
max displacement            0.0 u
original HPWL          464024.1 u
legalized HPWL         464024.1 u
delta HPWL                    0 %

check_placement -verbose
global_route -end_incremental -resistance_aware -congestion_report_file /work/util/uacc_hw/openroad/work_precision_f4/reports/asap7/uacc_section14_allocator_precision_sweep/base/congestion_post_repair_timing.rpt
estimate_parasitics -global_routing
repair_timing -setup -sequence "vt_swap reroute" -skip_last_gasp -repair_tns 0 -verbose
[INFO RSZ-0100] Repair move sequence: RerouteMove 
[INFO RSZ-0098] No setup violations found
[INFO RSZ-0505] Runtime: 4.78s
Took 5 seconds: repair_timing -setup -sequence "vt_swap reroute" -skip_last_gasp -repair_tns 0 -verbose
Repair antennas...
[WARNING GRT-0246] No diode with LEF class CORE ANTENNACELL found.
[INFO ANT-0002] Found 0 net violations.
[INFO ANT-0001] Found 0 pin violations.
Estimate parasitics...
estimate_parasitics -global_routing
Report metrics stage 5, global route...

==========================================================================
global route report_design_area
--------------------------------------------------------------------------
Design area 18432 um^2 25% utilization.
[INFO FLW-0007] clock core_clock period 5000.000000
[INFO FLW-0008] Clock core_clock period 2252.894
[INFO FLW-0009] Clock core_clock slack 2628.532
write_sdc -no_timestamp /work/util/uacc_hw/openroad/work_precision_f4/results/asap7/uacc_section14_allocator_precision_sweep/base/updated_clks.sdc
[INFO FLW-0011] Path endpoint path count 16763
write_db /work/util/uacc_hw/openroad/work_precision_f4/results/asap7/uacc_section14_allocator_precision_sweep/base/5_1_grt.odb
write_sdc -no_timestamp /work/util/uacc_hw/openroad/work_precision_f4/results/asap7/uacc_section14_allocator_precision_sweep/base/5_1_grt.sdc
Elapsed time: 4:00.90[h:]min:sec. CPU time: user 1845.17 sys 130.59 (820%). Peak memory: 3133740KB.
Log                       Ext     Elapsed/s Peak Memory/MB sha1sum result [0:20)
5_1_grt                   .odb          240           3060 1ed26e056c50ee6b7fc6
5_1_grt                   .sdc                             268d65bcfe273cda32a8
