OpenROAD 26Q3-463-gbde79242a0 
Features included (+) or not (-): +GPU +GUI +Python
This program is licensed under the BSD-3 license. See the LICENSE file for details.
Components of this program may be licensed under more restrictive licenses which must be honored.
[INFO ORD-0030] Using 16 thread(s).
source /OpenROAD-flow-scripts/flow/platforms/asap7/liberty_suppressions.tcl
read_liberty /OpenROAD-flow-scripts/flow/platforms/asap7/lib/NLDM/asap7sc7p5t_AO_RVT_FF_nldm_211120.lib.gz
read_liberty /OpenROAD-flow-scripts/flow/platforms/asap7/lib/NLDM/asap7sc7p5t_INVBUF_RVT_FF_nldm_220122.lib.gz
read_liberty /OpenROAD-flow-scripts/flow/platforms/asap7/lib/NLDM/asap7sc7p5t_OA_RVT_FF_nldm_211120.lib.gz
read_liberty /OpenROAD-flow-scripts/flow/platforms/asap7/lib/NLDM/asap7sc7p5t_SIMPLE_RVT_FF_nldm_211120.lib.gz
read_liberty /OpenROAD-flow-scripts/flow/platforms/asap7/lib/NLDM/asap7sc7p5t_SEQ_RVT_FF_nldm_220123.lib
read_db /work/util/uacc_hw/openroad/work_precision_f4/results/asap7/uacc_section14_allocator_precision_sweep/base/6_1_fill.odb
read_sdc /work/util/uacc_hw/openroad/work_precision_f4/results/asap7/uacc_section14_allocator_precision_sweep/base/6_1_fill.sdc
source /OpenROAD-flow-scripts/flow/platforms/asap7/setRC.tcl
write_db /work/util/uacc_hw/openroad/work_precision_f4/results/asap7/uacc_section14_allocator_precision_sweep/base/6_final.odb
Deleted 0 routing obstructions
OpenRCX is not enabled for this platform.
Falling back to global route-based estimates.
estimate_parasitics -global_routing
Took 5 seconds: estimate_parasitics -global_routing
Cell type report:                       Count       Area
  Fill cell                            312126   56036.60
  Tap cell                               7080     206.45
  Tie cell                                  8       0.35
  Clock buffer                           1322     494.47
  Timing Repair Buffer                   3498     311.73
  Inverter                               9357     417.47
  Clock inverter                          387      73.56
  Sequential cell                       15641    4566.05
  Multi-Input combinational cell        97975   12361.70
  Total                                447394   74468.37
Report metrics stage 6, finish...

==========================================================================
finish report_design_area
--------------------------------------------------------------------------
Design area 18432 um^2 25% utilization.
[WARNING GUI-0076] QStandardPaths: XDG_RUNTIME_DIR not set, defaulting to '/tmp/runtime-root'
[WARNING GUI-0066] Heat map "IR Drop" has not been populated with data.
[WARNING GUI-0066] Heat map "Routing Congestion" has not been populated with data.
Elapsed time: 0:45.49[h:]min:sec. CPU time: user 82.80 sys 38.01 (265%). Peak memory: 2339508KB.
Log                       Ext     Elapsed/s Peak Memory/MB sha1sum result [0:20)
6_report                                 45           2284                  N/A
