OpenROAD 26Q3-463-gbde79242a0 
Features included (+) or not (-): +GPU +GUI +Python
This program is licensed under the BSD-3 license. See the LICENSE file for details.
Components of this program may be licensed under more restrictive licenses which must be honored.
[INFO ORD-0030] Using 16 thread(s).
source /OpenROAD-flow-scripts/flow/platforms/asap7/liberty_suppressions.tcl
read_liberty /OpenROAD-flow-scripts/flow/platforms/asap7/lib/NLDM/asap7sc7p5t_AO_RVT_FF_nldm_211120.lib.gz
read_liberty /OpenROAD-flow-scripts/flow/platforms/asap7/lib/NLDM/asap7sc7p5t_INVBUF_RVT_FF_nldm_220122.lib.gz
read_liberty /OpenROAD-flow-scripts/flow/platforms/asap7/lib/NLDM/asap7sc7p5t_OA_RVT_FF_nldm_211120.lib.gz
read_liberty /OpenROAD-flow-scripts/flow/platforms/asap7/lib/NLDM/asap7sc7p5t_SIMPLE_RVT_FF_nldm_211120.lib.gz
read_liberty /OpenROAD-flow-scripts/flow/platforms/asap7/lib/NLDM/asap7sc7p5t_SEQ_RVT_FF_nldm_220123.lib
read_db /work/util/uacc_hw/openroad/work_full/results/asap7/uacc_section14_allocator/base/3_3_place_gp.odb
read_sdc /work/util/uacc_hw/openroad/work_full/results/asap7/uacc_section14_allocator/base/2_floorplan.sdc
source /OpenROAD-flow-scripts/flow/platforms/asap7/setRC.tcl
estimate_parasitics -placement
Took 10 seconds: estimate_parasitics -placement
Perform buffer insertion and gate resizing...
repair_design -verbose
Iteration |   Area    | Resized | Buffers | Nets repaired | Remaining
---------------------------------------------------------------------
        0 |     +0.0% |       0 |       0 |             0 |    502432
     1000 |     +0.0% |       0 |       0 |             0 |    501432
     2000 |     +0.0% |       0 |       0 |             0 |    500432
     3000 |     +0.0% |       0 |       0 |             0 |    499432
     4000 |     +0.0% |       0 |       0 |             0 |    498432
     5000 |     +0.0% |       0 |       0 |             0 |    497432
     6000 |     +0.0% |       0 |       0 |             0 |    496432
     7000 |     +0.0% |       0 |       0 |             0 |    495432
     8000 |     +0.0% |       0 |       0 |             0 |    494432
     9000 |     +0.0% |       0 |       0 |             0 |    493432
    10000 |     +0.0% |       0 |       1 |             1 |    492432
    11000 |     +0.0% |       0 |       1 |             1 |    491432
    12000 |     +0.0% |       0 |       1 |             1 |    490432
    13000 |     +0.0% |       0 |       1 |             1 |    489432
    14000 |     +0.0% |       0 |       1 |             1 |    488432
    15000 |     +0.0% |       0 |       1 |             1 |    487432
    16000 |     +0.0% |       0 |       1 |             1 |    486432
    17000 |     +0.0% |       0 |       1 |             1 |    485432
    18000 |     +0.0% |       0 |       1 |             1 |    484432
    19000 |     +0.0% |       0 |       2 |             2 |    483432
    20000 |     +0.0% |       0 |       2 |             2 |    482432
    21000 |     +0.0% |       0 |       2 |             2 |    481432
    22000 |     +0.0% |       0 |       2 |             2 |    480432
    23000 |     +0.0% |       0 |       2 |             2 |    479432
    24000 |     +0.0% |       0 |       2 |             2 |    478432
    25000 |     +0.0% |       0 |       2 |             2 |    477432
    26000 |     +0.0% |       0 |       2 |             2 |    476432
    27000 |     +0.0% |       0 |       2 |             2 |    475432
    28000 |     +0.0% |       0 |       2 |             2 |    474432
    29000 |     +0.0% |       0 |       3 |             3 |    473432
    30000 |     +0.0% |       0 |       4 |             4 |    472432
    31000 |     +0.0% |       0 |       4 |             4 |    471432
    32000 |     +0.0% |       0 |       4 |             4 |    470432
    33000 |     +0.0% |       0 |       4 |             4 |    469432
    34000 |     +0.0% |       0 |       4 |             4 |    468432
    35000 |     +0.0% |       0 |       4 |             4 |    467432
    36000 |     +0.0% |       0 |       4 |             4 |    466432
    37000 |     +0.0% |       0 |       4 |             4 |    465432
    38000 |     +0.0% |       0 |       4 |             4 |    464432
    39000 |     +0.0% |       0 |       4 |             4 |    463432
    40000 |     +0.0% |       0 |       5 |             5 |    462432
    41000 |     +0.0% |       0 |       5 |             5 |    461432
    42000 |     +0.0% |       0 |       5 |             5 |    460432
    43000 |     +0.0% |       0 |       5 |             5 |    459432
    44000 |     +0.0% |       0 |       5 |             5 |    458432
    45000 |     +0.0% |       0 |       5 |             5 |    457432
    46000 |     +0.0% |       0 |       5 |             5 |    456432
    47000 |     +0.0% |       0 |       5 |             5 |    455432
    48000 |     +0.0% |       0 |       5 |             5 |    454432
    49000 |     +0.0% |       0 |       5 |             5 |    453432
    50000 |     +0.0% |       0 |       5 |             5 |    452432
    51000 |     +0.0% |       0 |       5 |             5 |    451432
    52000 |     +0.0% |       0 |       5 |             5 |    450432
    53000 |     +0.0% |       0 |       7 |             7 |    449432
    54000 |     +0.0% |       0 |       7 |             7 |    448432
    55000 |     +0.0% |       0 |       7 |             7 |    447432
    56000 |     +0.0% |       0 |       7 |             7 |    446432
    57000 |     +0.0% |       0 |       7 |             7 |    445432
    58000 |     +0.0% |       0 |       8 |             8 |    444432
    59000 |     +0.0% |       0 |       9 |             9 |    443432
    60000 |     +0.0% |       0 |       9 |             9 |    442432
    61000 |     +0.0% |       0 |       9 |             9 |    441432
    62000 |     +0.0% |       0 |       9 |             9 |    440432
    63000 |     +0.0% |       0 |       9 |             9 |    439432
    64000 |     +0.0% |       0 |       9 |             9 |    438432
    65000 |     +0.0% |       0 |       9 |             9 |    437432
    66000 |     +0.0% |       0 |       9 |             9 |    436432
    67000 |     +0.0% |       0 |       9 |             9 |    435432
    68000 |     +0.0% |       0 |       9 |             9 |    434432
    69000 |     +0.0% |       0 |       9 |             9 |    433432
    70000 |     +0.0% |       0 |      10 |            10 |    432432
    71000 |     +0.0% |       0 |      10 |            10 |    431432
    72000 |     +0.0% |       0 |      10 |            10 |    430432
    73000 |     +0.0% |       0 |      10 |            10 |    429432
    74000 |     +0.0% |       0 |      10 |            10 |    428432
    75000 |     +0.0% |       0 |      10 |            10 |    427432
    76000 |     +0.0% |       0 |      10 |            10 |    426432
    77000 |     +0.0% |       0 |      10 |            10 |    425432
    78000 |     +0.0% |       0 |      10 |            10 |    424432
    79000 |     +0.0% |       0 |      10 |            10 |    423432
    80000 |     +0.0% |       0 |      10 |            10 |    422432
    81000 |     +0.0% |       0 |      10 |            10 |    421432
    82000 |     +0.0% |       0 |      10 |            10 |    420432
    83000 |     +0.0% |       0 |      10 |            10 |    419432
    84000 |     +0.0% |       0 |      10 |            10 |    418432
    85000 |     +0.0% |       0 |      10 |            10 |    417432
    86000 |     +0.0% |       0 |      10 |            10 |    416432
    87000 |     +0.0% |       0 |      10 |            10 |    415432
    88000 |     +0.0% |       0 |      10 |            10 |    414432
    89000 |     +0.0% |       0 |      10 |            10 |    413432
    90000 |     +0.0% |       0 |      10 |            10 |    412432
    91000 |     +0.0% |       0 |      10 |            10 |    411432
    92000 |     +0.0% |       0 |      10 |            10 |    410432
    93000 |     +0.0% |       0 |      10 |            10 |    409432
    94000 |     +0.0% |       0 |      10 |            10 |    408432
    95000 |     +0.0% |       0 |      10 |            10 |    407432
    96000 |     +0.0% |       0 |      10 |            10 |    406432
    97000 |     +0.0% |       0 |      10 |            10 |    405432
    98000 |     +0.0% |       0 |      10 |            10 |    404432
    99000 |     +0.0% |       0 |      10 |            10 |    403432
   100000 |     +0.0% |       0 |      10 |            10 |    402432
   101000 |     +0.0% |       0 |      10 |            10 |    401432
   102000 |     +0.0% |       0 |      10 |            10 |    400432
   103000 |     +0.0% |       0 |      10 |            10 |    399432
   104000 |     +0.0% |       0 |      10 |            10 |    398432
   105000 |     +0.0% |       0 |      10 |            10 |    397432
   106000 |     +0.0% |       0 |      10 |            10 |    396432
   107000 |     +0.0% |       0 |      10 |            10 |    395432
   108000 |     +0.0% |       0 |      10 |            10 |    394432
   109000 |     +0.0% |       0 |      10 |            10 |    393432
   110000 |     +0.0% |       0 |      10 |            10 |    392432
   111000 |     +0.0% |       0 |      10 |            10 |    391432
   112000 |     +0.0% |       0 |      10 |            10 |    390432
   113000 |     +0.0% |       0 |      10 |            10 |    389432
   114000 |     +0.0% |       0 |      10 |            10 |    388432
   115000 |     +0.0% |       0 |      10 |            10 |    387432
   116000 |     +0.0% |       0 |      10 |            10 |    386432
   117000 |     +0.0% |       0 |      10 |            10 |    385432
   118000 |     +0.0% |       0 |      10 |            10 |    384432
   119000 |     +0.0% |       0 |      10 |            10 |    383432
   120000 |     +0.0% |       0 |      10 |            10 |    382432
   121000 |     +0.0% |       0 |      10 |            10 |    381432
   122000 |     +0.0% |       0 |      10 |            10 |    380432
   123000 |     +0.0% |       0 |      10 |            10 |    379432
   124000 |     +0.0% |       0 |      10 |            10 |    378432
   125000 |     +0.0% |       0 |      10 |            10 |    377432
   126000 |     +0.0% |       0 |      10 |            10 |    376432
   127000 |     +0.0% |       0 |      10 |            10 |    375432
   128000 |     +0.0% |       0 |      10 |            10 |    374432
   129000 |     +0.0% |       0 |      10 |            10 |    373432
   130000 |     +0.0% |       0 |      10 |            10 |    372432
   131000 |     +0.0% |       0 |      10 |            10 |    371432
   132000 |     +0.0% |       0 |      10 |            10 |    370432
   133000 |     +0.0% |       0 |      10 |            10 |    369432
   134000 |     +0.0% |       0 |      10 |            10 |    368432
   135000 |     +0.0% |       0 |      11 |            11 |    367432
   136000 |     +0.0% |       0 |      11 |            11 |    366432
   137000 |     +0.0% |       0 |      11 |            11 |    365432
   138000 |     +0.0% |       0 |      11 |            11 |    364432
   139000 |     +0.0% |       0 |      11 |            11 |    363432
   140000 |     +0.0% |       0 |      11 |            11 |    362432
   141000 |     +0.0% |       0 |      11 |            11 |    361432
   142000 |     +0.0% |       0 |      11 |            11 |    360432
   143000 |     +0.0% |       0 |      11 |            11 |    359432
   144000 |     +0.0% |       0 |      11 |            11 |    358432
   145000 |     +0.0% |       0 |      11 |            11 |    357432
   146000 |     +0.0% |       0 |      11 |            11 |    356432
   147000 |     +0.0% |       0 |      11 |            11 |    355432
   148000 |     +0.0% |       0 |      11 |            11 |    354432
   149000 |     +0.0% |       0 |      11 |            11 |    353432
   150000 |     +0.0% |       0 |      11 |            11 |    352432
   151000 |     +0.0% |       0 |      11 |            11 |    351432
   152000 |     +0.0% |       0 |      11 |            11 |    350432
   153000 |     +0.0% |       0 |      11 |            11 |    349432
   154000 |     +0.0% |       0 |      11 |            11 |    348432
   155000 |     +0.0% |       0 |      11 |            11 |    347432
   156000 |     +0.0% |       0 |      11 |            11 |    346432
   157000 |     +0.0% |       0 |      11 |            11 |    345432
   158000 |     +0.0% |       0 |      11 |            11 |    344432
   159000 |     +0.0% |       0 |      11 |            11 |    343432
   160000 |     +0.0% |       0 |      11 |            11 |    342432
   161000 |     +0.0% |       0 |      11 |            11 |    341432
   162000 |     +0.0% |       0 |      11 |            11 |    340432
   163000 |     +0.0% |       0 |      11 |            11 |    339432
   164000 |     +0.0% |       0 |      11 |            11 |    338432
   165000 |     +0.0% |       0 |      11 |            11 |    337432
   166000 |     +0.0% |       0 |      11 |            11 |    336432
   167000 |     +0.0% |       0 |      11 |            11 |    335432
   168000 |     +0.0% |       0 |      11 |            11 |    334432
   169000 |     +0.0% |       0 |      11 |            11 |    333432
   170000 |     +0.0% |       0 |      11 |            11 |    332432
   171000 |     +0.0% |       0 |      11 |            11 |    331432
   172000 |     +0.0% |       0 |      11 |            11 |    330432
   173000 |     +0.0% |       0 |      11 |            11 |    329432
   174000 |     +0.0% |       0 |      11 |            11 |    328432
   175000 |     +0.0% |       0 |      11 |            11 |    327432
   176000 |     +0.0% |       0 |      11 |            11 |    326432
   177000 |     +0.0% |       0 |      11 |            11 |    325432
   178000 |     +0.0% |       0 |      11 |            11 |    324432
   179000 |     +0.0% |       0 |      11 |            11 |    323432
   180000 |     +0.0% |       0 |      11 |            11 |    322432
   181000 |     +0.0% |       0 |      11 |            11 |    321432
   182000 |     +0.0% |       0 |      11 |            11 |    320432
   183000 |     +0.0% |       0 |      11 |            11 |    319432
   184000 |     +0.0% |       0 |      11 |            11 |    318432
   185000 |     +0.0% |       0 |      11 |            11 |    317432
   186000 |     +0.0% |       0 |      11 |            11 |    316432
   187000 |     +0.0% |       0 |      11 |            11 |    315432
   188000 |     +0.0% |       0 |      11 |            11 |    314432
   189000 |     +0.0% |       0 |      11 |            11 |    313432
   190000 |     +0.0% |       0 |      11 |            11 |    312432
   191000 |     +0.0% |       0 |      11 |            11 |    311432
   192000 |     +0.0% |       0 |      11 |            11 |    310432
   193000 |     +0.0% |       0 |      11 |            11 |    309432
   194000 |     +0.0% |       0 |      11 |            11 |    308432
   195000 |     +0.0% |       0 |      11 |            11 |    307432
   196000 |     +0.0% |       0 |      11 |            11 |    306432
   197000 |     +0.0% |       0 |      11 |            11 |    305432
   198000 |     +0.0% |       0 |      11 |            11 |    304432
   199000 |     +0.0% |       0 |      11 |            11 |    303432
   200000 |     +0.0% |       0 |      11 |            11 |    302432
   201000 |     +0.0% |       0 |      11 |            11 |    301432
   202000 |     +0.0% |       0 |      11 |            11 |    300432
   203000 |     +0.0% |       0 |      11 |            11 |    299432
   204000 |     +0.0% |       0 |      14 |            13 |    298432
   205000 |     +0.0% |       0 |      14 |            13 |    297432
   206000 |     +0.0% |       0 |      14 |            13 |    296432
   207000 |     +0.0% |       0 |      14 |            13 |    295432
   208000 |     +0.0% |       0 |      14 |            13 |    294432
   209000 |     +0.0% |       0 |      14 |            13 |    293432
   210000 |     +0.0% |       0 |      14 |            13 |    292432
   211000 |     +0.0% |       0 |      14 |            13 |    291432
   212000 |     +0.0% |       0 |      14 |            13 |    290432
   213000 |     +0.0% |       0 |      14 |            13 |    289432
   214000 |     +0.0% |       0 |      14 |            13 |    288432
   215000 |     +0.0% |       0 |      14 |            13 |    287432
   216000 |     +0.0% |       0 |      14 |            13 |    286432
   217000 |     +0.0% |       0 |      16 |            15 |    285432
   218000 |     +0.0% |       0 |      16 |            15 |    284432
   219000 |     +0.0% |       0 |      16 |            15 |    283432
   220000 |     +0.0% |       0 |      16 |            15 |    282432
   221000 |     +0.0% |       0 |      16 |            15 |    281432
   222000 |     +0.0% |       0 |      16 |            15 |    280432
   223000 |     +0.0% |       0 |      16 |            15 |    279432
   224000 |     +0.0% |       0 |      16 |            15 |    278432
   225000 |     +0.0% |       0 |      16 |            15 |    277432
   226000 |     +0.0% |       0 |      16 |            15 |    276432
   227000 |     +0.0% |       0 |      16 |            15 |    275432
   228000 |     +0.0% |       0 |      16 |            15 |    274432
   229000 |     +0.0% |       0 |      16 |            15 |    273432
   230000 |     +0.0% |       0 |      16 |            15 |    272432
   231000 |     +0.0% |       0 |      16 |            15 |    271432
   232000 |     +0.0% |       0 |      16 |            15 |    270432
   233000 |     +0.0% |       0 |      16 |            15 |    269432
   234000 |     +0.0% |       0 |      16 |            15 |    268432
   235000 |     +0.0% |       0 |      16 |            15 |    267432
   236000 |     +0.0% |       0 |      16 |            15 |    266432
   237000 |     +0.0% |       0 |      16 |            15 |    265432
   238000 |     +0.0% |       0 |      16 |            15 |    264432
   239000 |     +0.0% |       0 |      16 |            15 |    263432
   240000 |     +0.0% |       0 |      16 |            15 |    262432
   241000 |     +0.0% |       0 |      16 |            15 |    261432
   242000 |     +0.0% |       0 |      16 |            15 |    260432
   243000 |     +0.0% |       0 |      16 |            15 |    259432
   244000 |     +0.0% |       0 |      16 |            15 |    258432
   245000 |     +0.0% |       0 |      16 |            15 |    257432
   246000 |     +0.0% |       0 |      16 |            15 |    256432
   247000 |     +0.0% |       0 |      16 |            15 |    255432
   248000 |     +0.0% |       0 |      16 |            15 |    254432
   249000 |     +0.0% |       0 |      16 |            15 |    253432
   250000 |     +0.0% |       0 |      16 |            15 |    252432
   251000 |     +0.0% |       0 |      16 |            15 |    251432
   252000 |     +0.0% |       0 |      16 |            15 |    250432
   253000 |     +0.0% |       0 |      16 |            15 |    249432
   254000 |     +0.0% |       0 |      16 |            15 |    248432
   255000 |     +0.0% |       0 |      16 |            15 |    247432
   256000 |     +0.0% |       0 |      16 |            15 |    246432
   257000 |     +0.0% |       0 |      16 |            15 |    245432
   258000 |     +0.0% |       0 |      16 |            15 |    244432
   259000 |     +0.0% |       0 |      16 |            15 |    243432
   260000 |     +0.0% |       0 |      16 |            15 |    242432
   261000 |     +0.0% |       0 |      16 |            15 |    241432
   262000 |     +0.0% |       0 |      16 |            15 |    240432
   263000 |     +0.0% |       0 |      17 |            16 |    239432
   264000 |     +0.0% |       0 |      17 |            16 |    238432
   265000 |     +0.0% |       0 |      17 |            16 |    237432
   266000 |     +0.0% |       0 |      17 |            16 |    236432
   267000 |     +0.0% |       0 |      17 |            16 |    235432
   268000 |     +0.0% |       0 |      17 |            16 |    234432
   269000 |     +0.0% |       0 |      17 |            16 |    233432
   270000 |     +0.0% |       0 |      17 |            16 |    232432
   271000 |     +0.0% |       0 |      17 |            16 |    231432
   272000 |     +0.0% |       0 |      17 |            16 |    230432
   273000 |     +0.0% |       0 |      17 |            16 |    229432
   274000 |     +0.0% |       0 |      17 |            16 |    228432
   275000 |     +0.0% |       0 |      17 |            16 |    227432
   276000 |     +0.0% |       0 |      17 |            16 |    226432
   277000 |     +0.0% |       0 |      17 |            16 |    225432
   278000 |     +0.0% |       0 |      17 |            16 |    224432
   279000 |     +0.0% |       0 |      17 |            16 |    223432
   280000 |     +0.0% |       0 |      17 |            16 |    222432
   281000 |     +0.0% |       0 |      17 |            16 |    221432
   282000 |     +0.0% |       0 |      17 |            16 |    220432
   283000 |     +0.0% |       0 |      17 |            16 |    219432
   284000 |     +0.0% |       0 |      17 |            16 |    218432
   285000 |     +0.0% |       0 |      17 |            16 |    217432
   286000 |     +0.0% |       0 |      17 |            16 |    216432
   287000 |     +0.0% |       0 |      17 |            16 |    215432
   288000 |     +0.0% |       0 |      17 |            16 |    214432
   289000 |     +0.0% |       0 |      17 |            16 |    213432
   290000 |     +0.0% |       0 |      17 |            16 |    212432
   291000 |     +0.0% |       0 |      17 |            16 |    211432
   292000 |     +0.0% |       0 |      17 |            16 |    210432
   293000 |     +0.0% |       0 |      17 |            16 |    209432
   294000 |     +0.0% |       0 |      17 |            16 |    208432
   295000 |     +0.0% |       0 |      17 |            16 |    207432
   296000 |     +0.0% |       0 |      17 |            16 |    206432
   297000 |     +0.0% |       0 |      17 |            16 |    205432
   298000 |     +0.0% |       0 |      17 |            16 |    204432
   299000 |     +0.0% |       0 |      17 |            16 |    203432
   300000 |     +0.0% |       0 |      17 |            16 |    202432
   301000 |     +0.0% |       0 |      17 |            16 |    201432
   302000 |     +0.0% |       0 |      17 |            16 |    200432
   303000 |     +0.0% |       0 |      17 |            16 |    199432
   304000 |     +0.0% |       0 |      17 |            16 |    198432
   305000 |     +0.0% |       0 |      17 |            16 |    197432
   306000 |     +0.0% |       0 |      17 |            16 |    196432
   307000 |     +0.0% |       0 |      17 |            16 |    195432
   308000 |     +0.0% |       0 |      17 |            16 |    194432
   309000 |     +0.0% |       0 |      17 |            16 |    193432
   310000 |     +0.0% |       0 |      17 |            16 |    192432
   311000 |     +0.0% |       0 |      17 |            16 |    191432
   312000 |     +0.0% |       0 |      17 |            16 |    190432
   313000 |     +0.0% |       0 |      17 |            16 |    189432
   314000 |     +0.0% |       0 |      17 |            16 |    188432
   315000 |     +0.0% |       0 |      17 |            16 |    187432
   316000 |     +0.0% |       0 |      17 |            16 |    186432
   317000 |     +0.0% |       0 |      17 |            16 |    185432
   318000 |     +0.0% |       0 |      17 |            16 |    184432
   319000 |     +0.0% |       0 |      17 |            16 |    183432
   320000 |     +0.0% |       0 |      17 |            16 |    182432
   321000 |     +0.0% |       0 |      17 |            16 |    181432
   322000 |     +0.0% |       0 |      17 |            16 |    180432
   323000 |     +0.0% |       0 |      17 |            16 |    179432
   324000 |     +0.0% |       0 |      17 |            16 |    178432
   325000 |     +0.0% |       0 |      17 |            16 |    177432
   326000 |     +0.0% |       0 |      17 |            16 |    176432
   327000 |     +0.0% |       0 |      17 |            16 |    175432
   328000 |     +0.0% |       0 |      17 |            16 |    174432
   329000 |     +0.0% |       0 |      17 |            16 |    173432
   330000 |     +0.0% |       0 |      17 |            16 |    172432
   331000 |     +0.0% |       0 |      17 |            16 |    171432
   332000 |     +0.0% |       0 |      17 |            16 |    170432
   333000 |     +0.0% |       0 |      17 |            16 |    169432
   334000 |     +0.0% |       0 |      17 |            16 |    168432
   335000 |     +0.0% |       0 |      17 |            16 |    167432
   336000 |     +0.0% |       0 |      17 |            16 |    166432
   337000 |     +0.0% |       0 |      17 |            16 |    165432
   338000 |     +0.0% |       0 |      17 |            16 |    164432
   339000 |     +0.0% |       0 |      17 |            16 |    163432
   340000 |     +0.0% |       0 |      17 |            16 |    162432
   341000 |     +0.0% |       0 |      17 |            16 |    161432
   342000 |     +0.0% |       0 |      17 |            16 |    160432
   343000 |     +0.0% |       0 |      17 |            16 |    159432
   344000 |     +0.0% |       0 |      17 |            16 |    158432
   345000 |     +0.0% |       0 |      17 |            16 |    157432
   346000 |     +0.0% |       0 |      17 |            16 |    156432
   347000 |     +0.0% |       0 |      17 |            16 |    155432
   348000 |     +0.0% |       0 |      17 |            16 |    154432
   349000 |     +0.0% |       0 |      17 |            16 |    153432
   350000 |     +0.0% |       0 |      17 |            16 |    152432
   351000 |     +0.0% |       0 |      17 |            16 |    151432
   352000 |     +0.0% |       0 |      17 |            16 |    150432
   353000 |     +0.0% |       0 |      17 |            16 |    149432
   354000 |     +0.0% |       0 |      17 |            16 |    148432
   355000 |     +0.0% |       0 |      17 |            16 |    147432
   356000 |     +0.0% |       0 |      17 |            16 |    146432
   357000 |     +0.0% |       0 |      17 |            16 |    145432
   358000 |     +0.0% |       0 |      17 |            16 |    144432
   359000 |     +0.0% |       0 |      17 |            16 |    143432
   360000 |     +0.0% |       0 |      17 |            16 |    142432
   361000 |     +0.0% |       0 |      17 |            16 |    141432
   362000 |     +0.0% |       0 |      17 |            16 |    140432
   363000 |     +0.0% |       0 |      17 |            16 |    139432
   364000 |     +0.0% |       0 |      17 |            16 |    138432
   365000 |     +0.0% |       0 |      17 |            16 |    137432
   366000 |     +0.0% |       0 |      17 |            16 |    136432
   367000 |     +0.0% |       0 |      17 |            16 |    135432
   368000 |     +0.0% |       0 |      17 |            16 |    134432
   369000 |     +0.0% |       0 |      17 |            16 |    133432
   370000 |     +0.0% |       0 |      17 |            16 |    132432
   371000 |     +0.0% |       0 |      17 |            16 |    131432
   372000 |     +0.0% |       0 |      17 |            16 |    130432
   373000 |     +0.0% |       0 |      17 |            16 |    129432
   374000 |     +0.0% |       0 |      17 |            16 |    128432
   375000 |     +0.0% |       0 |      17 |            16 |    127432
   376000 |     +0.0% |       0 |      17 |            16 |    126432
   377000 |     +0.0% |       0 |      17 |            16 |    125432
   378000 |     +0.0% |       0 |      17 |            16 |    124432
   379000 |     +0.0% |       0 |      18 |            17 |    123432
   380000 |     +0.0% |       0 |      18 |            17 |    122432
   381000 |     +0.0% |       0 |      18 |            17 |    121432
   382000 |     +0.0% |       0 |      18 |            17 |    120432
   383000 |     +0.0% |       0 |      18 |            17 |    119432
   384000 |     +0.0% |       0 |      18 |            17 |    118432
   385000 |     +0.0% |       0 |      18 |            17 |    117432
   386000 |     +0.0% |       0 |      18 |            17 |    116432
   387000 |     +0.0% |       0 |      18 |            17 |    115432
   388000 |     +0.0% |       0 |      18 |            17 |    114432
   389000 |     +0.0% |       0 |      18 |            17 |    113432
   390000 |     +0.0% |       0 |      18 |            17 |    112432
   391000 |     +0.0% |       0 |      18 |            17 |    111432
   392000 |     +0.0% |       0 |      18 |            17 |    110432
   393000 |     +0.0% |       0 |      18 |            17 |    109432
   394000 |     +0.0% |       0 |      18 |            17 |    108432
   395000 |     +0.0% |       0 |      18 |            17 |    107432
   396000 |     +0.0% |       0 |      18 |            17 |    106432
   397000 |     +0.0% |       0 |      18 |            17 |    105432
   398000 |     +0.0% |       0 |      18 |            17 |    104432
   399000 |     +0.0% |       0 |      18 |            17 |    103432
   400000 |     +0.0% |       0 |      18 |            17 |    102432
   401000 |     +0.0% |       0 |      18 |            17 |    101432
   402000 |     +0.0% |       0 |      18 |            17 |    100432
   403000 |     +0.0% |       0 |      18 |            17 |     99432
   404000 |     +0.0% |       0 |      18 |            17 |     98432
   405000 |     +0.0% |       0 |      18 |            17 |     97432
   406000 |     +0.0% |       0 |      18 |            17 |     96432
   407000 |     +0.0% |       0 |      18 |            17 |     95432
   408000 |     +0.0% |       0 |      18 |            17 |     94432
   409000 |     +0.0% |       0 |      18 |            17 |     93432
   410000 |     +0.0% |       0 |      18 |            17 |     92432
   411000 |     +0.0% |       0 |      18 |            17 |     91432
   412000 |     +0.0% |       0 |      18 |            17 |     90432
   413000 |     +0.0% |       0 |      18 |            17 |     89432
   414000 |     +0.0% |       0 |      18 |            17 |     88432
   415000 |     +0.0% |       0 |      18 |            17 |     87432
   416000 |     +0.0% |       0 |      18 |            17 |     86432
   417000 |     +0.0% |       0 |      18 |            17 |     85432
   418000 |     +0.0% |       0 |      18 |            17 |     84432
   419000 |     +0.0% |       0 |      18 |            17 |     83432
   420000 |     +0.0% |       0 |      18 |            17 |     82432
   421000 |     +0.0% |       0 |      18 |            17 |     81432
   422000 |     +0.0% |       0 |      18 |            17 |     80432
   423000 |     +0.0% |       0 |      18 |            17 |     79432
   424000 |     +0.0% |       0 |      18 |            17 |     78432
   425000 |     +0.0% |       0 |      18 |            17 |     77432
   426000 |     +0.0% |       0 |      18 |            17 |     76432
   427000 |     +0.0% |       0 |      18 |            17 |     75432
   428000 |     +0.0% |       0 |      18 |            17 |     74432
   429000 |     +0.0% |       0 |      18 |            17 |     73432
   430000 |     +0.0% |       0 |      18 |            17 |     72432
   431000 |     +0.0% |       0 |      18 |            17 |     71432
   432000 |     +0.0% |       0 |      18 |            17 |     70432
   433000 |     +0.0% |       0 |      18 |            17 |     69432
   434000 |     +0.0% |       0 |      18 |            17 |     68432
   435000 |     +0.0% |       0 |      18 |            17 |     67432
   436000 |     +0.0% |       0 |      18 |            17 |     66432
   437000 |     +0.0% |       0 |      18 |            17 |     65432
   438000 |     +0.0% |       0 |      18 |            17 |     64432
   439000 |     +0.0% |       0 |      18 |            17 |     63432
   440000 |     +0.0% |       0 |      18 |            17 |     62432
   441000 |     +0.0% |       0 |      18 |            17 |     61432
   442000 |     +0.0% |       0 |      18 |            17 |     60432
   443000 |     +0.0% |       0 |      18 |            17 |     59432
   444000 |     +0.0% |       0 |      18 |            17 |     58432
   445000 |     +0.0% |       0 |      18 |            17 |     57432
   446000 |     +0.0% |       0 |      18 |            17 |     56432
   447000 |     +0.0% |       0 |      18 |            17 |     55432
   448000 |     +0.0% |       0 |      18 |            17 |     54432
   449000 |     +0.0% |       0 |      18 |            17 |     53432
   450000 |     +0.0% |       0 |      18 |            17 |     52432
   451000 |     +0.0% |       0 |      18 |            17 |     51432
   452000 |     +0.0% |       0 |      18 |            17 |     50432
   453000 |     +0.0% |       0 |      18 |            17 |     49432
   454000 |     +0.0% |       0 |      18 |            17 |     48432
   455000 |     +0.0% |       0 |      18 |            17 |     47432
   456000 |     +0.0% |       0 |      18 |            17 |     46432
   457000 |     +0.0% |       0 |      18 |            17 |     45432
   458000 |     +0.0% |       0 |      18 |            17 |     44432
   459000 |     +0.0% |       0 |      18 |            17 |     43432
   460000 |     +0.0% |       0 |      18 |            17 |     42432
   461000 |     +0.0% |       0 |      18 |            17 |     41432
   462000 |     +0.0% |       0 |      18 |            17 |     40432
   463000 |     +0.0% |       0 |      18 |            17 |     39432
   464000 |     +0.0% |       0 |      18 |            17 |     38432
   465000 |     +0.0% |       0 |      18 |            17 |     37432
   466000 |     +0.0% |       0 |      18 |            17 |     36432
   467000 |     +0.0% |       0 |      18 |            17 |     35432
   468000 |     +0.0% |       0 |      18 |            17 |     34432
   469000 |     +0.0% |       0 |      18 |            17 |     33432
   470000 |     +0.0% |       0 |      18 |            17 |     32432
   471000 |     +0.0% |       0 |      18 |            17 |     31432
   472000 |     +0.0% |       0 |      18 |            17 |     30432
   473000 |     +0.0% |       0 |      18 |            17 |     29432
   474000 |     +0.0% |       0 |      18 |            17 |     28432
   475000 |     +0.0% |       0 |      18 |            17 |     27432
   476000 |     +0.0% |       0 |      18 |            17 |     26432
   477000 |     +0.0% |       0 |      18 |            17 |     25432
   478000 |     +0.0% |       0 |      18 |            17 |     24432
   479000 |     +0.0% |       0 |      18 |            17 |     23432
   480000 |     +0.0% |       0 |      18 |            17 |     22432
   481000 |     +0.0% |       0 |      18 |            17 |     21432
   482000 |     +0.0% |       0 |      18 |            17 |     20432
   483000 |     +0.0% |       0 |      18 |            17 |     19432
   484000 |     +0.0% |       0 |      18 |            17 |     18432
   485000 |     +0.0% |       0 |      18 |            17 |     17432
   486000 |     +0.0% |       0 |      18 |            17 |     16432
   487000 |     +0.0% |       0 |      18 |            17 |     15432
   488000 |     +0.0% |       0 |      18 |            17 |     14432
   489000 |     +0.0% |       0 |      18 |            17 |     13432
   490000 |     +0.0% |       0 |      18 |            17 |     12432
   491000 |     +0.0% |       0 |      18 |            17 |     11432
   492000 |     +0.0% |       0 |      18 |            17 |     10432
   493000 |     +0.0% |       0 |      18 |            17 |      9432
   494000 |     +0.0% |       0 |      18 |            17 |      8432
   495000 |     +0.0% |       0 |      18 |            17 |      7432
   496000 |     +0.0% |       0 |      18 |            17 |      6432
   497000 |     +0.0% |       0 |      18 |            17 |      5432
   498000 |     +0.0% |       0 |      18 |            17 |      4432
   499000 |     +0.0% |       0 |      18 |            17 |      3432
   500000 |     +0.0% |       0 |      18 |            17 |      2432
   501000 |     +0.0% |       0 |      18 |            17 |      1432
   502000 |     +0.0% |       0 |      18 |            17 |       432
    final |     +0.0% |       0 |      18 |            17 |         0
---------------------------------------------------------------------
[INFO RSZ-0034] Found 12 slew violations.
[INFO RSZ-0036] Found 5 capacitance violations.
[INFO RSZ-0038] Inserted 18 buffers in 17 nets.
[INFO RSZ-0504] Runtime: 46.84s
Took 48 seconds: repair_design -verbose
Floating nets: 
[WARNING RSZ-0020] found 45 floating nets.
Report metrics stage 3, resizer...

==========================================================================
resizer report_design_area
--------------------------------------------------------------------------
Design area 75855 um^2 24% utilization.
Instance count before 528627, after 528645
Pin count before 1592986, after 1593022
write_db /work/util/uacc_hw/openroad/work_full/results/asap7/uacc_section14_allocator/base/3_4_place_resized.odb
Elapsed time: 3:41.99[h:]min:sec. CPU time: user 321.76 sys 158.65 (216%). Peak memory: 2618868KB.
Log                       Ext     Elapsed/s Peak Memory/MB sha1sum result [0:20)
3_4_place_resized         .odb          221           2557 35428f0fa1d5e7c1352c
