
==========================================================================
floorplan final report_tns
--------------------------------------------------------------------------
tns max 0.00

==========================================================================
floorplan final report_wns
--------------------------------------------------------------------------
wns max 0.00

==========================================================================
floorplan final report_worst_slack
--------------------------------------------------------------------------
worst slack max 1873.10

==========================================================================
floorplan final report_clock_min_period
--------------------------------------------------------------------------
core_clock period_min = 3126.90 fmax = 319.81

==========================================================================
floorplan final report_checks -path_delay min
--------------------------------------------------------------------------
Startpoint: u26809 (rising edge-triggered flip-flop clocked by core_clock)
Endpoint: u20884 (rising edge-triggered flip-flop clocked by core_clock)
Path Group: core_clock
Path Type: min

Fanout     Cap    Slew   Delay    Time   Description
-----------------------------------------------------------------------------
                  0.00    0.00    0.00   clock core_clock (rise edge)
                          0.00    0.00   clock network delay (ideal)
                  0.00    0.00    0.00 ^ u26809/CLK (DFFHQNx1_ASAP7_75t_R)
     2    1.06   14.98   32.37   32.37 v u26809/QN (DFFHQNx1_ASAP7_75t_R)
                                         reg_2831[5] (net)
                 14.98    0.00   32.37 v u20884/D (DFFHQNx1_ASAP7_75t_R)
                                 32.37   data arrival time

                  0.00    0.00    0.00   clock core_clock (rise edge)
                          0.00    0.00   clock network delay (ideal)
                          0.00    0.00   clock reconvergence pessimism
                                  0.00 ^ u20884/CLK (DFFHQNx1_ASAP7_75t_R)
                          7.84    7.84   library hold time
                                  7.84   data required time
-----------------------------------------------------------------------------
                                  7.84   data required time
                                -32.37   data arrival time
-----------------------------------------------------------------------------
                                 24.53   slack (MET)



==========================================================================
floorplan final report_checks -path_delay max
--------------------------------------------------------------------------
Startpoint: u203891 (rising edge-triggered flip-flop clocked by core_clock)
Endpoint: u200878 (rising edge-triggered flip-flop clocked by core_clock)
Path Group: core_clock
Path Type: max

Fanout     Cap    Slew   Delay    Time   Description
-----------------------------------------------------------------------------
                  0.00    0.00    0.00   clock core_clock (rise edge)
                          0.00    0.00   clock network delay (ideal)
                  0.00    0.00    0.00 ^ u203891/CLK (DFFHQNx1_ASAP7_75t_R)
     2    1.26   16.23   33.37   33.37 v u203891/QN (DFFHQNx1_ASAP7_75t_R)
                                         uacc_section14_allocator_udiv_144ns_128ns_144_148_1_U52.uacc_section14_allocator_uacc_section14_allocator_udiv_144ns_128ns_144_148_1_div_U.uacc_section14_allocator_uacc_section14_allocator_udiv_144ns_128ns_144_148_1_div_u_0.divisor_tmp[3584] (net)
                 16.23    0.00   33.37 v u203892/A (INVx1_ASAP7_75t_R)
     2    1.18   11.61    9.58   42.95 ^ u203892/Y (INVx1_ASAP7_75t_R)
                                         n152516 (net)
                 11.61    0.00   42.95 ^ u203894/A (OR2x2_ASAP7_75t_R)
     2    1.74    8.88   16.81   59.76 ^ u203894/Y (OR2x2_ASAP7_75t_R)
                                         n154895 (net)
                  8.88    0.00   59.76 ^ u203898/A (MAJx2_ASAP7_75t_R)
     2    1.74    9.98   18.42   78.18 ^ u203898/Y (MAJx2_ASAP7_75t_R)
                                         n154898 (net)
                  9.98    0.00   78.18 ^ u203902/A (MAJx2_ASAP7_75t_R)
     2    1.74    9.99   18.74   96.91 ^ u203902/Y (MAJx2_ASAP7_75t_R)
                                         n154901 (net)
                  9.99    0.00   96.91 ^ u203906/A (MAJx2_ASAP7_75t_R)
     2    1.74    9.99   18.74  115.65 ^ u203906/Y (MAJx2_ASAP7_75t_R)
                                         n154904 (net)
                  9.99    0.00  115.65 ^ u203910/A (MAJx2_ASAP7_75t_R)
     2    1.74    9.99   18.74  134.39 ^ u203910/Y (MAJx2_ASAP7_75t_R)
                                         n154907 (net)
                  9.99    0.00  134.39 ^ u203914/A (MAJx2_ASAP7_75t_R)
     2    1.74    9.99   18.74  153.13 ^ u203914/Y (MAJx2_ASAP7_75t_R)
                                         n154910 (net)
                  9.99    0.00  153.13 ^ u203918/A (MAJx2_ASAP7_75t_R)
     2    1.74    9.99   18.74  171.87 ^ u203918/Y (MAJx2_ASAP7_75t_R)
                                         n154913 (net)
                  9.99    0.00  171.87 ^ u203922/A (MAJx2_ASAP7_75t_R)
     2    1.74    9.99   18.74  190.61 ^ u203922/Y (MAJx2_ASAP7_75t_R)
                                         n154916 (net)
                  9.99    0.00  190.61 ^ u203926/A (MAJx2_ASAP7_75t_R)
     2    1.74    9.99   18.74  209.35 ^ u203926/Y (MAJx2_ASAP7_75t_R)
                                         n154919 (net)
                  9.99    0.00  209.35 ^ u203930/A (MAJx2_ASAP7_75t_R)
     2    1.74    9.99   18.74  228.09 ^ u203930/Y (MAJx2_ASAP7_75t_R)
                                         n154922 (net)
                  9.99    0.00  228.09 ^ u203934/A (MAJx2_ASAP7_75t_R)
     2    1.72    9.92   18.70  246.78 ^ u203934/Y (MAJx2_ASAP7_75t_R)
                                         n154925 (net)
                  9.92    0.00  246.78 ^ u203935/B (OA21x2_ASAP7_75t_R)
     1    1.24    8.31   16.77  263.56 ^ u203935/Y (OA21x2_ASAP7_75t_R)
                                         n154926 (net)
                  8.31    0.00  263.56 ^ u203936/B (AOI21x1_ASAP7_75t_R)
     2    1.74   15.15    8.14  271.70 v u203936/Y (AOI21x1_ASAP7_75t_R)
                                         n154927 (net)
                 15.15    0.00  271.70 v u203937/B (NOR2x1_ASAP7_75t_R)
     2    1.25   13.03   10.07  281.77 ^ u203937/Y (NOR2x1_ASAP7_75t_R)
                                         n154928 (net)
                 13.03    0.00  281.77 ^ u203938/B (AO21x1_ASAP7_75t_R)
     2    1.74   13.60   15.42  297.19 ^ u203938/Y (AO21x1_ASAP7_75t_R)
                                         n154929 (net)
                 13.60    0.00  297.19 ^ u203942/A (MAJx2_ASAP7_75t_R)
     2    1.74   10.05   19.78  316.97 ^ u203942/Y (MAJx2_ASAP7_75t_R)
                                         n154932 (net)
                 10.05    0.00  316.97 ^ u203946/A (MAJx2_ASAP7_75t_R)
     2    1.74    9.99   18.76  335.73 ^ u203946/Y (MAJx2_ASAP7_75t_R)
                                         n154935 (net)
                  9.99    0.00  335.73 ^ u203950/A (MAJx2_ASAP7_75t_R)
     2    1.74    9.99   18.74  354.47 ^ u203950/Y (MAJx2_ASAP7_75t_R)
                                         n154938 (net)
                  9.99    0.00  354.47 ^ u203954/A (MAJx2_ASAP7_75t_R)
     2    1.74    9.99   18.74  373.21 ^ u203954/Y (MAJx2_ASAP7_75t_R)
                                         n154941 (net)
                  9.99    0.00  373.21 ^ u203958/A (MAJx2_ASAP7_75t_R)
     2    1.74    9.99   18.74  391.95 ^ u203958/Y (MAJx2_ASAP7_75t_R)
                                         n154944 (net)
                  9.99    0.00  391.95 ^ u203962/A (MAJx2_ASAP7_75t_R)
     2    1.71    9.89   18.68  410.63 ^ u203962/Y (MAJx2_ASAP7_75t_R)
                                         n154947 (net)
                  9.89    0.00  410.63 ^ u203963/B (AO21x1_ASAP7_75t_R)
     1    1.38   11.69   13.72  424.35 ^ u203963/Y (AO21x1_ASAP7_75t_R)
                                         n154948 (net)
                 11.69    0.00  424.35 ^ u203964/B (OAI21x1_ASAP7_75t_R)
     2    1.74   13.33   10.39  434.74 v u203964/Y (OAI21x1_ASAP7_75t_R)
                                         n154949 (net)
                 13.33    0.00  434.74 v u203965/B (NOR2x1_ASAP7_75t_R)
     2    1.25   12.54    9.65  444.40 ^ u203965/Y (NOR2x1_ASAP7_75t_R)
                                         n154950 (net)
                 12.54    0.00  444.40 ^ u203966/B (AO21x1_ASAP7_75t_R)
     2    1.74   13.60   15.31  459.71 ^ u203966/Y (AO21x1_ASAP7_75t_R)
                                         n154951 (net)
                 13.60    0.00  459.71 ^ u203970/A (MAJx2_ASAP7_75t_R)
     2    1.74   10.05   19.78  479.49 ^ u203970/Y (MAJx2_ASAP7_75t_R)
                                         n154954 (net)
                 10.05    0.00  479.49 ^ u203974/A (MAJx2_ASAP7_75t_R)
     2    1.74    9.99   18.76  498.25 ^ u203974/Y (MAJx2_ASAP7_75t_R)
                                         n154957 (net)
                  9.99    0.00  498.25 ^ u203978/A (MAJx2_ASAP7_75t_R)
     2    1.74    9.99   18.74  516.99 ^ u203978/Y (MAJx2_ASAP7_75t_R)
                                         n154960 (net)
                  9.99    0.00  516.99 ^ u203982/A (MAJx2_ASAP7_75t_R)
     2    1.74    9.99   18.74  535.73 ^ u203982/Y (MAJx2_ASAP7_75t_R)
                                         n154963 (net)
                  9.99    0.00  535.73 ^ u203986/A (MAJx2_ASAP7_75t_R)
     2    1.74    9.99   18.74  554.46 ^ u203986/Y (MAJx2_ASAP7_75t_R)
                                         n154966 (net)
                  9.99    0.00  554.46 ^ u203990/A (MAJx2_ASAP7_75t_R)
     2    1.71    9.89   18.68  573.14 ^ u203990/Y (MAJx2_ASAP7_75t_R)
                                         n154969 (net)
                  9.89    0.00  573.14 ^ u203991/B (AO21x1_ASAP7_75t_R)
     1    1.38   11.69   13.72  586.87 ^ u203991/Y (AO21x1_ASAP7_75t_R)
                                         n154970 (net)
                 11.69    0.00  586.87 ^ u203992/B (OAI21x1_ASAP7_75t_R)
     2    1.74   13.33   10.39  597.26 v u203992/Y (OAI21x1_ASAP7_75t_R)
                                         n154971 (net)
                 13.33    0.00  597.26 v u203993/B (NOR2x1_ASAP7_75t_R)
     2    1.25   12.54    9.65  606.91 ^ u203993/Y (NOR2x1_ASAP7_75t_R)
                                         n154972 (net)
                 12.54    0.00  606.91 ^ u203994/B (AO21x1_ASAP7_75t_R)
     2    1.74   13.60   15.31  622.23 ^ u203994/Y (AO21x1_ASAP7_75t_R)
                                         n154973 (net)
                 13.60    0.00  622.23 ^ u203998/A (MAJx2_ASAP7_75t_R)
     2    1.74   10.05   19.78  642.01 ^ u203998/Y (MAJx2_ASAP7_75t_R)
                                         n154976 (net)
                 10.05    0.00  642.01 ^ u204002/A (MAJx2_ASAP7_75t_R)
     2    1.74    9.99   18.76  660.77 ^ u204002/Y (MAJx2_ASAP7_75t_R)
                                         n154979 (net)
                  9.99    0.00  660.77 ^ u204006/A (MAJx2_ASAP7_75t_R)
     2    1.74    9.99   18.74  679.50 ^ u204006/Y (MAJx2_ASAP7_75t_R)
                                         n154982 (net)
                  9.99    0.00  679.50 ^ u204010/A (MAJx2_ASAP7_75t_R)
     2    1.72    9.92   18.70  698.20 ^ u204010/Y (MAJx2_ASAP7_75t_R)
                                         n154985 (net)
                  9.92    0.00  698.20 ^ u204011/B (OA21x2_ASAP7_75t_R)
     1    1.24    8.31   16.77  714.97 ^ u204011/Y (OA21x2_ASAP7_75t_R)
                                         n154986 (net)
                  8.31    0.00  714.97 ^ u204012/B (AOI21x1_ASAP7_75t_R)
     2    2.17   16.83    8.95  723.92 v u204012/Y (AOI21x1_ASAP7_75t_R)
                                         n154987 (net)
                 16.83    0.00  723.92 v u204014/B (MAJx2_ASAP7_75t_R)
     2    2.33   11.05   25.54  749.46 v u204014/Y (MAJx2_ASAP7_75t_R)
                                         n154989 (net)
                 11.05    0.00  749.46 v u204017/B (MAJx2_ASAP7_75t_R)
     2    2.17   10.63   23.56  773.03 v u204017/Y (MAJx2_ASAP7_75t_R)
                                         n154992 (net)
                 10.63    0.00  773.03 v u204019/B (MAJx2_ASAP7_75t_R)
     2    2.33   11.05   23.73  796.75 v u204019/Y (MAJx2_ASAP7_75t_R)
                                         n154994 (net)
                 11.05    0.00  796.75 v u204022/B (MAJx2_ASAP7_75t_R)
     2    2.17   10.63   23.56  820.32 v u204022/Y (MAJx2_ASAP7_75t_R)
                                         n154997 (net)
                 10.63    0.00  820.32 v u204024/B (MAJx2_ASAP7_75t_R)
     2    2.33   11.05   23.73  844.05 v u204024/Y (MAJx2_ASAP7_75t_R)
                                         n154999 (net)
                 11.05    0.00  844.05 v u204027/B (MAJx2_ASAP7_75t_R)
     2    2.17   10.63   23.56  867.61 v u204027/Y (MAJx2_ASAP7_75t_R)
                                         n155002 (net)
                 10.63    0.00  867.61 v u204029/B (MAJx2_ASAP7_75t_R)
     2    2.33   11.05   23.73  891.34 v u204029/Y (MAJx2_ASAP7_75t_R)
                                         n155004 (net)
                 11.05    0.00  891.34 v u204032/B (MAJx2_ASAP7_75t_R)
     2    2.17   10.63   23.56  914.91 v u204032/Y (MAJx2_ASAP7_75t_R)
                                         n155007 (net)
                 10.63    0.00  914.91 v u204034/B (MAJx2_ASAP7_75t_R)
     2    2.33   11.05   23.73  938.63 v u204034/Y (MAJx2_ASAP7_75t_R)
                                         n155009 (net)
                 11.05    0.00  938.63 v u204037/B (MAJx2_ASAP7_75t_R)
     2    1.74    9.54   22.80  961.44 v u204037/Y (MAJx2_ASAP7_75t_R)
                                         n155012 (net)
                  9.54    0.00  961.44 v u204038/B (NOR2x1_ASAP7_75t_R)
     2    1.25   11.56    8.76  970.20 ^ u204038/Y (NOR2x1_ASAP7_75t_R)
                                         n155013 (net)
                 11.56    0.00  970.20 ^ u204039/B (AO21x1_ASAP7_75t_R)
     2    1.74   13.60   15.10  985.30 ^ u204039/Y (AO21x1_ASAP7_75t_R)
                                         n155014 (net)
                 13.60    0.00  985.30 ^ u204043/A (MAJx2_ASAP7_75t_R)
     3    2.67   12.76   21.44 1006.74 ^ u204043/Y (MAJx2_ASAP7_75t_R)
                                         n155017 (net)
                 12.76    0.00 1006.74 ^ u204055/A1 (OAI21x1_ASAP7_75t_R)
     2    2.17   14.55   10.15 1016.88 v u204055/Y (OAI21x1_ASAP7_75t_R)
                                         n155027 (net)
                 14.55    0.00 1016.88 v u204057/B (MAJx2_ASAP7_75t_R)
     2    2.33   11.05   24.87 1041.76 v u204057/Y (MAJx2_ASAP7_75t_R)
                                         n155029 (net)
                 11.05    0.00 1041.76 v u204060/B (MAJx2_ASAP7_75t_R)
     2    2.17   10.63   23.56 1065.32 v u204060/Y (MAJx2_ASAP7_75t_R)
                                         n155032 (net)
                 10.63    0.00 1065.32 v u204062/B (MAJx2_ASAP7_75t_R)
     2    2.33   11.05   23.73 1089.05 v u204062/Y (MAJx2_ASAP7_75t_R)
                                         n155034 (net)
                 11.05    0.00 1089.05 v u204065/B (MAJx2_ASAP7_75t_R)
     2    2.17   10.63   23.56 1112.62 v u204065/Y (MAJx2_ASAP7_75t_R)
                                         n155037 (net)
                 10.63    0.00 1112.62 v u204067/B (MAJx2_ASAP7_75t_R)
     2    2.33   11.05   23.73 1136.35 v u204067/Y (MAJx2_ASAP7_75t_R)
                                         n155039 (net)
                 11.05    0.00 1136.35 v u204070/B (MAJx2_ASAP7_75t_R)
     2    2.17   10.63   23.56 1159.91 v u204070/Y (MAJx2_ASAP7_75t_R)
                                         n155042 (net)
                 10.63    0.00 1159.91 v u204072/B (MAJx2_ASAP7_75t_R)
     2    2.33   11.05   23.73 1183.64 v u204072/Y (MAJx2_ASAP7_75t_R)
                                         n155044 (net)
                 11.05    0.00 1183.64 v u204075/B (MAJx2_ASAP7_75t_R)
     2    2.17   10.63   23.56 1207.20 v u204075/Y (MAJx2_ASAP7_75t_R)
                                         n155047 (net)
                 10.63    0.00 1207.20 v u204077/B (MAJx2_ASAP7_75t_R)
     2    2.33   11.05   23.73 1230.93 v u204077/Y (MAJx2_ASAP7_75t_R)
                                         n155049 (net)
                 11.05    0.00 1230.93 v u204080/B (MAJx2_ASAP7_75t_R)
     2    2.17   10.63   23.56 1254.50 v u204080/Y (MAJx2_ASAP7_75t_R)
                                         n155052 (net)
                 10.63    0.00 1254.50 v u204082/B (MAJx2_ASAP7_75t_R)
     2    2.33   11.05   23.73 1278.22 v u204082/Y (MAJx2_ASAP7_75t_R)
                                         n155054 (net)
                 11.05    0.00 1278.22 v u204085/B (MAJx2_ASAP7_75t_R)
     2    2.17   10.63   23.56 1301.79 v u204085/Y (MAJx2_ASAP7_75t_R)
                                         n155057 (net)
                 10.63    0.00 1301.79 v u204087/B (MAJx2_ASAP7_75t_R)
     2    2.33   11.05   23.73 1325.52 v u204087/Y (MAJx2_ASAP7_75t_R)
                                         n155059 (net)
                 11.05    0.00 1325.52 v u204090/B (MAJx2_ASAP7_75t_R)
     2    2.17   10.63   23.56 1349.08 v u204090/Y (MAJx2_ASAP7_75t_R)
                                         n155062 (net)
                 10.63    0.00 1349.08 v u204092/B (MAJx2_ASAP7_75t_R)
     2    2.33   11.03   23.73 1372.81 v u204092/Y (MAJx2_ASAP7_75t_R)
                                         n155064 (net)
                 11.03    0.00 1372.81 v u204095/B (MAJx2_ASAP7_75t_R)
     2    2.17   10.63   23.56 1396.37 v u204095/Y (MAJx2_ASAP7_75t_R)
                                         n155067 (net)
                 10.63    0.00 1396.37 v u204097/B (MAJx2_ASAP7_75t_R)
     2    2.33   11.05   23.73 1420.10 v u204097/Y (MAJx2_ASAP7_75t_R)
                                         n155069 (net)
                 11.05    0.00 1420.10 v u204100/B (MAJx2_ASAP7_75t_R)
     2    2.17   10.63   23.56 1443.66 v u204100/Y (MAJx2_ASAP7_75t_R)
                                         n155072 (net)
                 10.63    0.00 1443.66 v u204102/B (MAJx2_ASAP7_75t_R)
     2    2.33   11.05   23.73 1467.39 v u204102/Y (MAJx2_ASAP7_75t_R)
                                         n155074 (net)
                 11.05    0.00 1467.39 v u204105/B (MAJx2_ASAP7_75t_R)
     2    2.17   10.63   23.56 1490.96 v u204105/Y (MAJx2_ASAP7_75t_R)
                                         n155077 (net)
                 10.63    0.00 1490.96 v u204107/B (MAJx2_ASAP7_75t_R)
     2    2.33   11.05   23.73 1514.69 v u204107/Y (MAJx2_ASAP7_75t_R)
                                         n155079 (net)
                 11.05    0.00 1514.69 v u204110/B (MAJx2_ASAP7_75t_R)
     2    2.17   10.63   23.56 1538.25 v u204110/Y (MAJx2_ASAP7_75t_R)
                                         n155082 (net)
                 10.63    0.00 1538.25 v u204112/B (MAJx2_ASAP7_75t_R)
     2    2.33   11.05   23.73 1561.98 v u204112/Y (MAJx2_ASAP7_75t_R)
                                         n155084 (net)
                 11.05    0.00 1561.98 v u204115/B (MAJx2_ASAP7_75t_R)
     2    2.17   10.63   23.56 1585.54 v u204115/Y (MAJx2_ASAP7_75t_R)
                                         n155087 (net)
                 10.63    0.00 1585.54 v u204117/B (MAJx2_ASAP7_75t_R)
     2    2.33   11.05   23.73 1609.27 v u204117/Y (MAJx2_ASAP7_75t_R)
                                         n155089 (net)
                 11.05    0.00 1609.27 v u204120/B (MAJx2_ASAP7_75t_R)
     2    2.17   10.63   23.56 1632.84 v u204120/Y (MAJx2_ASAP7_75t_R)
                                         n155092 (net)
                 10.63    0.00 1632.84 v u204122/B (MAJx2_ASAP7_75t_R)
     2    2.33   11.05   23.73 1656.57 v u204122/Y (MAJx2_ASAP7_75t_R)
                                         n155094 (net)
                 11.05    0.00 1656.57 v u204125/B (MAJx2_ASAP7_75t_R)
     2    2.17   10.63   23.56 1680.13 v u204125/Y (MAJx2_ASAP7_75t_R)
                                         n155097 (net)
                 10.63    0.00 1680.13 v u204127/B (MAJx2_ASAP7_75t_R)
     2    2.33   11.05   23.73 1703.86 v u204127/Y (MAJx2_ASAP7_75t_R)
                                         n155099 (net)
                 11.05    0.00 1703.86 v u204130/B (MAJx2_ASAP7_75t_R)
     2    2.17   10.63   23.56 1727.42 v u204130/Y (MAJx2_ASAP7_75t_R)
                                         n155102 (net)
                 10.63    0.00 1727.42 v u204132/B (MAJx2_ASAP7_75t_R)
     2    2.33   11.05   23.73 1751.15 v u204132/Y (MAJx2_ASAP7_75t_R)
                                         n155104 (net)
                 11.05    0.00 1751.15 v u204135/B (MAJx2_ASAP7_75t_R)
     2    2.17   10.63   23.56 1774.72 v u204135/Y (MAJx2_ASAP7_75t_R)
                                         n155107 (net)
                 10.63    0.00 1774.72 v u204137/B (MAJx2_ASAP7_75t_R)
     2    2.33   11.05   23.73 1798.44 v u204137/Y (MAJx2_ASAP7_75t_R)
                                         n155109 (net)
                 11.05    0.00 1798.44 v u204140/B (MAJx2_ASAP7_75t_R)
     2    2.17   10.63   23.56 1822.01 v u204140/Y (MAJx2_ASAP7_75t_R)
                                         n155112 (net)
                 10.63    0.00 1822.01 v u204142/B (MAJx2_ASAP7_75t_R)
     2    2.33   11.05   23.73 1845.74 v u204142/Y (MAJx2_ASAP7_75t_R)
                                         n155114 (net)
                 11.05    0.00 1845.74 v u204145/B (MAJx2_ASAP7_75t_R)
     2    2.17   10.63   23.56 1869.30 v u204145/Y (MAJx2_ASAP7_75t_R)
                                         n155117 (net)
                 10.63    0.00 1869.30 v u204147/B (MAJx2_ASAP7_75t_R)
     2    2.33   11.05   23.73 1893.03 v u204147/Y (MAJx2_ASAP7_75t_R)
                                         n155119 (net)
                 11.05    0.00 1893.03 v u204150/B (MAJx2_ASAP7_75t_R)
     2    2.17   10.63   23.56 1916.60 v u204150/Y (MAJx2_ASAP7_75t_R)
                                         n155122 (net)
                 10.63    0.00 1916.60 v u204152/B (MAJx2_ASAP7_75t_R)
     2    2.33   11.05   23.73 1940.32 v u204152/Y (MAJx2_ASAP7_75t_R)
                                         n155124 (net)
                 11.05    0.00 1940.32 v u204155/B (MAJx2_ASAP7_75t_R)
     2    2.17   10.63   23.56 1963.89 v u204155/Y (MAJx2_ASAP7_75t_R)
                                         n155127 (net)
                 10.63    0.00 1963.89 v u204157/B (MAJx2_ASAP7_75t_R)
     2    2.33   11.05   23.73 1987.62 v u204157/Y (MAJx2_ASAP7_75t_R)
                                         n155129 (net)
                 11.05    0.00 1987.62 v u204160/B (MAJx2_ASAP7_75t_R)
     2    2.17   10.63   23.56 2011.18 v u204160/Y (MAJx2_ASAP7_75t_R)
                                         n155132 (net)
                 10.63    0.00 2011.18 v u204162/B (MAJx2_ASAP7_75t_R)
     2    2.33   11.05   23.73 2034.91 v u204162/Y (MAJx2_ASAP7_75t_R)
                                         n155134 (net)
                 11.05    0.00 2034.91 v u204165/B (MAJx2_ASAP7_75t_R)
     2    2.17   10.63   23.56 2058.48 v u204165/Y (MAJx2_ASAP7_75t_R)
                                         n155137 (net)
                 10.63    0.00 2058.48 v u204167/B (MAJx2_ASAP7_75t_R)
     2    2.33   11.05   23.73 2082.20 v u204167/Y (MAJx2_ASAP7_75t_R)
                                         n155139 (net)
                 11.05    0.00 2082.20 v u204170/B (MAJx2_ASAP7_75t_R)
     2    2.17   10.63   23.56 2105.77 v u204170/Y (MAJx2_ASAP7_75t_R)
                                         n155142 (net)
                 10.63    0.00 2105.77 v u204172/B (MAJx2_ASAP7_75t_R)
     2    2.33   11.05   23.73 2129.50 v u204172/Y (MAJx2_ASAP7_75t_R)
                                         n155144 (net)
                 11.05    0.00 2129.50 v u204175/B (MAJx2_ASAP7_75t_R)
     2    2.17   10.63   23.56 2153.06 v u204175/Y (MAJx2_ASAP7_75t_R)
                                         n155147 (net)
                 10.63    0.00 2153.06 v u204177/B (MAJx2_ASAP7_75t_R)
     2    2.33   11.05   23.73 2176.79 v u204177/Y (MAJx2_ASAP7_75t_R)
                                         n155149 (net)
                 11.05    0.00 2176.79 v u204180/B (MAJx2_ASAP7_75t_R)
     2    2.17   10.63   23.56 2200.35 v u204180/Y (MAJx2_ASAP7_75t_R)
                                         n155152 (net)
                 10.63    0.00 2200.35 v u204182/B (MAJx2_ASAP7_75t_R)
     2    2.33   11.05   23.73 2224.08 v u204182/Y (MAJx2_ASAP7_75t_R)
                                         n155154 (net)
                 11.05    0.00 2224.08 v u204185/B (MAJx2_ASAP7_75t_R)
     2    2.17   10.63   23.56 2247.65 v u204185/Y (MAJx2_ASAP7_75t_R)
                                         n155157 (net)
                 10.63    0.00 2247.65 v u204187/B (MAJx2_ASAP7_75t_R)
     2    2.33   11.05   23.73 2271.38 v u204187/Y (MAJx2_ASAP7_75t_R)
                                         n155159 (net)
                 11.05    0.00 2271.38 v u204190/B (MAJx2_ASAP7_75t_R)
     2    2.17   10.63   23.56 2294.94 v u204190/Y (MAJx2_ASAP7_75t_R)
                                         n155162 (net)
                 10.63    0.00 2294.94 v u204192/B (MAJx2_ASAP7_75t_R)
     2    2.33   11.05   23.73 2318.67 v u204192/Y (MAJx2_ASAP7_75t_R)
                                         n155164 (net)
                 11.05    0.00 2318.67 v u204195/B (MAJx2_ASAP7_75t_R)
     2    2.17   10.63   23.56 2342.23 v u204195/Y (MAJx2_ASAP7_75t_R)
                                         n155167 (net)
                 10.63    0.00 2342.23 v u204197/B (MAJx2_ASAP7_75t_R)
     2    2.33   11.05   23.73 2365.96 v u204197/Y (MAJx2_ASAP7_75t_R)
                                         n155169 (net)
                 11.05    0.00 2365.96 v u204200/B (MAJx2_ASAP7_75t_R)
     2    2.17   10.63   23.56 2389.53 v u204200/Y (MAJx2_ASAP7_75t_R)
                                         n155172 (net)
                 10.63    0.00 2389.53 v u204202/B (MAJx2_ASAP7_75t_R)
     2    2.33   11.05   23.73 2413.26 v u204202/Y (MAJx2_ASAP7_75t_R)
                                         n155174 (net)
                 11.05    0.00 2413.26 v u204205/B (MAJx2_ASAP7_75t_R)
     2    2.17   10.63   23.56 2436.82 v u204205/Y (MAJx2_ASAP7_75t_R)
                                         n155177 (net)
                 10.63    0.00 2436.82 v u204207/B (MAJx2_ASAP7_75t_R)
     2    2.33   11.05   23.73 2460.55 v u204207/Y (MAJx2_ASAP7_75t_R)
                                         n155179 (net)
                 11.05    0.00 2460.55 v u204210/B (MAJx2_ASAP7_75t_R)
     2    2.17   10.63   23.56 2484.11 v u204210/Y (MAJx2_ASAP7_75t_R)
                                         n155182 (net)
                 10.63    0.00 2484.11 v u204212/B (MAJx2_ASAP7_75t_R)
     2    2.33   11.03   23.73 2507.84 v u204212/Y (MAJx2_ASAP7_75t_R)
                                         n155184 (net)
                 11.03    0.00 2507.84 v u204215/B (MAJx2_ASAP7_75t_R)
     2    2.17   10.63   23.56 2531.40 v u204215/Y (MAJx2_ASAP7_75t_R)
                                         n155187 (net)
                 10.63    0.00 2531.40 v u204217/B (MAJx2_ASAP7_75t_R)
     2    2.33   11.05   23.73 2555.13 v u204217/Y (MAJx2_ASAP7_75t_R)
                                         n155189 (net)
                 11.05    0.00 2555.13 v u204220/B (MAJx2_ASAP7_75t_R)
     2    2.17   10.63   23.56 2578.70 v u204220/Y (MAJx2_ASAP7_75t_R)
                                         n155192 (net)
                 10.63    0.00 2578.70 v u204222/B (MAJx2_ASAP7_75t_R)
     2    2.33   11.03   23.73 2602.43 v u204222/Y (MAJx2_ASAP7_75t_R)
                                         n155194 (net)
                 11.03    0.00 2602.43 v u204225/B (MAJx2_ASAP7_75t_R)
     2    2.17   10.63   23.56 2625.99 v u204225/Y (MAJx2_ASAP7_75t_R)
                                         n155197 (net)
                 10.63    0.00 2625.99 v u204227/B (MAJx2_ASAP7_75t_R)
     2    2.33   11.05   23.73 2649.71 v u204227/Y (MAJx2_ASAP7_75t_R)
                                         n155199 (net)
                 11.05    0.00 2649.71 v u204230/B (MAJx2_ASAP7_75t_R)
     2    2.17   10.63   23.56 2673.28 v u204230/Y (MAJx2_ASAP7_75t_R)
                                         n155202 (net)
                 10.63    0.00 2673.28 v u204232/B (MAJx2_ASAP7_75t_R)
     2    2.33   11.03   23.73 2697.01 v u204232/Y (MAJx2_ASAP7_75t_R)
                                         n155204 (net)
                 11.03    0.00 2697.01 v u204235/B (MAJx2_ASAP7_75t_R)
     2    1.74    9.56   22.81 2719.82 v u204235/Y (MAJx2_ASAP7_75t_R)
                                         n155207 (net)
                  9.56    0.00 2719.82 v u204237/A (MAJx2_ASAP7_75t_R)
     2    2.33   11.04   21.67 2741.48 v u204237/Y (MAJx2_ASAP7_75t_R)
                                         n155209 (net)
                 11.04    0.00 2741.48 v u204240/B (MAJx2_ASAP7_75t_R)
     2    1.74    9.54   22.80 2764.28 v u204240/Y (MAJx2_ASAP7_75t_R)
                                         n155212 (net)
                  9.54    0.00 2764.28 v u204241/B (NOR2x1_ASAP7_75t_R)
     2    1.25   11.56    8.76 2773.04 ^ u204241/Y (NOR2x1_ASAP7_75t_R)
                                         n155213 (net)
                 11.56    0.00 2773.04 ^ u204242/B (AO21x1_ASAP7_75t_R)
     2    1.74   13.60   15.10 2788.14 ^ u204242/Y (AO21x1_ASAP7_75t_R)
                                         n155214 (net)
                 13.60    0.00 2788.14 ^ u204246/A (MAJx2_ASAP7_75t_R)
     3    2.08   11.03   20.38 2808.52 ^ u204246/Y (MAJx2_ASAP7_75t_R)
                                         n155217 (net)
                 11.03    0.00 2808.52 ^ u204248/B2 (AO222x2_ASAP7_75t_R)
     1    1.38    9.90   19.95 2828.47 ^ u204248/Y (AO222x2_ASAP7_75t_R)
                                         n155218 (net)
                  9.90    0.00 2828.47 ^ u204249/B (OAI21x1_ASAP7_75t_R)
     3    2.39   15.57   11.27 2839.74 v u204249/Y (OAI21x1_ASAP7_75t_R)
                                         n155219 (net)
                 15.57    0.00 2839.74 v u204250/C (OR3x1_ASAP7_75t_R)
     1    0.43    7.14   20.55 2860.29 v u204250/Y (OR3x1_ASAP7_75t_R)
                                         n155220 (net)
                  7.14    0.00 2860.29 v u204253/B (OA211x2_ASAP7_75t_R)
     1    0.69    9.37   24.76 2885.05 v u204253/Y (OA211x2_ASAP7_75t_R)
                                         n155223 (net)
                  9.37    0.00 2885.05 v gain274/A (BUFx3_ASAP7_75t_R)
     1    2.60    7.77   14.89 2899.94 v gain274/Y (BUFx3_ASAP7_75t_R)
                                         net274 (net)
                  7.77    0.00 2899.94 v gain273/A (BUFx24_ASAP7_75t_R)
    25   16.71   12.25   20.37 2920.30 v gain273/Y (BUFx24_ASAP7_75t_R)
                                         net273 (net)
                 12.25    0.00 2920.30 v u204793/A (AND3x1_ASAP7_75t_R)
     3    2.29   13.55   16.41 2936.71 v u204793/Y (AND3x1_ASAP7_75t_R)
                                         n155551 (net)
                 13.55    0.00 2936.71 v u204794/B (NAND2x1_ASAP7_75t_R)
     3    2.78   22.23   14.81 2951.52 ^ u204794/Y (NAND2x1_ASAP7_75t_R)
                                         n155552 (net)
                 22.23    0.00 2951.52 ^ u204795/B (OR2x6_ASAP7_75t_R)
     5    3.92    8.84   21.30 2972.81 ^ u204795/Y (OR2x6_ASAP7_75t_R)
                                         n155553 (net)
                  8.84    0.00 2972.81 ^ u204796/B (OR4x1_ASAP7_75t_R)
     1    0.69    7.08   11.65 2984.46 ^ u204796/Y (OR4x1_ASAP7_75t_R)
                                         n155554 (net)
                  7.08    0.00 2984.46 ^ gain122/A (BUFx3_ASAP7_75t_R)
     4    3.31    9.95   14.33 2998.80 ^ gain122/Y (BUFx3_ASAP7_75t_R)
                                         net122 (net)
                  9.95    0.00 2998.80 ^ u204797/B (OR3x1_ASAP7_75t_R)
     1    0.69    6.84   11.84 3010.64 ^ u204797/Y (OR3x1_ASAP7_75t_R)
                                         n155555 (net)
                  6.84    0.00 3010.64 ^ gain84/A (BUFx3_ASAP7_75t_R)
     3    2.78    8.93   13.71 3024.35 ^ gain84/Y (BUFx3_ASAP7_75t_R)
                                         net84 (net)
                  8.93    0.00 3024.35 ^ u204798/B (OR2x6_ASAP7_75t_R)
     3    2.78    7.50   16.58 3040.93 ^ u204798/Y (OR2x6_ASAP7_75t_R)
                                         n155556 (net)
                  7.50    0.00 3040.93 ^ u204799/B (OR2x6_ASAP7_75t_R)
     4    3.31    8.04   16.48 3057.41 ^ u204799/Y (OR2x6_ASAP7_75t_R)
                                         n155557 (net)
                  8.04    0.00 3057.41 ^ u204800/B (OR3x1_ASAP7_75t_R)
     3    2.36   16.30   15.94 3073.35 ^ u204800/Y (OR3x1_ASAP7_75t_R)
                                         n155558 (net)
                 16.30    0.00 3073.35 ^ u204803/B (NOR2x1_ASAP7_75t_R)
     2    1.63   12.71   11.08 3084.42 v u204803/Y (NOR2x1_ASAP7_75t_R)
                                         n155560 (net)
                 12.71    0.00 3084.42 v u204804/A (XOR2x2_ASAP7_75t_R)
     1    1.08    7.71   20.51 3104.93 v u204804/Y (XOR2x2_ASAP7_75t_R)
                                         n155561 (net)
                  7.71    0.00 3104.93 v u204805/B (NAND2x1_ASAP7_75t_R)
     1    0.62   10.89    6.79 3111.72 ^ u204805/Y (NAND2x1_ASAP7_75t_R)
                                         n152814 (net)
                 10.89    0.00 3111.72 ^ u200878/D (DFFHQNx1_ASAP7_75t_R)
                               3111.72   data arrival time

                  0.00 5000.00 5000.00   clock core_clock (rise edge)
                          0.00 5000.00   clock network delay (ideal)
                          0.00 5000.00   clock reconvergence pessimism
                               5000.00 ^ u200878/CLK (DFFHQNx1_ASAP7_75t_R)
                        -15.17 4984.83   library setup time
                               4984.83   data required time
-----------------------------------------------------------------------------
                               4984.83   data required time
                               -3111.72   data arrival time
-----------------------------------------------------------------------------
                               1873.10   slack (MET)



==========================================================================
floorplan final report_checks -unconstrained
--------------------------------------------------------------------------
Startpoint: u203891 (rising edge-triggered flip-flop clocked by core_clock)
Endpoint: u200878 (rising edge-triggered flip-flop clocked by core_clock)
Path Group: core_clock
Path Type: max

Fanout     Cap    Slew   Delay    Time   Description
-----------------------------------------------------------------------------
                  0.00    0.00    0.00   clock core_clock (rise edge)
                          0.00    0.00   clock network delay (ideal)
                  0.00    0.00    0.00 ^ u203891/CLK (DFFHQNx1_ASAP7_75t_R)
     2    1.26   16.23   33.37   33.37 v u203891/QN (DFFHQNx1_ASAP7_75t_R)
                                         uacc_section14_allocator_udiv_144ns_128ns_144_148_1_U52.uacc_section14_allocator_uacc_section14_allocator_udiv_144ns_128ns_144_148_1_div_U.uacc_section14_allocator_uacc_section14_allocator_udiv_144ns_128ns_144_148_1_div_u_0.divisor_tmp[3584] (net)
                 16.23    0.00   33.37 v u203892/A (INVx1_ASAP7_75t_R)
     2    1.18   11.61    9.58   42.95 ^ u203892/Y (INVx1_ASAP7_75t_R)
                                         n152516 (net)
                 11.61    0.00   42.95 ^ u203894/A (OR2x2_ASAP7_75t_R)
     2    1.74    8.88   16.81   59.76 ^ u203894/Y (OR2x2_ASAP7_75t_R)
                                         n154895 (net)
                  8.88    0.00   59.76 ^ u203898/A (MAJx2_ASAP7_75t_R)
     2    1.74    9.98   18.42   78.18 ^ u203898/Y (MAJx2_ASAP7_75t_R)
                                         n154898 (net)
                  9.98    0.00   78.18 ^ u203902/A (MAJx2_ASAP7_75t_R)
     2    1.74    9.99   18.74   96.91 ^ u203902/Y (MAJx2_ASAP7_75t_R)
                                         n154901 (net)
                  9.99    0.00   96.91 ^ u203906/A (MAJx2_ASAP7_75t_R)
     2    1.74    9.99   18.74  115.65 ^ u203906/Y (MAJx2_ASAP7_75t_R)
                                         n154904 (net)
                  9.99    0.00  115.65 ^ u203910/A (MAJx2_ASAP7_75t_R)
     2    1.74    9.99   18.74  134.39 ^ u203910/Y (MAJx2_ASAP7_75t_R)
                                         n154907 (net)
                  9.99    0.00  134.39 ^ u203914/A (MAJx2_ASAP7_75t_R)
     2    1.74    9.99   18.74  153.13 ^ u203914/Y (MAJx2_ASAP7_75t_R)
                                         n154910 (net)
                  9.99    0.00  153.13 ^ u203918/A (MAJx2_ASAP7_75t_R)
     2    1.74    9.99   18.74  171.87 ^ u203918/Y (MAJx2_ASAP7_75t_R)
                                         n154913 (net)
                  9.99    0.00  171.87 ^ u203922/A (MAJx2_ASAP7_75t_R)
     2    1.74    9.99   18.74  190.61 ^ u203922/Y (MAJx2_ASAP7_75t_R)
                                         n154916 (net)
                  9.99    0.00  190.61 ^ u203926/A (MAJx2_ASAP7_75t_R)
     2    1.74    9.99   18.74  209.35 ^ u203926/Y (MAJx2_ASAP7_75t_R)
                                         n154919 (net)
                  9.99    0.00  209.35 ^ u203930/A (MAJx2_ASAP7_75t_R)
     2    1.74    9.99   18.74  228.09 ^ u203930/Y (MAJx2_ASAP7_75t_R)
                                         n154922 (net)
                  9.99    0.00  228.09 ^ u203934/A (MAJx2_ASAP7_75t_R)
     2    1.72    9.92   18.70  246.78 ^ u203934/Y (MAJx2_ASAP7_75t_R)
                                         n154925 (net)
                  9.92    0.00  246.78 ^ u203935/B (OA21x2_ASAP7_75t_R)
     1    1.24    8.31   16.77  263.56 ^ u203935/Y (OA21x2_ASAP7_75t_R)
                                         n154926 (net)
                  8.31    0.00  263.56 ^ u203936/B (AOI21x1_ASAP7_75t_R)
     2    1.74   15.15    8.14  271.70 v u203936/Y (AOI21x1_ASAP7_75t_R)
                                         n154927 (net)
                 15.15    0.00  271.70 v u203937/B (NOR2x1_ASAP7_75t_R)
     2    1.25   13.03   10.07  281.77 ^ u203937/Y (NOR2x1_ASAP7_75t_R)
                                         n154928 (net)
                 13.03    0.00  281.77 ^ u203938/B (AO21x1_ASAP7_75t_R)
     2    1.74   13.60   15.42  297.19 ^ u203938/Y (AO21x1_ASAP7_75t_R)
                                         n154929 (net)
                 13.60    0.00  297.19 ^ u203942/A (MAJx2_ASAP7_75t_R)
     2    1.74   10.05   19.78  316.97 ^ u203942/Y (MAJx2_ASAP7_75t_R)
                                         n154932 (net)
                 10.05    0.00  316.97 ^ u203946/A (MAJx2_ASAP7_75t_R)
     2    1.74    9.99   18.76  335.73 ^ u203946/Y (MAJx2_ASAP7_75t_R)
                                         n154935 (net)
                  9.99    0.00  335.73 ^ u203950/A (MAJx2_ASAP7_75t_R)
     2    1.74    9.99   18.74  354.47 ^ u203950/Y (MAJx2_ASAP7_75t_R)
                                         n154938 (net)
                  9.99    0.00  354.47 ^ u203954/A (MAJx2_ASAP7_75t_R)
     2    1.74    9.99   18.74  373.21 ^ u203954/Y (MAJx2_ASAP7_75t_R)
                                         n154941 (net)
                  9.99    0.00  373.21 ^ u203958/A (MAJx2_ASAP7_75t_R)
     2    1.74    9.99   18.74  391.95 ^ u203958/Y (MAJx2_ASAP7_75t_R)
                                         n154944 (net)
                  9.99    0.00  391.95 ^ u203962/A (MAJx2_ASAP7_75t_R)
     2    1.71    9.89   18.68  410.63 ^ u203962/Y (MAJx2_ASAP7_75t_R)
                                         n154947 (net)
                  9.89    0.00  410.63 ^ u203963/B (AO21x1_ASAP7_75t_R)
     1    1.38   11.69   13.72  424.35 ^ u203963/Y (AO21x1_ASAP7_75t_R)
                                         n154948 (net)
                 11.69    0.00  424.35 ^ u203964/B (OAI21x1_ASAP7_75t_R)
     2    1.74   13.33   10.39  434.74 v u203964/Y (OAI21x1_ASAP7_75t_R)
                                         n154949 (net)
                 13.33    0.00  434.74 v u203965/B (NOR2x1_ASAP7_75t_R)
     2    1.25   12.54    9.65  444.40 ^ u203965/Y (NOR2x1_ASAP7_75t_R)
                                         n154950 (net)
                 12.54    0.00  444.40 ^ u203966/B (AO21x1_ASAP7_75t_R)
     2    1.74   13.60   15.31  459.71 ^ u203966/Y (AO21x1_ASAP7_75t_R)
                                         n154951 (net)
                 13.60    0.00  459.71 ^ u203970/A (MAJx2_ASAP7_75t_R)
     2    1.74   10.05   19.78  479.49 ^ u203970/Y (MAJx2_ASAP7_75t_R)
                                         n154954 (net)
                 10.05    0.00  479.49 ^ u203974/A (MAJx2_ASAP7_75t_R)
     2    1.74    9.99   18.76  498.25 ^ u203974/Y (MAJx2_ASAP7_75t_R)
                                         n154957 (net)
                  9.99    0.00  498.25 ^ u203978/A (MAJx2_ASAP7_75t_R)
     2    1.74    9.99   18.74  516.99 ^ u203978/Y (MAJx2_ASAP7_75t_R)
                                         n154960 (net)
                  9.99    0.00  516.99 ^ u203982/A (MAJx2_ASAP7_75t_R)
     2    1.74    9.99   18.74  535.73 ^ u203982/Y (MAJx2_ASAP7_75t_R)
                                         n154963 (net)
                  9.99    0.00  535.73 ^ u203986/A (MAJx2_ASAP7_75t_R)
     2    1.74    9.99   18.74  554.46 ^ u203986/Y (MAJx2_ASAP7_75t_R)
                                         n154966 (net)
                  9.99    0.00  554.46 ^ u203990/A (MAJx2_ASAP7_75t_R)
     2    1.71    9.89   18.68  573.14 ^ u203990/Y (MAJx2_ASAP7_75t_R)
                                         n154969 (net)
                  9.89    0.00  573.14 ^ u203991/B (AO21x1_ASAP7_75t_R)
     1    1.38   11.69   13.72  586.87 ^ u203991/Y (AO21x1_ASAP7_75t_R)
                                         n154970 (net)
                 11.69    0.00  586.87 ^ u203992/B (OAI21x1_ASAP7_75t_R)
     2    1.74   13.33   10.39  597.26 v u203992/Y (OAI21x1_ASAP7_75t_R)
                                         n154971 (net)
                 13.33    0.00  597.26 v u203993/B (NOR2x1_ASAP7_75t_R)
     2    1.25   12.54    9.65  606.91 ^ u203993/Y (NOR2x1_ASAP7_75t_R)
                                         n154972 (net)
                 12.54    0.00  606.91 ^ u203994/B (AO21x1_ASAP7_75t_R)
     2    1.74   13.60   15.31  622.23 ^ u203994/Y (AO21x1_ASAP7_75t_R)
                                         n154973 (net)
                 13.60    0.00  622.23 ^ u203998/A (MAJx2_ASAP7_75t_R)
     2    1.74   10.05   19.78  642.01 ^ u203998/Y (MAJx2_ASAP7_75t_R)
                                         n154976 (net)
                 10.05    0.00  642.01 ^ u204002/A (MAJx2_ASAP7_75t_R)
     2    1.74    9.99   18.76  660.77 ^ u204002/Y (MAJx2_ASAP7_75t_R)
                                         n154979 (net)
                  9.99    0.00  660.77 ^ u204006/A (MAJx2_ASAP7_75t_R)
     2    1.74    9.99   18.74  679.50 ^ u204006/Y (MAJx2_ASAP7_75t_R)
                                         n154982 (net)
                  9.99    0.00  679.50 ^ u204010/A (MAJx2_ASAP7_75t_R)
     2    1.72    9.92   18.70  698.20 ^ u204010/Y (MAJx2_ASAP7_75t_R)
                                         n154985 (net)
                  9.92    0.00  698.20 ^ u204011/B (OA21x2_ASAP7_75t_R)
     1    1.24    8.31   16.77  714.97 ^ u204011/Y (OA21x2_ASAP7_75t_R)
                                         n154986 (net)
                  8.31    0.00  714.97 ^ u204012/B (AOI21x1_ASAP7_75t_R)
     2    2.17   16.83    8.95  723.92 v u204012/Y (AOI21x1_ASAP7_75t_R)
                                         n154987 (net)
                 16.83    0.00  723.92 v u204014/B (MAJx2_ASAP7_75t_R)
     2    2.33   11.05   25.54  749.46 v u204014/Y (MAJx2_ASAP7_75t_R)
                                         n154989 (net)
                 11.05    0.00  749.46 v u204017/B (MAJx2_ASAP7_75t_R)
     2    2.17   10.63   23.56  773.03 v u204017/Y (MAJx2_ASAP7_75t_R)
                                         n154992 (net)
                 10.63    0.00  773.03 v u204019/B (MAJx2_ASAP7_75t_R)
     2    2.33   11.05   23.73  796.75 v u204019/Y (MAJx2_ASAP7_75t_R)
                                         n154994 (net)
                 11.05    0.00  796.75 v u204022/B (MAJx2_ASAP7_75t_R)
     2    2.17   10.63   23.56  820.32 v u204022/Y (MAJx2_ASAP7_75t_R)
                                         n154997 (net)
                 10.63    0.00  820.32 v u204024/B (MAJx2_ASAP7_75t_R)
     2    2.33   11.05   23.73  844.05 v u204024/Y (MAJx2_ASAP7_75t_R)
                                         n154999 (net)
                 11.05    0.00  844.05 v u204027/B (MAJx2_ASAP7_75t_R)
     2    2.17   10.63   23.56  867.61 v u204027/Y (MAJx2_ASAP7_75t_R)
                                         n155002 (net)
                 10.63    0.00  867.61 v u204029/B (MAJx2_ASAP7_75t_R)
     2    2.33   11.05   23.73  891.34 v u204029/Y (MAJx2_ASAP7_75t_R)
                                         n155004 (net)
                 11.05    0.00  891.34 v u204032/B (MAJx2_ASAP7_75t_R)
     2    2.17   10.63   23.56  914.91 v u204032/Y (MAJx2_ASAP7_75t_R)
                                         n155007 (net)
                 10.63    0.00  914.91 v u204034/B (MAJx2_ASAP7_75t_R)
     2    2.33   11.05   23.73  938.63 v u204034/Y (MAJx2_ASAP7_75t_R)
                                         n155009 (net)
                 11.05    0.00  938.63 v u204037/B (MAJx2_ASAP7_75t_R)
     2    1.74    9.54   22.80  961.44 v u204037/Y (MAJx2_ASAP7_75t_R)
                                         n155012 (net)
                  9.54    0.00  961.44 v u204038/B (NOR2x1_ASAP7_75t_R)
     2    1.25   11.56    8.76  970.20 ^ u204038/Y (NOR2x1_ASAP7_75t_R)
                                         n155013 (net)
                 11.56    0.00  970.20 ^ u204039/B (AO21x1_ASAP7_75t_R)
     2    1.74   13.60   15.10  985.30 ^ u204039/Y (AO21x1_ASAP7_75t_R)
                                         n155014 (net)
                 13.60    0.00  985.30 ^ u204043/A (MAJx2_ASAP7_75t_R)
     3    2.67   12.76   21.44 1006.74 ^ u204043/Y (MAJx2_ASAP7_75t_R)
                                         n155017 (net)
                 12.76    0.00 1006.74 ^ u204055/A1 (OAI21x1_ASAP7_75t_R)
     2    2.17   14.55   10.15 1016.88 v u204055/Y (OAI21x1_ASAP7_75t_R)
                                         n155027 (net)
                 14.55    0.00 1016.88 v u204057/B (MAJx2_ASAP7_75t_R)
     2    2.33   11.05   24.87 1041.76 v u204057/Y (MAJx2_ASAP7_75t_R)
                                         n155029 (net)
                 11.05    0.00 1041.76 v u204060/B (MAJx2_ASAP7_75t_R)
     2    2.17   10.63   23.56 1065.32 v u204060/Y (MAJx2_ASAP7_75t_R)
                                         n155032 (net)
                 10.63    0.00 1065.32 v u204062/B (MAJx2_ASAP7_75t_R)
     2    2.33   11.05   23.73 1089.05 v u204062/Y (MAJx2_ASAP7_75t_R)
                                         n155034 (net)
                 11.05    0.00 1089.05 v u204065/B (MAJx2_ASAP7_75t_R)
     2    2.17   10.63   23.56 1112.62 v u204065/Y (MAJx2_ASAP7_75t_R)
                                         n155037 (net)
                 10.63    0.00 1112.62 v u204067/B (MAJx2_ASAP7_75t_R)
     2    2.33   11.05   23.73 1136.35 v u204067/Y (MAJx2_ASAP7_75t_R)
                                         n155039 (net)
                 11.05    0.00 1136.35 v u204070/B (MAJx2_ASAP7_75t_R)
     2    2.17   10.63   23.56 1159.91 v u204070/Y (MAJx2_ASAP7_75t_R)
                                         n155042 (net)
                 10.63    0.00 1159.91 v u204072/B (MAJx2_ASAP7_75t_R)
     2    2.33   11.05   23.73 1183.64 v u204072/Y (MAJx2_ASAP7_75t_R)
                                         n155044 (net)
                 11.05    0.00 1183.64 v u204075/B (MAJx2_ASAP7_75t_R)
     2    2.17   10.63   23.56 1207.20 v u204075/Y (MAJx2_ASAP7_75t_R)
                                         n155047 (net)
                 10.63    0.00 1207.20 v u204077/B (MAJx2_ASAP7_75t_R)
     2    2.33   11.05   23.73 1230.93 v u204077/Y (MAJx2_ASAP7_75t_R)
                                         n155049 (net)
                 11.05    0.00 1230.93 v u204080/B (MAJx2_ASAP7_75t_R)
     2    2.17   10.63   23.56 1254.50 v u204080/Y (MAJx2_ASAP7_75t_R)
                                         n155052 (net)
                 10.63    0.00 1254.50 v u204082/B (MAJx2_ASAP7_75t_R)
     2    2.33   11.05   23.73 1278.22 v u204082/Y (MAJx2_ASAP7_75t_R)
                                         n155054 (net)
                 11.05    0.00 1278.22 v u204085/B (MAJx2_ASAP7_75t_R)
     2    2.17   10.63   23.56 1301.79 v u204085/Y (MAJx2_ASAP7_75t_R)
                                         n155057 (net)
                 10.63    0.00 1301.79 v u204087/B (MAJx2_ASAP7_75t_R)
     2    2.33   11.05   23.73 1325.52 v u204087/Y (MAJx2_ASAP7_75t_R)
                                         n155059 (net)
                 11.05    0.00 1325.52 v u204090/B (MAJx2_ASAP7_75t_R)
     2    2.17   10.63   23.56 1349.08 v u204090/Y (MAJx2_ASAP7_75t_R)
                                         n155062 (net)
                 10.63    0.00 1349.08 v u204092/B (MAJx2_ASAP7_75t_R)
     2    2.33   11.03   23.73 1372.81 v u204092/Y (MAJx2_ASAP7_75t_R)
                                         n155064 (net)
                 11.03    0.00 1372.81 v u204095/B (MAJx2_ASAP7_75t_R)
     2    2.17   10.63   23.56 1396.37 v u204095/Y (MAJx2_ASAP7_75t_R)
                                         n155067 (net)
                 10.63    0.00 1396.37 v u204097/B (MAJx2_ASAP7_75t_R)
     2    2.33   11.05   23.73 1420.10 v u204097/Y (MAJx2_ASAP7_75t_R)
                                         n155069 (net)
                 11.05    0.00 1420.10 v u204100/B (MAJx2_ASAP7_75t_R)
     2    2.17   10.63   23.56 1443.66 v u204100/Y (MAJx2_ASAP7_75t_R)
                                         n155072 (net)
                 10.63    0.00 1443.66 v u204102/B (MAJx2_ASAP7_75t_R)
     2    2.33   11.05   23.73 1467.39 v u204102/Y (MAJx2_ASAP7_75t_R)
                                         n155074 (net)
                 11.05    0.00 1467.39 v u204105/B (MAJx2_ASAP7_75t_R)
     2    2.17   10.63   23.56 1490.96 v u204105/Y (MAJx2_ASAP7_75t_R)
                                         n155077 (net)
                 10.63    0.00 1490.96 v u204107/B (MAJx2_ASAP7_75t_R)
     2    2.33   11.05   23.73 1514.69 v u204107/Y (MAJx2_ASAP7_75t_R)
                                         n155079 (net)
                 11.05    0.00 1514.69 v u204110/B (MAJx2_ASAP7_75t_R)
     2    2.17   10.63   23.56 1538.25 v u204110/Y (MAJx2_ASAP7_75t_R)
                                         n155082 (net)
                 10.63    0.00 1538.25 v u204112/B (MAJx2_ASAP7_75t_R)
     2    2.33   11.05   23.73 1561.98 v u204112/Y (MAJx2_ASAP7_75t_R)
                                         n155084 (net)
                 11.05    0.00 1561.98 v u204115/B (MAJx2_ASAP7_75t_R)
     2    2.17   10.63   23.56 1585.54 v u204115/Y (MAJx2_ASAP7_75t_R)
                                         n155087 (net)
                 10.63    0.00 1585.54 v u204117/B (MAJx2_ASAP7_75t_R)
     2    2.33   11.05   23.73 1609.27 v u204117/Y (MAJx2_ASAP7_75t_R)
                                         n155089 (net)
                 11.05    0.00 1609.27 v u204120/B (MAJx2_ASAP7_75t_R)
     2    2.17   10.63   23.56 1632.84 v u204120/Y (MAJx2_ASAP7_75t_R)
                                         n155092 (net)
                 10.63    0.00 1632.84 v u204122/B (MAJx2_ASAP7_75t_R)
     2    2.33   11.05   23.73 1656.57 v u204122/Y (MAJx2_ASAP7_75t_R)
                                         n155094 (net)
                 11.05    0.00 1656.57 v u204125/B (MAJx2_ASAP7_75t_R)
     2    2.17   10.63   23.56 1680.13 v u204125/Y (MAJx2_ASAP7_75t_R)
                                         n155097 (net)
                 10.63    0.00 1680.13 v u204127/B (MAJx2_ASAP7_75t_R)
     2    2.33   11.05   23.73 1703.86 v u204127/Y (MAJx2_ASAP7_75t_R)
                                         n155099 (net)
                 11.05    0.00 1703.86 v u204130/B (MAJx2_ASAP7_75t_R)
     2    2.17   10.63   23.56 1727.42 v u204130/Y (MAJx2_ASAP7_75t_R)
                                         n155102 (net)
                 10.63    0.00 1727.42 v u204132/B (MAJx2_ASAP7_75t_R)
     2    2.33   11.05   23.73 1751.15 v u204132/Y (MAJx2_ASAP7_75t_R)
                                         n155104 (net)
                 11.05    0.00 1751.15 v u204135/B (MAJx2_ASAP7_75t_R)
     2    2.17   10.63   23.56 1774.72 v u204135/Y (MAJx2_ASAP7_75t_R)
                                         n155107 (net)
                 10.63    0.00 1774.72 v u204137/B (MAJx2_ASAP7_75t_R)
     2    2.33   11.05   23.73 1798.44 v u204137/Y (MAJx2_ASAP7_75t_R)
                                         n155109 (net)
                 11.05    0.00 1798.44 v u204140/B (MAJx2_ASAP7_75t_R)
     2    2.17   10.63   23.56 1822.01 v u204140/Y (MAJx2_ASAP7_75t_R)
                                         n155112 (net)
                 10.63    0.00 1822.01 v u204142/B (MAJx2_ASAP7_75t_R)
     2    2.33   11.05   23.73 1845.74 v u204142/Y (MAJx2_ASAP7_75t_R)
                                         n155114 (net)
                 11.05    0.00 1845.74 v u204145/B (MAJx2_ASAP7_75t_R)
     2    2.17   10.63   23.56 1869.30 v u204145/Y (MAJx2_ASAP7_75t_R)
                                         n155117 (net)
                 10.63    0.00 1869.30 v u204147/B (MAJx2_ASAP7_75t_R)
     2    2.33   11.05   23.73 1893.03 v u204147/Y (MAJx2_ASAP7_75t_R)
                                         n155119 (net)
                 11.05    0.00 1893.03 v u204150/B (MAJx2_ASAP7_75t_R)
     2    2.17   10.63   23.56 1916.60 v u204150/Y (MAJx2_ASAP7_75t_R)
                                         n155122 (net)
                 10.63    0.00 1916.60 v u204152/B (MAJx2_ASAP7_75t_R)
     2    2.33   11.05   23.73 1940.32 v u204152/Y (MAJx2_ASAP7_75t_R)
                                         n155124 (net)
                 11.05    0.00 1940.32 v u204155/B (MAJx2_ASAP7_75t_R)
     2    2.17   10.63   23.56 1963.89 v u204155/Y (MAJx2_ASAP7_75t_R)
                                         n155127 (net)
                 10.63    0.00 1963.89 v u204157/B (MAJx2_ASAP7_75t_R)
     2    2.33   11.05   23.73 1987.62 v u204157/Y (MAJx2_ASAP7_75t_R)
                                         n155129 (net)
                 11.05    0.00 1987.62 v u204160/B (MAJx2_ASAP7_75t_R)
     2    2.17   10.63   23.56 2011.18 v u204160/Y (MAJx2_ASAP7_75t_R)
                                         n155132 (net)
                 10.63    0.00 2011.18 v u204162/B (MAJx2_ASAP7_75t_R)
     2    2.33   11.05   23.73 2034.91 v u204162/Y (MAJx2_ASAP7_75t_R)
                                         n155134 (net)
                 11.05    0.00 2034.91 v u204165/B (MAJx2_ASAP7_75t_R)
     2    2.17   10.63   23.56 2058.48 v u204165/Y (MAJx2_ASAP7_75t_R)
                                         n155137 (net)
                 10.63    0.00 2058.48 v u204167/B (MAJx2_ASAP7_75t_R)
     2    2.33   11.05   23.73 2082.20 v u204167/Y (MAJx2_ASAP7_75t_R)
                                         n155139 (net)
                 11.05    0.00 2082.20 v u204170/B (MAJx2_ASAP7_75t_R)
     2    2.17   10.63   23.56 2105.77 v u204170/Y (MAJx2_ASAP7_75t_R)
                                         n155142 (net)
                 10.63    0.00 2105.77 v u204172/B (MAJx2_ASAP7_75t_R)
     2    2.33   11.05   23.73 2129.50 v u204172/Y (MAJx2_ASAP7_75t_R)
                                         n155144 (net)
                 11.05    0.00 2129.50 v u204175/B (MAJx2_ASAP7_75t_R)
     2    2.17   10.63   23.56 2153.06 v u204175/Y (MAJx2_ASAP7_75t_R)
                                         n155147 (net)
                 10.63    0.00 2153.06 v u204177/B (MAJx2_ASAP7_75t_R)
     2    2.33   11.05   23.73 2176.79 v u204177/Y (MAJx2_ASAP7_75t_R)
                                         n155149 (net)
                 11.05    0.00 2176.79 v u204180/B (MAJx2_ASAP7_75t_R)
     2    2.17   10.63   23.56 2200.35 v u204180/Y (MAJx2_ASAP7_75t_R)
                                         n155152 (net)
                 10.63    0.00 2200.35 v u204182/B (MAJx2_ASAP7_75t_R)
     2    2.33   11.05   23.73 2224.08 v u204182/Y (MAJx2_ASAP7_75t_R)
                                         n155154 (net)
                 11.05    0.00 2224.08 v u204185/B (MAJx2_ASAP7_75t_R)
     2    2.17   10.63   23.56 2247.65 v u204185/Y (MAJx2_ASAP7_75t_R)
                                         n155157 (net)
                 10.63    0.00 2247.65 v u204187/B (MAJx2_ASAP7_75t_R)
     2    2.33   11.05   23.73 2271.38 v u204187/Y (MAJx2_ASAP7_75t_R)
                                         n155159 (net)
                 11.05    0.00 2271.38 v u204190/B (MAJx2_ASAP7_75t_R)
     2    2.17   10.63   23.56 2294.94 v u204190/Y (MAJx2_ASAP7_75t_R)
                                         n155162 (net)
                 10.63    0.00 2294.94 v u204192/B (MAJx2_ASAP7_75t_R)
     2    2.33   11.05   23.73 2318.67 v u204192/Y (MAJx2_ASAP7_75t_R)
                                         n155164 (net)
                 11.05    0.00 2318.67 v u204195/B (MAJx2_ASAP7_75t_R)
     2    2.17   10.63   23.56 2342.23 v u204195/Y (MAJx2_ASAP7_75t_R)
                                         n155167 (net)
                 10.63    0.00 2342.23 v u204197/B (MAJx2_ASAP7_75t_R)
     2    2.33   11.05   23.73 2365.96 v u204197/Y (MAJx2_ASAP7_75t_R)
                                         n155169 (net)
                 11.05    0.00 2365.96 v u204200/B (MAJx2_ASAP7_75t_R)
     2    2.17   10.63   23.56 2389.53 v u204200/Y (MAJx2_ASAP7_75t_R)
                                         n155172 (net)
                 10.63    0.00 2389.53 v u204202/B (MAJx2_ASAP7_75t_R)
     2    2.33   11.05   23.73 2413.26 v u204202/Y (MAJx2_ASAP7_75t_R)
                                         n155174 (net)
                 11.05    0.00 2413.26 v u204205/B (MAJx2_ASAP7_75t_R)
     2    2.17   10.63   23.56 2436.82 v u204205/Y (MAJx2_ASAP7_75t_R)
                                         n155177 (net)
                 10.63    0.00 2436.82 v u204207/B (MAJx2_ASAP7_75t_R)
     2    2.33   11.05   23.73 2460.55 v u204207/Y (MAJx2_ASAP7_75t_R)
                                         n155179 (net)
                 11.05    0.00 2460.55 v u204210/B (MAJx2_ASAP7_75t_R)
     2    2.17   10.63   23.56 2484.11 v u204210/Y (MAJx2_ASAP7_75t_R)
                                         n155182 (net)
                 10.63    0.00 2484.11 v u204212/B (MAJx2_ASAP7_75t_R)
     2    2.33   11.03   23.73 2507.84 v u204212/Y (MAJx2_ASAP7_75t_R)
                                         n155184 (net)
                 11.03    0.00 2507.84 v u204215/B (MAJx2_ASAP7_75t_R)
     2    2.17   10.63   23.56 2531.40 v u204215/Y (MAJx2_ASAP7_75t_R)
                                         n155187 (net)
                 10.63    0.00 2531.40 v u204217/B (MAJx2_ASAP7_75t_R)
     2    2.33   11.05   23.73 2555.13 v u204217/Y (MAJx2_ASAP7_75t_R)
                                         n155189 (net)
                 11.05    0.00 2555.13 v u204220/B (MAJx2_ASAP7_75t_R)
     2    2.17   10.63   23.56 2578.70 v u204220/Y (MAJx2_ASAP7_75t_R)
                                         n155192 (net)
                 10.63    0.00 2578.70 v u204222/B (MAJx2_ASAP7_75t_R)
     2    2.33   11.03   23.73 2602.43 v u204222/Y (MAJx2_ASAP7_75t_R)
                                         n155194 (net)
                 11.03    0.00 2602.43 v u204225/B (MAJx2_ASAP7_75t_R)
     2    2.17   10.63   23.56 2625.99 v u204225/Y (MAJx2_ASAP7_75t_R)
                                         n155197 (net)
                 10.63    0.00 2625.99 v u204227/B (MAJx2_ASAP7_75t_R)
     2    2.33   11.05   23.73 2649.71 v u204227/Y (MAJx2_ASAP7_75t_R)
                                         n155199 (net)
                 11.05    0.00 2649.71 v u204230/B (MAJx2_ASAP7_75t_R)
     2    2.17   10.63   23.56 2673.28 v u204230/Y (MAJx2_ASAP7_75t_R)
                                         n155202 (net)
                 10.63    0.00 2673.28 v u204232/B (MAJx2_ASAP7_75t_R)
     2    2.33   11.03   23.73 2697.01 v u204232/Y (MAJx2_ASAP7_75t_R)
                                         n155204 (net)
                 11.03    0.00 2697.01 v u204235/B (MAJx2_ASAP7_75t_R)
     2    1.74    9.56   22.81 2719.82 v u204235/Y (MAJx2_ASAP7_75t_R)
                                         n155207 (net)
                  9.56    0.00 2719.82 v u204237/A (MAJx2_ASAP7_75t_R)
     2    2.33   11.04   21.67 2741.48 v u204237/Y (MAJx2_ASAP7_75t_R)
                                         n155209 (net)
                 11.04    0.00 2741.48 v u204240/B (MAJx2_ASAP7_75t_R)
     2    1.74    9.54   22.80 2764.28 v u204240/Y (MAJx2_ASAP7_75t_R)
                                         n155212 (net)
                  9.54    0.00 2764.28 v u204241/B (NOR2x1_ASAP7_75t_R)
     2    1.25   11.56    8.76 2773.04 ^ u204241/Y (NOR2x1_ASAP7_75t_R)
                                         n155213 (net)
                 11.56    0.00 2773.04 ^ u204242/B (AO21x1_ASAP7_75t_R)
     2    1.74   13.60   15.10 2788.14 ^ u204242/Y (AO21x1_ASAP7_75t_R)
                                         n155214 (net)
                 13.60    0.00 2788.14 ^ u204246/A (MAJx2_ASAP7_75t_R)
     3    2.08   11.03   20.38 2808.52 ^ u204246/Y (MAJx2_ASAP7_75t_R)
                                         n155217 (net)
                 11.03    0.00 2808.52 ^ u204248/B2 (AO222x2_ASAP7_75t_R)
     1    1.38    9.90   19.95 2828.47 ^ u204248/Y (AO222x2_ASAP7_75t_R)
                                         n155218 (net)
                  9.90    0.00 2828.47 ^ u204249/B (OAI21x1_ASAP7_75t_R)
     3    2.39   15.57   11.27 2839.74 v u204249/Y (OAI21x1_ASAP7_75t_R)
                                         n155219 (net)
                 15.57    0.00 2839.74 v u204250/C (OR3x1_ASAP7_75t_R)
     1    0.43    7.14   20.55 2860.29 v u204250/Y (OR3x1_ASAP7_75t_R)
                                         n155220 (net)
                  7.14    0.00 2860.29 v u204253/B (OA211x2_ASAP7_75t_R)
     1    0.69    9.37   24.76 2885.05 v u204253/Y (OA211x2_ASAP7_75t_R)
                                         n155223 (net)
                  9.37    0.00 2885.05 v gain274/A (BUFx3_ASAP7_75t_R)
     1    2.60    7.77   14.89 2899.94 v gain274/Y (BUFx3_ASAP7_75t_R)
                                         net274 (net)
                  7.77    0.00 2899.94 v gain273/A (BUFx24_ASAP7_75t_R)
    25   16.71   12.25   20.37 2920.30 v gain273/Y (BUFx24_ASAP7_75t_R)
                                         net273 (net)
                 12.25    0.00 2920.30 v u204793/A (AND3x1_ASAP7_75t_R)
     3    2.29   13.55   16.41 2936.71 v u204793/Y (AND3x1_ASAP7_75t_R)
                                         n155551 (net)
                 13.55    0.00 2936.71 v u204794/B (NAND2x1_ASAP7_75t_R)
     3    2.78   22.23   14.81 2951.52 ^ u204794/Y (NAND2x1_ASAP7_75t_R)
                                         n155552 (net)
                 22.23    0.00 2951.52 ^ u204795/B (OR2x6_ASAP7_75t_R)
     5    3.92    8.84   21.30 2972.81 ^ u204795/Y (OR2x6_ASAP7_75t_R)
                                         n155553 (net)
                  8.84    0.00 2972.81 ^ u204796/B (OR4x1_ASAP7_75t_R)
     1    0.69    7.08   11.65 2984.46 ^ u204796/Y (OR4x1_ASAP7_75t_R)
                                         n155554 (net)
                  7.08    0.00 2984.46 ^ gain122/A (BUFx3_ASAP7_75t_R)
     4    3.31    9.95   14.33 2998.80 ^ gain122/Y (BUFx3_ASAP7_75t_R)
                                         net122 (net)
                  9.95    0.00 2998.80 ^ u204797/B (OR3x1_ASAP7_75t_R)
     1    0.69    6.84   11.84 3010.64 ^ u204797/Y (OR3x1_ASAP7_75t_R)
                                         n155555 (net)
                  6.84    0.00 3010.64 ^ gain84/A (BUFx3_ASAP7_75t_R)
     3    2.78    8.93   13.71 3024.35 ^ gain84/Y (BUFx3_ASAP7_75t_R)
                                         net84 (net)
                  8.93    0.00 3024.35 ^ u204798/B (OR2x6_ASAP7_75t_R)
     3    2.78    7.50   16.58 3040.93 ^ u204798/Y (OR2x6_ASAP7_75t_R)
                                         n155556 (net)
                  7.50    0.00 3040.93 ^ u204799/B (OR2x6_ASAP7_75t_R)
     4    3.31    8.04   16.48 3057.41 ^ u204799/Y (OR2x6_ASAP7_75t_R)
                                         n155557 (net)
                  8.04    0.00 3057.41 ^ u204800/B (OR3x1_ASAP7_75t_R)
     3    2.36   16.30   15.94 3073.35 ^ u204800/Y (OR3x1_ASAP7_75t_R)
                                         n155558 (net)
                 16.30    0.00 3073.35 ^ u204803/B (NOR2x1_ASAP7_75t_R)
     2    1.63   12.71   11.08 3084.42 v u204803/Y (NOR2x1_ASAP7_75t_R)
                                         n155560 (net)
                 12.71    0.00 3084.42 v u204804/A (XOR2x2_ASAP7_75t_R)
     1    1.08    7.71   20.51 3104.93 v u204804/Y (XOR2x2_ASAP7_75t_R)
                                         n155561 (net)
                  7.71    0.00 3104.93 v u204805/B (NAND2x1_ASAP7_75t_R)
     1    0.62   10.89    6.79 3111.72 ^ u204805/Y (NAND2x1_ASAP7_75t_R)
                                         n152814 (net)
                 10.89    0.00 3111.72 ^ u200878/D (DFFHQNx1_ASAP7_75t_R)
                               3111.72   data arrival time

                  0.00 5000.00 5000.00   clock core_clock (rise edge)
                          0.00 5000.00   clock network delay (ideal)
                          0.00 5000.00   clock reconvergence pessimism
                               5000.00 ^ u200878/CLK (DFFHQNx1_ASAP7_75t_R)
                        -15.17 4984.83   library setup time
                               4984.83   data required time
-----------------------------------------------------------------------------
                               4984.83   data required time
                               -3111.72   data arrival time
-----------------------------------------------------------------------------
                               1873.10   slack (MET)



==========================================================================
floorplan final report_power
--------------------------------------------------------------------------
Group                  Internal  Switching    Leakage      Total
                          Power      Power      Power      Power (Watts)
----------------------------------------------------------------
Sequential             5.04e-02   1.53e-03   1.78e-05   5.20e-02  13.5%
Combinational          2.21e-01   1.10e-01   4.10e-05   3.32e-01  86.4%
Clock                  0.00e+00   0.00e+00   0.00e+00   0.00e+00   0.0%
Macro                  0.00e+00   0.00e+00   0.00e+00   0.00e+00   0.0%
Pad                    0.00e+00   0.00e+00   0.00e+00   0.00e+00   0.0%
----------------------------------------------------------------
Total                  2.72e-01   1.12e-01   5.87e-05   3.84e-01 100.0%
                          70.8%      29.2%       0.0%
