
==========================================================================
detailed place report_tns
--------------------------------------------------------------------------
tns max 0.00

==========================================================================
detailed place report_wns
--------------------------------------------------------------------------
wns max 0.00

==========================================================================
detailed place report_worst_slack
--------------------------------------------------------------------------
worst slack max 1531.13

==========================================================================
detailed place report_clock_min_period
--------------------------------------------------------------------------
core_clock period_min = 3468.87 fmax = 288.28

==========================================================================
detailed place report_checks -path_delay min
--------------------------------------------------------------------------
Startpoint: u26910 (rising edge-triggered flip-flop clocked by core_clock)
Endpoint: u21365 (rising edge-triggered flip-flop clocked by core_clock)
Path Group: core_clock
Path Type: min

Fanout     Cap    Slew   Delay    Time   Description
-----------------------------------------------------------------------------
                  0.00    0.00    0.00   clock core_clock (rise edge)
                          0.00    0.00   clock network delay (ideal)
                  0.00    0.00    0.00 ^ u26910/CLK (DFFHQNx1_ASAP7_75t_R)
     2    1.14   15.32   32.78   32.78 v u26910/QN (DFFHQNx1_ASAP7_75t_R)
                                         candidate_queue_cost_q16_load_24_reg_7320[1] (net)
                 15.32    0.03   32.81 v u21365/D (DFFHQNx1_ASAP7_75t_R)
                                 32.81   data arrival time

                  0.00    0.00    0.00   clock core_clock (rise edge)
                          0.00    0.00   clock network delay (ideal)
                          0.00    0.00   clock reconvergence pessimism
                                  0.00 ^ u21365/CLK (DFFHQNx1_ASAP7_75t_R)
                          7.81    7.81   library hold time
                                  7.81   data required time
-----------------------------------------------------------------------------
                                  7.81   data required time
                                -32.81   data arrival time
-----------------------------------------------------------------------------
                                 25.00   slack (MET)



==========================================================================
detailed place report_checks -path_delay max
--------------------------------------------------------------------------
Startpoint: u336116 (rising edge-triggered flip-flop clocked by core_clock)
Endpoint: u316930 (rising edge-triggered flip-flop clocked by core_clock)
Path Group: core_clock
Path Type: max

Fanout     Cap    Slew   Delay    Time   Description
-----------------------------------------------------------------------------
                  0.00    0.00    0.00   clock core_clock (rise edge)
                          0.00    0.00   clock network delay (ideal)
                  0.00    0.00    0.00 ^ u336116/CLK (DFFHQNx1_ASAP7_75t_R)
     2    1.39   16.94   34.00   34.00 v u336116/QN (DFFHQNx1_ASAP7_75t_R)
                                         uacc_section14_allocator_udiv_144ns_128ns_144_148_1_U52.uacc_section14_allocator_uacc_section14_allocator_udiv_144ns_128ns_144_148_1_div_U.uacc_section14_allocator_uacc_section14_allocator_udiv_144ns_128ns_144_148_1_div_u_0.divisor_tmp[7424] (net)
                 16.94    0.05   34.05 v u336117/A (INVx1_ASAP7_75t_R)
     2    1.54   13.65   10.96   45.01 ^ u336117/Y (INVx1_ASAP7_75t_R)
                                         n238715 (net)
                 13.66    0.09   45.09 ^ u336119/A (OR2x2_ASAP7_75t_R)
     2    2.18   10.18   18.06   63.15 ^ u336119/Y (OR2x2_ASAP7_75t_R)
                                         n256952 (net)
                 10.19    0.15   63.31 ^ u336123/A (MAJx2_ASAP7_75t_R)
     2    2.45   12.61   19.95   83.26 ^ u336123/Y (MAJx2_ASAP7_75t_R)
                                         n256955 (net)
                 12.63    0.28   83.53 ^ u336127/A (MAJx2_ASAP7_75t_R)
     2    2.17   11.72   20.20  103.74 ^ u336127/Y (MAJx2_ASAP7_75t_R)
                                         n256958 (net)
                 11.73    0.13  103.87 ^ u336131/A (MAJx2_ASAP7_75t_R)
     2    2.02   11.23   19.69  123.56 ^ u336131/Y (MAJx2_ASAP7_75t_R)
                                         n256961 (net)
                 11.24    0.12  123.68 ^ u336135/A (MAJx2_ASAP7_75t_R)
     2    2.10   11.47   19.69  143.37 ^ u336135/Y (MAJx2_ASAP7_75t_R)
                                         n256964 (net)
                 11.48    0.14  143.51 ^ u336139/A (MAJx2_ASAP7_75t_R)
     2    2.39   12.45   20.23  163.74 ^ u336139/Y (MAJx2_ASAP7_75t_R)
                                         n256967 (net)
                 12.48    0.28  164.02 ^ u336143/A (MAJx2_ASAP7_75t_R)
     2    2.36   12.35   20.47  184.48 ^ u336143/Y (MAJx2_ASAP7_75t_R)
                                         n256970 (net)
                 12.36    0.26  184.74 ^ u336147/A (MAJx2_ASAP7_75t_R)
     2    2.38   12.37   20.46  205.20 ^ u336147/Y (MAJx2_ASAP7_75t_R)
                                         n256973 (net)
                 12.39    0.24  205.45 ^ u336151/A (MAJx2_ASAP7_75t_R)
     2    5.56   22.95   24.61  230.06 ^ u336151/Y (MAJx2_ASAP7_75t_R)
                                         n256976 (net)
                 23.97    2.59  232.64 ^ u336155/A (MAJx2_ASAP7_75t_R)
     2    2.68   13.35   23.98  256.62 ^ u336155/Y (MAJx2_ASAP7_75t_R)
                                         n256979 (net)
                 13.39    0.39  257.01 ^ u336159/A (MAJx2_ASAP7_75t_R)
     2    3.86   17.45   22.86  279.88 ^ u336159/Y (MAJx2_ASAP7_75t_R)
                                         n256982 (net)
                 17.69    1.12  281.00 ^ u336160/B (OA21x2_ASAP7_75t_R)
     1    1.29    8.66   18.25  299.25 ^ u336160/Y (OA21x2_ASAP7_75t_R)
                                         n256983 (net)
                  8.66    0.05  299.29 ^ u336161/B (AOI21x1_ASAP7_75t_R)
     2    2.25   18.13    9.13  308.42 v u336161/Y (AOI21x1_ASAP7_75t_R)
                                         n256984 (net)
                 18.14    0.22  308.65 v u336162/B (NOR2x1_ASAP7_75t_R)
     2    1.48   14.68   11.54  320.19 ^ u336162/Y (NOR2x1_ASAP7_75t_R)
                                         n256985 (net)
                 14.68    0.04  320.23 ^ u336163/B (AO21x1_ASAP7_75t_R)
     2    2.14   16.43   16.80  337.03 ^ u336163/Y (AO21x1_ASAP7_75t_R)
                                         n256986 (net)
                 16.43    0.16  337.19 ^ u336167/A (MAJx2_ASAP7_75t_R)
     2    2.26   12.03   21.45  358.63 ^ u336167/Y (MAJx2_ASAP7_75t_R)
                                         n256989 (net)
                 12.05    0.20  358.84 ^ u336171/A (MAJx2_ASAP7_75t_R)
     2    2.90   14.05   21.20  380.03 ^ u336171/Y (MAJx2_ASAP7_75t_R)
                                         n256992 (net)
                 14.11    0.48  380.52 ^ u336175/A (MAJx2_ASAP7_75t_R)
     2    2.19   11.78   20.65  401.17 ^ u336175/Y (MAJx2_ASAP7_75t_R)
                                         n256995 (net)
                 11.79    0.17  401.34 ^ u336179/A (MAJx2_ASAP7_75t_R)
     2    3.42   15.88   21.84  423.17 ^ u336179/Y (MAJx2_ASAP7_75t_R)
                                         n256998 (net)
                 16.03    0.84  424.01 ^ u336183/A (MAJx2_ASAP7_75t_R)
     2    2.37   12.40   21.50  445.51 ^ u336183/Y (MAJx2_ASAP7_75t_R)
                                         n257001 (net)
                 12.42    0.26  445.77 ^ u336187/A (MAJx2_ASAP7_75t_R)
     2    2.71   13.47   21.00  466.77 ^ u336187/Y (MAJx2_ASAP7_75t_R)
                                         n257004 (net)
                 13.51    0.41  467.18 ^ u336188/B (OA21x2_ASAP7_75t_R)
     1    1.32    8.79   17.54  484.72 ^ u336188/Y (OA21x2_ASAP7_75t_R)
                                         n257005 (net)
                  8.80    0.05  484.77 ^ u336189/B (AOI21x1_ASAP7_75t_R)
     2    2.36   18.86    9.36  494.13 v u336189/Y (AOI21x1_ASAP7_75t_R)
                                         n257006 (net)
                 18.87    0.25  494.39 v u336190/B (NOR2x1_ASAP7_75t_R)
     2    1.38   14.36   11.37  505.75 ^ u336190/Y (NOR2x1_ASAP7_75t_R)
                                         n257007 (net)
                 14.36    0.04  505.79 ^ u336191/B (AO21x1_ASAP7_75t_R)
     2    2.35   17.73   17.28  523.07 ^ u336191/Y (AO21x1_ASAP7_75t_R)
                                         n257008 (net)
                 17.73    0.26  523.33 ^ u336195/A (MAJx2_ASAP7_75t_R)
     2    2.44   12.62   22.10  545.43 ^ u336195/Y (MAJx2_ASAP7_75t_R)
                                         n257011 (net)
                 12.64    0.29  545.72 ^ u336199/A (MAJx2_ASAP7_75t_R)
     2    2.51   12.82   20.77  566.49 ^ u336199/Y (MAJx2_ASAP7_75t_R)
                                         n257014 (net)
                 12.85    0.31  566.80 ^ u336203/A (MAJx2_ASAP7_75t_R)
     2    2.26   12.01   20.42  587.22 ^ u336203/Y (MAJx2_ASAP7_75t_R)
                                         n257017 (net)
                 12.02    0.20  587.42 ^ u336207/A (MAJx2_ASAP7_75t_R)
     2    2.20   11.83   20.06  607.48 ^ u336207/Y (MAJx2_ASAP7_75t_R)
                                         n257020 (net)
                 11.84    0.19  607.67 ^ u336211/A (MAJx2_ASAP7_75t_R)
     2    2.08   11.48   19.84  627.51 ^ u336211/Y (MAJx2_ASAP7_75t_R)
                                         n257023 (net)
                 11.49    0.13  627.64 ^ u336215/A (MAJx2_ASAP7_75t_R)
     2    2.03   11.32   19.64  647.28 ^ u336215/Y (MAJx2_ASAP7_75t_R)
                                         n257026 (net)
                 11.32    0.12  647.40 ^ u336216/B (OA21x2_ASAP7_75t_R)
     1    1.31    8.72   17.13  664.53 ^ u336216/Y (OA21x2_ASAP7_75t_R)
                                         n257027 (net)
                  8.72    0.05  664.58 ^ u336217/B (AOI21x1_ASAP7_75t_R)
     2    2.62   19.72    9.84  674.42 v u336217/Y (AOI21x1_ASAP7_75t_R)
                                         n257028 (net)
                 19.73    0.20  674.63 v u336219/B (MAJx2_ASAP7_75t_R)
     2    2.73   12.17   26.99  701.62 v u336219/Y (MAJx2_ASAP7_75t_R)
                                         n257030 (net)
                 12.18    0.20  701.82 v u336222/B (MAJx2_ASAP7_75t_R)
     2    2.70   12.39   24.72  726.54 v u336222/Y (MAJx2_ASAP7_75t_R)
                                         n257033 (net)
                 12.41    0.27  726.80 v u336224/B (MAJx2_ASAP7_75t_R)
     2    2.58   11.82   24.62  751.42 v u336224/Y (MAJx2_ASAP7_75t_R)
                                         n257035 (net)
                 11.82    0.14  751.56 v u336227/B (MAJx2_ASAP7_75t_R)
     2    2.81   12.80   24.77  776.33 v u336227/Y (MAJx2_ASAP7_75t_R)
                                         n257038 (net)
                 12.83    0.31  776.65 v u336229/B (MAJx2_ASAP7_75t_R)
     2    2.87   12.56   25.19  801.84 v u336229/Y (MAJx2_ASAP7_75t_R)
                                         n257040 (net)
                 12.58    0.27  802.11 v u336232/B (MAJx2_ASAP7_75t_R)
     2    2.85   12.90   25.06  827.17 v u336232/Y (MAJx2_ASAP7_75t_R)
                                         n257043 (net)
                 12.93    0.35  827.51 v u336234/B (MAJx2_ASAP7_75t_R)
     2    2.67   12.06   24.93  852.44 v u336234/Y (MAJx2_ASAP7_75t_R)
                                         n257045 (net)
                 12.07    0.17  852.61 v u336237/B (MAJx2_ASAP7_75t_R)
     2    2.60   12.16   24.53  877.13 v u336237/Y (MAJx2_ASAP7_75t_R)
                                         n257048 (net)
                 12.17    0.22  877.35 v u336239/B (MAJx2_ASAP7_75t_R)
     2    3.11   13.31   25.32  902.67 v u336239/Y (MAJx2_ASAP7_75t_R)
                                         n257050 (net)
                 13.35    0.39  903.06 v u336242/B (MAJx2_ASAP7_75t_R)
     2    2.84   12.80   25.24  928.30 v u336242/Y (MAJx2_ASAP7_75t_R)
                                         n257053 (net)
                 12.83    0.36  928.65 v u336244/B (MAJx2_ASAP7_75t_R)
     2    2.76   12.27   25.04  953.70 v u336244/Y (MAJx2_ASAP7_75t_R)
                                         n257055 (net)
                 12.29    0.20  953.90 v u336247/B (MAJx2_ASAP7_75t_R)
     2    2.50   11.91   24.44  978.34 v u336247/Y (MAJx2_ASAP7_75t_R)
                                         n257058 (net)
                 11.92    0.15  978.49 v u336249/B (MAJx2_ASAP7_75t_R)
     2    2.77   12.31   24.79 1003.28 v u336249/Y (MAJx2_ASAP7_75t_R)
                                         n257060 (net)
                 12.33    0.22 1003.50 v u336252/B (MAJx2_ASAP7_75t_R)
     2    2.54   12.05   24.51 1028.01 v u336252/Y (MAJx2_ASAP7_75t_R)
                                         n257063 (net)
                 12.06    0.20 1028.21 v u336254/B (MAJx2_ASAP7_75t_R)
     2    2.64   11.96   24.63 1052.83 v u336254/Y (MAJx2_ASAP7_75t_R)
                                         n257065 (net)
                 11.97    0.12 1052.95 v u336257/B (MAJx2_ASAP7_75t_R)
     2    2.57   12.09   24.45 1077.40 v u336257/Y (MAJx2_ASAP7_75t_R)
                                         n257068 (net)
                 12.10    0.19 1077.59 v u336259/B (MAJx2_ASAP7_75t_R)
     2    2.60   11.84   24.57 1102.16 v u336259/Y (MAJx2_ASAP7_75t_R)
                                         n257070 (net)
                 11.85    0.12 1102.27 v u336262/B (MAJx2_ASAP7_75t_R)
     2    2.80   12.63   24.79 1127.06 v u336262/Y (MAJx2_ASAP7_75t_R)
                                         n257073 (net)
                 12.66    0.28 1127.34 v u336264/B (MAJx2_ASAP7_75t_R)
     2    2.67   12.00   24.86 1152.20 v u336264/Y (MAJx2_ASAP7_75t_R)
                                         n257075 (net)
                 12.00    0.12 1152.32 v u336267/B (MAJx2_ASAP7_75t_R)
     2    2.04   10.76   23.56 1175.88 v u336267/Y (MAJx2_ASAP7_75t_R)
                                         n257078 (net)
                 10.77    0.13 1176.01 v u336268/B (NOR2x1_ASAP7_75t_R)
     2    1.47   12.80    9.69 1185.70 ^ u336268/Y (NOR2x1_ASAP7_75t_R)
                                         n257079 (net)
                 12.80    0.05 1185.74 ^ u336269/B (AO21x1_ASAP7_75t_R)
     2    2.10   16.24   16.28 1202.03 ^ u336269/Y (AO21x1_ASAP7_75t_R)
                                         n257080 (net)
                 16.24    0.15 1202.17 ^ u336273/A (MAJx2_ASAP7_75t_R)
     3    3.27   15.06   23.07 1225.24 ^ u336273/Y (MAJx2_ASAP7_75t_R)
                                         n257083 (net)
                 15.08    0.30 1225.54 ^ u336285/A1 (OAI21x1_ASAP7_75t_R)
     2    2.63   16.45   11.42 1236.96 v u336285/Y (OAI21x1_ASAP7_75t_R)
                                         n257093 (net)
                 16.46    0.24 1237.21 v u336287/B (MAJx2_ASAP7_75t_R)
     2    2.70   12.13   25.99 1263.19 v u336287/Y (MAJx2_ASAP7_75t_R)
                                         n257095 (net)
                 12.14    0.20 1263.40 v u336290/B (MAJx2_ASAP7_75t_R)
     2    2.59   12.16   24.52 1287.92 v u336290/Y (MAJx2_ASAP7_75t_R)
                                         n257098 (net)
                 12.17    0.23 1288.14 v u336292/B (MAJx2_ASAP7_75t_R)
     2    2.80   12.38   24.90 1313.04 v u336292/Y (MAJx2_ASAP7_75t_R)
                                         n257100 (net)
                 12.39    0.20 1313.25 v u336295/B (MAJx2_ASAP7_75t_R)
     2    2.46   11.84   24.41 1337.66 v u336295/Y (MAJx2_ASAP7_75t_R)
                                         n257103 (net)
                 11.85    0.16 1337.81 v u336297/B (MAJx2_ASAP7_75t_R)
     2    2.59   11.85   24.46 1362.27 v u336297/Y (MAJx2_ASAP7_75t_R)
                                         n257105 (net)
                 11.86    0.16 1362.43 v u336300/B (MAJx2_ASAP7_75t_R)
     2    2.51   11.94   24.32 1386.75 v u336300/Y (MAJx2_ASAP7_75t_R)
                                         n257108 (net)
                 11.95    0.17 1386.93 v u336302/B (MAJx2_ASAP7_75t_R)
     2    2.73   12.19   24.73 1411.66 v u336302/Y (MAJx2_ASAP7_75t_R)
                                         n257110 (net)
                 12.20    0.18 1411.84 v u336305/B (MAJx2_ASAP7_75t_R)
     2    2.42   11.75   24.28 1436.12 v u336305/Y (MAJx2_ASAP7_75t_R)
                                         n257113 (net)
                 11.76    0.14 1436.26 v u336307/B (MAJx2_ASAP7_75t_R)
     2    2.63   11.97   24.51 1460.77 v u336307/Y (MAJx2_ASAP7_75t_R)
                                         n257115 (net)
                 11.98    0.15 1460.92 v u336310/B (MAJx2_ASAP7_75t_R)
     2    2.52   11.91   24.38 1485.30 v u336310/Y (MAJx2_ASAP7_75t_R)
                                         n257118 (net)
                 11.92    0.19 1485.48 v u336312/B (MAJx2_ASAP7_75t_R)
     2    2.64   11.98   24.57 1510.06 v u336312/Y (MAJx2_ASAP7_75t_R)
                                         n257120 (net)
                 11.99    0.16 1510.22 v u336315/B (MAJx2_ASAP7_75t_R)
     2    2.51   11.90   24.36 1534.58 v u336315/Y (MAJx2_ASAP7_75t_R)
                                         n257123 (net)
                 11.91    0.18 1534.76 v u336317/B (MAJx2_ASAP7_75t_R)
     2    2.90   12.66   24.96 1559.72 v u336317/Y (MAJx2_ASAP7_75t_R)
                                         n257125 (net)
                 12.69    0.30 1560.02 v u336320/B (MAJx2_ASAP7_75t_R)
     2    2.49   11.85   24.53 1584.55 v u336320/Y (MAJx2_ASAP7_75t_R)
                                         n257128 (net)
                 11.86    0.16 1584.71 v u336322/B (MAJx2_ASAP7_75t_R)
     2    2.80   12.39   24.80 1609.51 v u336322/Y (MAJx2_ASAP7_75t_R)
                                         n257130 (net)
                 12.41    0.25 1609.77 v u336325/B (MAJx2_ASAP7_75t_R)
     2    2.48   11.81   24.43 1634.20 v u336325/Y (MAJx2_ASAP7_75t_R)
                                         n257133 (net)
                 11.82    0.17 1634.37 v u336327/B (MAJx2_ASAP7_75t_R)
     2    2.70   12.13   24.63 1659.00 v u336327/Y (MAJx2_ASAP7_75t_R)
                                         n257135 (net)
                 12.14    0.20 1659.21 v u336330/B (MAJx2_ASAP7_75t_R)
     2    2.57   12.04   24.50 1683.70 v u336330/Y (MAJx2_ASAP7_75t_R)
                                         n257138 (net)
                 12.05    0.20 1683.91 v u336332/B (MAJx2_ASAP7_75t_R)
     2    2.81   12.43   24.87 1708.78 v u336332/Y (MAJx2_ASAP7_75t_R)
                                         n257140 (net)
                 12.45    0.26 1709.04 v u336335/B (MAJx2_ASAP7_75t_R)
     2    2.71   12.48   24.80 1733.84 v u336335/Y (MAJx2_ASAP7_75t_R)
                                         n257143 (net)
                 12.50    0.28 1734.12 v u336337/B (MAJx2_ASAP7_75t_R)
     2    2.74   12.22   24.92 1759.04 v u336337/Y (MAJx2_ASAP7_75t_R)
                                         n257145 (net)
                 12.23    0.17 1759.21 v u336340/B (MAJx2_ASAP7_75t_R)
     2    2.97   13.24   25.12 1784.33 v u336340/Y (MAJx2_ASAP7_75t_R)
                                         n257148 (net)
                 13.28    0.42 1784.74 v u336342/B (MAJx2_ASAP7_75t_R)
     2    2.92   12.74   25.40 1810.14 v u336342/Y (MAJx2_ASAP7_75t_R)
                                         n257150 (net)
                 12.77    0.31 1810.46 v u336345/B (MAJx2_ASAP7_75t_R)
     2    2.58   12.08   24.69 1835.15 v u336345/Y (MAJx2_ASAP7_75t_R)
                                         n257153 (net)
                 12.10    0.22 1835.38 v u336347/B (MAJx2_ASAP7_75t_R)
     2    2.76   12.27   24.81 1860.18 v u336347/Y (MAJx2_ASAP7_75t_R)
                                         n257155 (net)
                 12.28    0.22 1860.40 v u336350/B (MAJx2_ASAP7_75t_R)
     2    2.50   11.84   24.43 1884.84 v u336350/Y (MAJx2_ASAP7_75t_R)
                                         n257158 (net)
                 11.85    0.17 1885.00 v u336352/B (MAJx2_ASAP7_75t_R)
     2    2.86   12.55   24.88 1909.88 v u336352/Y (MAJx2_ASAP7_75t_R)
                                         n257160 (net)
                 12.57    0.28 1910.16 v u336355/B (MAJx2_ASAP7_75t_R)
     2    2.46   11.76   24.45 1934.61 v u336355/Y (MAJx2_ASAP7_75t_R)
                                         n257163 (net)
                 11.76    0.15 1934.76 v u336357/B (MAJx2_ASAP7_75t_R)
     2    2.70   12.14   24.62 1959.38 v u336357/Y (MAJx2_ASAP7_75t_R)
                                         n257165 (net)
                 12.15    0.20 1959.58 v u336360/B (MAJx2_ASAP7_75t_R)
     2    2.43   11.68   24.27 1983.86 v u336360/Y (MAJx2_ASAP7_75t_R)
                                         n257168 (net)
                 11.69    0.14 1984.00 v u336362/B (MAJx2_ASAP7_75t_R)
     2    2.76   12.28   24.69 2008.69 v u336362/Y (MAJx2_ASAP7_75t_R)
                                         n257170 (net)
                 12.29    0.20 2008.88 v u336365/B (MAJx2_ASAP7_75t_R)
     2    2.40   11.62   24.28 2033.16 v u336365/Y (MAJx2_ASAP7_75t_R)
                                         n257173 (net)
                 11.62    0.13 2033.29 v u336367/B (MAJx2_ASAP7_75t_R)
     2    2.87   12.57   24.83 2058.12 v u336367/Y (MAJx2_ASAP7_75t_R)
                                         n257175 (net)
                 12.59    0.26 2058.38 v u336370/B (MAJx2_ASAP7_75t_R)
     2    2.49   11.85   24.51 2082.90 v u336370/Y (MAJx2_ASAP7_75t_R)
                                         n257178 (net)
                 11.85    0.16 2083.05 v u336372/B (MAJx2_ASAP7_75t_R)
     2    2.69   12.11   24.63 2107.68 v u336372/Y (MAJx2_ASAP7_75t_R)
                                         n257180 (net)
                 12.13    0.20 2107.88 v u336375/B (MAJx2_ASAP7_75t_R)
     2    2.56   12.01   24.48 2132.36 v u336375/Y (MAJx2_ASAP7_75t_R)
                                         n257183 (net)
                 12.02    0.18 2132.54 v u336377/B (MAJx2_ASAP7_75t_R)
     2    2.62   11.92   24.56 2157.10 v u336377/Y (MAJx2_ASAP7_75t_R)
                                         n257185 (net)
                 11.93    0.16 2157.27 v u336380/B (MAJx2_ASAP7_75t_R)
     2    2.58   12.05   24.45 2181.72 v u336380/Y (MAJx2_ASAP7_75t_R)
                                         n257188 (net)
                 12.06    0.19 2181.91 v u336382/B (MAJx2_ASAP7_75t_R)
     2    2.74   12.25   24.77 2206.68 v u336382/Y (MAJx2_ASAP7_75t_R)
                                         n257190 (net)
                 12.26    0.23 2206.90 v u336385/B (MAJx2_ASAP7_75t_R)
     2    2.45   11.74   24.34 2231.25 v u336385/Y (MAJx2_ASAP7_75t_R)
                                         n257193 (net)
                 11.75    0.16 2231.40 v u336387/B (MAJx2_ASAP7_75t_R)
     2    2.76   12.27   24.71 2256.11 v u336387/Y (MAJx2_ASAP7_75t_R)
                                         n257195 (net)
                 12.29    0.21 2256.32 v u336390/B (MAJx2_ASAP7_75t_R)
     2    2.69   12.39   24.73 2281.05 v u336390/Y (MAJx2_ASAP7_75t_R)
                                         n257198 (net)
                 12.41    0.26 2281.31 v u336392/B (MAJx2_ASAP7_75t_R)
     2    2.58   11.81   24.62 2305.93 v u336392/Y (MAJx2_ASAP7_75t_R)
                                         n257200 (net)
                 11.82    0.14 2306.06 v u336395/B (MAJx2_ASAP7_75t_R)
     2    2.67   12.32   24.54 2330.61 v u336395/Y (MAJx2_ASAP7_75t_R)
                                         n257203 (net)
                 12.34    0.27 2330.87 v u336397/B (MAJx2_ASAP7_75t_R)
     2    3.14   13.41   25.41 2356.29 v u336397/Y (MAJx2_ASAP7_75t_R)
                                         n257205 (net)
                 13.45    0.39 2356.68 v u336400/B (MAJx2_ASAP7_75t_R)
     2    2.44   11.75   24.67 2381.35 v u336400/Y (MAJx2_ASAP7_75t_R)
                                         n257208 (net)
                 11.76    0.14 2381.49 v u336402/B (MAJx2_ASAP7_75t_R)
     2    2.52   11.66   24.35 2405.84 v u336402/Y (MAJx2_ASAP7_75t_R)
                                         n257210 (net)
                 11.67    0.11 2405.95 v u336405/B (MAJx2_ASAP7_75t_R)
     2    2.41   11.68   24.13 2430.08 v u336405/Y (MAJx2_ASAP7_75t_R)
                                         n257213 (net)
                 11.68    0.08 2430.16 v u336407/B (MAJx2_ASAP7_75t_R)
     2    2.77   12.30   24.71 2454.86 v u336407/Y (MAJx2_ASAP7_75t_R)
                                         n257215 (net)
                 12.32    0.22 2455.09 v u336410/B (MAJx2_ASAP7_75t_R)
     2    2.36   11.52   24.22 2479.30 v u336410/Y (MAJx2_ASAP7_75t_R)
                                         n257218 (net)
                 11.53    0.11 2479.42 v u336412/B (MAJx2_ASAP7_75t_R)
     2    2.69   12.07   24.54 2503.95 v u336412/Y (MAJx2_ASAP7_75t_R)
                                         n257220 (net)
                 12.08    0.18 2504.13 v u336415/B (MAJx2_ASAP7_75t_R)
     2    2.42   11.83   24.25 2528.38 v u336415/Y (MAJx2_ASAP7_75t_R)
                                         n257223 (net)
                 11.83    0.12 2528.50 v u336417/B (MAJx2_ASAP7_75t_R)
     2    2.73   12.21   24.70 2553.20 v u336417/Y (MAJx2_ASAP7_75t_R)
                                         n257225 (net)
                 12.22    0.18 2553.38 v u336420/B (MAJx2_ASAP7_75t_R)
     2    2.33   11.54   24.15 2577.53 v u336420/Y (MAJx2_ASAP7_75t_R)
                                         n257228 (net)
                 11.54    0.07 2577.60 v u336422/B (MAJx2_ASAP7_75t_R)
     2    2.56   11.77   24.33 2601.94 v u336422/Y (MAJx2_ASAP7_75t_R)
                                         n257230 (net)
                 11.78    0.13 2602.06 v u336425/B (MAJx2_ASAP7_75t_R)
     2    2.48   12.05   24.26 2626.32 v u336425/Y (MAJx2_ASAP7_75t_R)
                                         n257233 (net)
                 12.06    0.16 2626.48 v u336427/B (MAJx2_ASAP7_75t_R)
     2    2.57   11.81   24.51 2650.99 v u336427/Y (MAJx2_ASAP7_75t_R)
                                         n257235 (net)
                 11.81    0.13 2651.12 v u336430/B (MAJx2_ASAP7_75t_R)
     2    2.37   11.58   24.09 2675.21 v u336430/Y (MAJx2_ASAP7_75t_R)
                                         n257238 (net)
                 11.58    0.10 2675.30 v u336432/B (MAJx2_ASAP7_75t_R)
     2    2.57   11.78   24.38 2699.69 v u336432/Y (MAJx2_ASAP7_75t_R)
                                         n257240 (net)
                 11.78    0.12 2699.81 v u336435/B (MAJx2_ASAP7_75t_R)
     2    2.32   11.59   24.02 2723.82 v u336435/Y (MAJx2_ASAP7_75t_R)
                                         n257243 (net)
                 11.59    0.06 2723.89 v u336437/B (MAJx2_ASAP7_75t_R)
     2    2.48   11.55   24.23 2748.12 v u336437/Y (MAJx2_ASAP7_75t_R)
                                         n257245 (net)
                 11.56    0.10 2748.22 v u336440/B (MAJx2_ASAP7_75t_R)
     2    2.42   11.78   24.10 2772.32 v u336440/Y (MAJx2_ASAP7_75t_R)
                                         n257248 (net)
                 11.79    0.13 2772.45 v u336442/B (MAJx2_ASAP7_75t_R)
     2    2.69   12.04   24.64 2797.10 v u336442/Y (MAJx2_ASAP7_75t_R)
                                         n257250 (net)
                 12.04    0.10 2797.20 v u336445/B (MAJx2_ASAP7_75t_R)
     2    2.42   11.82   24.25 2821.45 v u336445/Y (MAJx2_ASAP7_75t_R)
                                         n257253 (net)
                 11.83    0.12 2821.57 v u336447/B (MAJx2_ASAP7_75t_R)
     2    2.55   11.71   24.43 2846.01 v u336447/Y (MAJx2_ASAP7_75t_R)
                                         n257255 (net)
                 11.71    0.07 2846.08 v u336450/B (MAJx2_ASAP7_75t_R)
     2    2.27   11.24   23.92 2869.99 v u336450/Y (MAJx2_ASAP7_75t_R)
                                         n257258 (net)
                 11.24    0.06 2870.05 v u336452/B (MAJx2_ASAP7_75t_R)
     2    2.72   12.17   24.49 2894.54 v u336452/Y (MAJx2_ASAP7_75t_R)
                                         n257260 (net)
                 12.19    0.21 2894.74 v u336455/B (MAJx2_ASAP7_75t_R)
     2    2.46   11.81   24.34 2919.08 v u336455/Y (MAJx2_ASAP7_75t_R)
                                         n257263 (net)
                 11.82    0.16 2919.24 v u336457/B (MAJx2_ASAP7_75t_R)
     2    2.60   11.88   24.49 2943.74 v u336457/Y (MAJx2_ASAP7_75t_R)
                                         n257265 (net)
                 11.89    0.15 2943.88 v u336460/B (MAJx2_ASAP7_75t_R)
     2    2.41   11.63   24.18 2968.06 v u336460/Y (MAJx2_ASAP7_75t_R)
                                         n257268 (net)
                 11.64    0.13 2968.18 v u336462/B (MAJx2_ASAP7_75t_R)
     2    2.66   12.02   24.51 2992.70 v u336462/Y (MAJx2_ASAP7_75t_R)
                                         n257270 (net)
                 12.03    0.19 2992.89 v u336465/B (MAJx2_ASAP7_75t_R)
     2    2.07   10.92   23.63 3016.51 v u336465/Y (MAJx2_ASAP7_75t_R)
                                         n257273 (net)
                 10.92    0.13 3016.65 v u336469/A (MAJx2_ASAP7_75t_R)
     2    2.83   12.73   22.83 3039.48 v u336469/Y (MAJx2_ASAP7_75t_R)
                                         n257277 (net)
                 12.75    0.27 3039.75 v u336472/B (MAJx2_ASAP7_75t_R)
     3    2.76   12.50   25.01 3064.75 v u336472/Y (MAJx2_ASAP7_75t_R)
                                         n257280 (net)
                 12.51    0.20 3064.96 v u336473/C (OR3x1_ASAP7_75t_R)
     1    1.19   10.93   22.69 3087.65 v u336473/Y (OR3x1_ASAP7_75t_R)
                                         n257281 (net)
                 10.93    0.06 3087.71 v u336476/A (NAND2x1_ASAP7_75t_R)
     3    3.56   26.83   17.30 3105.01 ^ u336476/Y (NAND2x1_ASAP7_75t_R)
                                         n257284 (net)
                 26.85    0.41 3105.41 ^ u336478/C (OR4x1_ASAP7_75t_R)
     4    3.86   26.35   24.55 3129.96 ^ u336478/Y (OR4x1_ASAP7_75t_R)
                                         n257286 (net)
                 26.36    0.16 3130.12 ^ u336480/A (OR2x2_ASAP7_75t_R)
     5    6.36   22.82   27.35 3157.47 ^ u336480/Y (OR2x2_ASAP7_75t_R)
                                         n257288 (net)
                 22.82    0.22 3157.69 ^ u336497/A (NOR2x2_ASAP7_75t_R)
    29   34.50  101.45   47.18 3204.87 v u336497/Y (NOR2x2_ASAP7_75t_R)
                                         n256731 (net)
                102.93    6.92 3211.79 v place54623/A (BUFx3_ASAP7_75t_R)
    29   26.21   54.78   45.93 3257.72 v place54623/Y (BUFx3_ASAP7_75t_R)
                                         net54582 (net)
                 67.01   13.52 3271.24 v place54622/A (BUFx3_ASAP7_75t_R)
    37   36.20   73.58   45.03 3316.27 v place54622/Y (BUFx3_ASAP7_75t_R)
                                         net54581 (net)
                 93.59   20.38 3336.65 v place54621/A (BUFx6f_ASAP7_75t_R)
    60   54.79   57.98   37.97 3374.61 v place54621/Y (BUFx6f_ASAP7_75t_R)
                                         net54580 (net)
                124.15   36.97 3411.59 v u336716/B (NAND2x1_ASAP7_75t_R)
     1    0.84   25.59   23.37 3434.96 ^ u336716/Y (NAND2x1_ASAP7_75t_R)
                                         n257435 (net)
                 25.59    0.05 3435.01 ^ u336717/B (OA21x2_ASAP7_75t_R)
     1    0.73    9.63   18.44 3453.45 ^ u336717/Y (OA21x2_ASAP7_75t_R)
                                         n238674 (net)
                  9.63    0.03 3453.48 ^ u316930/D (DFFHQNx1_ASAP7_75t_R)
                               3453.48   data arrival time

                  0.00 5000.00 5000.00   clock core_clock (rise edge)
                          0.00 5000.00   clock network delay (ideal)
                          0.00 5000.00   clock reconvergence pessimism
                               5000.00 ^ u316930/CLK (DFFHQNx1_ASAP7_75t_R)
                        -15.39 4984.61   library setup time
                               4984.61   data required time
-----------------------------------------------------------------------------
                               4984.61   data required time
                               -3453.48   data arrival time
-----------------------------------------------------------------------------
                               1531.13   slack (MET)



==========================================================================
detailed place report_checks -unconstrained
--------------------------------------------------------------------------
Startpoint: u336116 (rising edge-triggered flip-flop clocked by core_clock)
Endpoint: u316930 (rising edge-triggered flip-flop clocked by core_clock)
Path Group: core_clock
Path Type: max

Fanout     Cap    Slew   Delay    Time   Description
-----------------------------------------------------------------------------
                  0.00    0.00    0.00   clock core_clock (rise edge)
                          0.00    0.00   clock network delay (ideal)
                  0.00    0.00    0.00 ^ u336116/CLK (DFFHQNx1_ASAP7_75t_R)
     2    1.39   16.94   34.00   34.00 v u336116/QN (DFFHQNx1_ASAP7_75t_R)
                                         uacc_section14_allocator_udiv_144ns_128ns_144_148_1_U52.uacc_section14_allocator_uacc_section14_allocator_udiv_144ns_128ns_144_148_1_div_U.uacc_section14_allocator_uacc_section14_allocator_udiv_144ns_128ns_144_148_1_div_u_0.divisor_tmp[7424] (net)
                 16.94    0.05   34.05 v u336117/A (INVx1_ASAP7_75t_R)
     2    1.54   13.65   10.96   45.01 ^ u336117/Y (INVx1_ASAP7_75t_R)
                                         n238715 (net)
                 13.66    0.09   45.09 ^ u336119/A (OR2x2_ASAP7_75t_R)
     2    2.18   10.18   18.06   63.15 ^ u336119/Y (OR2x2_ASAP7_75t_R)
                                         n256952 (net)
                 10.19    0.15   63.31 ^ u336123/A (MAJx2_ASAP7_75t_R)
     2    2.45   12.61   19.95   83.26 ^ u336123/Y (MAJx2_ASAP7_75t_R)
                                         n256955 (net)
                 12.63    0.28   83.53 ^ u336127/A (MAJx2_ASAP7_75t_R)
     2    2.17   11.72   20.20  103.74 ^ u336127/Y (MAJx2_ASAP7_75t_R)
                                         n256958 (net)
                 11.73    0.13  103.87 ^ u336131/A (MAJx2_ASAP7_75t_R)
     2    2.02   11.23   19.69  123.56 ^ u336131/Y (MAJx2_ASAP7_75t_R)
                                         n256961 (net)
                 11.24    0.12  123.68 ^ u336135/A (MAJx2_ASAP7_75t_R)
     2    2.10   11.47   19.69  143.37 ^ u336135/Y (MAJx2_ASAP7_75t_R)
                                         n256964 (net)
                 11.48    0.14  143.51 ^ u336139/A (MAJx2_ASAP7_75t_R)
     2    2.39   12.45   20.23  163.74 ^ u336139/Y (MAJx2_ASAP7_75t_R)
                                         n256967 (net)
                 12.48    0.28  164.02 ^ u336143/A (MAJx2_ASAP7_75t_R)
     2    2.36   12.35   20.47  184.48 ^ u336143/Y (MAJx2_ASAP7_75t_R)
                                         n256970 (net)
                 12.36    0.26  184.74 ^ u336147/A (MAJx2_ASAP7_75t_R)
     2    2.38   12.37   20.46  205.20 ^ u336147/Y (MAJx2_ASAP7_75t_R)
                                         n256973 (net)
                 12.39    0.24  205.45 ^ u336151/A (MAJx2_ASAP7_75t_R)
     2    5.56   22.95   24.61  230.06 ^ u336151/Y (MAJx2_ASAP7_75t_R)
                                         n256976 (net)
                 23.97    2.59  232.64 ^ u336155/A (MAJx2_ASAP7_75t_R)
     2    2.68   13.35   23.98  256.62 ^ u336155/Y (MAJx2_ASAP7_75t_R)
                                         n256979 (net)
                 13.39    0.39  257.01 ^ u336159/A (MAJx2_ASAP7_75t_R)
     2    3.86   17.45   22.86  279.88 ^ u336159/Y (MAJx2_ASAP7_75t_R)
                                         n256982 (net)
                 17.69    1.12  281.00 ^ u336160/B (OA21x2_ASAP7_75t_R)
     1    1.29    8.66   18.25  299.25 ^ u336160/Y (OA21x2_ASAP7_75t_R)
                                         n256983 (net)
                  8.66    0.05  299.29 ^ u336161/B (AOI21x1_ASAP7_75t_R)
     2    2.25   18.13    9.13  308.42 v u336161/Y (AOI21x1_ASAP7_75t_R)
                                         n256984 (net)
                 18.14    0.22  308.65 v u336162/B (NOR2x1_ASAP7_75t_R)
     2    1.48   14.68   11.54  320.19 ^ u336162/Y (NOR2x1_ASAP7_75t_R)
                                         n256985 (net)
                 14.68    0.04  320.23 ^ u336163/B (AO21x1_ASAP7_75t_R)
     2    2.14   16.43   16.80  337.03 ^ u336163/Y (AO21x1_ASAP7_75t_R)
                                         n256986 (net)
                 16.43    0.16  337.19 ^ u336167/A (MAJx2_ASAP7_75t_R)
     2    2.26   12.03   21.45  358.63 ^ u336167/Y (MAJx2_ASAP7_75t_R)
                                         n256989 (net)
                 12.05    0.20  358.84 ^ u336171/A (MAJx2_ASAP7_75t_R)
     2    2.90   14.05   21.20  380.03 ^ u336171/Y (MAJx2_ASAP7_75t_R)
                                         n256992 (net)
                 14.11    0.48  380.52 ^ u336175/A (MAJx2_ASAP7_75t_R)
     2    2.19   11.78   20.65  401.17 ^ u336175/Y (MAJx2_ASAP7_75t_R)
                                         n256995 (net)
                 11.79    0.17  401.34 ^ u336179/A (MAJx2_ASAP7_75t_R)
     2    3.42   15.88   21.84  423.17 ^ u336179/Y (MAJx2_ASAP7_75t_R)
                                         n256998 (net)
                 16.03    0.84  424.01 ^ u336183/A (MAJx2_ASAP7_75t_R)
     2    2.37   12.40   21.50  445.51 ^ u336183/Y (MAJx2_ASAP7_75t_R)
                                         n257001 (net)
                 12.42    0.26  445.77 ^ u336187/A (MAJx2_ASAP7_75t_R)
     2    2.71   13.47   21.00  466.77 ^ u336187/Y (MAJx2_ASAP7_75t_R)
                                         n257004 (net)
                 13.51    0.41  467.18 ^ u336188/B (OA21x2_ASAP7_75t_R)
     1    1.32    8.79   17.54  484.72 ^ u336188/Y (OA21x2_ASAP7_75t_R)
                                         n257005 (net)
                  8.80    0.05  484.77 ^ u336189/B (AOI21x1_ASAP7_75t_R)
     2    2.36   18.86    9.36  494.13 v u336189/Y (AOI21x1_ASAP7_75t_R)
                                         n257006 (net)
                 18.87    0.25  494.39 v u336190/B (NOR2x1_ASAP7_75t_R)
     2    1.38   14.36   11.37  505.75 ^ u336190/Y (NOR2x1_ASAP7_75t_R)
                                         n257007 (net)
                 14.36    0.04  505.79 ^ u336191/B (AO21x1_ASAP7_75t_R)
     2    2.35   17.73   17.28  523.07 ^ u336191/Y (AO21x1_ASAP7_75t_R)
                                         n257008 (net)
                 17.73    0.26  523.33 ^ u336195/A (MAJx2_ASAP7_75t_R)
     2    2.44   12.62   22.10  545.43 ^ u336195/Y (MAJx2_ASAP7_75t_R)
                                         n257011 (net)
                 12.64    0.29  545.72 ^ u336199/A (MAJx2_ASAP7_75t_R)
     2    2.51   12.82   20.77  566.49 ^ u336199/Y (MAJx2_ASAP7_75t_R)
                                         n257014 (net)
                 12.85    0.31  566.80 ^ u336203/A (MAJx2_ASAP7_75t_R)
     2    2.26   12.01   20.42  587.22 ^ u336203/Y (MAJx2_ASAP7_75t_R)
                                         n257017 (net)
                 12.02    0.20  587.42 ^ u336207/A (MAJx2_ASAP7_75t_R)
     2    2.20   11.83   20.06  607.48 ^ u336207/Y (MAJx2_ASAP7_75t_R)
                                         n257020 (net)
                 11.84    0.19  607.67 ^ u336211/A (MAJx2_ASAP7_75t_R)
     2    2.08   11.48   19.84  627.51 ^ u336211/Y (MAJx2_ASAP7_75t_R)
                                         n257023 (net)
                 11.49    0.13  627.64 ^ u336215/A (MAJx2_ASAP7_75t_R)
     2    2.03   11.32   19.64  647.28 ^ u336215/Y (MAJx2_ASAP7_75t_R)
                                         n257026 (net)
                 11.32    0.12  647.40 ^ u336216/B (OA21x2_ASAP7_75t_R)
     1    1.31    8.72   17.13  664.53 ^ u336216/Y (OA21x2_ASAP7_75t_R)
                                         n257027 (net)
                  8.72    0.05  664.58 ^ u336217/B (AOI21x1_ASAP7_75t_R)
     2    2.62   19.72    9.84  674.42 v u336217/Y (AOI21x1_ASAP7_75t_R)
                                         n257028 (net)
                 19.73    0.20  674.63 v u336219/B (MAJx2_ASAP7_75t_R)
     2    2.73   12.17   26.99  701.62 v u336219/Y (MAJx2_ASAP7_75t_R)
                                         n257030 (net)
                 12.18    0.20  701.82 v u336222/B (MAJx2_ASAP7_75t_R)
     2    2.70   12.39   24.72  726.54 v u336222/Y (MAJx2_ASAP7_75t_R)
                                         n257033 (net)
                 12.41    0.27  726.80 v u336224/B (MAJx2_ASAP7_75t_R)
     2    2.58   11.82   24.62  751.42 v u336224/Y (MAJx2_ASAP7_75t_R)
                                         n257035 (net)
                 11.82    0.14  751.56 v u336227/B (MAJx2_ASAP7_75t_R)
     2    2.81   12.80   24.77  776.33 v u336227/Y (MAJx2_ASAP7_75t_R)
                                         n257038 (net)
                 12.83    0.31  776.65 v u336229/B (MAJx2_ASAP7_75t_R)
     2    2.87   12.56   25.19  801.84 v u336229/Y (MAJx2_ASAP7_75t_R)
                                         n257040 (net)
                 12.58    0.27  802.11 v u336232/B (MAJx2_ASAP7_75t_R)
     2    2.85   12.90   25.06  827.17 v u336232/Y (MAJx2_ASAP7_75t_R)
                                         n257043 (net)
                 12.93    0.35  827.51 v u336234/B (MAJx2_ASAP7_75t_R)
     2    2.67   12.06   24.93  852.44 v u336234/Y (MAJx2_ASAP7_75t_R)
                                         n257045 (net)
                 12.07    0.17  852.61 v u336237/B (MAJx2_ASAP7_75t_R)
     2    2.60   12.16   24.53  877.13 v u336237/Y (MAJx2_ASAP7_75t_R)
                                         n257048 (net)
                 12.17    0.22  877.35 v u336239/B (MAJx2_ASAP7_75t_R)
     2    3.11   13.31   25.32  902.67 v u336239/Y (MAJx2_ASAP7_75t_R)
                                         n257050 (net)
                 13.35    0.39  903.06 v u336242/B (MAJx2_ASAP7_75t_R)
     2    2.84   12.80   25.24  928.30 v u336242/Y (MAJx2_ASAP7_75t_R)
                                         n257053 (net)
                 12.83    0.36  928.65 v u336244/B (MAJx2_ASAP7_75t_R)
     2    2.76   12.27   25.04  953.70 v u336244/Y (MAJx2_ASAP7_75t_R)
                                         n257055 (net)
                 12.29    0.20  953.90 v u336247/B (MAJx2_ASAP7_75t_R)
     2    2.50   11.91   24.44  978.34 v u336247/Y (MAJx2_ASAP7_75t_R)
                                         n257058 (net)
                 11.92    0.15  978.49 v u336249/B (MAJx2_ASAP7_75t_R)
     2    2.77   12.31   24.79 1003.28 v u336249/Y (MAJx2_ASAP7_75t_R)
                                         n257060 (net)
                 12.33    0.22 1003.50 v u336252/B (MAJx2_ASAP7_75t_R)
     2    2.54   12.05   24.51 1028.01 v u336252/Y (MAJx2_ASAP7_75t_R)
                                         n257063 (net)
                 12.06    0.20 1028.21 v u336254/B (MAJx2_ASAP7_75t_R)
     2    2.64   11.96   24.63 1052.83 v u336254/Y (MAJx2_ASAP7_75t_R)
                                         n257065 (net)
                 11.97    0.12 1052.95 v u336257/B (MAJx2_ASAP7_75t_R)
     2    2.57   12.09   24.45 1077.40 v u336257/Y (MAJx2_ASAP7_75t_R)
                                         n257068 (net)
                 12.10    0.19 1077.59 v u336259/B (MAJx2_ASAP7_75t_R)
     2    2.60   11.84   24.57 1102.16 v u336259/Y (MAJx2_ASAP7_75t_R)
                                         n257070 (net)
                 11.85    0.12 1102.27 v u336262/B (MAJx2_ASAP7_75t_R)
     2    2.80   12.63   24.79 1127.06 v u336262/Y (MAJx2_ASAP7_75t_R)
                                         n257073 (net)
                 12.66    0.28 1127.34 v u336264/B (MAJx2_ASAP7_75t_R)
     2    2.67   12.00   24.86 1152.20 v u336264/Y (MAJx2_ASAP7_75t_R)
                                         n257075 (net)
                 12.00    0.12 1152.32 v u336267/B (MAJx2_ASAP7_75t_R)
     2    2.04   10.76   23.56 1175.88 v u336267/Y (MAJx2_ASAP7_75t_R)
                                         n257078 (net)
                 10.77    0.13 1176.01 v u336268/B (NOR2x1_ASAP7_75t_R)
     2    1.47   12.80    9.69 1185.70 ^ u336268/Y (NOR2x1_ASAP7_75t_R)
                                         n257079 (net)
                 12.80    0.05 1185.74 ^ u336269/B (AO21x1_ASAP7_75t_R)
     2    2.10   16.24   16.28 1202.03 ^ u336269/Y (AO21x1_ASAP7_75t_R)
                                         n257080 (net)
                 16.24    0.15 1202.17 ^ u336273/A (MAJx2_ASAP7_75t_R)
     3    3.27   15.06   23.07 1225.24 ^ u336273/Y (MAJx2_ASAP7_75t_R)
                                         n257083 (net)
                 15.08    0.30 1225.54 ^ u336285/A1 (OAI21x1_ASAP7_75t_R)
     2    2.63   16.45   11.42 1236.96 v u336285/Y (OAI21x1_ASAP7_75t_R)
                                         n257093 (net)
                 16.46    0.24 1237.21 v u336287/B (MAJx2_ASAP7_75t_R)
     2    2.70   12.13   25.99 1263.19 v u336287/Y (MAJx2_ASAP7_75t_R)
                                         n257095 (net)
                 12.14    0.20 1263.40 v u336290/B (MAJx2_ASAP7_75t_R)
     2    2.59   12.16   24.52 1287.92 v u336290/Y (MAJx2_ASAP7_75t_R)
                                         n257098 (net)
                 12.17    0.23 1288.14 v u336292/B (MAJx2_ASAP7_75t_R)
     2    2.80   12.38   24.90 1313.04 v u336292/Y (MAJx2_ASAP7_75t_R)
                                         n257100 (net)
                 12.39    0.20 1313.25 v u336295/B (MAJx2_ASAP7_75t_R)
     2    2.46   11.84   24.41 1337.66 v u336295/Y (MAJx2_ASAP7_75t_R)
                                         n257103 (net)
                 11.85    0.16 1337.81 v u336297/B (MAJx2_ASAP7_75t_R)
     2    2.59   11.85   24.46 1362.27 v u336297/Y (MAJx2_ASAP7_75t_R)
                                         n257105 (net)
                 11.86    0.16 1362.43 v u336300/B (MAJx2_ASAP7_75t_R)
     2    2.51   11.94   24.32 1386.75 v u336300/Y (MAJx2_ASAP7_75t_R)
                                         n257108 (net)
                 11.95    0.17 1386.93 v u336302/B (MAJx2_ASAP7_75t_R)
     2    2.73   12.19   24.73 1411.66 v u336302/Y (MAJx2_ASAP7_75t_R)
                                         n257110 (net)
                 12.20    0.18 1411.84 v u336305/B (MAJx2_ASAP7_75t_R)
     2    2.42   11.75   24.28 1436.12 v u336305/Y (MAJx2_ASAP7_75t_R)
                                         n257113 (net)
                 11.76    0.14 1436.26 v u336307/B (MAJx2_ASAP7_75t_R)
     2    2.63   11.97   24.51 1460.77 v u336307/Y (MAJx2_ASAP7_75t_R)
                                         n257115 (net)
                 11.98    0.15 1460.92 v u336310/B (MAJx2_ASAP7_75t_R)
     2    2.52   11.91   24.38 1485.30 v u336310/Y (MAJx2_ASAP7_75t_R)
                                         n257118 (net)
                 11.92    0.19 1485.48 v u336312/B (MAJx2_ASAP7_75t_R)
     2    2.64   11.98   24.57 1510.06 v u336312/Y (MAJx2_ASAP7_75t_R)
                                         n257120 (net)
                 11.99    0.16 1510.22 v u336315/B (MAJx2_ASAP7_75t_R)
     2    2.51   11.90   24.36 1534.58 v u336315/Y (MAJx2_ASAP7_75t_R)
                                         n257123 (net)
                 11.91    0.18 1534.76 v u336317/B (MAJx2_ASAP7_75t_R)
     2    2.90   12.66   24.96 1559.72 v u336317/Y (MAJx2_ASAP7_75t_R)
                                         n257125 (net)
                 12.69    0.30 1560.02 v u336320/B (MAJx2_ASAP7_75t_R)
     2    2.49   11.85   24.53 1584.55 v u336320/Y (MAJx2_ASAP7_75t_R)
                                         n257128 (net)
                 11.86    0.16 1584.71 v u336322/B (MAJx2_ASAP7_75t_R)
     2    2.80   12.39   24.80 1609.51 v u336322/Y (MAJx2_ASAP7_75t_R)
                                         n257130 (net)
                 12.41    0.25 1609.77 v u336325/B (MAJx2_ASAP7_75t_R)
     2    2.48   11.81   24.43 1634.20 v u336325/Y (MAJx2_ASAP7_75t_R)
                                         n257133 (net)
                 11.82    0.17 1634.37 v u336327/B (MAJx2_ASAP7_75t_R)
     2    2.70   12.13   24.63 1659.00 v u336327/Y (MAJx2_ASAP7_75t_R)
                                         n257135 (net)
                 12.14    0.20 1659.21 v u336330/B (MAJx2_ASAP7_75t_R)
     2    2.57   12.04   24.50 1683.70 v u336330/Y (MAJx2_ASAP7_75t_R)
                                         n257138 (net)
                 12.05    0.20 1683.91 v u336332/B (MAJx2_ASAP7_75t_R)
     2    2.81   12.43   24.87 1708.78 v u336332/Y (MAJx2_ASAP7_75t_R)
                                         n257140 (net)
                 12.45    0.26 1709.04 v u336335/B (MAJx2_ASAP7_75t_R)
     2    2.71   12.48   24.80 1733.84 v u336335/Y (MAJx2_ASAP7_75t_R)
                                         n257143 (net)
                 12.50    0.28 1734.12 v u336337/B (MAJx2_ASAP7_75t_R)
     2    2.74   12.22   24.92 1759.04 v u336337/Y (MAJx2_ASAP7_75t_R)
                                         n257145 (net)
                 12.23    0.17 1759.21 v u336340/B (MAJx2_ASAP7_75t_R)
     2    2.97   13.24   25.12 1784.33 v u336340/Y (MAJx2_ASAP7_75t_R)
                                         n257148 (net)
                 13.28    0.42 1784.74 v u336342/B (MAJx2_ASAP7_75t_R)
     2    2.92   12.74   25.40 1810.14 v u336342/Y (MAJx2_ASAP7_75t_R)
                                         n257150 (net)
                 12.77    0.31 1810.46 v u336345/B (MAJx2_ASAP7_75t_R)
     2    2.58   12.08   24.69 1835.15 v u336345/Y (MAJx2_ASAP7_75t_R)
                                         n257153 (net)
                 12.10    0.22 1835.38 v u336347/B (MAJx2_ASAP7_75t_R)
     2    2.76   12.27   24.81 1860.18 v u336347/Y (MAJx2_ASAP7_75t_R)
                                         n257155 (net)
                 12.28    0.22 1860.40 v u336350/B (MAJx2_ASAP7_75t_R)
     2    2.50   11.84   24.43 1884.84 v u336350/Y (MAJx2_ASAP7_75t_R)
                                         n257158 (net)
                 11.85    0.17 1885.00 v u336352/B (MAJx2_ASAP7_75t_R)
     2    2.86   12.55   24.88 1909.88 v u336352/Y (MAJx2_ASAP7_75t_R)
                                         n257160 (net)
                 12.57    0.28 1910.16 v u336355/B (MAJx2_ASAP7_75t_R)
     2    2.46   11.76   24.45 1934.61 v u336355/Y (MAJx2_ASAP7_75t_R)
                                         n257163 (net)
                 11.76    0.15 1934.76 v u336357/B (MAJx2_ASAP7_75t_R)
     2    2.70   12.14   24.62 1959.38 v u336357/Y (MAJx2_ASAP7_75t_R)
                                         n257165 (net)
                 12.15    0.20 1959.58 v u336360/B (MAJx2_ASAP7_75t_R)
     2    2.43   11.68   24.27 1983.86 v u336360/Y (MAJx2_ASAP7_75t_R)
                                         n257168 (net)
                 11.69    0.14 1984.00 v u336362/B (MAJx2_ASAP7_75t_R)
     2    2.76   12.28   24.69 2008.69 v u336362/Y (MAJx2_ASAP7_75t_R)
                                         n257170 (net)
                 12.29    0.20 2008.88 v u336365/B (MAJx2_ASAP7_75t_R)
     2    2.40   11.62   24.28 2033.16 v u336365/Y (MAJx2_ASAP7_75t_R)
                                         n257173 (net)
                 11.62    0.13 2033.29 v u336367/B (MAJx2_ASAP7_75t_R)
     2    2.87   12.57   24.83 2058.12 v u336367/Y (MAJx2_ASAP7_75t_R)
                                         n257175 (net)
                 12.59    0.26 2058.38 v u336370/B (MAJx2_ASAP7_75t_R)
     2    2.49   11.85   24.51 2082.90 v u336370/Y (MAJx2_ASAP7_75t_R)
                                         n257178 (net)
                 11.85    0.16 2083.05 v u336372/B (MAJx2_ASAP7_75t_R)
     2    2.69   12.11   24.63 2107.68 v u336372/Y (MAJx2_ASAP7_75t_R)
                                         n257180 (net)
                 12.13    0.20 2107.88 v u336375/B (MAJx2_ASAP7_75t_R)
     2    2.56   12.01   24.48 2132.36 v u336375/Y (MAJx2_ASAP7_75t_R)
                                         n257183 (net)
                 12.02    0.18 2132.54 v u336377/B (MAJx2_ASAP7_75t_R)
     2    2.62   11.92   24.56 2157.10 v u336377/Y (MAJx2_ASAP7_75t_R)
                                         n257185 (net)
                 11.93    0.16 2157.27 v u336380/B (MAJx2_ASAP7_75t_R)
     2    2.58   12.05   24.45 2181.72 v u336380/Y (MAJx2_ASAP7_75t_R)
                                         n257188 (net)
                 12.06    0.19 2181.91 v u336382/B (MAJx2_ASAP7_75t_R)
     2    2.74   12.25   24.77 2206.68 v u336382/Y (MAJx2_ASAP7_75t_R)
                                         n257190 (net)
                 12.26    0.23 2206.90 v u336385/B (MAJx2_ASAP7_75t_R)
     2    2.45   11.74   24.34 2231.25 v u336385/Y (MAJx2_ASAP7_75t_R)
                                         n257193 (net)
                 11.75    0.16 2231.40 v u336387/B (MAJx2_ASAP7_75t_R)
     2    2.76   12.27   24.71 2256.11 v u336387/Y (MAJx2_ASAP7_75t_R)
                                         n257195 (net)
                 12.29    0.21 2256.32 v u336390/B (MAJx2_ASAP7_75t_R)
     2    2.69   12.39   24.73 2281.05 v u336390/Y (MAJx2_ASAP7_75t_R)
                                         n257198 (net)
                 12.41    0.26 2281.31 v u336392/B (MAJx2_ASAP7_75t_R)
     2    2.58   11.81   24.62 2305.93 v u336392/Y (MAJx2_ASAP7_75t_R)
                                         n257200 (net)
                 11.82    0.14 2306.06 v u336395/B (MAJx2_ASAP7_75t_R)
     2    2.67   12.32   24.54 2330.61 v u336395/Y (MAJx2_ASAP7_75t_R)
                                         n257203 (net)
                 12.34    0.27 2330.87 v u336397/B (MAJx2_ASAP7_75t_R)
     2    3.14   13.41   25.41 2356.29 v u336397/Y (MAJx2_ASAP7_75t_R)
                                         n257205 (net)
                 13.45    0.39 2356.68 v u336400/B (MAJx2_ASAP7_75t_R)
     2    2.44   11.75   24.67 2381.35 v u336400/Y (MAJx2_ASAP7_75t_R)
                                         n257208 (net)
                 11.76    0.14 2381.49 v u336402/B (MAJx2_ASAP7_75t_R)
     2    2.52   11.66   24.35 2405.84 v u336402/Y (MAJx2_ASAP7_75t_R)
                                         n257210 (net)
                 11.67    0.11 2405.95 v u336405/B (MAJx2_ASAP7_75t_R)
     2    2.41   11.68   24.13 2430.08 v u336405/Y (MAJx2_ASAP7_75t_R)
                                         n257213 (net)
                 11.68    0.08 2430.16 v u336407/B (MAJx2_ASAP7_75t_R)
     2    2.77   12.30   24.71 2454.86 v u336407/Y (MAJx2_ASAP7_75t_R)
                                         n257215 (net)
                 12.32    0.22 2455.09 v u336410/B (MAJx2_ASAP7_75t_R)
     2    2.36   11.52   24.22 2479.30 v u336410/Y (MAJx2_ASAP7_75t_R)
                                         n257218 (net)
                 11.53    0.11 2479.42 v u336412/B (MAJx2_ASAP7_75t_R)
     2    2.69   12.07   24.54 2503.95 v u336412/Y (MAJx2_ASAP7_75t_R)
                                         n257220 (net)
                 12.08    0.18 2504.13 v u336415/B (MAJx2_ASAP7_75t_R)
     2    2.42   11.83   24.25 2528.38 v u336415/Y (MAJx2_ASAP7_75t_R)
                                         n257223 (net)
                 11.83    0.12 2528.50 v u336417/B (MAJx2_ASAP7_75t_R)
     2    2.73   12.21   24.70 2553.20 v u336417/Y (MAJx2_ASAP7_75t_R)
                                         n257225 (net)
                 12.22    0.18 2553.38 v u336420/B (MAJx2_ASAP7_75t_R)
     2    2.33   11.54   24.15 2577.53 v u336420/Y (MAJx2_ASAP7_75t_R)
                                         n257228 (net)
                 11.54    0.07 2577.60 v u336422/B (MAJx2_ASAP7_75t_R)
     2    2.56   11.77   24.33 2601.94 v u336422/Y (MAJx2_ASAP7_75t_R)
                                         n257230 (net)
                 11.78    0.13 2602.06 v u336425/B (MAJx2_ASAP7_75t_R)
     2    2.48   12.05   24.26 2626.32 v u336425/Y (MAJx2_ASAP7_75t_R)
                                         n257233 (net)
                 12.06    0.16 2626.48 v u336427/B (MAJx2_ASAP7_75t_R)
     2    2.57   11.81   24.51 2650.99 v u336427/Y (MAJx2_ASAP7_75t_R)
                                         n257235 (net)
                 11.81    0.13 2651.12 v u336430/B (MAJx2_ASAP7_75t_R)
     2    2.37   11.58   24.09 2675.21 v u336430/Y (MAJx2_ASAP7_75t_R)
                                         n257238 (net)
                 11.58    0.10 2675.30 v u336432/B (MAJx2_ASAP7_75t_R)
     2    2.57   11.78   24.38 2699.69 v u336432/Y (MAJx2_ASAP7_75t_R)
                                         n257240 (net)
                 11.78    0.12 2699.81 v u336435/B (MAJx2_ASAP7_75t_R)
     2    2.32   11.59   24.02 2723.82 v u336435/Y (MAJx2_ASAP7_75t_R)
                                         n257243 (net)
                 11.59    0.06 2723.89 v u336437/B (MAJx2_ASAP7_75t_R)
     2    2.48   11.55   24.23 2748.12 v u336437/Y (MAJx2_ASAP7_75t_R)
                                         n257245 (net)
                 11.56    0.10 2748.22 v u336440/B (MAJx2_ASAP7_75t_R)
     2    2.42   11.78   24.10 2772.32 v u336440/Y (MAJx2_ASAP7_75t_R)
                                         n257248 (net)
                 11.79    0.13 2772.45 v u336442/B (MAJx2_ASAP7_75t_R)
     2    2.69   12.04   24.64 2797.10 v u336442/Y (MAJx2_ASAP7_75t_R)
                                         n257250 (net)
                 12.04    0.10 2797.20 v u336445/B (MAJx2_ASAP7_75t_R)
     2    2.42   11.82   24.25 2821.45 v u336445/Y (MAJx2_ASAP7_75t_R)
                                         n257253 (net)
                 11.83    0.12 2821.57 v u336447/B (MAJx2_ASAP7_75t_R)
     2    2.55   11.71   24.43 2846.01 v u336447/Y (MAJx2_ASAP7_75t_R)
                                         n257255 (net)
                 11.71    0.07 2846.08 v u336450/B (MAJx2_ASAP7_75t_R)
     2    2.27   11.24   23.92 2869.99 v u336450/Y (MAJx2_ASAP7_75t_R)
                                         n257258 (net)
                 11.24    0.06 2870.05 v u336452/B (MAJx2_ASAP7_75t_R)
     2    2.72   12.17   24.49 2894.54 v u336452/Y (MAJx2_ASAP7_75t_R)
                                         n257260 (net)
                 12.19    0.21 2894.74 v u336455/B (MAJx2_ASAP7_75t_R)
     2    2.46   11.81   24.34 2919.08 v u336455/Y (MAJx2_ASAP7_75t_R)
                                         n257263 (net)
                 11.82    0.16 2919.24 v u336457/B (MAJx2_ASAP7_75t_R)
     2    2.60   11.88   24.49 2943.74 v u336457/Y (MAJx2_ASAP7_75t_R)
                                         n257265 (net)
                 11.89    0.15 2943.88 v u336460/B (MAJx2_ASAP7_75t_R)
     2    2.41   11.63   24.18 2968.06 v u336460/Y (MAJx2_ASAP7_75t_R)
                                         n257268 (net)
                 11.64    0.13 2968.18 v u336462/B (MAJx2_ASAP7_75t_R)
     2    2.66   12.02   24.51 2992.70 v u336462/Y (MAJx2_ASAP7_75t_R)
                                         n257270 (net)
                 12.03    0.19 2992.89 v u336465/B (MAJx2_ASAP7_75t_R)
     2    2.07   10.92   23.63 3016.51 v u336465/Y (MAJx2_ASAP7_75t_R)
                                         n257273 (net)
                 10.92    0.13 3016.65 v u336469/A (MAJx2_ASAP7_75t_R)
     2    2.83   12.73   22.83 3039.48 v u336469/Y (MAJx2_ASAP7_75t_R)
                                         n257277 (net)
                 12.75    0.27 3039.75 v u336472/B (MAJx2_ASAP7_75t_R)
     3    2.76   12.50   25.01 3064.75 v u336472/Y (MAJx2_ASAP7_75t_R)
                                         n257280 (net)
                 12.51    0.20 3064.96 v u336473/C (OR3x1_ASAP7_75t_R)
     1    1.19   10.93   22.69 3087.65 v u336473/Y (OR3x1_ASAP7_75t_R)
                                         n257281 (net)
                 10.93    0.06 3087.71 v u336476/A (NAND2x1_ASAP7_75t_R)
     3    3.56   26.83   17.30 3105.01 ^ u336476/Y (NAND2x1_ASAP7_75t_R)
                                         n257284 (net)
                 26.85    0.41 3105.41 ^ u336478/C (OR4x1_ASAP7_75t_R)
     4    3.86   26.35   24.55 3129.96 ^ u336478/Y (OR4x1_ASAP7_75t_R)
                                         n257286 (net)
                 26.36    0.16 3130.12 ^ u336480/A (OR2x2_ASAP7_75t_R)
     5    6.36   22.82   27.35 3157.47 ^ u336480/Y (OR2x2_ASAP7_75t_R)
                                         n257288 (net)
                 22.82    0.22 3157.69 ^ u336497/A (NOR2x2_ASAP7_75t_R)
    29   34.50  101.45   47.18 3204.87 v u336497/Y (NOR2x2_ASAP7_75t_R)
                                         n256731 (net)
                102.93    6.92 3211.79 v place54623/A (BUFx3_ASAP7_75t_R)
    29   26.21   54.78   45.93 3257.72 v place54623/Y (BUFx3_ASAP7_75t_R)
                                         net54582 (net)
                 67.01   13.52 3271.24 v place54622/A (BUFx3_ASAP7_75t_R)
    37   36.20   73.58   45.03 3316.27 v place54622/Y (BUFx3_ASAP7_75t_R)
                                         net54581 (net)
                 93.59   20.38 3336.65 v place54621/A (BUFx6f_ASAP7_75t_R)
    60   54.79   57.98   37.97 3374.61 v place54621/Y (BUFx6f_ASAP7_75t_R)
                                         net54580 (net)
                124.15   36.97 3411.59 v u336716/B (NAND2x1_ASAP7_75t_R)
     1    0.84   25.59   23.37 3434.96 ^ u336716/Y (NAND2x1_ASAP7_75t_R)
                                         n257435 (net)
                 25.59    0.05 3435.01 ^ u336717/B (OA21x2_ASAP7_75t_R)
     1    0.73    9.63   18.44 3453.45 ^ u336717/Y (OA21x2_ASAP7_75t_R)
                                         n238674 (net)
                  9.63    0.03 3453.48 ^ u316930/D (DFFHQNx1_ASAP7_75t_R)
                               3453.48   data arrival time

                  0.00 5000.00 5000.00   clock core_clock (rise edge)
                          0.00 5000.00   clock network delay (ideal)
                          0.00 5000.00   clock reconvergence pessimism
                               5000.00 ^ u316930/CLK (DFFHQNx1_ASAP7_75t_R)
                        -15.39 4984.61   library setup time
                               4984.61   data required time
-----------------------------------------------------------------------------
                               4984.61   data required time
                               -3453.48   data arrival time
-----------------------------------------------------------------------------
                               1531.13   slack (MET)



==========================================================================
detailed place report_check_types -max_slew -max_cap -max_fanout -violators
--------------------------------------------------------------------------

==========================================================================
detailed place max_slew_check_slack
--------------------------------------------------------------------------
12.799761772155762

==========================================================================
detailed place max_slew_check_limit
--------------------------------------------------------------------------
320.0

==========================================================================
detailed place max_slew_check_slack_limit
--------------------------------------------------------------------------
0.0400

==========================================================================
detailed place max_fanout_check_slack
--------------------------------------------------------------------------
1.0000000150474662e+30

==========================================================================
detailed place max_fanout_check_limit
--------------------------------------------------------------------------
1.0000000150474662e+30

==========================================================================
detailed place max_capacitance_check_slack
--------------------------------------------------------------------------
0.7490057945251465

==========================================================================
detailed place max_capacitance_check_limit
--------------------------------------------------------------------------
23.040000915527344

==========================================================================
detailed place max_capacitance_check_slack_limit
--------------------------------------------------------------------------
0.0325

==========================================================================
detailed place max_slew_violation_count
--------------------------------------------------------------------------
max slew violation count 0

==========================================================================
detailed place max_fanout_violation_count
--------------------------------------------------------------------------
max fanout violation count 0

==========================================================================
detailed place max_cap_violation_count
--------------------------------------------------------------------------
max cap violation count 0

==========================================================================
detailed place setup_violation_count
--------------------------------------------------------------------------
setup violation count 0

==========================================================================
detailed place hold_violation_count
--------------------------------------------------------------------------
hold violation count 0

==========================================================================
detailed place report_checks -path_delay max reg to reg
--------------------------------------------------------------------------
Startpoint: u336116 (rising edge-triggered flip-flop clocked by core_clock)
Endpoint: u316930 (rising edge-triggered flip-flop clocked by core_clock)
Path Group: core_clock
Path Type: max

  Delay    Time   Description
---------------------------------------------------------
   0.00    0.00   clock core_clock (rise edge)
   0.00    0.00   clock network delay (ideal)
   0.00    0.00 ^ u336116/CLK (DFFHQNx1_ASAP7_75t_R)
  34.00   34.00 v u336116/QN (DFFHQNx1_ASAP7_75t_R)
  11.01   45.01 ^ u336117/Y (INVx1_ASAP7_75t_R)
  18.14   63.15 ^ u336119/Y (OR2x2_ASAP7_75t_R)
  20.10   83.26 ^ u336123/Y (MAJx2_ASAP7_75t_R)
  20.48  103.74 ^ u336127/Y (MAJx2_ASAP7_75t_R)
  19.82  123.56 ^ u336131/Y (MAJx2_ASAP7_75t_R)
  19.81  143.37 ^ u336135/Y (MAJx2_ASAP7_75t_R)
  20.37  163.74 ^ u336139/Y (MAJx2_ASAP7_75t_R)
  20.74  184.48 ^ u336143/Y (MAJx2_ASAP7_75t_R)
  20.72  205.20 ^ u336147/Y (MAJx2_ASAP7_75t_R)
  24.85  230.06 ^ u336151/Y (MAJx2_ASAP7_75t_R)
  26.57  256.62 ^ u336155/Y (MAJx2_ASAP7_75t_R)
  23.25  279.88 ^ u336159/Y (MAJx2_ASAP7_75t_R)
  19.37  299.25 ^ u336160/Y (OA21x2_ASAP7_75t_R)
   9.18  308.42 v u336161/Y (AOI21x1_ASAP7_75t_R)
  11.77  320.19 ^ u336162/Y (NOR2x1_ASAP7_75t_R)
  16.84  337.03 ^ u336163/Y (AO21x1_ASAP7_75t_R)
  21.60  358.63 ^ u336167/Y (MAJx2_ASAP7_75t_R)
  21.40  380.03 ^ u336171/Y (MAJx2_ASAP7_75t_R)
  21.14  401.17 ^ u336175/Y (MAJx2_ASAP7_75t_R)
  22.00  423.17 ^ u336179/Y (MAJx2_ASAP7_75t_R)
  22.34  445.51 ^ u336183/Y (MAJx2_ASAP7_75t_R)
  21.26  466.77 ^ u336187/Y (MAJx2_ASAP7_75t_R)
  17.95  484.72 ^ u336188/Y (OA21x2_ASAP7_75t_R)
   9.41  494.13 v u336189/Y (AOI21x1_ASAP7_75t_R)
  11.62  505.75 ^ u336190/Y (NOR2x1_ASAP7_75t_R)
  17.32  523.07 ^ u336191/Y (AO21x1_ASAP7_75t_R)
  22.36  545.43 ^ u336195/Y (MAJx2_ASAP7_75t_R)
  21.06  566.49 ^ u336199/Y (MAJx2_ASAP7_75t_R)
  20.73  587.22 ^ u336203/Y (MAJx2_ASAP7_75t_R)
  20.27  607.48 ^ u336207/Y (MAJx2_ASAP7_75t_R)
  20.03  627.51 ^ u336211/Y (MAJx2_ASAP7_75t_R)
  19.77  647.28 ^ u336215/Y (MAJx2_ASAP7_75t_R)
  17.25  664.53 ^ u336216/Y (OA21x2_ASAP7_75t_R)
   9.89  674.42 v u336217/Y (AOI21x1_ASAP7_75t_R)
  27.20  701.62 v u336219/Y (MAJx2_ASAP7_75t_R)
  24.92  726.54 v u336222/Y (MAJx2_ASAP7_75t_R)
  24.88  751.42 v u336224/Y (MAJx2_ASAP7_75t_R)
  24.92  776.33 v u336227/Y (MAJx2_ASAP7_75t_R)
  25.50  801.84 v u336229/Y (MAJx2_ASAP7_75t_R)
  25.33  827.17 v u336232/Y (MAJx2_ASAP7_75t_R)
  25.27  852.44 v u336234/Y (MAJx2_ASAP7_75t_R)
  24.69  877.13 v u336237/Y (MAJx2_ASAP7_75t_R)
  25.54  902.67 v u336239/Y (MAJx2_ASAP7_75t_R)
  25.63  928.30 v u336242/Y (MAJx2_ASAP7_75t_R)
  25.40  953.70 v u336244/Y (MAJx2_ASAP7_75t_R)
  24.64  978.34 v u336247/Y (MAJx2_ASAP7_75t_R)
  24.94 1003.28 v u336249/Y (MAJx2_ASAP7_75t_R)
  24.73 1028.01 v u336252/Y (MAJx2_ASAP7_75t_R)
  24.83 1052.83 v u336254/Y (MAJx2_ASAP7_75t_R)
  24.57 1077.40 v u336257/Y (MAJx2_ASAP7_75t_R)
  24.76 1102.16 v u336259/Y (MAJx2_ASAP7_75t_R)
  24.90 1127.06 v u336262/Y (MAJx2_ASAP7_75t_R)
  25.14 1152.20 v u336264/Y (MAJx2_ASAP7_75t_R)
  23.68 1175.88 v u336267/Y (MAJx2_ASAP7_75t_R)
   9.82 1185.70 ^ u336268/Y (NOR2x1_ASAP7_75t_R)
  16.33 1202.03 ^ u336269/Y (AO21x1_ASAP7_75t_R)
  23.21 1225.24 ^ u336273/Y (MAJx2_ASAP7_75t_R)
  11.72 1236.96 v u336285/Y (OAI21x1_ASAP7_75t_R)
  26.23 1263.19 v u336287/Y (MAJx2_ASAP7_75t_R)
  24.73 1287.92 v u336290/Y (MAJx2_ASAP7_75t_R)
  25.13 1313.04 v u336292/Y (MAJx2_ASAP7_75t_R)
  24.61 1337.66 v u336295/Y (MAJx2_ASAP7_75t_R)
  24.62 1362.27 v u336297/Y (MAJx2_ASAP7_75t_R)
  24.48 1386.75 v u336300/Y (MAJx2_ASAP7_75t_R)
  24.91 1411.66 v u336302/Y (MAJx2_ASAP7_75t_R)
  24.46 1436.12 v u336305/Y (MAJx2_ASAP7_75t_R)
  24.65 1460.77 v u336307/Y (MAJx2_ASAP7_75t_R)
  24.53 1485.30 v u336310/Y (MAJx2_ASAP7_75t_R)
  24.76 1510.06 v u336312/Y (MAJx2_ASAP7_75t_R)
  24.52 1534.58 v u336315/Y (MAJx2_ASAP7_75t_R)
  25.14 1559.72 v u336317/Y (MAJx2_ASAP7_75t_R)
  24.83 1584.55 v u336320/Y (MAJx2_ASAP7_75t_R)
  24.96 1609.51 v u336322/Y (MAJx2_ASAP7_75t_R)
  24.68 1634.20 v u336325/Y (MAJx2_ASAP7_75t_R)
  24.81 1659.00 v u336327/Y (MAJx2_ASAP7_75t_R)
  24.70 1683.70 v u336330/Y (MAJx2_ASAP7_75t_R)
  25.07 1708.78 v u336332/Y (MAJx2_ASAP7_75t_R)
  25.06 1733.84 v u336335/Y (MAJx2_ASAP7_75t_R)
  25.21 1759.04 v u336337/Y (MAJx2_ASAP7_75t_R)
  25.29 1784.33 v u336340/Y (MAJx2_ASAP7_75t_R)
  25.82 1810.14 v u336342/Y (MAJx2_ASAP7_75t_R)
  25.01 1835.15 v u336345/Y (MAJx2_ASAP7_75t_R)
  25.03 1860.18 v u336347/Y (MAJx2_ASAP7_75t_R)
  24.65 1884.84 v u336350/Y (MAJx2_ASAP7_75t_R)
  25.04 1909.88 v u336352/Y (MAJx2_ASAP7_75t_R)
  24.73 1934.61 v u336355/Y (MAJx2_ASAP7_75t_R)
  24.77 1959.38 v u336357/Y (MAJx2_ASAP7_75t_R)
  24.47 1983.86 v u336360/Y (MAJx2_ASAP7_75t_R)
  24.83 2008.69 v u336362/Y (MAJx2_ASAP7_75t_R)
  24.48 2033.16 v u336365/Y (MAJx2_ASAP7_75t_R)
  24.96 2058.12 v u336367/Y (MAJx2_ASAP7_75t_R)
  24.77 2082.90 v u336370/Y (MAJx2_ASAP7_75t_R)
  24.78 2107.68 v u336372/Y (MAJx2_ASAP7_75t_R)
  24.68 2132.36 v u336375/Y (MAJx2_ASAP7_75t_R)
  24.74 2157.10 v u336377/Y (MAJx2_ASAP7_75t_R)
  24.61 2181.72 v u336380/Y (MAJx2_ASAP7_75t_R)
  24.96 2206.68 v u336382/Y (MAJx2_ASAP7_75t_R)
  24.57 2231.25 v u336385/Y (MAJx2_ASAP7_75t_R)
  24.86 2256.11 v u336387/Y (MAJx2_ASAP7_75t_R)
  24.94 2281.05 v u336390/Y (MAJx2_ASAP7_75t_R)
  24.88 2305.93 v u336392/Y (MAJx2_ASAP7_75t_R)
  24.68 2330.61 v u336395/Y (MAJx2_ASAP7_75t_R)
  25.68 2356.29 v u336397/Y (MAJx2_ASAP7_75t_R)
  25.07 2381.35 v u336400/Y (MAJx2_ASAP7_75t_R)
  24.49 2405.84 v u336402/Y (MAJx2_ASAP7_75t_R)
  24.24 2430.08 v u336405/Y (MAJx2_ASAP7_75t_R)
  24.78 2454.86 v u336407/Y (MAJx2_ASAP7_75t_R)
  24.44 2479.30 v u336410/Y (MAJx2_ASAP7_75t_R)
  24.65 2503.95 v u336412/Y (MAJx2_ASAP7_75t_R)
  24.43 2528.38 v u336415/Y (MAJx2_ASAP7_75t_R)
  24.82 2553.20 v u336417/Y (MAJx2_ASAP7_75t_R)
  24.33 2577.53 v u336420/Y (MAJx2_ASAP7_75t_R)
  24.41 2601.94 v u336422/Y (MAJx2_ASAP7_75t_R)
  24.39 2626.32 v u336425/Y (MAJx2_ASAP7_75t_R)
  24.67 2650.99 v u336427/Y (MAJx2_ASAP7_75t_R)
  24.22 2675.21 v u336430/Y (MAJx2_ASAP7_75t_R)
  24.48 2699.69 v u336432/Y (MAJx2_ASAP7_75t_R)
  24.14 2723.82 v u336435/Y (MAJx2_ASAP7_75t_R)
  24.29 2748.12 v u336437/Y (MAJx2_ASAP7_75t_R)
  24.20 2772.32 v u336440/Y (MAJx2_ASAP7_75t_R)
  24.77 2797.10 v u336442/Y (MAJx2_ASAP7_75t_R)
  24.36 2821.45 v u336445/Y (MAJx2_ASAP7_75t_R)
  24.56 2846.01 v u336447/Y (MAJx2_ASAP7_75t_R)
  23.98 2869.99 v u336450/Y (MAJx2_ASAP7_75t_R)
  24.55 2894.54 v u336452/Y (MAJx2_ASAP7_75t_R)
  24.54 2919.08 v u336455/Y (MAJx2_ASAP7_75t_R)
  24.65 2943.74 v u336457/Y (MAJx2_ASAP7_75t_R)
  24.32 2968.06 v u336460/Y (MAJx2_ASAP7_75t_R)
  24.64 2992.70 v u336462/Y (MAJx2_ASAP7_75t_R)
  23.82 3016.51 v u336465/Y (MAJx2_ASAP7_75t_R)
  22.96 3039.48 v u336469/Y (MAJx2_ASAP7_75t_R)
  25.28 3064.75 v u336472/Y (MAJx2_ASAP7_75t_R)
  22.89 3087.65 v u336473/Y (OR3x1_ASAP7_75t_R)
  17.36 3105.01 ^ u336476/Y (NAND2x1_ASAP7_75t_R)
  24.96 3129.96 ^ u336478/Y (OR4x1_ASAP7_75t_R)
  27.51 3157.47 ^ u336480/Y (OR2x2_ASAP7_75t_R)
  47.40 3204.87 v u336497/Y (NOR2x2_ASAP7_75t_R)
  52.85 3257.72 v place54623/Y (BUFx3_ASAP7_75t_R)
  58.55 3316.27 v place54622/Y (BUFx3_ASAP7_75t_R)
  58.35 3374.61 v place54621/Y (BUFx6f_ASAP7_75t_R)
  60.34 3434.96 ^ u336716/Y (NAND2x1_ASAP7_75t_R)
  18.49 3453.45 ^ u336717/Y (OA21x2_ASAP7_75t_R)
   0.03 3453.48 ^ u316930/D (DFFHQNx1_ASAP7_75t_R)
        3453.48   data arrival time

5000.00 5000.00   clock core_clock (rise edge)
   0.00 5000.00   clock network delay (ideal)
   0.00 5000.00   clock reconvergence pessimism
        5000.00 ^ u316930/CLK (DFFHQNx1_ASAP7_75t_R)
 -15.39 4984.61   library setup time
        4984.61   data required time
---------------------------------------------------------
        4984.61   data required time
        -3453.48   data arrival time
---------------------------------------------------------
        1531.13   slack (MET)



==========================================================================
detailed place report_checks -path_delay min reg to reg
--------------------------------------------------------------------------
Startpoint: u26910 (rising edge-triggered flip-flop clocked by core_clock)
Endpoint: u21365 (rising edge-triggered flip-flop clocked by core_clock)
Path Group: core_clock
Path Type: min

  Delay    Time   Description
---------------------------------------------------------
   0.00    0.00   clock core_clock (rise edge)
   0.00    0.00   clock network delay (ideal)
   0.00    0.00 ^ u26910/CLK (DFFHQNx1_ASAP7_75t_R)
  32.78   32.78 v u26910/QN (DFFHQNx1_ASAP7_75t_R)
   0.03   32.81 v u21365/D (DFFHQNx1_ASAP7_75t_R)
          32.81   data arrival time

   0.00    0.00   clock core_clock (rise edge)
   0.00    0.00   clock network delay (ideal)
   0.00    0.00   clock reconvergence pessimism
           0.00 ^ u21365/CLK (DFFHQNx1_ASAP7_75t_R)
   7.81    7.81   library hold time
           7.81   data required time
---------------------------------------------------------
           7.81   data required time
         -32.81   data arrival time
---------------------------------------------------------
          25.00   slack (MET)



==========================================================================
detailed place critical path target clock latency max path
--------------------------------------------------------------------------
0.0000

==========================================================================
detailed place critical path target clock latency min path
--------------------------------------------------------------------------
0.0000

==========================================================================
detailed place critical path source clock latency min path
--------------------------------------------------------------------------
0.0000

==========================================================================
detailed place critical path delay
--------------------------------------------------------------------------
3453.4810

==========================================================================
detailed place critical path slack
--------------------------------------------------------------------------
1531.1261

==========================================================================
detailed place slack div critical path delay
--------------------------------------------------------------------------
44.335733

==========================================================================
detailed place report_power
--------------------------------------------------------------------------
Group                  Internal  Switching    Leakage      Total
                          Power      Power      Power      Power (Watts)
----------------------------------------------------------------
Sequential             4.74e-02   3.25e-03   1.78e-05   5.07e-02  13.6%
Combinational          1.91e-01   1.31e-01   3.27e-05   3.22e-01  86.4%
Clock                  0.00e+00   0.00e+00   0.00e+00   0.00e+00   0.0%
Macro                  0.00e+00   0.00e+00   0.00e+00   0.00e+00   0.0%
Pad                    0.00e+00   0.00e+00   0.00e+00   0.00e+00   0.0%
----------------------------------------------------------------
Total                  2.38e-01   1.34e-01   5.04e-05   3.73e-01 100.0%
                          63.9%      36.0%       0.0%
