
==========================================================================
global place report_tns
--------------------------------------------------------------------------
tns max 0.00

==========================================================================
global place report_wns
--------------------------------------------------------------------------
wns max 0.00

==========================================================================
global place report_worst_slack
--------------------------------------------------------------------------
worst slack max 1486.64

==========================================================================
global place report_clock_min_period
--------------------------------------------------------------------------
core_clock period_min = 3513.36 fmax = 284.63

==========================================================================
global place report_checks -path_delay min
--------------------------------------------------------------------------
Startpoint: u26991 (rising edge-triggered flip-flop clocked by core_clock)
Endpoint: u21483 (rising edge-triggered flip-flop clocked by core_clock)
Path Group: core_clock
Path Type: min

Fanout     Cap    Slew   Delay    Time   Description
-----------------------------------------------------------------------------
                  0.00    0.00    0.00   clock core_clock (rise edge)
                          0.00    0.00   clock network delay (ideal)
                  0.00    0.00    0.00 ^ u26991/CLK (DFFHQNx1_ASAP7_75t_R)
     2    1.22   15.82   33.15   33.15 v u26991/QN (DFFHQNx1_ASAP7_75t_R)
                                         candidate_queue_cost_q16_load_24_reg_7320[5] (net)
                 15.82    0.04   33.19 v u21483/D (DFFHQNx1_ASAP7_75t_R)
                                 33.19   data arrival time

                  0.00    0.00    0.00   clock core_clock (rise edge)
                          0.00    0.00   clock network delay (ideal)
                          0.00    0.00   clock reconvergence pessimism
                                  0.00 ^ u21483/CLK (DFFHQNx1_ASAP7_75t_R)
                          7.77    7.77   library hold time
                                  7.77   data required time
-----------------------------------------------------------------------------
                                  7.77   data required time
                                -33.19   data arrival time
-----------------------------------------------------------------------------
                                 25.42   slack (MET)



==========================================================================
global place report_checks -path_delay max
--------------------------------------------------------------------------
Startpoint: u336116 (rising edge-triggered flip-flop clocked by core_clock)
Endpoint: u316930 (rising edge-triggered flip-flop clocked by core_clock)
Path Group: core_clock
Path Type: max

Fanout     Cap    Slew   Delay    Time   Description
-----------------------------------------------------------------------------
                  0.00    0.00    0.00   clock core_clock (rise edge)
                          0.00    0.00   clock network delay (ideal)
                  0.00    0.00    0.00 ^ u336116/CLK (DFFHQNx1_ASAP7_75t_R)
     2    1.57   18.02   34.75   34.75 v u336116/QN (DFFHQNx1_ASAP7_75t_R)
                                         uacc_section14_allocator_udiv_144ns_128ns_144_148_1_U52.uacc_section14_allocator_uacc_section14_allocator_udiv_144ns_128ns_144_148_1_div_U.uacc_section14_allocator_uacc_section14_allocator_udiv_144ns_128ns_144_148_1_div_u_0.divisor_tmp[7424] (net)
                 18.02    0.06   34.81 v u336117/A (INVx1_ASAP7_75t_R)
     2    1.80   15.49   12.03   46.84 ^ u336117/Y (INVx1_ASAP7_75t_R)
                                         n238715 (net)
                 15.50    0.19   47.02 ^ u336119/A (OR2x2_ASAP7_75t_R)
     2    2.22   10.27   18.66   65.68 ^ u336119/Y (OR2x2_ASAP7_75t_R)
                                         n256952 (net)
                 10.28    0.15   65.83 ^ u336123/A (MAJx2_ASAP7_75t_R)
     2    2.50   12.76   20.05   85.88 ^ u336123/Y (MAJx2_ASAP7_75t_R)
                                         n256955 (net)
                 12.79    0.28   86.16 ^ u336127/A (MAJx2_ASAP7_75t_R)
     2    2.30   12.10   20.47  106.63 ^ u336127/Y (MAJx2_ASAP7_75t_R)
                                         n256958 (net)
                 12.11    0.14  106.78 ^ u336131/A (MAJx2_ASAP7_75t_R)
     2    2.19   11.79   20.12  126.89 ^ u336131/Y (MAJx2_ASAP7_75t_R)
                                         n256961 (net)
                 11.79    0.11  127.01 ^ u336135/A (MAJx2_ASAP7_75t_R)
     2    2.18   11.73   19.99  147.00 ^ u336135/Y (MAJx2_ASAP7_75t_R)
                                         n256964 (net)
                 11.73    0.12  147.12 ^ u336139/A (MAJx2_ASAP7_75t_R)
     2    2.45   12.59   20.41  167.53 ^ u336139/Y (MAJx2_ASAP7_75t_R)
                                         n256967 (net)
                 12.61    0.23  167.76 ^ u336143/A (MAJx2_ASAP7_75t_R)
     2    2.56   12.94   20.85  188.61 ^ u336143/Y (MAJx2_ASAP7_75t_R)
                                         n256970 (net)
                 12.97    0.28  188.89 ^ u336147/A (MAJx2_ASAP7_75t_R)
     2    2.50   12.77   20.85  209.74 ^ u336147/Y (MAJx2_ASAP7_75t_R)
                                         n256973 (net)
                 12.79    0.26  209.99 ^ u336151/A (MAJx2_ASAP7_75t_R)
     2    5.58   23.03   24.76  234.75 ^ u336151/Y (MAJx2_ASAP7_75t_R)
                                         n256976 (net)
                 24.06    2.61  237.36 ^ u336155/A (MAJx2_ASAP7_75t_R)
     2    2.61   13.10   23.89  261.25 ^ u336155/Y (MAJx2_ASAP7_75t_R)
                                         n256979 (net)
                 13.13    0.35  261.59 ^ u336159/A (MAJx2_ASAP7_75t_R)
     2    3.90   17.56   22.84  284.43 ^ u336159/Y (MAJx2_ASAP7_75t_R)
                                         n256982 (net)
                 17.80    1.13  285.57 ^ u336160/B (OA21x2_ASAP7_75t_R)
     1    1.60    9.64   18.78  304.34 ^ u336160/Y (OA21x2_ASAP7_75t_R)
                                         n256983 (net)
                  9.65    0.13  304.48 ^ u336161/B (AOI21x1_ASAP7_75t_R)
     2    2.39   18.87    9.70  314.17 v u336161/Y (AOI21x1_ASAP7_75t_R)
                                         n256984 (net)
                 18.88    0.24  314.41 v u336162/B (NOR2x1_ASAP7_75t_R)
     2    1.71   16.15   12.44  326.85 ^ u336162/Y (NOR2x1_ASAP7_75t_R)
                                         n256985 (net)
                 16.15    0.04  326.89 ^ u336163/B (AO21x1_ASAP7_75t_R)
     2    2.16   16.57   17.20  344.09 ^ u336163/Y (AO21x1_ASAP7_75t_R)
                                         n256986 (net)
                 16.57    0.13  344.22 ^ u336167/A (MAJx2_ASAP7_75t_R)
     2    2.20   11.84   21.40  365.61 ^ u336167/Y (MAJx2_ASAP7_75t_R)
                                         n256989 (net)
                 11.84    0.17  365.78 ^ u336171/A (MAJx2_ASAP7_75t_R)
     2    2.92   14.12   21.18  386.95 ^ u336171/Y (MAJx2_ASAP7_75t_R)
                                         n256992 (net)
                 14.18    0.48  387.44 ^ u336175/A (MAJx2_ASAP7_75t_R)
     2    2.30   12.15   20.86  408.30 ^ u336175/Y (MAJx2_ASAP7_75t_R)
                                         n256995 (net)
                 12.16    0.20  408.50 ^ u336179/A (MAJx2_ASAP7_75t_R)
     2    3.64   16.63   22.23  430.73 ^ u336179/Y (MAJx2_ASAP7_75t_R)
                                         n256998 (net)
                 16.80    0.92  431.65 ^ u336183/A (MAJx2_ASAP7_75t_R)
     2    2.50   12.78   21.93  453.58 ^ u336183/Y (MAJx2_ASAP7_75t_R)
                                         n257001 (net)
                 12.80    0.27  453.86 ^ u336187/A (MAJx2_ASAP7_75t_R)
     2    2.89   14.02   21.41  475.27 ^ u336187/Y (MAJx2_ASAP7_75t_R)
                                         n257004 (net)
                 14.08    0.49  475.76 ^ u336188/B (OA21x2_ASAP7_75t_R)
     1    1.46    9.27   17.88  493.64 ^ u336188/Y (OA21x2_ASAP7_75t_R)
                                         n257005 (net)
                  9.27    0.09  493.73 ^ u336189/B (AOI21x1_ASAP7_75t_R)
     2    2.56   19.90    9.86  503.59 v u336189/Y (AOI21x1_ASAP7_75t_R)
                                         n257006 (net)
                 19.91    0.27  503.86 v u336190/B (NOR2x1_ASAP7_75t_R)
     2    1.59   15.77   12.33  516.20 ^ u336190/Y (NOR2x1_ASAP7_75t_R)
                                         n257007 (net)
                 15.77    0.06  516.26 ^ u336191/B (AO21x1_ASAP7_75t_R)
     2    2.60   19.15   18.21  534.47 ^ u336191/Y (AO21x1_ASAP7_75t_R)
                                         n257008 (net)
                 19.16    0.31  534.78 ^ u336195/A (MAJx2_ASAP7_75t_R)
     2    2.60   13.13   22.77  557.55 ^ u336195/Y (MAJx2_ASAP7_75t_R)
                                         n257011 (net)
                 13.16    0.34  557.89 ^ u336199/A (MAJx2_ASAP7_75t_R)
     2    2.60   13.07   21.07  578.95 ^ u336199/Y (MAJx2_ASAP7_75t_R)
                                         n257014 (net)
                 13.09    0.31  579.26 ^ u336203/A (MAJx2_ASAP7_75t_R)
     2    2.39   12.43   20.71  599.97 ^ u336203/Y (MAJx2_ASAP7_75t_R)
                                         n257017 (net)
                 12.45    0.23  600.20 ^ u336207/A (MAJx2_ASAP7_75t_R)
     2    2.31   12.20   20.38  620.58 ^ u336207/Y (MAJx2_ASAP7_75t_R)
                                         n257020 (net)
                 12.21    0.19  620.77 ^ u336211/A (MAJx2_ASAP7_75t_R)
     2    2.16   11.67   20.07  640.83 ^ u336211/Y (MAJx2_ASAP7_75t_R)
                                         n257023 (net)
                 11.68    0.14  640.98 ^ u336215/A (MAJx2_ASAP7_75t_R)
     2    2.12   11.58   19.86  660.84 ^ u336215/Y (MAJx2_ASAP7_75t_R)
                                         n257026 (net)
                 11.59    0.12  660.96 ^ u336216/B (OA21x2_ASAP7_75t_R)
     1    1.51    9.37   17.51  678.47 ^ u336216/Y (OA21x2_ASAP7_75t_R)
                                         n257027 (net)
                  9.37    0.10  678.57 ^ u336217/B (AOI21x1_ASAP7_75t_R)
     2    2.47   19.24    9.80  688.37 v u336217/Y (AOI21x1_ASAP7_75t_R)
                                         n257028 (net)
                 19.24    0.13  688.50 v u336219/B (MAJx2_ASAP7_75t_R)
     2    2.84   12.42   27.05  715.55 v u336219/Y (MAJx2_ASAP7_75t_R)
                                         n257030 (net)
                 12.43    0.21  715.76 v u336222/B (MAJx2_ASAP7_75t_R)
     2    2.55   11.99   24.56  740.32 v u336222/Y (MAJx2_ASAP7_75t_R)
                                         n257033 (net)
                 12.00    0.17  740.49 v u336224/B (MAJx2_ASAP7_75t_R)
     2    2.83   12.45   24.92  765.41 v u336224/Y (MAJx2_ASAP7_75t_R)
                                         n257035 (net)
                 12.47    0.22  765.63 v u336227/B (MAJx2_ASAP7_75t_R)
     2    2.71   12.59   24.82  790.44 v u336227/Y (MAJx2_ASAP7_75t_R)
                                         n257038 (net)
                 12.61    0.26  790.71 v u336229/B (MAJx2_ASAP7_75t_R)
     2    2.99   12.93   25.32  816.02 v u336229/Y (MAJx2_ASAP7_75t_R)
                                         n257040 (net)
                 12.96    0.31  816.34 v u336232/B (MAJx2_ASAP7_75t_R)
     2    2.66   12.41   24.87  841.21 v u336232/Y (MAJx2_ASAP7_75t_R)
                                         n257043 (net)
                 12.43    0.24  841.45 v u336234/B (MAJx2_ASAP7_75t_R)
     2    2.85   12.51   25.06  866.51 v u336234/Y (MAJx2_ASAP7_75t_R)
                                         n257045 (net)
                 12.52    0.24  866.75 v u336237/B (MAJx2_ASAP7_75t_R)
     2    2.63   12.32   24.71  891.46 v u336237/Y (MAJx2_ASAP7_75t_R)
                                         n257048 (net)
                 12.34    0.24  891.70 v u336239/B (MAJx2_ASAP7_75t_R)
     2    3.05   13.13   25.30  917.00 v u336239/Y (MAJx2_ASAP7_75t_R)
                                         n257050 (net)
                 13.17    0.37  917.36 v u336242/B (MAJx2_ASAP7_75t_R)
     2    2.84   12.77   25.22  942.58 v u336242/Y (MAJx2_ASAP7_75t_R)
                                         n257053 (net)
                 12.79    0.32  942.90 v u336244/B (MAJx2_ASAP7_75t_R)
     2    2.73   12.20   25.00  967.89 v u336244/Y (MAJx2_ASAP7_75t_R)
                                         n257055 (net)
                 12.21    0.16  968.05 v u336247/B (MAJx2_ASAP7_75t_R)
     2    2.68   12.35   24.69  992.74 v u336247/Y (MAJx2_ASAP7_75t_R)
                                         n257058 (net)
                 12.37    0.25  992.99 v u336249/B (MAJx2_ASAP7_75t_R)
     2    2.72   12.17   24.85 1017.84 v u336249/Y (MAJx2_ASAP7_75t_R)
                                         n257060 (net)
                 12.18    0.18 1018.02 v u336252/B (MAJx2_ASAP7_75t_R)
     2    2.65   12.28   24.66 1042.67 v u336252/Y (MAJx2_ASAP7_75t_R)
                                         n257063 (net)
                 12.29    0.20 1042.87 v u336254/B (MAJx2_ASAP7_75t_R)
     2    2.84   12.45   25.04 1067.92 v u336254/Y (MAJx2_ASAP7_75t_R)
                                         n257065 (net)
                 12.46    0.17 1068.09 v u336257/B (MAJx2_ASAP7_75t_R)
     2    2.51   11.98   24.51 1092.60 v u336257/Y (MAJx2_ASAP7_75t_R)
                                         n257068 (net)
                 11.99    0.17 1092.77 v u336259/B (MAJx2_ASAP7_75t_R)
     2    2.75   12.24   24.79 1117.56 v u336259/Y (MAJx2_ASAP7_75t_R)
                                         n257070 (net)
                 12.25    0.19 1117.75 v u336262/B (MAJx2_ASAP7_75t_R)
     2    2.65   12.31   24.66 1142.41 v u336262/Y (MAJx2_ASAP7_75t_R)
                                         n257073 (net)
                 12.32    0.22 1142.63 v u336264/B (MAJx2_ASAP7_75t_R)
     2    2.77   12.28   24.94 1167.57 v u336264/Y (MAJx2_ASAP7_75t_R)
                                         n257075 (net)
                 12.29    0.14 1167.71 v u336267/B (MAJx2_ASAP7_75t_R)
     2    2.08   10.78   23.73 1191.45 v u336267/Y (MAJx2_ASAP7_75t_R)
                                         n257078 (net)
                 10.78    0.09 1191.54 v u336268/B (NOR2x1_ASAP7_75t_R)
     2    1.65   13.82   10.17 1201.71 ^ u336268/Y (NOR2x1_ASAP7_75t_R)
                                         n257079 (net)
                 13.82    0.06 1201.77 ^ u336269/B (AO21x1_ASAP7_75t_R)
     2    2.10   16.26   16.53 1218.30 ^ u336269/Y (AO21x1_ASAP7_75t_R)
                                         n257080 (net)
                 16.26    0.11 1218.41 ^ u336273/A (MAJx2_ASAP7_75t_R)
     3    3.24   15.01   23.02 1241.43 ^ u336273/Y (MAJx2_ASAP7_75t_R)
                                         n257083 (net)
                 15.03    0.31 1241.74 ^ u336285/A1 (OAI21x1_ASAP7_75t_R)
     2    2.77   17.16   11.72 1253.46 v u336285/Y (OAI21x1_ASAP7_75t_R)
                                         n257093 (net)
                 17.18    0.27 1253.73 v u336287/B (MAJx2_ASAP7_75t_R)
     2    2.85   12.48   26.45 1280.18 v u336287/Y (MAJx2_ASAP7_75t_R)
                                         n257095 (net)
                 12.50    0.21 1280.38 v u336290/B (MAJx2_ASAP7_75t_R)
     2    2.74   12.55   24.86 1305.24 v u336290/Y (MAJx2_ASAP7_75t_R)
                                         n257098 (net)
                 12.56    0.26 1305.50 v u336292/B (MAJx2_ASAP7_75t_R)
     2    2.83   12.44   25.08 1330.58 v u336292/Y (MAJx2_ASAP7_75t_R)
                                         n257100 (net)
                 12.45    0.20 1330.78 v u336295/B (MAJx2_ASAP7_75t_R)
     2    2.61   12.21   24.66 1355.44 v u336295/Y (MAJx2_ASAP7_75t_R)
                                         n257103 (net)
                 12.22    0.21 1355.65 v u336297/B (MAJx2_ASAP7_75t_R)
     2    2.87   12.53   25.04 1380.69 v u336297/Y (MAJx2_ASAP7_75t_R)
                                         n257105 (net)
                 12.55    0.20 1380.89 v u336300/B (MAJx2_ASAP7_75t_R)
     2    2.64   12.31   24.74 1405.63 v u336300/Y (MAJx2_ASAP7_75t_R)
                                         n257108 (net)
                 12.32    0.20 1405.82 v u336302/B (MAJx2_ASAP7_75t_R)
     2    2.83   12.44   25.02 1430.84 v u336302/Y (MAJx2_ASAP7_75t_R)
                                         n257110 (net)
                 12.45    0.18 1431.02 v u336305/B (MAJx2_ASAP7_75t_R)
     2    2.65   12.30   24.73 1455.75 v u336305/Y (MAJx2_ASAP7_75t_R)
                                         n257113 (net)
                 12.30    0.16 1455.91 v u336307/B (MAJx2_ASAP7_75t_R)
     2    2.84   12.45   25.03 1480.94 v u336307/Y (MAJx2_ASAP7_75t_R)
                                         n257115 (net)
                 12.46    0.17 1481.11 v u336310/B (MAJx2_ASAP7_75t_R)
     2    2.65   12.24   24.73 1505.84 v u336310/Y (MAJx2_ASAP7_75t_R)
                                         n257118 (net)
                 12.25    0.19 1506.03 v u336312/B (MAJx2_ASAP7_75t_R)
     2    2.83   12.43   24.99 1531.03 v u336312/Y (MAJx2_ASAP7_75t_R)
                                         n257120 (net)
                 12.44    0.19 1531.22 v u336315/B (MAJx2_ASAP7_75t_R)
     2    2.69   12.35   24.79 1556.00 v u336315/Y (MAJx2_ASAP7_75t_R)
                                         n257123 (net)
                 12.36    0.22 1556.22 v u336317/B (MAJx2_ASAP7_75t_R)
     2    2.87   12.54   25.09 1581.31 v u336317/Y (MAJx2_ASAP7_75t_R)
                                         n257125 (net)
                 12.55    0.22 1581.53 v u336320/B (MAJx2_ASAP7_75t_R)
     2    2.71   12.42   24.86 1606.39 v u336320/Y (MAJx2_ASAP7_75t_R)
                                         n257128 (net)
                 12.44    0.23 1606.62 v u336322/B (MAJx2_ASAP7_75t_R)
     2    2.79   12.33   24.97 1631.59 v u336322/Y (MAJx2_ASAP7_75t_R)
                                         n257130 (net)
                 12.35    0.19 1631.78 v u336325/B (MAJx2_ASAP7_75t_R)
     2    2.68   12.32   24.74 1656.52 v u336325/Y (MAJx2_ASAP7_75t_R)
                                         n257133 (net)
                 12.34    0.23 1656.75 v u336327/B (MAJx2_ASAP7_75t_R)
     2    2.84   12.48   25.03 1681.77 v u336327/Y (MAJx2_ASAP7_75t_R)
                                         n257135 (net)
                 12.50    0.23 1682.01 v u336330/B (MAJx2_ASAP7_75t_R)
     2    2.66   12.29   24.75 1706.76 v u336330/Y (MAJx2_ASAP7_75t_R)
                                         n257138 (net)
                 12.31    0.23 1706.99 v u336332/B (MAJx2_ASAP7_75t_R)
     2    2.87   12.58   25.04 1732.03 v u336332/Y (MAJx2_ASAP7_75t_R)
                                         n257140 (net)
                 12.61    0.28 1732.31 v u336335/B (MAJx2_ASAP7_75t_R)
     2    2.73   12.48   24.89 1757.20 v u336335/Y (MAJx2_ASAP7_75t_R)
                                         n257143 (net)
                 12.50    0.28 1757.47 v u336337/B (MAJx2_ASAP7_75t_R)
     2    2.81   12.38   25.05 1782.52 v u336337/Y (MAJx2_ASAP7_75t_R)
                                         n257145 (net)
                 12.39    0.18 1782.70 v u336340/B (MAJx2_ASAP7_75t_R)
     2    3.09   13.59   25.33 1808.03 v u336340/Y (MAJx2_ASAP7_75t_R)
                                         n257148 (net)
                 13.64    0.47 1808.50 v u336342/B (MAJx2_ASAP7_75t_R)
     2    2.94   12.79   25.54 1834.04 v u336342/Y (MAJx2_ASAP7_75t_R)
                                         n257150 (net)
                 12.82    0.31 1834.36 v u336345/B (MAJx2_ASAP7_75t_R)
     2    2.64   12.27   24.80 1859.16 v u336345/Y (MAJx2_ASAP7_75t_R)
                                         n257153 (net)
                 12.28    0.23 1859.39 v u336347/B (MAJx2_ASAP7_75t_R)
     2    2.84   12.46   25.00 1884.38 v u336347/Y (MAJx2_ASAP7_75t_R)
                                         n257155 (net)
                 12.48    0.24 1884.63 v u336350/B (MAJx2_ASAP7_75t_R)
     2    2.62   12.18   24.68 1909.31 v u336350/Y (MAJx2_ASAP7_75t_R)
                                         n257158 (net)
                 12.19    0.21 1909.52 v u336352/B (MAJx2_ASAP7_75t_R)
     2    2.88   12.57   25.05 1934.57 v u336352/Y (MAJx2_ASAP7_75t_R)
                                         n257160 (net)
                 12.59    0.23 1934.80 v u336355/B (MAJx2_ASAP7_75t_R)
     2    2.63   12.22   24.74 1959.54 v u336355/Y (MAJx2_ASAP7_75t_R)
                                         n257163 (net)
                 12.23    0.21 1959.75 v u336357/B (MAJx2_ASAP7_75t_R)
     2    2.82   12.42   24.95 1984.70 v u336357/Y (MAJx2_ASAP7_75t_R)
                                         n257165 (net)
                 12.44    0.22 1984.92 v u336360/B (MAJx2_ASAP7_75t_R)
     2    2.63   12.20   24.68 2009.61 v u336360/Y (MAJx2_ASAP7_75t_R)
                                         n257168 (net)
                 12.21    0.18 2009.78 v u336362/B (MAJx2_ASAP7_75t_R)
     2    2.80   12.39   24.92 2034.70 v u336362/Y (MAJx2_ASAP7_75t_R)
                                         n257170 (net)
                 12.40    0.21 2034.92 v u336365/B (MAJx2_ASAP7_75t_R)
     2    2.59   12.14   24.61 2059.53 v u336365/Y (MAJx2_ASAP7_75t_R)
                                         n257173 (net)
                 12.15    0.19 2059.72 v u336367/B (MAJx2_ASAP7_75t_R)
     2    3.00   12.95   25.18 2084.90 v u336367/Y (MAJx2_ASAP7_75t_R)
                                         n257175 (net)
                 12.97    0.31 2085.20 v u336370/B (MAJx2_ASAP7_75t_R)
     2    2.66   12.32   24.89 2110.09 v u336370/Y (MAJx2_ASAP7_75t_R)
                                         n257178 (net)
                 12.33    0.21 2110.30 v u336372/B (MAJx2_ASAP7_75t_R)
     2    2.88   12.58   25.06 2135.36 v u336372/Y (MAJx2_ASAP7_75t_R)
                                         n257180 (net)
                 12.60    0.25 2135.61 v u336375/B (MAJx2_ASAP7_75t_R)
     2    2.66   12.32   24.78 2160.39 v u336375/Y (MAJx2_ASAP7_75t_R)
                                         n257183 (net)
                 12.34    0.21 2160.60 v u336377/B (MAJx2_ASAP7_75t_R)
     2    2.79   12.33   24.93 2185.54 v u336377/Y (MAJx2_ASAP7_75t_R)
                                         n257185 (net)
                 12.35    0.19 2185.73 v u336380/B (MAJx2_ASAP7_75t_R)
     2    2.81   12.69   24.92 2210.66 v u336380/Y (MAJx2_ASAP7_75t_R)
                                         n257188 (net)
                 12.71    0.28 2210.94 v u336382/B (MAJx2_ASAP7_75t_R)
     2    2.93   12.75   25.26 2236.19 v u336382/Y (MAJx2_ASAP7_75t_R)
                                         n257190 (net)
                 12.78    0.28 2236.48 v u336385/B (MAJx2_ASAP7_75t_R)
     2    2.57   12.05   24.70 2261.17 v u336385/Y (MAJx2_ASAP7_75t_R)
                                         n257193 (net)
                 12.06    0.16 2261.33 v u336387/B (MAJx2_ASAP7_75t_R)
     2    2.96   12.79   25.13 2286.46 v u336387/Y (MAJx2_ASAP7_75t_R)
                                         n257195 (net)
                 12.81    0.26 2286.72 v u336390/B (MAJx2_ASAP7_75t_R)
     2    2.68   12.34   24.86 2311.58 v u336390/Y (MAJx2_ASAP7_75t_R)
                                         n257198 (net)
                 12.36    0.23 2311.81 v u336392/B (MAJx2_ASAP7_75t_R)
     2    2.77   12.29   24.93 2336.74 v u336392/Y (MAJx2_ASAP7_75t_R)
                                         n257200 (net)
                 12.30    0.17 2336.91 v u336395/B (MAJx2_ASAP7_75t_R)
     2    2.83   12.73   24.93 2361.85 v u336395/Y (MAJx2_ASAP7_75t_R)
                                         n257203 (net)
                 12.75    0.31 2362.16 v u336397/B (MAJx2_ASAP7_75t_R)
     2    3.23   13.73   25.65 2387.81 v u336397/Y (MAJx2_ASAP7_75t_R)
                                         n257205 (net)
                 13.77    0.41 2388.22 v u336400/B (MAJx2_ASAP7_75t_R)
     2    2.67   12.36   25.14 2413.36 v u336400/Y (MAJx2_ASAP7_75t_R)
                                         n257208 (net)
                 12.37    0.19 2413.55 v u336402/B (MAJx2_ASAP7_75t_R)
     2    2.77   12.30   24.93 2438.48 v u336402/Y (MAJx2_ASAP7_75t_R)
                                         n257210 (net)
                 12.30    0.16 2438.64 v u336405/B (MAJx2_ASAP7_75t_R)
     2    2.63   12.29   24.68 2463.32 v u336405/Y (MAJx2_ASAP7_75t_R)
                                         n257213 (net)
                 12.30    0.11 2463.43 v u336407/B (MAJx2_ASAP7_75t_R)
     2    2.81   12.38   24.98 2488.40 v u336407/Y (MAJx2_ASAP7_75t_R)
                                         n257215 (net)
                 12.39    0.17 2488.58 v u336410/B (MAJx2_ASAP7_75t_R)
     2    2.59   12.09   24.62 2513.20 v u336410/Y (MAJx2_ASAP7_75t_R)
                                         n257218 (net)
                 12.10    0.17 2513.37 v u336412/B (MAJx2_ASAP7_75t_R)
     2    2.75   12.25   24.81 2538.18 v u336412/Y (MAJx2_ASAP7_75t_R)
                                         n257220 (net)
                 12.26    0.20 2538.38 v u336415/B (MAJx2_ASAP7_75t_R)
     2    2.51   12.08   24.45 2562.83 v u336415/Y (MAJx2_ASAP7_75t_R)
                                         n257223 (net)
                 12.09    0.15 2562.98 v u336417/B (MAJx2_ASAP7_75t_R)
     2    2.82   12.40   24.92 2587.90 v u336417/Y (MAJx2_ASAP7_75t_R)
                                         n257225 (net)
                 12.41    0.19 2588.09 v u336420/B (MAJx2_ASAP7_75t_R)
     2    2.52   12.07   24.52 2612.61 v u336420/Y (MAJx2_ASAP7_75t_R)
                                         n257228 (net)
                 12.07    0.11 2612.72 v u336422/B (MAJx2_ASAP7_75t_R)
     2    2.79   12.32   24.88 2637.60 v u336422/Y (MAJx2_ASAP7_75t_R)
                                         n257230 (net)
                 12.33    0.15 2637.75 v u336425/B (MAJx2_ASAP7_75t_R)
     2    2.58   12.26   24.59 2662.34 v u336425/Y (MAJx2_ASAP7_75t_R)
                                         n257233 (net)
                 12.27    0.14 2662.48 v u336427/B (MAJx2_ASAP7_75t_R)
     2    2.83   12.41   25.00 2687.48 v u336427/Y (MAJx2_ASAP7_75t_R)
                                         n257235 (net)
                 12.42    0.16 2687.64 v u336430/B (MAJx2_ASAP7_75t_R)
     2    2.47   11.82   24.45 2712.08 v u336430/Y (MAJx2_ASAP7_75t_R)
                                         n257238 (net)
                 11.82    0.12 2712.20 v u336432/B (MAJx2_ASAP7_75t_R)
     2    2.66   12.01   24.59 2736.79 v u336432/Y (MAJx2_ASAP7_75t_R)
                                         n257240 (net)
                 12.01    0.12 2736.91 v u336435/B (MAJx2_ASAP7_75t_R)
     2    2.53   12.11   24.43 2761.34 v u336435/Y (MAJx2_ASAP7_75t_R)
                                         n257243 (net)
                 12.11    0.12 2761.46 v u336437/B (MAJx2_ASAP7_75t_R)
     2    2.71   12.10   24.77 2786.24 v u336437/Y (MAJx2_ASAP7_75t_R)
                                         n257245 (net)
                 12.10    0.10 2786.34 v u336440/B (MAJx2_ASAP7_75t_R)
     2    2.56   12.09   24.52 2810.86 v u336440/Y (MAJx2_ASAP7_75t_R)
                                         n257248 (net)
                 12.10    0.10 2810.96 v u336442/B (MAJx2_ASAP7_75t_R)
     2    2.80   12.33   24.92 2835.88 v u336442/Y (MAJx2_ASAP7_75t_R)
                                         n257250 (net)
                 12.34    0.13 2836.01 v u336445/B (MAJx2_ASAP7_75t_R)
     2    2.50   11.96   24.49 2860.50 v u336445/Y (MAJx2_ASAP7_75t_R)
                                         n257253 (net)
                 11.97    0.09 2860.59 v u336447/B (MAJx2_ASAP7_75t_R)
     2    2.71   12.12   24.74 2885.34 v u336447/Y (MAJx2_ASAP7_75t_R)
                                         n257255 (net)
                 12.12    0.10 2885.44 v u336450/B (MAJx2_ASAP7_75t_R)
     2    2.58   12.02   24.55 2909.99 v u336450/Y (MAJx2_ASAP7_75t_R)
                                         n257258 (net)
                 12.03    0.12 2910.11 v u336452/B (MAJx2_ASAP7_75t_R)
     2    2.74   12.22   24.79 2934.90 v u336452/Y (MAJx2_ASAP7_75t_R)
                                         n257260 (net)
                 12.22    0.13 2935.03 v u336455/B (MAJx2_ASAP7_75t_R)
     2    2.54   11.95   24.48 2959.51 v u336455/Y (MAJx2_ASAP7_75t_R)
                                         n257263 (net)
                 11.96    0.19 2959.70 v u336457/B (MAJx2_ASAP7_75t_R)
     2    2.71   12.13   24.72 2984.42 v u336457/Y (MAJx2_ASAP7_75t_R)
                                         n257265 (net)
                 12.14    0.16 2984.58 v u336460/B (MAJx2_ASAP7_75t_R)
     2    2.66   12.26   24.68 3009.26 v u336460/Y (MAJx2_ASAP7_75t_R)
                                         n257268 (net)
                 12.27    0.15 3009.41 v u336462/B (MAJx2_ASAP7_75t_R)
     2    2.82   12.40   24.97 3034.38 v u336462/Y (MAJx2_ASAP7_75t_R)
                                         n257270 (net)
                 12.41    0.20 3034.58 v u336465/B (MAJx2_ASAP7_75t_R)
     2    2.27   11.38   24.07 3058.66 v u336465/Y (MAJx2_ASAP7_75t_R)
                                         n257273 (net)
                 11.39    0.17 3058.82 v u336469/A (MAJx2_ASAP7_75t_R)
     2    2.87   12.78   23.06 3081.88 v u336469/Y (MAJx2_ASAP7_75t_R)
                                         n257277 (net)
                 12.79    0.24 3082.12 v u336472/B (MAJx2_ASAP7_75t_R)
     3    3.02   13.19   25.41 3107.54 v u336472/Y (MAJx2_ASAP7_75t_R)
                                         n257280 (net)
                 13.21    0.28 3107.81 v u336473/C (OR3x1_ASAP7_75t_R)
     1    1.25   11.30   23.04 3130.86 v u336473/Y (OR3x1_ASAP7_75t_R)
                                         n257281 (net)
                 11.30    0.08 3130.93 v u336476/A (NAND2x1_ASAP7_75t_R)
     3    3.31   25.31   16.82 3147.75 ^ u336476/Y (NAND2x1_ASAP7_75t_R)
                                         n257284 (net)
                 25.32    0.27 3148.03 ^ u336478/C (OR4x1_ASAP7_75t_R)
     4    3.84   26.26   24.28 3172.30 ^ u336478/Y (OR4x1_ASAP7_75t_R)
                                         n257286 (net)
                 26.27    0.19 3172.50 ^ u336480/A (OR2x2_ASAP7_75t_R)
     5    6.19   22.38   27.12 3199.62 ^ u336480/Y (OR2x2_ASAP7_75t_R)
                                         n257288 (net)
                 22.38    0.16 3199.78 ^ u336497/A (NOR2x2_ASAP7_75t_R)
    29   35.16  103.20   47.76 3247.54 v u336497/Y (NOR2x2_ASAP7_75t_R)
                                         n256731 (net)
                104.83    7.31 3254.85 v place54623/A (BUFx3_ASAP7_75t_R)
    29   25.98   54.04   46.76 3301.61 v place54623/Y (BUFx3_ASAP7_75t_R)
                                         net54582 (net)
                 64.24   12.22 3313.83 v place54622/A (BUFx3_ASAP7_75t_R)
    37   36.65   74.20   45.37 3359.20 v place54622/Y (BUFx3_ASAP7_75t_R)
                                         net54581 (net)
                 92.87   19.67 3378.86 v place54621/A (BUFx6f_ASAP7_75t_R)
    60   55.05   58.79   37.86 3416.72 v place54621/Y (BUFx6f_ASAP7_75t_R)
                                         net54580 (net)
                122.33   36.39 3453.11 v u336716/B (NAND2x1_ASAP7_75t_R)
     1    1.17   28.55   25.71 3478.82 ^ u336716/Y (NAND2x1_ASAP7_75t_R)
                                         n257435 (net)
                 28.55    0.11 3478.93 ^ u336717/B (OA21x2_ASAP7_75t_R)
     1    0.80    9.76   18.98 3497.91 ^ u336717/Y (OA21x2_ASAP7_75t_R)
                                         n238674 (net)
                  9.76    0.04 3497.95 ^ u316930/D (DFFHQNx1_ASAP7_75t_R)
                               3497.95   data arrival time

                  0.00 5000.00 5000.00   clock core_clock (rise edge)
                          0.00 5000.00   clock network delay (ideal)
                          0.00 5000.00   clock reconvergence pessimism
                               5000.00 ^ u316930/CLK (DFFHQNx1_ASAP7_75t_R)
                        -15.41 4984.59   library setup time
                               4984.59   data required time
-----------------------------------------------------------------------------
                               4984.59   data required time
                               -3497.95   data arrival time
-----------------------------------------------------------------------------
                               1486.64   slack (MET)



==========================================================================
global place report_checks -unconstrained
--------------------------------------------------------------------------
Startpoint: u336116 (rising edge-triggered flip-flop clocked by core_clock)
Endpoint: u316930 (rising edge-triggered flip-flop clocked by core_clock)
Path Group: core_clock
Path Type: max

Fanout     Cap    Slew   Delay    Time   Description
-----------------------------------------------------------------------------
                  0.00    0.00    0.00   clock core_clock (rise edge)
                          0.00    0.00   clock network delay (ideal)
                  0.00    0.00    0.00 ^ u336116/CLK (DFFHQNx1_ASAP7_75t_R)
     2    1.57   18.02   34.75   34.75 v u336116/QN (DFFHQNx1_ASAP7_75t_R)
                                         uacc_section14_allocator_udiv_144ns_128ns_144_148_1_U52.uacc_section14_allocator_uacc_section14_allocator_udiv_144ns_128ns_144_148_1_div_U.uacc_section14_allocator_uacc_section14_allocator_udiv_144ns_128ns_144_148_1_div_u_0.divisor_tmp[7424] (net)
                 18.02    0.06   34.81 v u336117/A (INVx1_ASAP7_75t_R)
     2    1.80   15.49   12.03   46.84 ^ u336117/Y (INVx1_ASAP7_75t_R)
                                         n238715 (net)
                 15.50    0.19   47.02 ^ u336119/A (OR2x2_ASAP7_75t_R)
     2    2.22   10.27   18.66   65.68 ^ u336119/Y (OR2x2_ASAP7_75t_R)
                                         n256952 (net)
                 10.28    0.15   65.83 ^ u336123/A (MAJx2_ASAP7_75t_R)
     2    2.50   12.76   20.05   85.88 ^ u336123/Y (MAJx2_ASAP7_75t_R)
                                         n256955 (net)
                 12.79    0.28   86.16 ^ u336127/A (MAJx2_ASAP7_75t_R)
     2    2.30   12.10   20.47  106.63 ^ u336127/Y (MAJx2_ASAP7_75t_R)
                                         n256958 (net)
                 12.11    0.14  106.78 ^ u336131/A (MAJx2_ASAP7_75t_R)
     2    2.19   11.79   20.12  126.89 ^ u336131/Y (MAJx2_ASAP7_75t_R)
                                         n256961 (net)
                 11.79    0.11  127.01 ^ u336135/A (MAJx2_ASAP7_75t_R)
     2    2.18   11.73   19.99  147.00 ^ u336135/Y (MAJx2_ASAP7_75t_R)
                                         n256964 (net)
                 11.73    0.12  147.12 ^ u336139/A (MAJx2_ASAP7_75t_R)
     2    2.45   12.59   20.41  167.53 ^ u336139/Y (MAJx2_ASAP7_75t_R)
                                         n256967 (net)
                 12.61    0.23  167.76 ^ u336143/A (MAJx2_ASAP7_75t_R)
     2    2.56   12.94   20.85  188.61 ^ u336143/Y (MAJx2_ASAP7_75t_R)
                                         n256970 (net)
                 12.97    0.28  188.89 ^ u336147/A (MAJx2_ASAP7_75t_R)
     2    2.50   12.77   20.85  209.74 ^ u336147/Y (MAJx2_ASAP7_75t_R)
                                         n256973 (net)
                 12.79    0.26  209.99 ^ u336151/A (MAJx2_ASAP7_75t_R)
     2    5.58   23.03   24.76  234.75 ^ u336151/Y (MAJx2_ASAP7_75t_R)
                                         n256976 (net)
                 24.06    2.61  237.36 ^ u336155/A (MAJx2_ASAP7_75t_R)
     2    2.61   13.10   23.89  261.25 ^ u336155/Y (MAJx2_ASAP7_75t_R)
                                         n256979 (net)
                 13.13    0.35  261.59 ^ u336159/A (MAJx2_ASAP7_75t_R)
     2    3.90   17.56   22.84  284.43 ^ u336159/Y (MAJx2_ASAP7_75t_R)
                                         n256982 (net)
                 17.80    1.13  285.57 ^ u336160/B (OA21x2_ASAP7_75t_R)
     1    1.60    9.64   18.78  304.34 ^ u336160/Y (OA21x2_ASAP7_75t_R)
                                         n256983 (net)
                  9.65    0.13  304.48 ^ u336161/B (AOI21x1_ASAP7_75t_R)
     2    2.39   18.87    9.70  314.17 v u336161/Y (AOI21x1_ASAP7_75t_R)
                                         n256984 (net)
                 18.88    0.24  314.41 v u336162/B (NOR2x1_ASAP7_75t_R)
     2    1.71   16.15   12.44  326.85 ^ u336162/Y (NOR2x1_ASAP7_75t_R)
                                         n256985 (net)
                 16.15    0.04  326.89 ^ u336163/B (AO21x1_ASAP7_75t_R)
     2    2.16   16.57   17.20  344.09 ^ u336163/Y (AO21x1_ASAP7_75t_R)
                                         n256986 (net)
                 16.57    0.13  344.22 ^ u336167/A (MAJx2_ASAP7_75t_R)
     2    2.20   11.84   21.40  365.61 ^ u336167/Y (MAJx2_ASAP7_75t_R)
                                         n256989 (net)
                 11.84    0.17  365.78 ^ u336171/A (MAJx2_ASAP7_75t_R)
     2    2.92   14.12   21.18  386.95 ^ u336171/Y (MAJx2_ASAP7_75t_R)
                                         n256992 (net)
                 14.18    0.48  387.44 ^ u336175/A (MAJx2_ASAP7_75t_R)
     2    2.30   12.15   20.86  408.30 ^ u336175/Y (MAJx2_ASAP7_75t_R)
                                         n256995 (net)
                 12.16    0.20  408.50 ^ u336179/A (MAJx2_ASAP7_75t_R)
     2    3.64   16.63   22.23  430.73 ^ u336179/Y (MAJx2_ASAP7_75t_R)
                                         n256998 (net)
                 16.80    0.92  431.65 ^ u336183/A (MAJx2_ASAP7_75t_R)
     2    2.50   12.78   21.93  453.58 ^ u336183/Y (MAJx2_ASAP7_75t_R)
                                         n257001 (net)
                 12.80    0.27  453.86 ^ u336187/A (MAJx2_ASAP7_75t_R)
     2    2.89   14.02   21.41  475.27 ^ u336187/Y (MAJx2_ASAP7_75t_R)
                                         n257004 (net)
                 14.08    0.49  475.76 ^ u336188/B (OA21x2_ASAP7_75t_R)
     1    1.46    9.27   17.88  493.64 ^ u336188/Y (OA21x2_ASAP7_75t_R)
                                         n257005 (net)
                  9.27    0.09  493.73 ^ u336189/B (AOI21x1_ASAP7_75t_R)
     2    2.56   19.90    9.86  503.59 v u336189/Y (AOI21x1_ASAP7_75t_R)
                                         n257006 (net)
                 19.91    0.27  503.86 v u336190/B (NOR2x1_ASAP7_75t_R)
     2    1.59   15.77   12.33  516.20 ^ u336190/Y (NOR2x1_ASAP7_75t_R)
                                         n257007 (net)
                 15.77    0.06  516.26 ^ u336191/B (AO21x1_ASAP7_75t_R)
     2    2.60   19.15   18.21  534.47 ^ u336191/Y (AO21x1_ASAP7_75t_R)
                                         n257008 (net)
                 19.16    0.31  534.78 ^ u336195/A (MAJx2_ASAP7_75t_R)
     2    2.60   13.13   22.77  557.55 ^ u336195/Y (MAJx2_ASAP7_75t_R)
                                         n257011 (net)
                 13.16    0.34  557.89 ^ u336199/A (MAJx2_ASAP7_75t_R)
     2    2.60   13.07   21.07  578.95 ^ u336199/Y (MAJx2_ASAP7_75t_R)
                                         n257014 (net)
                 13.09    0.31  579.26 ^ u336203/A (MAJx2_ASAP7_75t_R)
     2    2.39   12.43   20.71  599.97 ^ u336203/Y (MAJx2_ASAP7_75t_R)
                                         n257017 (net)
                 12.45    0.23  600.20 ^ u336207/A (MAJx2_ASAP7_75t_R)
     2    2.31   12.20   20.38  620.58 ^ u336207/Y (MAJx2_ASAP7_75t_R)
                                         n257020 (net)
                 12.21    0.19  620.77 ^ u336211/A (MAJx2_ASAP7_75t_R)
     2    2.16   11.67   20.07  640.83 ^ u336211/Y (MAJx2_ASAP7_75t_R)
                                         n257023 (net)
                 11.68    0.14  640.98 ^ u336215/A (MAJx2_ASAP7_75t_R)
     2    2.12   11.58   19.86  660.84 ^ u336215/Y (MAJx2_ASAP7_75t_R)
                                         n257026 (net)
                 11.59    0.12  660.96 ^ u336216/B (OA21x2_ASAP7_75t_R)
     1    1.51    9.37   17.51  678.47 ^ u336216/Y (OA21x2_ASAP7_75t_R)
                                         n257027 (net)
                  9.37    0.10  678.57 ^ u336217/B (AOI21x1_ASAP7_75t_R)
     2    2.47   19.24    9.80  688.37 v u336217/Y (AOI21x1_ASAP7_75t_R)
                                         n257028 (net)
                 19.24    0.13  688.50 v u336219/B (MAJx2_ASAP7_75t_R)
     2    2.84   12.42   27.05  715.55 v u336219/Y (MAJx2_ASAP7_75t_R)
                                         n257030 (net)
                 12.43    0.21  715.76 v u336222/B (MAJx2_ASAP7_75t_R)
     2    2.55   11.99   24.56  740.32 v u336222/Y (MAJx2_ASAP7_75t_R)
                                         n257033 (net)
                 12.00    0.17  740.49 v u336224/B (MAJx2_ASAP7_75t_R)
     2    2.83   12.45   24.92  765.41 v u336224/Y (MAJx2_ASAP7_75t_R)
                                         n257035 (net)
                 12.47    0.22  765.63 v u336227/B (MAJx2_ASAP7_75t_R)
     2    2.71   12.59   24.82  790.44 v u336227/Y (MAJx2_ASAP7_75t_R)
                                         n257038 (net)
                 12.61    0.26  790.71 v u336229/B (MAJx2_ASAP7_75t_R)
     2    2.99   12.93   25.32  816.02 v u336229/Y (MAJx2_ASAP7_75t_R)
                                         n257040 (net)
                 12.96    0.31  816.34 v u336232/B (MAJx2_ASAP7_75t_R)
     2    2.66   12.41   24.87  841.21 v u336232/Y (MAJx2_ASAP7_75t_R)
                                         n257043 (net)
                 12.43    0.24  841.45 v u336234/B (MAJx2_ASAP7_75t_R)
     2    2.85   12.51   25.06  866.51 v u336234/Y (MAJx2_ASAP7_75t_R)
                                         n257045 (net)
                 12.52    0.24  866.75 v u336237/B (MAJx2_ASAP7_75t_R)
     2    2.63   12.32   24.71  891.46 v u336237/Y (MAJx2_ASAP7_75t_R)
                                         n257048 (net)
                 12.34    0.24  891.70 v u336239/B (MAJx2_ASAP7_75t_R)
     2    3.05   13.13   25.30  917.00 v u336239/Y (MAJx2_ASAP7_75t_R)
                                         n257050 (net)
                 13.17    0.37  917.36 v u336242/B (MAJx2_ASAP7_75t_R)
     2    2.84   12.77   25.22  942.58 v u336242/Y (MAJx2_ASAP7_75t_R)
                                         n257053 (net)
                 12.79    0.32  942.90 v u336244/B (MAJx2_ASAP7_75t_R)
     2    2.73   12.20   25.00  967.89 v u336244/Y (MAJx2_ASAP7_75t_R)
                                         n257055 (net)
                 12.21    0.16  968.05 v u336247/B (MAJx2_ASAP7_75t_R)
     2    2.68   12.35   24.69  992.74 v u336247/Y (MAJx2_ASAP7_75t_R)
                                         n257058 (net)
                 12.37    0.25  992.99 v u336249/B (MAJx2_ASAP7_75t_R)
     2    2.72   12.17   24.85 1017.84 v u336249/Y (MAJx2_ASAP7_75t_R)
                                         n257060 (net)
                 12.18    0.18 1018.02 v u336252/B (MAJx2_ASAP7_75t_R)
     2    2.65   12.28   24.66 1042.67 v u336252/Y (MAJx2_ASAP7_75t_R)
                                         n257063 (net)
                 12.29    0.20 1042.87 v u336254/B (MAJx2_ASAP7_75t_R)
     2    2.84   12.45   25.04 1067.92 v u336254/Y (MAJx2_ASAP7_75t_R)
                                         n257065 (net)
                 12.46    0.17 1068.09 v u336257/B (MAJx2_ASAP7_75t_R)
     2    2.51   11.98   24.51 1092.60 v u336257/Y (MAJx2_ASAP7_75t_R)
                                         n257068 (net)
                 11.99    0.17 1092.77 v u336259/B (MAJx2_ASAP7_75t_R)
     2    2.75   12.24   24.79 1117.56 v u336259/Y (MAJx2_ASAP7_75t_R)
                                         n257070 (net)
                 12.25    0.19 1117.75 v u336262/B (MAJx2_ASAP7_75t_R)
     2    2.65   12.31   24.66 1142.41 v u336262/Y (MAJx2_ASAP7_75t_R)
                                         n257073 (net)
                 12.32    0.22 1142.63 v u336264/B (MAJx2_ASAP7_75t_R)
     2    2.77   12.28   24.94 1167.57 v u336264/Y (MAJx2_ASAP7_75t_R)
                                         n257075 (net)
                 12.29    0.14 1167.71 v u336267/B (MAJx2_ASAP7_75t_R)
     2    2.08   10.78   23.73 1191.45 v u336267/Y (MAJx2_ASAP7_75t_R)
                                         n257078 (net)
                 10.78    0.09 1191.54 v u336268/B (NOR2x1_ASAP7_75t_R)
     2    1.65   13.82   10.17 1201.71 ^ u336268/Y (NOR2x1_ASAP7_75t_R)
                                         n257079 (net)
                 13.82    0.06 1201.77 ^ u336269/B (AO21x1_ASAP7_75t_R)
     2    2.10   16.26   16.53 1218.30 ^ u336269/Y (AO21x1_ASAP7_75t_R)
                                         n257080 (net)
                 16.26    0.11 1218.41 ^ u336273/A (MAJx2_ASAP7_75t_R)
     3    3.24   15.01   23.02 1241.43 ^ u336273/Y (MAJx2_ASAP7_75t_R)
                                         n257083 (net)
                 15.03    0.31 1241.74 ^ u336285/A1 (OAI21x1_ASAP7_75t_R)
     2    2.77   17.16   11.72 1253.46 v u336285/Y (OAI21x1_ASAP7_75t_R)
                                         n257093 (net)
                 17.18    0.27 1253.73 v u336287/B (MAJx2_ASAP7_75t_R)
     2    2.85   12.48   26.45 1280.18 v u336287/Y (MAJx2_ASAP7_75t_R)
                                         n257095 (net)
                 12.50    0.21 1280.38 v u336290/B (MAJx2_ASAP7_75t_R)
     2    2.74   12.55   24.86 1305.24 v u336290/Y (MAJx2_ASAP7_75t_R)
                                         n257098 (net)
                 12.56    0.26 1305.50 v u336292/B (MAJx2_ASAP7_75t_R)
     2    2.83   12.44   25.08 1330.58 v u336292/Y (MAJx2_ASAP7_75t_R)
                                         n257100 (net)
                 12.45    0.20 1330.78 v u336295/B (MAJx2_ASAP7_75t_R)
     2    2.61   12.21   24.66 1355.44 v u336295/Y (MAJx2_ASAP7_75t_R)
                                         n257103 (net)
                 12.22    0.21 1355.65 v u336297/B (MAJx2_ASAP7_75t_R)
     2    2.87   12.53   25.04 1380.69 v u336297/Y (MAJx2_ASAP7_75t_R)
                                         n257105 (net)
                 12.55    0.20 1380.89 v u336300/B (MAJx2_ASAP7_75t_R)
     2    2.64   12.31   24.74 1405.63 v u336300/Y (MAJx2_ASAP7_75t_R)
                                         n257108 (net)
                 12.32    0.20 1405.82 v u336302/B (MAJx2_ASAP7_75t_R)
     2    2.83   12.44   25.02 1430.84 v u336302/Y (MAJx2_ASAP7_75t_R)
                                         n257110 (net)
                 12.45    0.18 1431.02 v u336305/B (MAJx2_ASAP7_75t_R)
     2    2.65   12.30   24.73 1455.75 v u336305/Y (MAJx2_ASAP7_75t_R)
                                         n257113 (net)
                 12.30    0.16 1455.91 v u336307/B (MAJx2_ASAP7_75t_R)
     2    2.84   12.45   25.03 1480.94 v u336307/Y (MAJx2_ASAP7_75t_R)
                                         n257115 (net)
                 12.46    0.17 1481.11 v u336310/B (MAJx2_ASAP7_75t_R)
     2    2.65   12.24   24.73 1505.84 v u336310/Y (MAJx2_ASAP7_75t_R)
                                         n257118 (net)
                 12.25    0.19 1506.03 v u336312/B (MAJx2_ASAP7_75t_R)
     2    2.83   12.43   24.99 1531.03 v u336312/Y (MAJx2_ASAP7_75t_R)
                                         n257120 (net)
                 12.44    0.19 1531.22 v u336315/B (MAJx2_ASAP7_75t_R)
     2    2.69   12.35   24.79 1556.00 v u336315/Y (MAJx2_ASAP7_75t_R)
                                         n257123 (net)
                 12.36    0.22 1556.22 v u336317/B (MAJx2_ASAP7_75t_R)
     2    2.87   12.54   25.09 1581.31 v u336317/Y (MAJx2_ASAP7_75t_R)
                                         n257125 (net)
                 12.55    0.22 1581.53 v u336320/B (MAJx2_ASAP7_75t_R)
     2    2.71   12.42   24.86 1606.39 v u336320/Y (MAJx2_ASAP7_75t_R)
                                         n257128 (net)
                 12.44    0.23 1606.62 v u336322/B (MAJx2_ASAP7_75t_R)
     2    2.79   12.33   24.97 1631.59 v u336322/Y (MAJx2_ASAP7_75t_R)
                                         n257130 (net)
                 12.35    0.19 1631.78 v u336325/B (MAJx2_ASAP7_75t_R)
     2    2.68   12.32   24.74 1656.52 v u336325/Y (MAJx2_ASAP7_75t_R)
                                         n257133 (net)
                 12.34    0.23 1656.75 v u336327/B (MAJx2_ASAP7_75t_R)
     2    2.84   12.48   25.03 1681.77 v u336327/Y (MAJx2_ASAP7_75t_R)
                                         n257135 (net)
                 12.50    0.23 1682.01 v u336330/B (MAJx2_ASAP7_75t_R)
     2    2.66   12.29   24.75 1706.76 v u336330/Y (MAJx2_ASAP7_75t_R)
                                         n257138 (net)
                 12.31    0.23 1706.99 v u336332/B (MAJx2_ASAP7_75t_R)
     2    2.87   12.58   25.04 1732.03 v u336332/Y (MAJx2_ASAP7_75t_R)
                                         n257140 (net)
                 12.61    0.28 1732.31 v u336335/B (MAJx2_ASAP7_75t_R)
     2    2.73   12.48   24.89 1757.20 v u336335/Y (MAJx2_ASAP7_75t_R)
                                         n257143 (net)
                 12.50    0.28 1757.47 v u336337/B (MAJx2_ASAP7_75t_R)
     2    2.81   12.38   25.05 1782.52 v u336337/Y (MAJx2_ASAP7_75t_R)
                                         n257145 (net)
                 12.39    0.18 1782.70 v u336340/B (MAJx2_ASAP7_75t_R)
     2    3.09   13.59   25.33 1808.03 v u336340/Y (MAJx2_ASAP7_75t_R)
                                         n257148 (net)
                 13.64    0.47 1808.50 v u336342/B (MAJx2_ASAP7_75t_R)
     2    2.94   12.79   25.54 1834.04 v u336342/Y (MAJx2_ASAP7_75t_R)
                                         n257150 (net)
                 12.82    0.31 1834.36 v u336345/B (MAJx2_ASAP7_75t_R)
     2    2.64   12.27   24.80 1859.16 v u336345/Y (MAJx2_ASAP7_75t_R)
                                         n257153 (net)
                 12.28    0.23 1859.39 v u336347/B (MAJx2_ASAP7_75t_R)
     2    2.84   12.46   25.00 1884.38 v u336347/Y (MAJx2_ASAP7_75t_R)
                                         n257155 (net)
                 12.48    0.24 1884.63 v u336350/B (MAJx2_ASAP7_75t_R)
     2    2.62   12.18   24.68 1909.31 v u336350/Y (MAJx2_ASAP7_75t_R)
                                         n257158 (net)
                 12.19    0.21 1909.52 v u336352/B (MAJx2_ASAP7_75t_R)
     2    2.88   12.57   25.05 1934.57 v u336352/Y (MAJx2_ASAP7_75t_R)
                                         n257160 (net)
                 12.59    0.23 1934.80 v u336355/B (MAJx2_ASAP7_75t_R)
     2    2.63   12.22   24.74 1959.54 v u336355/Y (MAJx2_ASAP7_75t_R)
                                         n257163 (net)
                 12.23    0.21 1959.75 v u336357/B (MAJx2_ASAP7_75t_R)
     2    2.82   12.42   24.95 1984.70 v u336357/Y (MAJx2_ASAP7_75t_R)
                                         n257165 (net)
                 12.44    0.22 1984.92 v u336360/B (MAJx2_ASAP7_75t_R)
     2    2.63   12.20   24.68 2009.61 v u336360/Y (MAJx2_ASAP7_75t_R)
                                         n257168 (net)
                 12.21    0.18 2009.78 v u336362/B (MAJx2_ASAP7_75t_R)
     2    2.80   12.39   24.92 2034.70 v u336362/Y (MAJx2_ASAP7_75t_R)
                                         n257170 (net)
                 12.40    0.21 2034.92 v u336365/B (MAJx2_ASAP7_75t_R)
     2    2.59   12.14   24.61 2059.53 v u336365/Y (MAJx2_ASAP7_75t_R)
                                         n257173 (net)
                 12.15    0.19 2059.72 v u336367/B (MAJx2_ASAP7_75t_R)
     2    3.00   12.95   25.18 2084.90 v u336367/Y (MAJx2_ASAP7_75t_R)
                                         n257175 (net)
                 12.97    0.31 2085.20 v u336370/B (MAJx2_ASAP7_75t_R)
     2    2.66   12.32   24.89 2110.09 v u336370/Y (MAJx2_ASAP7_75t_R)
                                         n257178 (net)
                 12.33    0.21 2110.30 v u336372/B (MAJx2_ASAP7_75t_R)
     2    2.88   12.58   25.06 2135.36 v u336372/Y (MAJx2_ASAP7_75t_R)
                                         n257180 (net)
                 12.60    0.25 2135.61 v u336375/B (MAJx2_ASAP7_75t_R)
     2    2.66   12.32   24.78 2160.39 v u336375/Y (MAJx2_ASAP7_75t_R)
                                         n257183 (net)
                 12.34    0.21 2160.60 v u336377/B (MAJx2_ASAP7_75t_R)
     2    2.79   12.33   24.93 2185.54 v u336377/Y (MAJx2_ASAP7_75t_R)
                                         n257185 (net)
                 12.35    0.19 2185.73 v u336380/B (MAJx2_ASAP7_75t_R)
     2    2.81   12.69   24.92 2210.66 v u336380/Y (MAJx2_ASAP7_75t_R)
                                         n257188 (net)
                 12.71    0.28 2210.94 v u336382/B (MAJx2_ASAP7_75t_R)
     2    2.93   12.75   25.26 2236.19 v u336382/Y (MAJx2_ASAP7_75t_R)
                                         n257190 (net)
                 12.78    0.28 2236.48 v u336385/B (MAJx2_ASAP7_75t_R)
     2    2.57   12.05   24.70 2261.17 v u336385/Y (MAJx2_ASAP7_75t_R)
                                         n257193 (net)
                 12.06    0.16 2261.33 v u336387/B (MAJx2_ASAP7_75t_R)
     2    2.96   12.79   25.13 2286.46 v u336387/Y (MAJx2_ASAP7_75t_R)
                                         n257195 (net)
                 12.81    0.26 2286.72 v u336390/B (MAJx2_ASAP7_75t_R)
     2    2.68   12.34   24.86 2311.58 v u336390/Y (MAJx2_ASAP7_75t_R)
                                         n257198 (net)
                 12.36    0.23 2311.81 v u336392/B (MAJx2_ASAP7_75t_R)
     2    2.77   12.29   24.93 2336.74 v u336392/Y (MAJx2_ASAP7_75t_R)
                                         n257200 (net)
                 12.30    0.17 2336.91 v u336395/B (MAJx2_ASAP7_75t_R)
     2    2.83   12.73   24.93 2361.85 v u336395/Y (MAJx2_ASAP7_75t_R)
                                         n257203 (net)
                 12.75    0.31 2362.16 v u336397/B (MAJx2_ASAP7_75t_R)
     2    3.23   13.73   25.65 2387.81 v u336397/Y (MAJx2_ASAP7_75t_R)
                                         n257205 (net)
                 13.77    0.41 2388.22 v u336400/B (MAJx2_ASAP7_75t_R)
     2    2.67   12.36   25.14 2413.36 v u336400/Y (MAJx2_ASAP7_75t_R)
                                         n257208 (net)
                 12.37    0.19 2413.55 v u336402/B (MAJx2_ASAP7_75t_R)
     2    2.77   12.30   24.93 2438.48 v u336402/Y (MAJx2_ASAP7_75t_R)
                                         n257210 (net)
                 12.30    0.16 2438.64 v u336405/B (MAJx2_ASAP7_75t_R)
     2    2.63   12.29   24.68 2463.32 v u336405/Y (MAJx2_ASAP7_75t_R)
                                         n257213 (net)
                 12.30    0.11 2463.43 v u336407/B (MAJx2_ASAP7_75t_R)
     2    2.81   12.38   24.98 2488.40 v u336407/Y (MAJx2_ASAP7_75t_R)
                                         n257215 (net)
                 12.39    0.17 2488.58 v u336410/B (MAJx2_ASAP7_75t_R)
     2    2.59   12.09   24.62 2513.20 v u336410/Y (MAJx2_ASAP7_75t_R)
                                         n257218 (net)
                 12.10    0.17 2513.37 v u336412/B (MAJx2_ASAP7_75t_R)
     2    2.75   12.25   24.81 2538.18 v u336412/Y (MAJx2_ASAP7_75t_R)
                                         n257220 (net)
                 12.26    0.20 2538.38 v u336415/B (MAJx2_ASAP7_75t_R)
     2    2.51   12.08   24.45 2562.83 v u336415/Y (MAJx2_ASAP7_75t_R)
                                         n257223 (net)
                 12.09    0.15 2562.98 v u336417/B (MAJx2_ASAP7_75t_R)
     2    2.82   12.40   24.92 2587.90 v u336417/Y (MAJx2_ASAP7_75t_R)
                                         n257225 (net)
                 12.41    0.19 2588.09 v u336420/B (MAJx2_ASAP7_75t_R)
     2    2.52   12.07   24.52 2612.61 v u336420/Y (MAJx2_ASAP7_75t_R)
                                         n257228 (net)
                 12.07    0.11 2612.72 v u336422/B (MAJx2_ASAP7_75t_R)
     2    2.79   12.32   24.88 2637.60 v u336422/Y (MAJx2_ASAP7_75t_R)
                                         n257230 (net)
                 12.33    0.15 2637.75 v u336425/B (MAJx2_ASAP7_75t_R)
     2    2.58   12.26   24.59 2662.34 v u336425/Y (MAJx2_ASAP7_75t_R)
                                         n257233 (net)
                 12.27    0.14 2662.48 v u336427/B (MAJx2_ASAP7_75t_R)
     2    2.83   12.41   25.00 2687.48 v u336427/Y (MAJx2_ASAP7_75t_R)
                                         n257235 (net)
                 12.42    0.16 2687.64 v u336430/B (MAJx2_ASAP7_75t_R)
     2    2.47   11.82   24.45 2712.08 v u336430/Y (MAJx2_ASAP7_75t_R)
                                         n257238 (net)
                 11.82    0.12 2712.20 v u336432/B (MAJx2_ASAP7_75t_R)
     2    2.66   12.01   24.59 2736.79 v u336432/Y (MAJx2_ASAP7_75t_R)
                                         n257240 (net)
                 12.01    0.12 2736.91 v u336435/B (MAJx2_ASAP7_75t_R)
     2    2.53   12.11   24.43 2761.34 v u336435/Y (MAJx2_ASAP7_75t_R)
                                         n257243 (net)
                 12.11    0.12 2761.46 v u336437/B (MAJx2_ASAP7_75t_R)
     2    2.71   12.10   24.77 2786.24 v u336437/Y (MAJx2_ASAP7_75t_R)
                                         n257245 (net)
                 12.10    0.10 2786.34 v u336440/B (MAJx2_ASAP7_75t_R)
     2    2.56   12.09   24.52 2810.86 v u336440/Y (MAJx2_ASAP7_75t_R)
                                         n257248 (net)
                 12.10    0.10 2810.96 v u336442/B (MAJx2_ASAP7_75t_R)
     2    2.80   12.33   24.92 2835.88 v u336442/Y (MAJx2_ASAP7_75t_R)
                                         n257250 (net)
                 12.34    0.13 2836.01 v u336445/B (MAJx2_ASAP7_75t_R)
     2    2.50   11.96   24.49 2860.50 v u336445/Y (MAJx2_ASAP7_75t_R)
                                         n257253 (net)
                 11.97    0.09 2860.59 v u336447/B (MAJx2_ASAP7_75t_R)
     2    2.71   12.12   24.74 2885.34 v u336447/Y (MAJx2_ASAP7_75t_R)
                                         n257255 (net)
                 12.12    0.10 2885.44 v u336450/B (MAJx2_ASAP7_75t_R)
     2    2.58   12.02   24.55 2909.99 v u336450/Y (MAJx2_ASAP7_75t_R)
                                         n257258 (net)
                 12.03    0.12 2910.11 v u336452/B (MAJx2_ASAP7_75t_R)
     2    2.74   12.22   24.79 2934.90 v u336452/Y (MAJx2_ASAP7_75t_R)
                                         n257260 (net)
                 12.22    0.13 2935.03 v u336455/B (MAJx2_ASAP7_75t_R)
     2    2.54   11.95   24.48 2959.51 v u336455/Y (MAJx2_ASAP7_75t_R)
                                         n257263 (net)
                 11.96    0.19 2959.70 v u336457/B (MAJx2_ASAP7_75t_R)
     2    2.71   12.13   24.72 2984.42 v u336457/Y (MAJx2_ASAP7_75t_R)
                                         n257265 (net)
                 12.14    0.16 2984.58 v u336460/B (MAJx2_ASAP7_75t_R)
     2    2.66   12.26   24.68 3009.26 v u336460/Y (MAJx2_ASAP7_75t_R)
                                         n257268 (net)
                 12.27    0.15 3009.41 v u336462/B (MAJx2_ASAP7_75t_R)
     2    2.82   12.40   24.97 3034.38 v u336462/Y (MAJx2_ASAP7_75t_R)
                                         n257270 (net)
                 12.41    0.20 3034.58 v u336465/B (MAJx2_ASAP7_75t_R)
     2    2.27   11.38   24.07 3058.66 v u336465/Y (MAJx2_ASAP7_75t_R)
                                         n257273 (net)
                 11.39    0.17 3058.82 v u336469/A (MAJx2_ASAP7_75t_R)
     2    2.87   12.78   23.06 3081.88 v u336469/Y (MAJx2_ASAP7_75t_R)
                                         n257277 (net)
                 12.79    0.24 3082.12 v u336472/B (MAJx2_ASAP7_75t_R)
     3    3.02   13.19   25.41 3107.54 v u336472/Y (MAJx2_ASAP7_75t_R)
                                         n257280 (net)
                 13.21    0.28 3107.81 v u336473/C (OR3x1_ASAP7_75t_R)
     1    1.25   11.30   23.04 3130.86 v u336473/Y (OR3x1_ASAP7_75t_R)
                                         n257281 (net)
                 11.30    0.08 3130.93 v u336476/A (NAND2x1_ASAP7_75t_R)
     3    3.31   25.31   16.82 3147.75 ^ u336476/Y (NAND2x1_ASAP7_75t_R)
                                         n257284 (net)
                 25.32    0.27 3148.03 ^ u336478/C (OR4x1_ASAP7_75t_R)
     4    3.84   26.26   24.28 3172.30 ^ u336478/Y (OR4x1_ASAP7_75t_R)
                                         n257286 (net)
                 26.27    0.19 3172.50 ^ u336480/A (OR2x2_ASAP7_75t_R)
     5    6.19   22.38   27.12 3199.62 ^ u336480/Y (OR2x2_ASAP7_75t_R)
                                         n257288 (net)
                 22.38    0.16 3199.78 ^ u336497/A (NOR2x2_ASAP7_75t_R)
    29   35.16  103.20   47.76 3247.54 v u336497/Y (NOR2x2_ASAP7_75t_R)
                                         n256731 (net)
                104.83    7.31 3254.85 v place54623/A (BUFx3_ASAP7_75t_R)
    29   25.98   54.04   46.76 3301.61 v place54623/Y (BUFx3_ASAP7_75t_R)
                                         net54582 (net)
                 64.24   12.22 3313.83 v place54622/A (BUFx3_ASAP7_75t_R)
    37   36.65   74.20   45.37 3359.20 v place54622/Y (BUFx3_ASAP7_75t_R)
                                         net54581 (net)
                 92.87   19.67 3378.86 v place54621/A (BUFx6f_ASAP7_75t_R)
    60   55.05   58.79   37.86 3416.72 v place54621/Y (BUFx6f_ASAP7_75t_R)
                                         net54580 (net)
                122.33   36.39 3453.11 v u336716/B (NAND2x1_ASAP7_75t_R)
     1    1.17   28.55   25.71 3478.82 ^ u336716/Y (NAND2x1_ASAP7_75t_R)
                                         n257435 (net)
                 28.55    0.11 3478.93 ^ u336717/B (OA21x2_ASAP7_75t_R)
     1    0.80    9.76   18.98 3497.91 ^ u336717/Y (OA21x2_ASAP7_75t_R)
                                         n238674 (net)
                  9.76    0.04 3497.95 ^ u316930/D (DFFHQNx1_ASAP7_75t_R)
                               3497.95   data arrival time

                  0.00 5000.00 5000.00   clock core_clock (rise edge)
                          0.00 5000.00   clock network delay (ideal)
                          0.00 5000.00   clock reconvergence pessimism
                               5000.00 ^ u316930/CLK (DFFHQNx1_ASAP7_75t_R)
                        -15.41 4984.59   library setup time
                               4984.59   data required time
-----------------------------------------------------------------------------
                               4984.59   data required time
                               -3497.95   data arrival time
-----------------------------------------------------------------------------
                               1486.64   slack (MET)



==========================================================================
global place report_power
--------------------------------------------------------------------------
Group                  Internal  Switching    Leakage      Total
                          Power      Power      Power      Power (Watts)
----------------------------------------------------------------
Sequential             4.74e-02   3.33e-03   1.78e-05   5.07e-02  13.6%
Combinational          1.90e-01   1.32e-01   3.27e-05   3.22e-01  86.4%
Clock                  0.00e+00   0.00e+00   0.00e+00   0.00e+00   0.0%
Macro                  0.00e+00   0.00e+00   0.00e+00   0.00e+00   0.0%
Pad                    0.00e+00   0.00e+00   0.00e+00   0.00e+00   0.0%
----------------------------------------------------------------
Total                  2.38e-01   1.36e-01   5.04e-05   3.73e-01 100.0%
                          63.7%      36.3%       0.0%
