
==========================================================================
floorplan final report_tns
--------------------------------------------------------------------------
tns max 0.00

==========================================================================
floorplan final report_wns
--------------------------------------------------------------------------
wns max 0.00

==========================================================================
floorplan final report_worst_slack
--------------------------------------------------------------------------
worst slack max 2753.18

==========================================================================
floorplan final report_clock_min_period
--------------------------------------------------------------------------
core_clock period_min = 2246.82 fmax = 445.07

==========================================================================
floorplan final report_checks -path_delay min
--------------------------------------------------------------------------
Startpoint: u22225 (rising edge-triggered flip-flop clocked by core_clock)
Endpoint: u16939 (rising edge-triggered flip-flop clocked by core_clock)
Path Group: core_clock
Path Type: min

Fanout     Cap    Slew   Delay    Time   Description
-----------------------------------------------------------------------------
                  0.00    0.00    0.00   clock core_clock (rise edge)
                          0.00    0.00   clock network delay (ideal)
                  0.00    0.00    0.00 ^ u22225/CLK (DFFHQNx1_ASAP7_75t_R)
     2    1.06   14.98   32.37   32.37 v u22225/QN (DFFHQNx1_ASAP7_75t_R)
                                         reg_2479[1] (net)
                 14.98    0.00   32.37 v u16939/D (DFFHQNx1_ASAP7_75t_R)
                                 32.37   data arrival time

                  0.00    0.00    0.00   clock core_clock (rise edge)
                          0.00    0.00   clock network delay (ideal)
                          0.00    0.00   clock reconvergence pessimism
                                  0.00 ^ u16939/CLK (DFFHQNx1_ASAP7_75t_R)
                          7.84    7.84   library hold time
                                  7.84   data required time
-----------------------------------------------------------------------------
                                  7.84   data required time
                                -32.37   data arrival time
-----------------------------------------------------------------------------
                                 24.53   slack (MET)



==========================================================================
floorplan final report_checks -path_delay max
--------------------------------------------------------------------------
Startpoint: u57372 (rising edge-triggered flip-flop clocked by core_clock)
Endpoint: u39797 (rising edge-triggered flip-flop clocked by core_clock)
Path Group: core_clock
Path Type: max

Fanout     Cap    Slew   Delay    Time   Description
-----------------------------------------------------------------------------
                  0.00    0.00    0.00   clock core_clock (rise edge)
                          0.00    0.00   clock network delay (ideal)
                  0.00    0.00    0.00 ^ u57372/CLK (DFFHQNx1_ASAP7_75t_R)
     1    0.69   12.72   30.56   30.56 v u57372/QN (DFFHQNx1_ASAP7_75t_R)
                                         grp_uacc_section14_cost_core_fu_2337.uacc_section14_allocator_mul_16ns_115ns_130_7_1_U17.uacc_section14_allocator_uacc_section14_allocator_mul_16ns_115ns_130_7_1_Mul_DSP_4_U.b_reg0[8] (net)
                 12.72    0.00   30.56 v gain2691/A (BUFx3_ASAP7_75t_R)
     1    2.60    7.86   15.93   46.49 v gain2691/Y (BUFx3_ASAP7_75t_R)
                                         net2691 (net)
                  7.86    0.00   46.49 v gain2690/A (BUFx24_ASAP7_75t_R)
    21   11.96   10.43   19.56   66.06 v gain2690/Y (BUFx24_ASAP7_75t_R)
                                         net2690 (net)
                 10.43    0.00   66.06 v u58058/A (AND2x2_ASAP7_75t_R)
     2    1.56    7.58   16.82   82.88 v u58058/Y (AND2x2_ASAP7_75t_R)
                                         n45990 (net)
                  7.58    0.00   82.88 v u58059/B (XOR2x2_ASAP7_75t_R)
     2    1.39    8.88   24.51  107.39 ^ u58059/Y (XOR2x2_ASAP7_75t_R)
                                         n45991 (net)
                  8.88    0.00  107.39 ^ u58061/A (XOR2x2_ASAP7_75t_R)
     2    1.99   10.64   25.64  133.02 ^ u58061/Y (XOR2x2_ASAP7_75t_R)
                                         n45993 (net)
                 10.64    0.00  133.02 ^ u58110/A (XOR2x2_ASAP7_75t_R)
     1    0.92    7.57   24.18  157.20 ^ u58110/Y (XOR2x2_ASAP7_75t_R)
                                         n46042 (net)
                  7.57    0.00  157.20 ^ u58111/A (XOR2x2_ASAP7_75t_R)
     2    1.36    8.81   24.10  181.30 ^ u58111/Y (XOR2x2_ASAP7_75t_R)
                                         n46043 (net)
                  8.81    0.00  181.30 ^ u58113/A (XOR2x2_ASAP7_75t_R)
     2    1.55    9.38   24.80  206.10 ^ u58113/Y (XOR2x2_ASAP7_75t_R)
                                         n46045 (net)
                  9.38    0.00  206.10 ^ u58174/B (XOR2x2_ASAP7_75t_R)
     2    1.36    8.81   25.05  231.15 ^ u58174/Y (XOR2x2_ASAP7_75t_R)
                                         n46106 (net)
                  8.81    0.00  231.15 ^ u58192/A (XOR2x2_ASAP7_75t_R)
     2    1.55    9.36   24.80  255.95 ^ u58192/Y (XOR2x2_ASAP7_75t_R)
                                         n46124 (net)
                  9.36    0.00  255.95 ^ u58214/B (XOR2x2_ASAP7_75t_R)
     2    1.53    9.30   25.36  281.31 ^ u58214/Y (XOR2x2_ASAP7_75t_R)
                                         n46146 (net)
                  9.30    0.00  281.31 ^ u58280/A (XOR2x2_ASAP7_75t_R)
     2    1.73    9.91   25.28  306.59 ^ u58280/Y (XOR2x2_ASAP7_75t_R)
                                         n46212 (net)
                  9.91    0.00  306.59 ^ u58281/B2 (AO22x2_ASAP7_75t_R)
     2    2.32   11.68   18.95  325.54 ^ u58281/Y (AO22x2_ASAP7_75t_R)
                                         n46213 (net)
                 11.68    0.00  325.54 ^ u58283/B (MAJx2_ASAP7_75t_R)
     3    2.35   11.86   21.89  347.43 ^ u58283/Y (MAJx2_ASAP7_75t_R)
                                         n46215 (net)
                 11.86    0.00  347.43 ^ u58284/B (AO21x1_ASAP7_75t_R)
     1    0.61    7.22   11.91  359.34 ^ u58284/Y (AO21x1_ASAP7_75t_R)
                                         n46216 (net)
                  7.22    0.00  359.34 ^ u58286/C (AND4x1_ASAP7_75t_R)
     1    0.69   10.48   21.45  380.79 ^ u58286/Y (AND4x1_ASAP7_75t_R)
                                         n46218 (net)
                 10.48    0.00  380.79 ^ gain200/A (BUFx3_ASAP7_75t_R)
     3    2.95    9.30   14.98  395.77 ^ gain200/Y (BUFx3_ASAP7_75t_R)
                                         net200 (net)
                  9.30    0.00  395.77 ^ u58313/B (NOR2x1_ASAP7_75t_R)
     2    1.47   12.49    8.94  404.72 v u58313/Y (NOR2x1_ASAP7_75t_R)
                                         n46245 (net)
                 12.49    0.00  404.72 v u58342/A (AND2x2_ASAP7_75t_R)
     2    2.17    9.05   18.46  423.18 v u58342/Y (AND2x2_ASAP7_75t_R)
                                         n46274 (net)
                  9.05    0.00  423.18 v u58343/B (AND2x4_ASAP7_75t_R)
     2    2.27    6.40   14.28  437.45 v u58343/Y (AND2x4_ASAP7_75t_R)
                                         n46275 (net)
                  6.40    0.00  437.45 v u58358/A (NAND2x1_ASAP7_75t_R)
     3    3.05   23.23   14.57  452.03 ^ u58358/Y (NAND2x1_ASAP7_75t_R)
                                         n46290 (net)
                 23.23    0.00  452.03 ^ u58367/A (NOR2x1_ASAP7_75t_R)
     3    2.97   21.78   17.90  469.93 v u58367/Y (NOR2x1_ASAP7_75t_R)
                                         n46299 (net)
                 21.78    0.00  469.93 v u58369/B (MAJx2_ASAP7_75t_R)
     2    2.33   11.04   26.94  496.87 v u58369/Y (MAJx2_ASAP7_75t_R)
                                         n46301 (net)
                 11.04    0.00  496.87 v u58371/B (MAJx2_ASAP7_75t_R)
     3    1.99   10.17   23.24  520.11 v u58371/Y (MAJx2_ASAP7_75t_R)
                                         n46303 (net)
                 10.17    0.00  520.11 v u58372/C (AND3x1_ASAP7_75t_R)
     1    0.57    5.49   12.76  532.87 v u58372/Y (AND3x1_ASAP7_75t_R)
                                         n46304 (net)
                  5.49    0.00  532.87 v u58375/A (OR2x2_ASAP7_75t_R)
     3    2.25   10.00   18.12  550.98 v u58375/Y (OR2x2_ASAP7_75t_R)
                                         n46307 (net)
                 10.00    0.00  550.98 v u58390/A1 (AO32x1_ASAP7_75t_R)
     1    0.69    8.63   20.03  571.02 v u58390/Y (AO32x1_ASAP7_75t_R)
                                         n46322 (net)
                  8.63    0.00  571.02 v gain129/A (BUFx3_ASAP7_75t_R)
     3    1.99    6.77   13.96  584.98 v gain129/Y (BUFx3_ASAP7_75t_R)
                                         net129 (net)
                  6.77    0.00  584.98 v u58391/C (AND3x1_ASAP7_75t_R)
     1    0.57    5.47   11.62  596.60 v u58391/Y (AND3x1_ASAP7_75t_R)
                                         n46323 (net)
                  5.47    0.00  596.60 v u58394/A (OR2x2_ASAP7_75t_R)
     3    1.99    9.35   17.66  614.26 v u58394/Y (OR2x2_ASAP7_75t_R)
                                         n46326 (net)
                  9.35    0.00  614.26 v u58395/C (AND3x1_ASAP7_75t_R)
     1    0.57    5.48   12.49  626.75 v u58395/Y (AND3x1_ASAP7_75t_R)
                                         n46327 (net)
                  5.48    0.00  626.75 v u58398/A (OR2x2_ASAP7_75t_R)
     2    1.73    8.72   17.23  643.98 v u58398/Y (OR2x2_ASAP7_75t_R)
                                         n46330 (net)
                  8.72    0.00  643.98 v u58399/B2 (AO22x2_ASAP7_75t_R)
     2    2.33   10.59   20.77  664.75 v u58399/Y (AO22x2_ASAP7_75t_R)
                                         n46331 (net)
                 10.59    0.00  664.75 v u58401/B (MAJx2_ASAP7_75t_R)
     2    1.52    9.03   22.29  687.04 v u58401/Y (MAJx2_ASAP7_75t_R)
                                         n46333 (net)
                  9.03    0.00  687.04 v u58403/B1 (AO22x2_ASAP7_75t_R)
     2    2.33   10.59   21.55  708.59 v u58403/Y (AO22x2_ASAP7_75t_R)
                                         n46335 (net)
                 10.59    0.00  708.59 v u58405/B (MAJx2_ASAP7_75t_R)
     2    1.52    9.03   22.29  730.88 v u58405/Y (MAJx2_ASAP7_75t_R)
                                         n46337 (net)
                  9.03    0.00  730.88 v u58407/B1 (AO22x2_ASAP7_75t_R)
     2    2.33   10.59   21.55  752.42 v u58407/Y (AO22x2_ASAP7_75t_R)
                                         n46339 (net)
                 10.59    0.00  752.42 v u58409/B (MAJx2_ASAP7_75t_R)
     2    1.52    9.03   22.29  774.71 v u58409/Y (MAJx2_ASAP7_75t_R)
                                         n46341 (net)
                  9.03    0.00  774.71 v u58411/B1 (AO22x2_ASAP7_75t_R)
     2    2.33   10.59   21.55  796.26 v u58411/Y (AO22x2_ASAP7_75t_R)
                                         n46343 (net)
                 10.59    0.00  796.26 v u58413/B (MAJx2_ASAP7_75t_R)
     3    2.07   10.40   23.25  819.51 v u58413/Y (MAJx2_ASAP7_75t_R)
                                         n46345 (net)
                 10.40    0.00  819.51 v u58417/A3 (AO32x1_ASAP7_75t_R)
     1    0.69    8.63   22.99  842.50 v u58417/Y (AO32x1_ASAP7_75t_R)
                                         n46349 (net)
                  8.63    0.00  842.50 v gain84/A (BUFx3_ASAP7_75t_R)
     3    2.15    7.03   14.14  856.64 v gain84/Y (BUFx3_ASAP7_75t_R)
                                         net84 (net)
                  7.03    0.00  856.64 v u58419/C1 (AO222x2_ASAP7_75t_R)
     1    0.63    9.15   26.92  883.56 v u58419/Y (AO222x2_ASAP7_75t_R)
                                         n46351 (net)
                  9.15    0.00  883.56 v u58420/B (OA21x2_ASAP7_75t_R)
     2    1.52    8.31   13.97  897.53 v u58420/Y (OA21x2_ASAP7_75t_R)
                                         n46352 (net)
                  8.31    0.00  897.53 v u58422/B1 (AO22x2_ASAP7_75t_R)
     2    2.33   10.59   21.34  918.87 v u58422/Y (AO22x2_ASAP7_75t_R)
                                         n46354 (net)
                 10.59    0.00  918.87 v u58424/B (MAJx2_ASAP7_75t_R)
     2    1.52    9.03   22.29  941.16 v u58424/Y (MAJx2_ASAP7_75t_R)
                                         n46356 (net)
                  9.03    0.00  941.16 v u58426/B1 (AO22x2_ASAP7_75t_R)
     2    2.33   10.59   21.55  962.71 v u58426/Y (AO22x2_ASAP7_75t_R)
                                         n46358 (net)
                 10.59    0.00  962.71 v u58428/B (MAJx2_ASAP7_75t_R)
     3    1.99   10.20   23.11  985.81 v u58428/Y (MAJx2_ASAP7_75t_R)
                                         n46360 (net)
                 10.20    0.00  985.81 v u58429/C (AND3x1_ASAP7_75t_R)
     1    0.57    5.49   12.76  998.58 v u58429/Y (AND3x1_ASAP7_75t_R)
                                         n46361 (net)
                  5.49    0.00  998.58 v u58432/A (OR2x2_ASAP7_75t_R)
     3    2.15    9.75   17.95 1016.53 v u58432/Y (OR2x2_ASAP7_75t_R)
                                         n46364 (net)
                  9.75    0.00 1016.53 v u58434/C1 (AO222x2_ASAP7_75t_R)
     1    0.63    9.15   27.53 1044.05 v u58434/Y (AO222x2_ASAP7_75t_R)
                                         n46366 (net)
                  9.15    0.00 1044.05 v u58435/B (OA21x2_ASAP7_75t_R)
     3    2.07    9.65   14.78 1058.83 v u58435/Y (OA21x2_ASAP7_75t_R)
                                         n46367 (net)
                  9.65    0.00 1058.83 v u58439/A3 (AO32x1_ASAP7_75t_R)
     1    0.69    8.63   22.81 1081.65 v u58439/Y (AO32x1_ASAP7_75t_R)
                                         n46371 (net)
                  8.63    0.00 1081.65 v gain55/A (BUFx3_ASAP7_75t_R)
     3    1.99    6.77   13.96 1095.61 v gain55/Y (BUFx3_ASAP7_75t_R)
                                         net55 (net)
                  6.77    0.00 1095.61 v u58440/C (AND3x1_ASAP7_75t_R)
     1    0.57    5.47   11.62 1107.23 v u58440/Y (AND3x1_ASAP7_75t_R)
                                         n46372 (net)
                  5.47    0.00 1107.23 v u58443/A (OR2x2_ASAP7_75t_R)
     3    2.07    9.55   17.80 1125.03 v u58443/Y (OR2x2_ASAP7_75t_R)
                                         n46375 (net)
                  9.55    0.00 1125.03 v u58447/A3 (AO32x1_ASAP7_75t_R)
     1    0.69    8.63   22.79 1147.81 v u58447/Y (AO32x1_ASAP7_75t_R)
                                         n46379 (net)
                  8.63    0.00 1147.81 v gain49/A (BUFx3_ASAP7_75t_R)
     3    2.15    7.03   14.14 1161.96 v gain49/Y (BUFx3_ASAP7_75t_R)
                                         net49 (net)
                  7.03    0.00 1161.96 v u58458/A (AND3x1_ASAP7_75t_R)
     1    0.57    5.48   10.53 1172.49 v u58458/Y (AND3x1_ASAP7_75t_R)
                                         n46390 (net)
                  5.48    0.00 1172.49 v u58461/A (OR2x2_ASAP7_75t_R)
     3    2.15    9.75   17.95 1190.43 v u58461/Y (OR2x2_ASAP7_75t_R)
                                         n46393 (net)
                  9.75    0.00 1190.43 v u58463/C1 (AO222x2_ASAP7_75t_R)
     1    0.63    9.15   27.53 1217.96 v u58463/Y (AO222x2_ASAP7_75t_R)
                                         n46395 (net)
                  9.15    0.00 1217.96 v u58464/B (OA21x2_ASAP7_75t_R)
     3    1.99    9.45   14.66 1232.62 v u58464/Y (OA21x2_ASAP7_75t_R)
                                         n46396 (net)
                  9.45    0.00 1232.62 v u58465/C (AND3x1_ASAP7_75t_R)
     1    0.57    5.48   12.52 1245.14 v u58465/Y (AND3x1_ASAP7_75t_R)
                                         n46397 (net)
                  5.48    0.00 1245.14 v u58468/A (OR2x2_ASAP7_75t_R)
     2    1.47    8.08   16.79 1261.93 v u58468/Y (OR2x2_ASAP7_75t_R)
                                         n46400 (net)
                  8.08    0.00 1261.93 v u58472/A (AND2x2_ASAP7_75t_R)
     2    1.15    6.59   15.38 1277.31 v u58472/Y (AND2x2_ASAP7_75t_R)
                                         n46404 (net)
                  6.59    0.00 1277.31 v u58473/B (AND2x2_ASAP7_75t_R)
     2    1.10    6.47   13.92 1291.23 v u58473/Y (AND2x2_ASAP7_75t_R)
                                         n46405 (net)
                  6.47    0.00 1291.23 v u58513/A1 (AO221x1_ASAP7_75t_R)
     1    0.69    8.68   20.66 1311.90 v u58513/Y (AO221x1_ASAP7_75t_R)
                                         n46445 (net)
                  8.68    0.00 1311.90 v gain33/A (BUFx3_ASAP7_75t_R)
     3    2.25    7.19   14.27 1326.16 v gain33/Y (BUFx3_ASAP7_75t_R)
                                         net33 (net)
                  7.19    0.00 1326.16 v u58527/A1 (AO32x1_ASAP7_75t_R)
     1    0.69    8.63   19.44 1345.60 v u58527/Y (AO32x1_ASAP7_75t_R)
                                         n46459 (net)
                  8.63    0.00 1345.60 v gain30/A (BUFx3_ASAP7_75t_R)
     3    2.07    6.90   14.05 1359.65 v gain30/Y (BUFx3_ASAP7_75t_R)
                                         net30 (net)
                  6.90    0.00 1359.65 v u58531/A3 (AO32x1_ASAP7_75t_R)
     1    0.69    8.63   22.16 1381.81 v u58531/Y (AO32x1_ASAP7_75t_R)
                                         n46463 (net)
                  8.63    0.00 1381.81 v gain29/A (BUFx3_ASAP7_75t_R)
     3    1.99    6.77   13.96 1395.77 v gain29/Y (BUFx3_ASAP7_75t_R)
                                         net29 (net)
                  6.77    0.00 1395.77 v u58532/C (AND3x1_ASAP7_75t_R)
     1    0.57    5.47   11.62 1407.39 v u58532/Y (AND3x1_ASAP7_75t_R)
                                         n46464 (net)
                  5.47    0.00 1407.39 v u58535/A (OR2x2_ASAP7_75t_R)
     3    2.15    9.76   17.94 1425.34 v u58535/Y (OR2x2_ASAP7_75t_R)
                                         n46467 (net)
                  9.76    0.00 1425.34 v u58546/A (AND3x1_ASAP7_75t_R)
     1    0.57    5.48   11.40 1436.74 v u58546/Y (AND3x1_ASAP7_75t_R)
                                         n46478 (net)
                  5.48    0.00 1436.74 v u58549/A (OR2x2_ASAP7_75t_R)
     3    2.15    9.75   17.95 1454.68 v u58549/Y (OR2x2_ASAP7_75t_R)
                                         n46481 (net)
                  9.75    0.00 1454.68 v u58551/C1 (AO222x2_ASAP7_75t_R)
     1    0.63    9.15   27.53 1482.21 v u58551/Y (AO222x2_ASAP7_75t_R)
                                         n46483 (net)
                  9.15    0.00 1482.21 v u58552/B (OA21x2_ASAP7_75t_R)
     3    2.07    9.65   14.78 1496.99 v u58552/Y (OA21x2_ASAP7_75t_R)
                                         n46484 (net)
                  9.65    0.00 1496.99 v u58556/A3 (AO32x1_ASAP7_75t_R)
     1    0.69    8.63   22.81 1519.81 v u58556/Y (AO32x1_ASAP7_75t_R)
                                         n46488 (net)
                  8.63    0.00 1519.81 v gain21/A (BUFx3_ASAP7_75t_R)
     3    1.91    6.65   13.88 1533.68 v gain21/Y (BUFx3_ASAP7_75t_R)
                                         net21 (net)
                  6.65    0.00 1533.68 v u58557/B2 (AO222x2_ASAP7_75t_R)
     1    0.63    9.15   29.02 1562.70 v u58557/Y (AO222x2_ASAP7_75t_R)
                                         n46489 (net)
                  9.15    0.00 1562.70 v u58558/B (OA21x2_ASAP7_75t_R)
     2    1.52    8.31   13.97 1576.66 v u58558/Y (OA21x2_ASAP7_75t_R)
                                         n46490 (net)
                  8.31    0.00 1576.66 v u58560/B1 (AO22x2_ASAP7_75t_R)
     2    2.33   10.59   21.34 1598.00 v u58560/Y (AO22x2_ASAP7_75t_R)
                                         n46492 (net)
                 10.59    0.00 1598.00 v u58562/B (MAJx2_ASAP7_75t_R)
     3    1.99   10.20   23.11 1621.11 v u58562/Y (MAJx2_ASAP7_75t_R)
                                         n46494 (net)
                 10.20    0.00 1621.11 v u58563/C (AND3x1_ASAP7_75t_R)
     1    1.11    7.97   14.22 1635.34 v u58563/Y (AND3x1_ASAP7_75t_R)
                                         n46495 (net)
                  7.97    0.00 1635.34 v u58566/A (OR2x6_ASAP7_75t_R)
     3    3.36    8.49   19.32 1654.65 v u58566/Y (OR2x6_ASAP7_75t_R)
                                         n46498 (net)
                  8.49    0.00 1654.65 v u58569/A (NOR2x1_ASAP7_75t_R)
     1    0.63    8.46    7.47 1662.13 ^ u58569/Y (NOR2x1_ASAP7_75t_R)
                                         n46501 (net)
                  8.46    0.00 1662.13 ^ u58570/B (AO21x1_ASAP7_75t_R)
     2    1.74   13.48   14.30 1676.43 ^ u58570/Y (AO21x1_ASAP7_75t_R)
                                         n46502 (net)
                 13.48    0.00 1676.43 ^ u58571/B (NOR2x1_ASAP7_75t_R)
     3    1.82   13.78   10.87 1687.30 v u58571/Y (NOR2x1_ASAP7_75t_R)
                                         n46503 (net)
                 13.78    0.00 1687.30 v u58577/A1 (AO21x1_ASAP7_75t_R)
     3    2.15   13.92   20.90 1708.20 v u58577/Y (AO21x1_ASAP7_75t_R)
                                         n46509 (net)
                 13.92    0.00 1708.20 v u58579/C1 (AO222x2_ASAP7_75t_R)
     1    0.63    9.15   28.59 1736.79 v u58579/Y (AO222x2_ASAP7_75t_R)
                                         n46511 (net)
                  9.15    0.00 1736.79 v u58580/B (OA21x2_ASAP7_75t_R)
     3    1.99    9.45   14.66 1751.45 v u58580/Y (OA21x2_ASAP7_75t_R)
                                         n46512 (net)
                  9.45    0.00 1751.45 v u58581/C (AND3x1_ASAP7_75t_R)
     1    0.57    5.48   12.52 1763.97 v u58581/Y (AND3x1_ASAP7_75t_R)
                                         n46513 (net)
                  5.48    0.00 1763.97 v u58584/A (OR2x2_ASAP7_75t_R)
     3    2.07    9.55   17.80 1781.77 v u58584/Y (OR2x2_ASAP7_75t_R)
                                         n46516 (net)
                  9.55    0.00 1781.77 v u58588/A3 (AO32x1_ASAP7_75t_R)
     1    0.69    8.63   22.79 1804.56 v u58588/Y (AO32x1_ASAP7_75t_R)
                                         n46520 (net)
                  8.63    0.00 1804.56 v gain14/A (BUFx3_ASAP7_75t_R)
     3    2.07    6.90   14.05 1818.61 v gain14/Y (BUFx3_ASAP7_75t_R)
                                         net14 (net)
                  6.90    0.00 1818.61 v u58592/A3 (AO32x1_ASAP7_75t_R)
     1    0.69    8.63   22.16 1840.77 v u58592/Y (AO32x1_ASAP7_75t_R)
                                         n46524 (net)
                  8.63    0.00 1840.77 v gain13/A (BUFx3_ASAP7_75t_R)
     3    2.15    7.03   14.14 1854.92 v gain13/Y (BUFx3_ASAP7_75t_R)
                                         net13 (net)
                  7.03    0.00 1854.92 v u58603/A (AND3x1_ASAP7_75t_R)
     1    0.57    5.48   10.53 1865.44 v u58603/Y (AND3x1_ASAP7_75t_R)
                                         n46535 (net)
                  5.48    0.00 1865.44 v u58606/A (OR2x2_ASAP7_75t_R)
     2    1.73    8.72   17.23 1882.67 v u58606/Y (OR2x2_ASAP7_75t_R)
                                         n46538 (net)
                  8.72    0.00 1882.67 v u58607/B2 (AO22x2_ASAP7_75t_R)
     2    2.33   10.59   20.77 1903.45 v u58607/Y (AO22x2_ASAP7_75t_R)
                                         n46539 (net)
                 10.59    0.00 1903.45 v u58609/B (MAJx2_ASAP7_75t_R)
     3    1.91   10.02   22.98 1926.43 v u58609/Y (MAJx2_ASAP7_75t_R)
                                         n46541 (net)
                 10.02    0.00 1926.43 v u58610/B2 (AO222x2_ASAP7_75t_R)
     1    0.63    9.15   29.81 1956.24 v u58610/Y (AO222x2_ASAP7_75t_R)
                                         n46542 (net)
                  9.15    0.00 1956.24 v u58611/B (OA21x2_ASAP7_75t_R)
     2    1.47    8.19   13.90 1970.14 v u58611/Y (OA21x2_ASAP7_75t_R)
                                         n46543 (net)
                  8.19    0.00 1970.14 v u58675/A (AND2x2_ASAP7_75t_R)
     2    1.68    7.85   16.25 1986.39 v u58675/Y (AND2x2_ASAP7_75t_R)
                                         n46607 (net)
                  7.85    0.00 1986.39 v u58736/A (NAND2x1_ASAP7_75t_R)
     2    1.69   15.40   11.37 1997.76 ^ u58736/Y (NAND2x1_ASAP7_75t_R)
                                         n46668 (net)
                 15.40    0.00 1997.76 ^ u58738/A (NAND2x1_ASAP7_75t_R)
     4    2.83   16.27   12.02 2009.78 v u58738/Y (NAND2x1_ASAP7_75t_R)
                                         n46670 (net)
                 16.27    0.00 2009.78 v u58986/A1 (AO221x1_ASAP7_75t_R)
     1    0.69    8.69   22.38 2032.16 v u58986/Y (AO221x1_ASAP7_75t_R)
                                         n46918 (net)
                  8.69    0.00 2032.16 v gain1/A (BUFx3_ASAP7_75t_R)
     3    2.35    7.35   14.38 2046.54 v gain1/Y (BUFx3_ASAP7_75t_R)
                                         net1 (net)
                  7.35    0.00 2046.54 v u59229/A (AND3x1_ASAP7_75t_R)
     3    2.52   14.53   15.55 2062.09 v u59229/Y (AND3x1_ASAP7_75t_R)
                                         n47161 (net)
                 14.53    0.00 2062.09 v u59472/A1 (OA211x2_ASAP7_75t_R)
     2    1.22   10.71   23.94 2086.03 v u59472/Y (OA211x2_ASAP7_75t_R)
                                         n47404 (net)
                 10.71    0.00 2086.03 v u59715/A (OR3x1_ASAP7_75t_R)
     1    1.11   10.45   20.80 2106.83 v u59715/Y (OR3x1_ASAP7_75t_R)
                                         n47647 (net)
                 10.45    0.00 2106.83 v u59720/A (AND2x4_ASAP7_75t_R)
     3    2.35    6.50   15.71 2122.54 v u59720/Y (AND2x4_ASAP7_75t_R)
                                         n47652 (net)
                  6.50    0.00 2122.54 v u59919/A (AND3x1_ASAP7_75t_R)
     2    1.66   10.53   13.20 2135.74 v u59919/Y (AND3x1_ASAP7_75t_R)
                                         n47851 (net)
                 10.53    0.00 2135.74 v u59925/A (NOR2x1_ASAP7_75t_R)
     2    2.32   17.68   12.48 2148.23 ^ u59925/Y (NOR2x1_ASAP7_75t_R)
                                         n47857 (net)
                 17.68    0.00 2148.23 ^ u59989/A1 (OAI21x1_ASAP7_75t_R)
     4    3.82   22.35   14.49 2162.71 v u59989/Y (OAI21x1_ASAP7_75t_R)
                                         n47921 (net)
                 22.35    0.00 2162.71 v u59993/A (AND4x1_ASAP7_75t_R)
     1    0.63    6.09   14.65 2177.36 v u59993/Y (AND4x1_ASAP7_75t_R)
                                         n47925 (net)
                  6.09    0.00 2177.36 v u59994/B (AO21x1_ASAP7_75t_R)
     2    1.27    9.77   16.89 2194.26 v u59994/Y (AO21x1_ASAP7_75t_R)
                                         n47926 (net)
                  9.77    0.00 2194.26 v u59995/B (AO21x1_ASAP7_75t_R)
     1    1.08    8.95   17.15 2211.40 v u59995/Y (AO21x1_ASAP7_75t_R)
                                         n47927 (net)
                  8.95    0.00 2211.40 v u59999/A (XNOR2x2_ASAP7_75t_R)
     1    0.62    6.56   20.36 2231.76 ^ u59999/Y (XNOR2x2_ASAP7_75t_R)
                                         grp_uacc_section14_cost_core_fu_2337.uacc_section14_allocator_mul_16ns_115ns_130_7_1_U17.uacc_section14_allocator_uacc_section14_allocator_mul_16ns_115ns_130_7_1_Mul_DSP_4_U.tmp_product[129]* (net)
                  6.56    0.00 2231.76 ^ u39797/D (DFFHQNx1_ASAP7_75t_R)
                               2231.76   data arrival time

                  0.00 5000.00 5000.00   clock core_clock (rise edge)
                          0.00 5000.00   clock network delay (ideal)
                          0.00 5000.00   clock reconvergence pessimism
                               5000.00 ^ u39797/CLK (DFFHQNx1_ASAP7_75t_R)
                        -15.06 4984.94   library setup time
                               4984.94   data required time
-----------------------------------------------------------------------------
                               4984.94   data required time
                               -2231.76   data arrival time
-----------------------------------------------------------------------------
                               2753.18   slack (MET)



==========================================================================
floorplan final report_checks -unconstrained
--------------------------------------------------------------------------
Startpoint: u57372 (rising edge-triggered flip-flop clocked by core_clock)
Endpoint: u39797 (rising edge-triggered flip-flop clocked by core_clock)
Path Group: core_clock
Path Type: max

Fanout     Cap    Slew   Delay    Time   Description
-----------------------------------------------------------------------------
                  0.00    0.00    0.00   clock core_clock (rise edge)
                          0.00    0.00   clock network delay (ideal)
                  0.00    0.00    0.00 ^ u57372/CLK (DFFHQNx1_ASAP7_75t_R)
     1    0.69   12.72   30.56   30.56 v u57372/QN (DFFHQNx1_ASAP7_75t_R)
                                         grp_uacc_section14_cost_core_fu_2337.uacc_section14_allocator_mul_16ns_115ns_130_7_1_U17.uacc_section14_allocator_uacc_section14_allocator_mul_16ns_115ns_130_7_1_Mul_DSP_4_U.b_reg0[8] (net)
                 12.72    0.00   30.56 v gain2691/A (BUFx3_ASAP7_75t_R)
     1    2.60    7.86   15.93   46.49 v gain2691/Y (BUFx3_ASAP7_75t_R)
                                         net2691 (net)
                  7.86    0.00   46.49 v gain2690/A (BUFx24_ASAP7_75t_R)
    21   11.96   10.43   19.56   66.06 v gain2690/Y (BUFx24_ASAP7_75t_R)
                                         net2690 (net)
                 10.43    0.00   66.06 v u58058/A (AND2x2_ASAP7_75t_R)
     2    1.56    7.58   16.82   82.88 v u58058/Y (AND2x2_ASAP7_75t_R)
                                         n45990 (net)
                  7.58    0.00   82.88 v u58059/B (XOR2x2_ASAP7_75t_R)
     2    1.39    8.88   24.51  107.39 ^ u58059/Y (XOR2x2_ASAP7_75t_R)
                                         n45991 (net)
                  8.88    0.00  107.39 ^ u58061/A (XOR2x2_ASAP7_75t_R)
     2    1.99   10.64   25.64  133.02 ^ u58061/Y (XOR2x2_ASAP7_75t_R)
                                         n45993 (net)
                 10.64    0.00  133.02 ^ u58110/A (XOR2x2_ASAP7_75t_R)
     1    0.92    7.57   24.18  157.20 ^ u58110/Y (XOR2x2_ASAP7_75t_R)
                                         n46042 (net)
                  7.57    0.00  157.20 ^ u58111/A (XOR2x2_ASAP7_75t_R)
     2    1.36    8.81   24.10  181.30 ^ u58111/Y (XOR2x2_ASAP7_75t_R)
                                         n46043 (net)
                  8.81    0.00  181.30 ^ u58113/A (XOR2x2_ASAP7_75t_R)
     2    1.55    9.38   24.80  206.10 ^ u58113/Y (XOR2x2_ASAP7_75t_R)
                                         n46045 (net)
                  9.38    0.00  206.10 ^ u58174/B (XOR2x2_ASAP7_75t_R)
     2    1.36    8.81   25.05  231.15 ^ u58174/Y (XOR2x2_ASAP7_75t_R)
                                         n46106 (net)
                  8.81    0.00  231.15 ^ u58192/A (XOR2x2_ASAP7_75t_R)
     2    1.55    9.36   24.80  255.95 ^ u58192/Y (XOR2x2_ASAP7_75t_R)
                                         n46124 (net)
                  9.36    0.00  255.95 ^ u58214/B (XOR2x2_ASAP7_75t_R)
     2    1.53    9.30   25.36  281.31 ^ u58214/Y (XOR2x2_ASAP7_75t_R)
                                         n46146 (net)
                  9.30    0.00  281.31 ^ u58280/A (XOR2x2_ASAP7_75t_R)
     2    1.73    9.91   25.28  306.59 ^ u58280/Y (XOR2x2_ASAP7_75t_R)
                                         n46212 (net)
                  9.91    0.00  306.59 ^ u58281/B2 (AO22x2_ASAP7_75t_R)
     2    2.32   11.68   18.95  325.54 ^ u58281/Y (AO22x2_ASAP7_75t_R)
                                         n46213 (net)
                 11.68    0.00  325.54 ^ u58283/B (MAJx2_ASAP7_75t_R)
     3    2.35   11.86   21.89  347.43 ^ u58283/Y (MAJx2_ASAP7_75t_R)
                                         n46215 (net)
                 11.86    0.00  347.43 ^ u58284/B (AO21x1_ASAP7_75t_R)
     1    0.61    7.22   11.91  359.34 ^ u58284/Y (AO21x1_ASAP7_75t_R)
                                         n46216 (net)
                  7.22    0.00  359.34 ^ u58286/C (AND4x1_ASAP7_75t_R)
     1    0.69   10.48   21.45  380.79 ^ u58286/Y (AND4x1_ASAP7_75t_R)
                                         n46218 (net)
                 10.48    0.00  380.79 ^ gain200/A (BUFx3_ASAP7_75t_R)
     3    2.95    9.30   14.98  395.77 ^ gain200/Y (BUFx3_ASAP7_75t_R)
                                         net200 (net)
                  9.30    0.00  395.77 ^ u58313/B (NOR2x1_ASAP7_75t_R)
     2    1.47   12.49    8.94  404.72 v u58313/Y (NOR2x1_ASAP7_75t_R)
                                         n46245 (net)
                 12.49    0.00  404.72 v u58342/A (AND2x2_ASAP7_75t_R)
     2    2.17    9.05   18.46  423.18 v u58342/Y (AND2x2_ASAP7_75t_R)
                                         n46274 (net)
                  9.05    0.00  423.18 v u58343/B (AND2x4_ASAP7_75t_R)
     2    2.27    6.40   14.28  437.45 v u58343/Y (AND2x4_ASAP7_75t_R)
                                         n46275 (net)
                  6.40    0.00  437.45 v u58358/A (NAND2x1_ASAP7_75t_R)
     3    3.05   23.23   14.57  452.03 ^ u58358/Y (NAND2x1_ASAP7_75t_R)
                                         n46290 (net)
                 23.23    0.00  452.03 ^ u58367/A (NOR2x1_ASAP7_75t_R)
     3    2.97   21.78   17.90  469.93 v u58367/Y (NOR2x1_ASAP7_75t_R)
                                         n46299 (net)
                 21.78    0.00  469.93 v u58369/B (MAJx2_ASAP7_75t_R)
     2    2.33   11.04   26.94  496.87 v u58369/Y (MAJx2_ASAP7_75t_R)
                                         n46301 (net)
                 11.04    0.00  496.87 v u58371/B (MAJx2_ASAP7_75t_R)
     3    1.99   10.17   23.24  520.11 v u58371/Y (MAJx2_ASAP7_75t_R)
                                         n46303 (net)
                 10.17    0.00  520.11 v u58372/C (AND3x1_ASAP7_75t_R)
     1    0.57    5.49   12.76  532.87 v u58372/Y (AND3x1_ASAP7_75t_R)
                                         n46304 (net)
                  5.49    0.00  532.87 v u58375/A (OR2x2_ASAP7_75t_R)
     3    2.25   10.00   18.12  550.98 v u58375/Y (OR2x2_ASAP7_75t_R)
                                         n46307 (net)
                 10.00    0.00  550.98 v u58390/A1 (AO32x1_ASAP7_75t_R)
     1    0.69    8.63   20.03  571.02 v u58390/Y (AO32x1_ASAP7_75t_R)
                                         n46322 (net)
                  8.63    0.00  571.02 v gain129/A (BUFx3_ASAP7_75t_R)
     3    1.99    6.77   13.96  584.98 v gain129/Y (BUFx3_ASAP7_75t_R)
                                         net129 (net)
                  6.77    0.00  584.98 v u58391/C (AND3x1_ASAP7_75t_R)
     1    0.57    5.47   11.62  596.60 v u58391/Y (AND3x1_ASAP7_75t_R)
                                         n46323 (net)
                  5.47    0.00  596.60 v u58394/A (OR2x2_ASAP7_75t_R)
     3    1.99    9.35   17.66  614.26 v u58394/Y (OR2x2_ASAP7_75t_R)
                                         n46326 (net)
                  9.35    0.00  614.26 v u58395/C (AND3x1_ASAP7_75t_R)
     1    0.57    5.48   12.49  626.75 v u58395/Y (AND3x1_ASAP7_75t_R)
                                         n46327 (net)
                  5.48    0.00  626.75 v u58398/A (OR2x2_ASAP7_75t_R)
     2    1.73    8.72   17.23  643.98 v u58398/Y (OR2x2_ASAP7_75t_R)
                                         n46330 (net)
                  8.72    0.00  643.98 v u58399/B2 (AO22x2_ASAP7_75t_R)
     2    2.33   10.59   20.77  664.75 v u58399/Y (AO22x2_ASAP7_75t_R)
                                         n46331 (net)
                 10.59    0.00  664.75 v u58401/B (MAJx2_ASAP7_75t_R)
     2    1.52    9.03   22.29  687.04 v u58401/Y (MAJx2_ASAP7_75t_R)
                                         n46333 (net)
                  9.03    0.00  687.04 v u58403/B1 (AO22x2_ASAP7_75t_R)
     2    2.33   10.59   21.55  708.59 v u58403/Y (AO22x2_ASAP7_75t_R)
                                         n46335 (net)
                 10.59    0.00  708.59 v u58405/B (MAJx2_ASAP7_75t_R)
     2    1.52    9.03   22.29  730.88 v u58405/Y (MAJx2_ASAP7_75t_R)
                                         n46337 (net)
                  9.03    0.00  730.88 v u58407/B1 (AO22x2_ASAP7_75t_R)
     2    2.33   10.59   21.55  752.42 v u58407/Y (AO22x2_ASAP7_75t_R)
                                         n46339 (net)
                 10.59    0.00  752.42 v u58409/B (MAJx2_ASAP7_75t_R)
     2    1.52    9.03   22.29  774.71 v u58409/Y (MAJx2_ASAP7_75t_R)
                                         n46341 (net)
                  9.03    0.00  774.71 v u58411/B1 (AO22x2_ASAP7_75t_R)
     2    2.33   10.59   21.55  796.26 v u58411/Y (AO22x2_ASAP7_75t_R)
                                         n46343 (net)
                 10.59    0.00  796.26 v u58413/B (MAJx2_ASAP7_75t_R)
     3    2.07   10.40   23.25  819.51 v u58413/Y (MAJx2_ASAP7_75t_R)
                                         n46345 (net)
                 10.40    0.00  819.51 v u58417/A3 (AO32x1_ASAP7_75t_R)
     1    0.69    8.63   22.99  842.50 v u58417/Y (AO32x1_ASAP7_75t_R)
                                         n46349 (net)
                  8.63    0.00  842.50 v gain84/A (BUFx3_ASAP7_75t_R)
     3    2.15    7.03   14.14  856.64 v gain84/Y (BUFx3_ASAP7_75t_R)
                                         net84 (net)
                  7.03    0.00  856.64 v u58419/C1 (AO222x2_ASAP7_75t_R)
     1    0.63    9.15   26.92  883.56 v u58419/Y (AO222x2_ASAP7_75t_R)
                                         n46351 (net)
                  9.15    0.00  883.56 v u58420/B (OA21x2_ASAP7_75t_R)
     2    1.52    8.31   13.97  897.53 v u58420/Y (OA21x2_ASAP7_75t_R)
                                         n46352 (net)
                  8.31    0.00  897.53 v u58422/B1 (AO22x2_ASAP7_75t_R)
     2    2.33   10.59   21.34  918.87 v u58422/Y (AO22x2_ASAP7_75t_R)
                                         n46354 (net)
                 10.59    0.00  918.87 v u58424/B (MAJx2_ASAP7_75t_R)
     2    1.52    9.03   22.29  941.16 v u58424/Y (MAJx2_ASAP7_75t_R)
                                         n46356 (net)
                  9.03    0.00  941.16 v u58426/B1 (AO22x2_ASAP7_75t_R)
     2    2.33   10.59   21.55  962.71 v u58426/Y (AO22x2_ASAP7_75t_R)
                                         n46358 (net)
                 10.59    0.00  962.71 v u58428/B (MAJx2_ASAP7_75t_R)
     3    1.99   10.20   23.11  985.81 v u58428/Y (MAJx2_ASAP7_75t_R)
                                         n46360 (net)
                 10.20    0.00  985.81 v u58429/C (AND3x1_ASAP7_75t_R)
     1    0.57    5.49   12.76  998.58 v u58429/Y (AND3x1_ASAP7_75t_R)
                                         n46361 (net)
                  5.49    0.00  998.58 v u58432/A (OR2x2_ASAP7_75t_R)
     3    2.15    9.75   17.95 1016.53 v u58432/Y (OR2x2_ASAP7_75t_R)
                                         n46364 (net)
                  9.75    0.00 1016.53 v u58434/C1 (AO222x2_ASAP7_75t_R)
     1    0.63    9.15   27.53 1044.05 v u58434/Y (AO222x2_ASAP7_75t_R)
                                         n46366 (net)
                  9.15    0.00 1044.05 v u58435/B (OA21x2_ASAP7_75t_R)
     3    2.07    9.65   14.78 1058.83 v u58435/Y (OA21x2_ASAP7_75t_R)
                                         n46367 (net)
                  9.65    0.00 1058.83 v u58439/A3 (AO32x1_ASAP7_75t_R)
     1    0.69    8.63   22.81 1081.65 v u58439/Y (AO32x1_ASAP7_75t_R)
                                         n46371 (net)
                  8.63    0.00 1081.65 v gain55/A (BUFx3_ASAP7_75t_R)
     3    1.99    6.77   13.96 1095.61 v gain55/Y (BUFx3_ASAP7_75t_R)
                                         net55 (net)
                  6.77    0.00 1095.61 v u58440/C (AND3x1_ASAP7_75t_R)
     1    0.57    5.47   11.62 1107.23 v u58440/Y (AND3x1_ASAP7_75t_R)
                                         n46372 (net)
                  5.47    0.00 1107.23 v u58443/A (OR2x2_ASAP7_75t_R)
     3    2.07    9.55   17.80 1125.03 v u58443/Y (OR2x2_ASAP7_75t_R)
                                         n46375 (net)
                  9.55    0.00 1125.03 v u58447/A3 (AO32x1_ASAP7_75t_R)
     1    0.69    8.63   22.79 1147.81 v u58447/Y (AO32x1_ASAP7_75t_R)
                                         n46379 (net)
                  8.63    0.00 1147.81 v gain49/A (BUFx3_ASAP7_75t_R)
     3    2.15    7.03   14.14 1161.96 v gain49/Y (BUFx3_ASAP7_75t_R)
                                         net49 (net)
                  7.03    0.00 1161.96 v u58458/A (AND3x1_ASAP7_75t_R)
     1    0.57    5.48   10.53 1172.49 v u58458/Y (AND3x1_ASAP7_75t_R)
                                         n46390 (net)
                  5.48    0.00 1172.49 v u58461/A (OR2x2_ASAP7_75t_R)
     3    2.15    9.75   17.95 1190.43 v u58461/Y (OR2x2_ASAP7_75t_R)
                                         n46393 (net)
                  9.75    0.00 1190.43 v u58463/C1 (AO222x2_ASAP7_75t_R)
     1    0.63    9.15   27.53 1217.96 v u58463/Y (AO222x2_ASAP7_75t_R)
                                         n46395 (net)
                  9.15    0.00 1217.96 v u58464/B (OA21x2_ASAP7_75t_R)
     3    1.99    9.45   14.66 1232.62 v u58464/Y (OA21x2_ASAP7_75t_R)
                                         n46396 (net)
                  9.45    0.00 1232.62 v u58465/C (AND3x1_ASAP7_75t_R)
     1    0.57    5.48   12.52 1245.14 v u58465/Y (AND3x1_ASAP7_75t_R)
                                         n46397 (net)
                  5.48    0.00 1245.14 v u58468/A (OR2x2_ASAP7_75t_R)
     2    1.47    8.08   16.79 1261.93 v u58468/Y (OR2x2_ASAP7_75t_R)
                                         n46400 (net)
                  8.08    0.00 1261.93 v u58472/A (AND2x2_ASAP7_75t_R)
     2    1.15    6.59   15.38 1277.31 v u58472/Y (AND2x2_ASAP7_75t_R)
                                         n46404 (net)
                  6.59    0.00 1277.31 v u58473/B (AND2x2_ASAP7_75t_R)
     2    1.10    6.47   13.92 1291.23 v u58473/Y (AND2x2_ASAP7_75t_R)
                                         n46405 (net)
                  6.47    0.00 1291.23 v u58513/A1 (AO221x1_ASAP7_75t_R)
     1    0.69    8.68   20.66 1311.90 v u58513/Y (AO221x1_ASAP7_75t_R)
                                         n46445 (net)
                  8.68    0.00 1311.90 v gain33/A (BUFx3_ASAP7_75t_R)
     3    2.25    7.19   14.27 1326.16 v gain33/Y (BUFx3_ASAP7_75t_R)
                                         net33 (net)
                  7.19    0.00 1326.16 v u58527/A1 (AO32x1_ASAP7_75t_R)
     1    0.69    8.63   19.44 1345.60 v u58527/Y (AO32x1_ASAP7_75t_R)
                                         n46459 (net)
                  8.63    0.00 1345.60 v gain30/A (BUFx3_ASAP7_75t_R)
     3    2.07    6.90   14.05 1359.65 v gain30/Y (BUFx3_ASAP7_75t_R)
                                         net30 (net)
                  6.90    0.00 1359.65 v u58531/A3 (AO32x1_ASAP7_75t_R)
     1    0.69    8.63   22.16 1381.81 v u58531/Y (AO32x1_ASAP7_75t_R)
                                         n46463 (net)
                  8.63    0.00 1381.81 v gain29/A (BUFx3_ASAP7_75t_R)
     3    1.99    6.77   13.96 1395.77 v gain29/Y (BUFx3_ASAP7_75t_R)
                                         net29 (net)
                  6.77    0.00 1395.77 v u58532/C (AND3x1_ASAP7_75t_R)
     1    0.57    5.47   11.62 1407.39 v u58532/Y (AND3x1_ASAP7_75t_R)
                                         n46464 (net)
                  5.47    0.00 1407.39 v u58535/A (OR2x2_ASAP7_75t_R)
     3    2.15    9.76   17.94 1425.34 v u58535/Y (OR2x2_ASAP7_75t_R)
                                         n46467 (net)
                  9.76    0.00 1425.34 v u58546/A (AND3x1_ASAP7_75t_R)
     1    0.57    5.48   11.40 1436.74 v u58546/Y (AND3x1_ASAP7_75t_R)
                                         n46478 (net)
                  5.48    0.00 1436.74 v u58549/A (OR2x2_ASAP7_75t_R)
     3    2.15    9.75   17.95 1454.68 v u58549/Y (OR2x2_ASAP7_75t_R)
                                         n46481 (net)
                  9.75    0.00 1454.68 v u58551/C1 (AO222x2_ASAP7_75t_R)
     1    0.63    9.15   27.53 1482.21 v u58551/Y (AO222x2_ASAP7_75t_R)
                                         n46483 (net)
                  9.15    0.00 1482.21 v u58552/B (OA21x2_ASAP7_75t_R)
     3    2.07    9.65   14.78 1496.99 v u58552/Y (OA21x2_ASAP7_75t_R)
                                         n46484 (net)
                  9.65    0.00 1496.99 v u58556/A3 (AO32x1_ASAP7_75t_R)
     1    0.69    8.63   22.81 1519.81 v u58556/Y (AO32x1_ASAP7_75t_R)
                                         n46488 (net)
                  8.63    0.00 1519.81 v gain21/A (BUFx3_ASAP7_75t_R)
     3    1.91    6.65   13.88 1533.68 v gain21/Y (BUFx3_ASAP7_75t_R)
                                         net21 (net)
                  6.65    0.00 1533.68 v u58557/B2 (AO222x2_ASAP7_75t_R)
     1    0.63    9.15   29.02 1562.70 v u58557/Y (AO222x2_ASAP7_75t_R)
                                         n46489 (net)
                  9.15    0.00 1562.70 v u58558/B (OA21x2_ASAP7_75t_R)
     2    1.52    8.31   13.97 1576.66 v u58558/Y (OA21x2_ASAP7_75t_R)
                                         n46490 (net)
                  8.31    0.00 1576.66 v u58560/B1 (AO22x2_ASAP7_75t_R)
     2    2.33   10.59   21.34 1598.00 v u58560/Y (AO22x2_ASAP7_75t_R)
                                         n46492 (net)
                 10.59    0.00 1598.00 v u58562/B (MAJx2_ASAP7_75t_R)
     3    1.99   10.20   23.11 1621.11 v u58562/Y (MAJx2_ASAP7_75t_R)
                                         n46494 (net)
                 10.20    0.00 1621.11 v u58563/C (AND3x1_ASAP7_75t_R)
     1    1.11    7.97   14.22 1635.34 v u58563/Y (AND3x1_ASAP7_75t_R)
                                         n46495 (net)
                  7.97    0.00 1635.34 v u58566/A (OR2x6_ASAP7_75t_R)
     3    3.36    8.49   19.32 1654.65 v u58566/Y (OR2x6_ASAP7_75t_R)
                                         n46498 (net)
                  8.49    0.00 1654.65 v u58569/A (NOR2x1_ASAP7_75t_R)
     1    0.63    8.46    7.47 1662.13 ^ u58569/Y (NOR2x1_ASAP7_75t_R)
                                         n46501 (net)
                  8.46    0.00 1662.13 ^ u58570/B (AO21x1_ASAP7_75t_R)
     2    1.74   13.48   14.30 1676.43 ^ u58570/Y (AO21x1_ASAP7_75t_R)
                                         n46502 (net)
                 13.48    0.00 1676.43 ^ u58571/B (NOR2x1_ASAP7_75t_R)
     3    1.82   13.78   10.87 1687.30 v u58571/Y (NOR2x1_ASAP7_75t_R)
                                         n46503 (net)
                 13.78    0.00 1687.30 v u58577/A1 (AO21x1_ASAP7_75t_R)
     3    2.15   13.92   20.90 1708.20 v u58577/Y (AO21x1_ASAP7_75t_R)
                                         n46509 (net)
                 13.92    0.00 1708.20 v u58579/C1 (AO222x2_ASAP7_75t_R)
     1    0.63    9.15   28.59 1736.79 v u58579/Y (AO222x2_ASAP7_75t_R)
                                         n46511 (net)
                  9.15    0.00 1736.79 v u58580/B (OA21x2_ASAP7_75t_R)
     3    1.99    9.45   14.66 1751.45 v u58580/Y (OA21x2_ASAP7_75t_R)
                                         n46512 (net)
                  9.45    0.00 1751.45 v u58581/C (AND3x1_ASAP7_75t_R)
     1    0.57    5.48   12.52 1763.97 v u58581/Y (AND3x1_ASAP7_75t_R)
                                         n46513 (net)
                  5.48    0.00 1763.97 v u58584/A (OR2x2_ASAP7_75t_R)
     3    2.07    9.55   17.80 1781.77 v u58584/Y (OR2x2_ASAP7_75t_R)
                                         n46516 (net)
                  9.55    0.00 1781.77 v u58588/A3 (AO32x1_ASAP7_75t_R)
     1    0.69    8.63   22.79 1804.56 v u58588/Y (AO32x1_ASAP7_75t_R)
                                         n46520 (net)
                  8.63    0.00 1804.56 v gain14/A (BUFx3_ASAP7_75t_R)
     3    2.07    6.90   14.05 1818.61 v gain14/Y (BUFx3_ASAP7_75t_R)
                                         net14 (net)
                  6.90    0.00 1818.61 v u58592/A3 (AO32x1_ASAP7_75t_R)
     1    0.69    8.63   22.16 1840.77 v u58592/Y (AO32x1_ASAP7_75t_R)
                                         n46524 (net)
                  8.63    0.00 1840.77 v gain13/A (BUFx3_ASAP7_75t_R)
     3    2.15    7.03   14.14 1854.92 v gain13/Y (BUFx3_ASAP7_75t_R)
                                         net13 (net)
                  7.03    0.00 1854.92 v u58603/A (AND3x1_ASAP7_75t_R)
     1    0.57    5.48   10.53 1865.44 v u58603/Y (AND3x1_ASAP7_75t_R)
                                         n46535 (net)
                  5.48    0.00 1865.44 v u58606/A (OR2x2_ASAP7_75t_R)
     2    1.73    8.72   17.23 1882.67 v u58606/Y (OR2x2_ASAP7_75t_R)
                                         n46538 (net)
                  8.72    0.00 1882.67 v u58607/B2 (AO22x2_ASAP7_75t_R)
     2    2.33   10.59   20.77 1903.45 v u58607/Y (AO22x2_ASAP7_75t_R)
                                         n46539 (net)
                 10.59    0.00 1903.45 v u58609/B (MAJx2_ASAP7_75t_R)
     3    1.91   10.02   22.98 1926.43 v u58609/Y (MAJx2_ASAP7_75t_R)
                                         n46541 (net)
                 10.02    0.00 1926.43 v u58610/B2 (AO222x2_ASAP7_75t_R)
     1    0.63    9.15   29.81 1956.24 v u58610/Y (AO222x2_ASAP7_75t_R)
                                         n46542 (net)
                  9.15    0.00 1956.24 v u58611/B (OA21x2_ASAP7_75t_R)
     2    1.47    8.19   13.90 1970.14 v u58611/Y (OA21x2_ASAP7_75t_R)
                                         n46543 (net)
                  8.19    0.00 1970.14 v u58675/A (AND2x2_ASAP7_75t_R)
     2    1.68    7.85   16.25 1986.39 v u58675/Y (AND2x2_ASAP7_75t_R)
                                         n46607 (net)
                  7.85    0.00 1986.39 v u58736/A (NAND2x1_ASAP7_75t_R)
     2    1.69   15.40   11.37 1997.76 ^ u58736/Y (NAND2x1_ASAP7_75t_R)
                                         n46668 (net)
                 15.40    0.00 1997.76 ^ u58738/A (NAND2x1_ASAP7_75t_R)
     4    2.83   16.27   12.02 2009.78 v u58738/Y (NAND2x1_ASAP7_75t_R)
                                         n46670 (net)
                 16.27    0.00 2009.78 v u58986/A1 (AO221x1_ASAP7_75t_R)
     1    0.69    8.69   22.38 2032.16 v u58986/Y (AO221x1_ASAP7_75t_R)
                                         n46918 (net)
                  8.69    0.00 2032.16 v gain1/A (BUFx3_ASAP7_75t_R)
     3    2.35    7.35   14.38 2046.54 v gain1/Y (BUFx3_ASAP7_75t_R)
                                         net1 (net)
                  7.35    0.00 2046.54 v u59229/A (AND3x1_ASAP7_75t_R)
     3    2.52   14.53   15.55 2062.09 v u59229/Y (AND3x1_ASAP7_75t_R)
                                         n47161 (net)
                 14.53    0.00 2062.09 v u59472/A1 (OA211x2_ASAP7_75t_R)
     2    1.22   10.71   23.94 2086.03 v u59472/Y (OA211x2_ASAP7_75t_R)
                                         n47404 (net)
                 10.71    0.00 2086.03 v u59715/A (OR3x1_ASAP7_75t_R)
     1    1.11   10.45   20.80 2106.83 v u59715/Y (OR3x1_ASAP7_75t_R)
                                         n47647 (net)
                 10.45    0.00 2106.83 v u59720/A (AND2x4_ASAP7_75t_R)
     3    2.35    6.50   15.71 2122.54 v u59720/Y (AND2x4_ASAP7_75t_R)
                                         n47652 (net)
                  6.50    0.00 2122.54 v u59919/A (AND3x1_ASAP7_75t_R)
     2    1.66   10.53   13.20 2135.74 v u59919/Y (AND3x1_ASAP7_75t_R)
                                         n47851 (net)
                 10.53    0.00 2135.74 v u59925/A (NOR2x1_ASAP7_75t_R)
     2    2.32   17.68   12.48 2148.23 ^ u59925/Y (NOR2x1_ASAP7_75t_R)
                                         n47857 (net)
                 17.68    0.00 2148.23 ^ u59989/A1 (OAI21x1_ASAP7_75t_R)
     4    3.82   22.35   14.49 2162.71 v u59989/Y (OAI21x1_ASAP7_75t_R)
                                         n47921 (net)
                 22.35    0.00 2162.71 v u59993/A (AND4x1_ASAP7_75t_R)
     1    0.63    6.09   14.65 2177.36 v u59993/Y (AND4x1_ASAP7_75t_R)
                                         n47925 (net)
                  6.09    0.00 2177.36 v u59994/B (AO21x1_ASAP7_75t_R)
     2    1.27    9.77   16.89 2194.26 v u59994/Y (AO21x1_ASAP7_75t_R)
                                         n47926 (net)
                  9.77    0.00 2194.26 v u59995/B (AO21x1_ASAP7_75t_R)
     1    1.08    8.95   17.15 2211.40 v u59995/Y (AO21x1_ASAP7_75t_R)
                                         n47927 (net)
                  8.95    0.00 2211.40 v u59999/A (XNOR2x2_ASAP7_75t_R)
     1    0.62    6.56   20.36 2231.76 ^ u59999/Y (XNOR2x2_ASAP7_75t_R)
                                         grp_uacc_section14_cost_core_fu_2337.uacc_section14_allocator_mul_16ns_115ns_130_7_1_U17.uacc_section14_allocator_uacc_section14_allocator_mul_16ns_115ns_130_7_1_Mul_DSP_4_U.tmp_product[129]* (net)
                  6.56    0.00 2231.76 ^ u39797/D (DFFHQNx1_ASAP7_75t_R)
                               2231.76   data arrival time

                  0.00 5000.00 5000.00   clock core_clock (rise edge)
                          0.00 5000.00   clock network delay (ideal)
                          0.00 5000.00   clock reconvergence pessimism
                               5000.00 ^ u39797/CLK (DFFHQNx1_ASAP7_75t_R)
                        -15.06 4984.94   library setup time
                               4984.94   data required time
-----------------------------------------------------------------------------
                               4984.94   data required time
                               -2231.76   data arrival time
-----------------------------------------------------------------------------
                               2753.18   slack (MET)



==========================================================================
floorplan final report_power
--------------------------------------------------------------------------
Group                  Internal  Switching    Leakage      Total
                          Power      Power      Power      Power (Watts)
----------------------------------------------------------------
Sequential             1.16e-02   2.43e-04   2.43e-06   1.18e-02   8.0%
Combinational          9.17e-02   4.43e-02   1.27e-05   1.36e-01  92.0%
Clock                  0.00e+00   0.00e+00   0.00e+00   0.00e+00   0.0%
Macro                  0.00e+00   0.00e+00   0.00e+00   0.00e+00   0.0%
Pad                    0.00e+00   0.00e+00   0.00e+00   0.00e+00   0.0%
----------------------------------------------------------------
Total                  1.03e-01   4.45e-02   1.51e-05   1.48e-01 100.0%
                          69.9%      30.1%       0.0%
