
==========================================================================
detailed place report_tns
--------------------------------------------------------------------------
tns max 0.00

==========================================================================
detailed place report_wns
--------------------------------------------------------------------------
wns max 0.00

==========================================================================
detailed place report_worst_slack
--------------------------------------------------------------------------
worst slack max 2561.30

==========================================================================
detailed place report_clock_min_period
--------------------------------------------------------------------------
core_clock period_min = 2438.70 fmax = 410.05

==========================================================================
detailed place report_checks -path_delay min
--------------------------------------------------------------------------
Startpoint: u23042 (rising edge-triggered flip-flop clocked by core_clock)
Endpoint: u18248 (rising edge-triggered flip-flop clocked by core_clock)
Path Group: core_clock
Path Type: min

Fanout     Cap    Slew   Delay    Time   Description
-----------------------------------------------------------------------------
                  0.00    0.00    0.00   clock core_clock (rise edge)
                          0.00    0.00   clock network delay (ideal)
                  0.00    0.00    0.00 ^ u23042/CLK (DFFHQNx1_ASAP7_75t_R)
     2    1.12   15.16   32.66   32.66 v u23042/QN (DFFHQNx1_ASAP7_75t_R)
                                         candidate_queue_cost_q_load_20_reg_5999[7] (net)
                 15.16    0.03   32.69 v u18248/D (DFFHQNx1_ASAP7_75t_R)
                                 32.69   data arrival time

                  0.00    0.00    0.00   clock core_clock (rise edge)
                          0.00    0.00   clock network delay (ideal)
                          0.00    0.00   clock reconvergence pessimism
                                  0.00 ^ u18248/CLK (DFFHQNx1_ASAP7_75t_R)
                          7.83    7.83   library hold time
                                  7.83   data required time
-----------------------------------------------------------------------------
                                  7.83   data required time
                                -32.69   data arrival time
-----------------------------------------------------------------------------
                                 24.86   slack (MET)



==========================================================================
detailed place report_checks -path_delay max
--------------------------------------------------------------------------
Startpoint: u53071 (rising edge-triggered flip-flop clocked by core_clock)
Endpoint: u39797 (rising edge-triggered flip-flop clocked by core_clock)
Path Group: core_clock
Path Type: max

Fanout     Cap    Slew   Delay    Time   Description
-----------------------------------------------------------------------------
                  0.00    0.00    0.00   clock core_clock (rise edge)
                          0.00    0.00   clock network delay (ideal)
                  0.00    0.00    0.00 ^ u53071/CLK (DFFHQNx2_ASAP7_75t_R)
    20   31.46  102.56   75.71   75.71 v u53071/QN (DFFHQNx2_ASAP7_75t_R)
                                         grp_uacc_section14_cost_core_fu_2337.uacc_section14_allocator_mul_16ns_115ns_130_7_1_U17.uacc_section14_allocator_uacc_section14_allocator_mul_16ns_115ns_130_7_1_Mul_DSP_4_U.a_reg0[1] (net)
                125.32   25.04  100.75 v place11075/A (BUFx3_ASAP7_75t_R)
    24   31.81   66.00   49.16  149.90 v place11075/Y (BUFx3_ASAP7_75t_R)
                                         net11046 (net)
                 66.79    4.13  154.04 v u58058/B (AND2x2_ASAP7_75t_R)
     2    2.18   11.04   29.33  183.37 v u58058/Y (AND2x2_ASAP7_75t_R)
                                         n45990 (net)
                 11.06    0.25  183.62 v u58059/B (XOR2x2_ASAP7_75t_R)
     2    1.59    9.37   25.97  209.59 ^ u58059/Y (XOR2x2_ASAP7_75t_R)
                                         n45991 (net)
                  9.37    0.05  209.64 ^ u58061/A (XOR2x2_ASAP7_75t_R)
     2    2.28   11.52   26.25  235.89 ^ u58061/Y (XOR2x2_ASAP7_75t_R)
                                         n45993 (net)
                 11.52    0.13  236.02 ^ u58110/A (XOR2x2_ASAP7_75t_R)
     1    1.00    7.65   24.54  260.56 ^ u58110/Y (XOR2x2_ASAP7_75t_R)
                                         n46042 (net)
                  7.65    0.04  260.60 ^ u58111/A (XOR2x2_ASAP7_75t_R)
     2    1.64    9.66   24.60  285.20 ^ u58111/Y (XOR2x2_ASAP7_75t_R)
                                         n46043 (net)
                  9.66    0.08  285.28 ^ u58113/A (XOR2x2_ASAP7_75t_R)
     2    1.67    9.65   25.26  310.54 ^ u58113/Y (XOR2x2_ASAP7_75t_R)
                                         n46045 (net)
                  9.65    0.05  310.59 ^ u58174/B (XOR2x2_ASAP7_75t_R)
     2    1.64    9.52   25.61  336.20 ^ u58174/Y (XOR2x2_ASAP7_75t_R)
                                         n46106 (net)
                  9.52    0.09  336.29 ^ u58192/A (XOR2x2_ASAP7_75t_R)
     2    1.78   10.04   25.41  361.71 ^ u58192/Y (XOR2x2_ASAP7_75t_R)
                                         n46124 (net)
                 10.04    0.10  361.81 ^ u58214/B (XOR2x2_ASAP7_75t_R)
     2    2.34   11.76   26.93  388.74 ^ u58214/Y (XOR2x2_ASAP7_75t_R)
                                         n46146 (net)
                 11.78    0.27  389.01 ^ u58280/A (XOR2x2_ASAP7_75t_R)
     2    2.13   11.13   26.63  415.64 ^ u58280/Y (XOR2x2_ASAP7_75t_R)
                                         n46212 (net)
                 11.13    0.13  415.76 ^ u58281/B2 (AO22x2_ASAP7_75t_R)
     2    2.91   13.50   20.26  436.02 ^ u58281/Y (AO22x2_ASAP7_75t_R)
                                         n46213 (net)
                 13.51    0.27  436.29 ^ u58283/B (MAJx2_ASAP7_75t_R)
     3    2.89   13.50   23.27  459.56 ^ u58283/Y (MAJx2_ASAP7_75t_R)
                                         n46215 (net)
                 13.51    0.19  459.75 ^ u58284/B (AO21x1_ASAP7_75t_R)
     1    0.87    8.55   12.99  472.74 ^ u58284/Y (AO21x1_ASAP7_75t_R)
                                         n46216 (net)
                  8.56    0.05  472.79 ^ u58286/C (AND4x1_ASAP7_75t_R)
     3    3.29   26.08   30.62  503.41 ^ u58286/Y (AND4x1_ASAP7_75t_R)
                                         n46218 (net)
                 26.09    0.11  503.52 ^ u58313/B (NOR2x1_ASAP7_75t_R)
     2    1.83   15.86   13.56  517.08 v u58313/Y (NOR2x1_ASAP7_75t_R)
                                         n46245 (net)
                 15.86    0.12  517.20 v u58342/A (AND2x2_ASAP7_75t_R)
     2    2.35    9.68   19.82  537.02 v u58342/Y (AND2x2_ASAP7_75t_R)
                                         n46274 (net)
                  9.68    0.11  537.13 v u58343/B (AND2x4_ASAP7_75t_R)
     2    2.44    6.54   14.59  551.72 v u58343/Y (AND2x4_ASAP7_75t_R)
                                         n46275 (net)
                  6.54    0.07  551.79 v u58358/A (NAND2x1_ASAP7_75t_R)
     3    3.35   25.20   15.36  567.15 ^ u58358/Y (NAND2x1_ASAP7_75t_R)
                                         n46290 (net)
                 25.21    0.17  567.32 ^ u58367/A (NOR2x1_ASAP7_75t_R)
     3    3.63   25.59   19.92  587.24 v u58367/Y (NOR2x1_ASAP7_75t_R)
                                         n46299 (net)
                 25.60    0.36  587.60 v u58369/B (MAJx2_ASAP7_75t_R)
     2    2.85   12.68   28.76  616.36 v u58369/Y (MAJx2_ASAP7_75t_R)
                                         n46301 (net)
                 12.69    0.27  616.63 v u58371/B (MAJx2_ASAP7_75t_R)
     3    2.46   11.55   24.46  641.09 v u58371/Y (MAJx2_ASAP7_75t_R)
                                         n46303 (net)
                 11.57    0.21  641.30 v u58372/C (AND3x1_ASAP7_75t_R)
     1    0.82    6.64   13.81  655.10 v u58372/Y (AND3x1_ASAP7_75t_R)
                                         n46304 (net)
                  6.64    0.05  655.15 v u58375/A (OR2x2_ASAP7_75t_R)
     3    3.75   14.56   20.35  675.51 v u58375/Y (OR2x2_ASAP7_75t_R)
                                         n46307 (net)
                 14.71    0.84  676.35 v u58390/A1 (AO32x1_ASAP7_75t_R)
     3    2.53   17.67   26.50  702.85 v u58390/Y (AO32x1_ASAP7_75t_R)
                                         n46322 (net)
                 17.68    0.22  703.07 v u58391/C (AND3x1_ASAP7_75t_R)
     1    0.81    6.77   15.54  718.62 v u58391/Y (AND3x1_ASAP7_75t_R)
                                         n46323 (net)
                  6.77    0.05  718.67 v u58394/A (OR2x2_ASAP7_75t_R)
     3    2.28   10.20   18.41  737.08 v u58394/Y (OR2x2_ASAP7_75t_R)
                                         n46326 (net)
                 10.21    0.12  737.20 v u58395/C (AND3x1_ASAP7_75t_R)
     1    0.68    5.89   13.04  750.24 v u58395/Y (AND3x1_ASAP7_75t_R)
                                         n46327 (net)
                  5.89    0.03  750.27 v u58398/A (OR2x2_ASAP7_75t_R)
     2    2.43   10.67   18.39  768.66 v u58398/Y (OR2x2_ASAP7_75t_R)
                                         n46330 (net)
                 10.70    0.29  768.95 v u58399/B2 (AO22x2_ASAP7_75t_R)
     2    3.66   14.59   23.03  791.98 v u58399/Y (AO22x2_ASAP7_75t_R)
                                         n46331 (net)
                 14.73    0.78  792.76 v u58401/B (MAJx2_ASAP7_75t_R)
     2    1.80    9.83   23.94  816.71 v u58401/Y (MAJx2_ASAP7_75t_R)
                                         n46333 (net)
                  9.84    0.10  816.81 v u58403/B1 (AO22x2_ASAP7_75t_R)
     2    2.90   12.15   22.63  839.43 v u58403/Y (AO22x2_ASAP7_75t_R)
                                         n46335 (net)
                 12.18    0.30  839.73 v u58405/B (MAJx2_ASAP7_75t_R)
     2    1.90   10.12   23.38  863.11 v u58405/Y (MAJx2_ASAP7_75t_R)
                                         n46337 (net)
                 10.13    0.13  863.24 v u58407/B1 (AO22x2_ASAP7_75t_R)
     2    3.41   13.77   23.35  886.59 v u58407/Y (AO22x2_ASAP7_75t_R)
                                         n46339 (net)
                 13.85    0.60  887.18 v u58409/B (MAJx2_ASAP7_75t_R)
     2    1.81    9.80   23.71  910.90 v u58409/Y (MAJx2_ASAP7_75t_R)
                                         n46341 (net)
                  9.80    0.08  910.98 v u58411/B1 (AO22x2_ASAP7_75t_R)
     2    3.16   12.84   23.02  933.99 v u58411/Y (AO22x2_ASAP7_75t_R)
                                         n46343 (net)
                 12.87    0.34  934.34 v u58413/B (MAJx2_ASAP7_75t_R)
     3    2.24   10.94   24.19  958.52 v u58413/Y (MAJx2_ASAP7_75t_R)
                                         n46345 (net)
                 10.94    0.08  958.60 v u58417/A3 (AO32x1_ASAP7_75t_R)
     3    2.56   17.75   28.80  987.40 v u58417/Y (AO32x1_ASAP7_75t_R)
                                         n46349 (net)
                 17.75    0.16  987.57 v u58419/C1 (AO222x2_ASAP7_75t_R)
     1    0.71    9.22   29.75 1017.32 v u58419/Y (AO222x2_ASAP7_75t_R)
                                         n46351 (net)
                  9.22    0.03 1017.35 v u58420/B (OA21x2_ASAP7_75t_R)
     2    3.04   12.54   15.98 1033.33 v u58420/Y (OA21x2_ASAP7_75t_R)
                                         n46352 (net)
                 12.66    0.66 1033.99 v u58422/B1 (AO22x2_ASAP7_75t_R)
     2    2.71   11.68   23.23 1057.22 v u58422/Y (AO22x2_ASAP7_75t_R)
                                         n46354 (net)
                 11.70    0.20 1057.42 v u58424/B (MAJx2_ASAP7_75t_R)
     2    1.95   10.25   23.31 1080.73 v u58424/Y (MAJx2_ASAP7_75t_R)
                                         n46356 (net)
                 10.26    0.14 1080.87 v u58426/B1 (AO22x2_ASAP7_75t_R)
     2    2.85   12.00   22.69 1103.56 v u58426/Y (AO22x2_ASAP7_75t_R)
                                         n46358 (net)
                 12.02    0.24 1103.80 v u58428/B (MAJx2_ASAP7_75t_R)
     3    2.66   12.10   24.57 1128.37 v u58428/Y (MAJx2_ASAP7_75t_R)
                                         n46360 (net)
                 12.13    0.30 1128.67 v u58429/C (AND3x1_ASAP7_75t_R)
     1    0.68    5.98   13.61 1142.28 v u58429/Y (AND3x1_ASAP7_75t_R)
                                         n46361 (net)
                  5.98    0.03 1142.31 v u58432/A (OR2x2_ASAP7_75t_R)
     3    3.03   12.29   19.37 1161.67 v u58432/Y (OR2x2_ASAP7_75t_R)
                                         n46364 (net)
                 12.34    0.41 1162.08 v u58434/C1 (AO222x2_ASAP7_75t_R)
     1    0.72    9.23   28.37 1190.46 v u58434/Y (AO222x2_ASAP7_75t_R)
                                         n46366 (net)
                  9.23    0.03 1190.49 v u58435/B (OA21x2_ASAP7_75t_R)
     3    2.53   10.98   15.42 1205.91 v u58435/Y (OA21x2_ASAP7_75t_R)
                                         n46367 (net)
                 10.99    0.19 1206.10 v u58439/A3 (AO32x1_ASAP7_75t_R)
     3    2.58   17.90   28.85 1234.95 v u58439/Y (AO32x1_ASAP7_75t_R)
                                         n46371 (net)
                 17.92    0.23 1235.18 v u58440/C (AND3x1_ASAP7_75t_R)
     1    0.63    5.89   15.12 1250.30 v u58440/Y (AND3x1_ASAP7_75t_R)
                                         n46372 (net)
                  5.89    0.02 1250.32 v u58443/A (OR2x2_ASAP7_75t_R)
     3    3.10   12.53   19.42 1269.74 v u58443/Y (OR2x2_ASAP7_75t_R)
                                         n46375 (net)
                 12.60    0.49 1270.23 v u58447/A3 (AO32x1_ASAP7_75t_R)
     3    2.71   18.52   29.62 1299.85 v u58447/Y (AO32x1_ASAP7_75t_R)
                                         n46379 (net)
                 18.53    0.24 1300.09 v u58458/A (AND3x1_ASAP7_75t_R)
     1    0.63    5.81   13.67 1313.75 v u58458/Y (AND3x1_ASAP7_75t_R)
                                         n46390 (net)
                  5.81    0.02 1313.78 v u58461/A (OR2x2_ASAP7_75t_R)
     3    3.14   12.60   19.45 1333.23 v u58461/Y (OR2x2_ASAP7_75t_R)
                                         n46393 (net)
                 12.65    0.46 1333.69 v u58463/C1 (AO222x2_ASAP7_75t_R)
     1    0.71    9.20   28.42 1362.11 v u58463/Y (AO222x2_ASAP7_75t_R)
                                         n46395 (net)
                  9.20    0.03 1362.14 v u58464/B (OA21x2_ASAP7_75t_R)
     3    2.88   11.97   15.82 1377.96 v u58464/Y (OA21x2_ASAP7_75t_R)
                                         n46396 (net)
                 12.02    0.41 1378.38 v u58465/C (AND3x1_ASAP7_75t_R)
     1    0.81    6.60   13.91 1392.29 v u58465/Y (AND3x1_ASAP7_75t_R)
                                         n46397 (net)
                  6.60    0.05 1392.34 v u58468/A (OR2x2_ASAP7_75t_R)
     2    2.20   10.10   18.19 1410.53 v u58468/Y (OR2x2_ASAP7_75t_R)
                                         n46400 (net)
                 10.13    0.27 1410.80 v u58472/A (AND2x2_ASAP7_75t_R)
     2    1.39    7.07   16.43 1427.23 v u58472/Y (AND2x2_ASAP7_75t_R)
                                         n46404 (net)
                  7.08    0.07 1427.30 v u58473/B (AND2x2_ASAP7_75t_R)
     2    1.56    7.57   14.75 1442.05 v u58473/Y (AND2x2_ASAP7_75t_R)
                                         n46405 (net)
                  7.58    0.13 1442.18 v u58513/A1 (AO221x1_ASAP7_75t_R)
     3    2.47   17.62   26.50 1468.68 v u58513/Y (AO221x1_ASAP7_75t_R)
                                         n46445 (net)
                 17.62    0.10 1468.79 v u58527/A1 (AO32x1_ASAP7_75t_R)
     3    3.98   25.33   30.61 1499.39 v u58527/Y (AO32x1_ASAP7_75t_R)
                                         n46459 (net)
                 25.43    0.90 1500.29 v u58531/A3 (AO32x1_ASAP7_75t_R)
     3    2.77   18.88   32.67 1532.96 v u58531/Y (AO32x1_ASAP7_75t_R)
                                         n46463 (net)
                 18.90    0.37 1533.32 v u58532/C (AND3x1_ASAP7_75t_R)
     1    0.71    6.31   15.62 1548.94 v u58532/Y (AND3x1_ASAP7_75t_R)
                                         n46464 (net)
                  6.31    0.03 1548.98 v u58535/A (OR2x2_ASAP7_75t_R)
     3    3.45   13.58   19.91 1568.89 v u58535/Y (OR2x2_ASAP7_75t_R)
                                         n46467 (net)
                 13.69    0.68 1569.56 v u58546/A (AND3x1_ASAP7_75t_R)
     1    0.76    6.31   12.86 1582.42 v u58546/Y (AND3x1_ASAP7_75t_R)
                                         n46478 (net)
                  6.31    0.04 1582.46 v u58549/A (OR2x2_ASAP7_75t_R)
     3    3.15   12.66   19.59 1602.05 v u58549/Y (OR2x2_ASAP7_75t_R)
                                         n46481 (net)
                 12.72    0.49 1602.54 v u58551/C1 (AO222x2_ASAP7_75t_R)
     1    0.78    9.36   28.60 1631.13 v u58551/Y (AO222x2_ASAP7_75t_R)
                                         n46483 (net)
                  9.36    0.04 1631.17 v u58552/B (OA21x2_ASAP7_75t_R)
     3    3.39   13.52   16.46 1647.63 v u58552/Y (OA21x2_ASAP7_75t_R)
                                         n46484 (net)
                 13.62    0.65 1648.28 v u58556/A3 (AO32x1_ASAP7_75t_R)
     3    2.69   18.41   29.77 1678.05 v u58556/Y (AO32x1_ASAP7_75t_R)
                                         n46488 (net)
                 18.43    0.32 1678.37 v u58557/B2 (AO222x2_ASAP7_75t_R)
     1    0.68    9.14   31.84 1710.21 v u58557/Y (AO222x2_ASAP7_75t_R)
                                         n46489 (net)
                  9.14    0.02 1710.23 v u58558/B (OA21x2_ASAP7_75t_R)
     2    1.69    8.71   14.19 1724.42 v u58558/Y (OA21x2_ASAP7_75t_R)
                                         n46490 (net)
                  8.71    0.05 1724.47 v u58560/B1 (AO22x2_ASAP7_75t_R)
     2    2.57   11.30   21.81 1746.28 v u58560/Y (AO22x2_ASAP7_75t_R)
                                         n46492 (net)
                 11.31    0.13 1746.41 v u58562/B (MAJx2_ASAP7_75t_R)
     3    2.75   12.36   24.50 1770.91 v u58562/Y (MAJx2_ASAP7_75t_R)
                                         n46494 (net)
                 12.39    0.31 1771.22 v u58563/C (AND3x1_ASAP7_75t_R)
     1    1.21    8.57   15.10 1786.33 v u58563/Y (AND3x1_ASAP7_75t_R)
                                         n46495 (net)
                  8.57    0.05 1786.38 v u58566/A (OR2x6_ASAP7_75t_R)
     3    4.44   10.00   19.98 1806.36 v u58566/Y (OR2x6_ASAP7_75t_R)
                                         n46498 (net)
                 10.21    0.78 1807.13 v u58569/A (NOR2x1_ASAP7_75t_R)
     1    0.76    8.90    8.22 1815.36 ^ u58569/Y (NOR2x1_ASAP7_75t_R)
                                         n46501 (net)
                  8.90    0.04 1815.39 ^ u58570/B (AO21x1_ASAP7_75t_R)
     2    2.96   21.15   17.52 1832.91 ^ u58570/Y (AO21x1_ASAP7_75t_R)
                                         n46502 (net)
                 21.20    0.58 1833.49 ^ u58571/B (NOR2x1_ASAP7_75t_R)
     3    2.16   16.18   13.70 1847.19 v u58571/Y (NOR2x1_ASAP7_75t_R)
                                         n46503 (net)
                 16.18    0.09 1847.28 v u58577/A1 (AO21x1_ASAP7_75t_R)
     3    2.64   16.78   22.77 1870.05 v u58577/Y (AO21x1_ASAP7_75t_R)
                                         n46509 (net)
                 16.78    0.21 1870.25 v u58579/C1 (AO222x2_ASAP7_75t_R)
     1    0.79    9.38   29.66 1899.91 v u58579/Y (AO222x2_ASAP7_75t_R)
                                         n46511 (net)
                  9.38    0.04 1899.95 v u58580/B (OA21x2_ASAP7_75t_R)
     3    2.49   10.87   15.39 1915.34 v u58580/Y (OA21x2_ASAP7_75t_R)
                                         n46512 (net)
                 10.89    0.20 1915.55 v u58581/C (AND3x1_ASAP7_75t_R)
     1    0.62    5.60   13.07 1928.61 v u58581/Y (AND3x1_ASAP7_75t_R)
                                         n46513 (net)
                  5.60    0.02 1928.63 v u58584/A (OR2x2_ASAP7_75t_R)
     3    3.21   12.86   19.47 1948.10 v u58584/Y (OR2x2_ASAP7_75t_R)
                                         n46516 (net)
                 12.94    0.55 1948.66 v u58588/A3 (AO32x1_ASAP7_75t_R)
     3    3.08   20.38   30.59 1979.25 v u58588/Y (AO32x1_ASAP7_75t_R)
                                         n46520 (net)
                 20.42    0.49 1979.74 v u58592/A3 (AO32x1_ASAP7_75t_R)
     3    3.14   20.67   32.50 2012.24 v u58592/Y (AO32x1_ASAP7_75t_R)
                                         n46524 (net)
                 20.71    0.50 2012.74 v u58603/A (AND3x1_ASAP7_75t_R)
     1    0.64    5.94   14.17 2026.90 v u58603/Y (AND3x1_ASAP7_75t_R)
                                         n46535 (net)
                  5.94    0.02 2026.93 v u58606/A (OR2x2_ASAP7_75t_R)
     2    2.09    9.74   17.89 2044.81 v u58606/Y (OR2x2_ASAP7_75t_R)
                                         n46538 (net)
                  9.75    0.16 2044.97 v u58607/B2 (AO22x2_ASAP7_75t_R)
     2    2.64   11.47   21.49 2066.46 v u58607/Y (AO22x2_ASAP7_75t_R)
                                         n46539 (net)
                 11.48    0.17 2066.63 v u58609/B (MAJx2_ASAP7_75t_R)
     3    2.73   12.34   24.52 2091.15 v u58609/Y (MAJx2_ASAP7_75t_R)
                                         n46541 (net)
                 12.37    0.37 2091.52 v u58610/B2 (AO222x2_ASAP7_75t_R)
     1    0.75    9.29   30.60 2122.13 v u58610/Y (AO222x2_ASAP7_75t_R)
                                         n46542 (net)
                  9.29    0.03 2122.16 v u58611/B (OA21x2_ASAP7_75t_R)
     2    2.19   10.17   14.90 2137.06 v u58611/Y (OA21x2_ASAP7_75t_R)
                                         n46543 (net)
                 10.20    0.27 2137.33 v u58675/A (AND2x2_ASAP7_75t_R)
     2    1.90    8.46   17.24 2154.57 v u58675/Y (AND2x2_ASAP7_75t_R)
                                         n46607 (net)
                  8.46    0.09 2154.66 v u58736/A (NAND2x1_ASAP7_75t_R)
     2    3.48   26.35   16.12 2170.78 ^ u58736/Y (NAND2x1_ASAP7_75t_R)
                                         n46668 (net)
                 26.40    0.69 2171.47 ^ u58738/A (NAND2x1_ASAP7_75t_R)
     4    3.39   20.31   14.83 2186.30 v u58738/Y (NAND2x1_ASAP7_75t_R)
                                         n46670 (net)
                 20.31    0.13 2186.43 v u58986/A1 (AO221x1_ASAP7_75t_R)
     3    2.80   19.18   29.63 2216.06 v u58986/Y (AO221x1_ASAP7_75t_R)
                                         n46918 (net)
                 19.18    0.13 2216.19 v u59229/A (AND3x1_ASAP7_75t_R)
     3    3.45   20.15   20.71 2236.91 v u59229/Y (AND3x1_ASAP7_75t_R)
                                         n47161 (net)
                 20.18    0.48 2237.39 v u59472/A1 (OA211x2_ASAP7_75t_R)
     2    1.57   11.40   25.79 2263.18 v u59472/Y (OA211x2_ASAP7_75t_R)
                                         n47404 (net)
                 11.41    0.10 2263.28 v u59715/A (OR3x1_ASAP7_75t_R)
     1    1.29   11.41   21.62 2284.91 v u59715/Y (OR3x1_ASAP7_75t_R)
                                         n47647 (net)
                 11.41    0.07 2284.98 v u59720/A (AND2x4_ASAP7_75t_R)
     3    2.87    7.23   16.34 2301.32 v u59720/Y (AND2x4_ASAP7_75t_R)
                                         n47652 (net)
                  7.25    0.19 2301.52 v u59919/A (AND3x1_ASAP7_75t_R)
     2    1.86   11.82   13.89 2315.41 v u59919/Y (AND3x1_ASAP7_75t_R)
                                         n47851 (net)
                 11.82    0.09 2315.49 v u59925/A (NOR2x1_ASAP7_75t_R)
     2    2.91   21.18   14.22 2329.71 ^ u59925/Y (NOR2x1_ASAP7_75t_R)
                                         n47857 (net)
                 21.19    0.31 2330.02 ^ u59989/A1 (OAI21x1_ASAP7_75t_R)
     4    5.55   30.89   18.13 2348.15 v u59989/Y (OAI21x1_ASAP7_75t_R)
                                         n47921 (net)
                 31.02    1.13 2349.28 v u59993/A (AND4x1_ASAP7_75t_R)
     1    0.90    7.49   16.78 2366.06 v u59993/Y (AND4x1_ASAP7_75t_R)
                                         n47925 (net)
                  7.49    0.06 2366.12 v u59994/B (AO21x1_ASAP7_75t_R)
     2    1.57   11.31   18.04 2384.16 v u59994/Y (AO21x1_ASAP7_75t_R)
                                         n47926 (net)
                 11.31    0.04 2384.20 v u59995/B (AO21x1_ASAP7_75t_R)
     1    1.27    9.91   18.02 2402.22 v u59995/Y (AO21x1_ASAP7_75t_R)
                                         n47927 (net)
                  9.92    0.07 2402.30 v u59999/A (XNOR2x2_ASAP7_75t_R)
     1    1.00    7.50   21.16 2423.46 ^ u59999/Y (XNOR2x2_ASAP7_75t_R)
                                         grp_uacc_section14_cost_core_fu_2337.uacc_section14_allocator_mul_16ns_115ns_130_7_1_U17.uacc_section14_allocator_uacc_section14_allocator_mul_16ns_115ns_130_7_1_Mul_DSP_4_U.tmp_product[129]* (net)
                  7.51    0.08 2423.54 ^ u39797/D (DFFHQNx1_ASAP7_75t_R)
                               2423.54   data arrival time

                  0.00 5000.00 5000.00   clock core_clock (rise edge)
                          0.00 5000.00   clock network delay (ideal)
                          0.00 5000.00   clock reconvergence pessimism
                               5000.00 ^ u39797/CLK (DFFHQNx1_ASAP7_75t_R)
                        -15.16 4984.84   library setup time
                               4984.84   data required time
-----------------------------------------------------------------------------
                               4984.84   data required time
                               -2423.54   data arrival time
-----------------------------------------------------------------------------
                               2561.30   slack (MET)



==========================================================================
detailed place report_checks -unconstrained
--------------------------------------------------------------------------
Startpoint: u53071 (rising edge-triggered flip-flop clocked by core_clock)
Endpoint: u39797 (rising edge-triggered flip-flop clocked by core_clock)
Path Group: core_clock
Path Type: max

Fanout     Cap    Slew   Delay    Time   Description
-----------------------------------------------------------------------------
                  0.00    0.00    0.00   clock core_clock (rise edge)
                          0.00    0.00   clock network delay (ideal)
                  0.00    0.00    0.00 ^ u53071/CLK (DFFHQNx2_ASAP7_75t_R)
    20   31.46  102.56   75.71   75.71 v u53071/QN (DFFHQNx2_ASAP7_75t_R)
                                         grp_uacc_section14_cost_core_fu_2337.uacc_section14_allocator_mul_16ns_115ns_130_7_1_U17.uacc_section14_allocator_uacc_section14_allocator_mul_16ns_115ns_130_7_1_Mul_DSP_4_U.a_reg0[1] (net)
                125.32   25.04  100.75 v place11075/A (BUFx3_ASAP7_75t_R)
    24   31.81   66.00   49.16  149.90 v place11075/Y (BUFx3_ASAP7_75t_R)
                                         net11046 (net)
                 66.79    4.13  154.04 v u58058/B (AND2x2_ASAP7_75t_R)
     2    2.18   11.04   29.33  183.37 v u58058/Y (AND2x2_ASAP7_75t_R)
                                         n45990 (net)
                 11.06    0.25  183.62 v u58059/B (XOR2x2_ASAP7_75t_R)
     2    1.59    9.37   25.97  209.59 ^ u58059/Y (XOR2x2_ASAP7_75t_R)
                                         n45991 (net)
                  9.37    0.05  209.64 ^ u58061/A (XOR2x2_ASAP7_75t_R)
     2    2.28   11.52   26.25  235.89 ^ u58061/Y (XOR2x2_ASAP7_75t_R)
                                         n45993 (net)
                 11.52    0.13  236.02 ^ u58110/A (XOR2x2_ASAP7_75t_R)
     1    1.00    7.65   24.54  260.56 ^ u58110/Y (XOR2x2_ASAP7_75t_R)
                                         n46042 (net)
                  7.65    0.04  260.60 ^ u58111/A (XOR2x2_ASAP7_75t_R)
     2    1.64    9.66   24.60  285.20 ^ u58111/Y (XOR2x2_ASAP7_75t_R)
                                         n46043 (net)
                  9.66    0.08  285.28 ^ u58113/A (XOR2x2_ASAP7_75t_R)
     2    1.67    9.65   25.26  310.54 ^ u58113/Y (XOR2x2_ASAP7_75t_R)
                                         n46045 (net)
                  9.65    0.05  310.59 ^ u58174/B (XOR2x2_ASAP7_75t_R)
     2    1.64    9.52   25.61  336.20 ^ u58174/Y (XOR2x2_ASAP7_75t_R)
                                         n46106 (net)
                  9.52    0.09  336.29 ^ u58192/A (XOR2x2_ASAP7_75t_R)
     2    1.78   10.04   25.41  361.71 ^ u58192/Y (XOR2x2_ASAP7_75t_R)
                                         n46124 (net)
                 10.04    0.10  361.81 ^ u58214/B (XOR2x2_ASAP7_75t_R)
     2    2.34   11.76   26.93  388.74 ^ u58214/Y (XOR2x2_ASAP7_75t_R)
                                         n46146 (net)
                 11.78    0.27  389.01 ^ u58280/A (XOR2x2_ASAP7_75t_R)
     2    2.13   11.13   26.63  415.64 ^ u58280/Y (XOR2x2_ASAP7_75t_R)
                                         n46212 (net)
                 11.13    0.13  415.76 ^ u58281/B2 (AO22x2_ASAP7_75t_R)
     2    2.91   13.50   20.26  436.02 ^ u58281/Y (AO22x2_ASAP7_75t_R)
                                         n46213 (net)
                 13.51    0.27  436.29 ^ u58283/B (MAJx2_ASAP7_75t_R)
     3    2.89   13.50   23.27  459.56 ^ u58283/Y (MAJx2_ASAP7_75t_R)
                                         n46215 (net)
                 13.51    0.19  459.75 ^ u58284/B (AO21x1_ASAP7_75t_R)
     1    0.87    8.55   12.99  472.74 ^ u58284/Y (AO21x1_ASAP7_75t_R)
                                         n46216 (net)
                  8.56    0.05  472.79 ^ u58286/C (AND4x1_ASAP7_75t_R)
     3    3.29   26.08   30.62  503.41 ^ u58286/Y (AND4x1_ASAP7_75t_R)
                                         n46218 (net)
                 26.09    0.11  503.52 ^ u58313/B (NOR2x1_ASAP7_75t_R)
     2    1.83   15.86   13.56  517.08 v u58313/Y (NOR2x1_ASAP7_75t_R)
                                         n46245 (net)
                 15.86    0.12  517.20 v u58342/A (AND2x2_ASAP7_75t_R)
     2    2.35    9.68   19.82  537.02 v u58342/Y (AND2x2_ASAP7_75t_R)
                                         n46274 (net)
                  9.68    0.11  537.13 v u58343/B (AND2x4_ASAP7_75t_R)
     2    2.44    6.54   14.59  551.72 v u58343/Y (AND2x4_ASAP7_75t_R)
                                         n46275 (net)
                  6.54    0.07  551.79 v u58358/A (NAND2x1_ASAP7_75t_R)
     3    3.35   25.20   15.36  567.15 ^ u58358/Y (NAND2x1_ASAP7_75t_R)
                                         n46290 (net)
                 25.21    0.17  567.32 ^ u58367/A (NOR2x1_ASAP7_75t_R)
     3    3.63   25.59   19.92  587.24 v u58367/Y (NOR2x1_ASAP7_75t_R)
                                         n46299 (net)
                 25.60    0.36  587.60 v u58369/B (MAJx2_ASAP7_75t_R)
     2    2.85   12.68   28.76  616.36 v u58369/Y (MAJx2_ASAP7_75t_R)
                                         n46301 (net)
                 12.69    0.27  616.63 v u58371/B (MAJx2_ASAP7_75t_R)
     3    2.46   11.55   24.46  641.09 v u58371/Y (MAJx2_ASAP7_75t_R)
                                         n46303 (net)
                 11.57    0.21  641.30 v u58372/C (AND3x1_ASAP7_75t_R)
     1    0.82    6.64   13.81  655.10 v u58372/Y (AND3x1_ASAP7_75t_R)
                                         n46304 (net)
                  6.64    0.05  655.15 v u58375/A (OR2x2_ASAP7_75t_R)
     3    3.75   14.56   20.35  675.51 v u58375/Y (OR2x2_ASAP7_75t_R)
                                         n46307 (net)
                 14.71    0.84  676.35 v u58390/A1 (AO32x1_ASAP7_75t_R)
     3    2.53   17.67   26.50  702.85 v u58390/Y (AO32x1_ASAP7_75t_R)
                                         n46322 (net)
                 17.68    0.22  703.07 v u58391/C (AND3x1_ASAP7_75t_R)
     1    0.81    6.77   15.54  718.62 v u58391/Y (AND3x1_ASAP7_75t_R)
                                         n46323 (net)
                  6.77    0.05  718.67 v u58394/A (OR2x2_ASAP7_75t_R)
     3    2.28   10.20   18.41  737.08 v u58394/Y (OR2x2_ASAP7_75t_R)
                                         n46326 (net)
                 10.21    0.12  737.20 v u58395/C (AND3x1_ASAP7_75t_R)
     1    0.68    5.89   13.04  750.24 v u58395/Y (AND3x1_ASAP7_75t_R)
                                         n46327 (net)
                  5.89    0.03  750.27 v u58398/A (OR2x2_ASAP7_75t_R)
     2    2.43   10.67   18.39  768.66 v u58398/Y (OR2x2_ASAP7_75t_R)
                                         n46330 (net)
                 10.70    0.29  768.95 v u58399/B2 (AO22x2_ASAP7_75t_R)
     2    3.66   14.59   23.03  791.98 v u58399/Y (AO22x2_ASAP7_75t_R)
                                         n46331 (net)
                 14.73    0.78  792.76 v u58401/B (MAJx2_ASAP7_75t_R)
     2    1.80    9.83   23.94  816.71 v u58401/Y (MAJx2_ASAP7_75t_R)
                                         n46333 (net)
                  9.84    0.10  816.81 v u58403/B1 (AO22x2_ASAP7_75t_R)
     2    2.90   12.15   22.63  839.43 v u58403/Y (AO22x2_ASAP7_75t_R)
                                         n46335 (net)
                 12.18    0.30  839.73 v u58405/B (MAJx2_ASAP7_75t_R)
     2    1.90   10.12   23.38  863.11 v u58405/Y (MAJx2_ASAP7_75t_R)
                                         n46337 (net)
                 10.13    0.13  863.24 v u58407/B1 (AO22x2_ASAP7_75t_R)
     2    3.41   13.77   23.35  886.59 v u58407/Y (AO22x2_ASAP7_75t_R)
                                         n46339 (net)
                 13.85    0.60  887.18 v u58409/B (MAJx2_ASAP7_75t_R)
     2    1.81    9.80   23.71  910.90 v u58409/Y (MAJx2_ASAP7_75t_R)
                                         n46341 (net)
                  9.80    0.08  910.98 v u58411/B1 (AO22x2_ASAP7_75t_R)
     2    3.16   12.84   23.02  933.99 v u58411/Y (AO22x2_ASAP7_75t_R)
                                         n46343 (net)
                 12.87    0.34  934.34 v u58413/B (MAJx2_ASAP7_75t_R)
     3    2.24   10.94   24.19  958.52 v u58413/Y (MAJx2_ASAP7_75t_R)
                                         n46345 (net)
                 10.94    0.08  958.60 v u58417/A3 (AO32x1_ASAP7_75t_R)
     3    2.56   17.75   28.80  987.40 v u58417/Y (AO32x1_ASAP7_75t_R)
                                         n46349 (net)
                 17.75    0.16  987.57 v u58419/C1 (AO222x2_ASAP7_75t_R)
     1    0.71    9.22   29.75 1017.32 v u58419/Y (AO222x2_ASAP7_75t_R)
                                         n46351 (net)
                  9.22    0.03 1017.35 v u58420/B (OA21x2_ASAP7_75t_R)
     2    3.04   12.54   15.98 1033.33 v u58420/Y (OA21x2_ASAP7_75t_R)
                                         n46352 (net)
                 12.66    0.66 1033.99 v u58422/B1 (AO22x2_ASAP7_75t_R)
     2    2.71   11.68   23.23 1057.22 v u58422/Y (AO22x2_ASAP7_75t_R)
                                         n46354 (net)
                 11.70    0.20 1057.42 v u58424/B (MAJx2_ASAP7_75t_R)
     2    1.95   10.25   23.31 1080.73 v u58424/Y (MAJx2_ASAP7_75t_R)
                                         n46356 (net)
                 10.26    0.14 1080.87 v u58426/B1 (AO22x2_ASAP7_75t_R)
     2    2.85   12.00   22.69 1103.56 v u58426/Y (AO22x2_ASAP7_75t_R)
                                         n46358 (net)
                 12.02    0.24 1103.80 v u58428/B (MAJx2_ASAP7_75t_R)
     3    2.66   12.10   24.57 1128.37 v u58428/Y (MAJx2_ASAP7_75t_R)
                                         n46360 (net)
                 12.13    0.30 1128.67 v u58429/C (AND3x1_ASAP7_75t_R)
     1    0.68    5.98   13.61 1142.28 v u58429/Y (AND3x1_ASAP7_75t_R)
                                         n46361 (net)
                  5.98    0.03 1142.31 v u58432/A (OR2x2_ASAP7_75t_R)
     3    3.03   12.29   19.37 1161.67 v u58432/Y (OR2x2_ASAP7_75t_R)
                                         n46364 (net)
                 12.34    0.41 1162.08 v u58434/C1 (AO222x2_ASAP7_75t_R)
     1    0.72    9.23   28.37 1190.46 v u58434/Y (AO222x2_ASAP7_75t_R)
                                         n46366 (net)
                  9.23    0.03 1190.49 v u58435/B (OA21x2_ASAP7_75t_R)
     3    2.53   10.98   15.42 1205.91 v u58435/Y (OA21x2_ASAP7_75t_R)
                                         n46367 (net)
                 10.99    0.19 1206.10 v u58439/A3 (AO32x1_ASAP7_75t_R)
     3    2.58   17.90   28.85 1234.95 v u58439/Y (AO32x1_ASAP7_75t_R)
                                         n46371 (net)
                 17.92    0.23 1235.18 v u58440/C (AND3x1_ASAP7_75t_R)
     1    0.63    5.89   15.12 1250.30 v u58440/Y (AND3x1_ASAP7_75t_R)
                                         n46372 (net)
                  5.89    0.02 1250.32 v u58443/A (OR2x2_ASAP7_75t_R)
     3    3.10   12.53   19.42 1269.74 v u58443/Y (OR2x2_ASAP7_75t_R)
                                         n46375 (net)
                 12.60    0.49 1270.23 v u58447/A3 (AO32x1_ASAP7_75t_R)
     3    2.71   18.52   29.62 1299.85 v u58447/Y (AO32x1_ASAP7_75t_R)
                                         n46379 (net)
                 18.53    0.24 1300.09 v u58458/A (AND3x1_ASAP7_75t_R)
     1    0.63    5.81   13.67 1313.75 v u58458/Y (AND3x1_ASAP7_75t_R)
                                         n46390 (net)
                  5.81    0.02 1313.78 v u58461/A (OR2x2_ASAP7_75t_R)
     3    3.14   12.60   19.45 1333.23 v u58461/Y (OR2x2_ASAP7_75t_R)
                                         n46393 (net)
                 12.65    0.46 1333.69 v u58463/C1 (AO222x2_ASAP7_75t_R)
     1    0.71    9.20   28.42 1362.11 v u58463/Y (AO222x2_ASAP7_75t_R)
                                         n46395 (net)
                  9.20    0.03 1362.14 v u58464/B (OA21x2_ASAP7_75t_R)
     3    2.88   11.97   15.82 1377.96 v u58464/Y (OA21x2_ASAP7_75t_R)
                                         n46396 (net)
                 12.02    0.41 1378.38 v u58465/C (AND3x1_ASAP7_75t_R)
     1    0.81    6.60   13.91 1392.29 v u58465/Y (AND3x1_ASAP7_75t_R)
                                         n46397 (net)
                  6.60    0.05 1392.34 v u58468/A (OR2x2_ASAP7_75t_R)
     2    2.20   10.10   18.19 1410.53 v u58468/Y (OR2x2_ASAP7_75t_R)
                                         n46400 (net)
                 10.13    0.27 1410.80 v u58472/A (AND2x2_ASAP7_75t_R)
     2    1.39    7.07   16.43 1427.23 v u58472/Y (AND2x2_ASAP7_75t_R)
                                         n46404 (net)
                  7.08    0.07 1427.30 v u58473/B (AND2x2_ASAP7_75t_R)
     2    1.56    7.57   14.75 1442.05 v u58473/Y (AND2x2_ASAP7_75t_R)
                                         n46405 (net)
                  7.58    0.13 1442.18 v u58513/A1 (AO221x1_ASAP7_75t_R)
     3    2.47   17.62   26.50 1468.68 v u58513/Y (AO221x1_ASAP7_75t_R)
                                         n46445 (net)
                 17.62    0.10 1468.79 v u58527/A1 (AO32x1_ASAP7_75t_R)
     3    3.98   25.33   30.61 1499.39 v u58527/Y (AO32x1_ASAP7_75t_R)
                                         n46459 (net)
                 25.43    0.90 1500.29 v u58531/A3 (AO32x1_ASAP7_75t_R)
     3    2.77   18.88   32.67 1532.96 v u58531/Y (AO32x1_ASAP7_75t_R)
                                         n46463 (net)
                 18.90    0.37 1533.32 v u58532/C (AND3x1_ASAP7_75t_R)
     1    0.71    6.31   15.62 1548.94 v u58532/Y (AND3x1_ASAP7_75t_R)
                                         n46464 (net)
                  6.31    0.03 1548.98 v u58535/A (OR2x2_ASAP7_75t_R)
     3    3.45   13.58   19.91 1568.89 v u58535/Y (OR2x2_ASAP7_75t_R)
                                         n46467 (net)
                 13.69    0.68 1569.56 v u58546/A (AND3x1_ASAP7_75t_R)
     1    0.76    6.31   12.86 1582.42 v u58546/Y (AND3x1_ASAP7_75t_R)
                                         n46478 (net)
                  6.31    0.04 1582.46 v u58549/A (OR2x2_ASAP7_75t_R)
     3    3.15   12.66   19.59 1602.05 v u58549/Y (OR2x2_ASAP7_75t_R)
                                         n46481 (net)
                 12.72    0.49 1602.54 v u58551/C1 (AO222x2_ASAP7_75t_R)
     1    0.78    9.36   28.60 1631.13 v u58551/Y (AO222x2_ASAP7_75t_R)
                                         n46483 (net)
                  9.36    0.04 1631.17 v u58552/B (OA21x2_ASAP7_75t_R)
     3    3.39   13.52   16.46 1647.63 v u58552/Y (OA21x2_ASAP7_75t_R)
                                         n46484 (net)
                 13.62    0.65 1648.28 v u58556/A3 (AO32x1_ASAP7_75t_R)
     3    2.69   18.41   29.77 1678.05 v u58556/Y (AO32x1_ASAP7_75t_R)
                                         n46488 (net)
                 18.43    0.32 1678.37 v u58557/B2 (AO222x2_ASAP7_75t_R)
     1    0.68    9.14   31.84 1710.21 v u58557/Y (AO222x2_ASAP7_75t_R)
                                         n46489 (net)
                  9.14    0.02 1710.23 v u58558/B (OA21x2_ASAP7_75t_R)
     2    1.69    8.71   14.19 1724.42 v u58558/Y (OA21x2_ASAP7_75t_R)
                                         n46490 (net)
                  8.71    0.05 1724.47 v u58560/B1 (AO22x2_ASAP7_75t_R)
     2    2.57   11.30   21.81 1746.28 v u58560/Y (AO22x2_ASAP7_75t_R)
                                         n46492 (net)
                 11.31    0.13 1746.41 v u58562/B (MAJx2_ASAP7_75t_R)
     3    2.75   12.36   24.50 1770.91 v u58562/Y (MAJx2_ASAP7_75t_R)
                                         n46494 (net)
                 12.39    0.31 1771.22 v u58563/C (AND3x1_ASAP7_75t_R)
     1    1.21    8.57   15.10 1786.33 v u58563/Y (AND3x1_ASAP7_75t_R)
                                         n46495 (net)
                  8.57    0.05 1786.38 v u58566/A (OR2x6_ASAP7_75t_R)
     3    4.44   10.00   19.98 1806.36 v u58566/Y (OR2x6_ASAP7_75t_R)
                                         n46498 (net)
                 10.21    0.78 1807.13 v u58569/A (NOR2x1_ASAP7_75t_R)
     1    0.76    8.90    8.22 1815.36 ^ u58569/Y (NOR2x1_ASAP7_75t_R)
                                         n46501 (net)
                  8.90    0.04 1815.39 ^ u58570/B (AO21x1_ASAP7_75t_R)
     2    2.96   21.15   17.52 1832.91 ^ u58570/Y (AO21x1_ASAP7_75t_R)
                                         n46502 (net)
                 21.20    0.58 1833.49 ^ u58571/B (NOR2x1_ASAP7_75t_R)
     3    2.16   16.18   13.70 1847.19 v u58571/Y (NOR2x1_ASAP7_75t_R)
                                         n46503 (net)
                 16.18    0.09 1847.28 v u58577/A1 (AO21x1_ASAP7_75t_R)
     3    2.64   16.78   22.77 1870.05 v u58577/Y (AO21x1_ASAP7_75t_R)
                                         n46509 (net)
                 16.78    0.21 1870.25 v u58579/C1 (AO222x2_ASAP7_75t_R)
     1    0.79    9.38   29.66 1899.91 v u58579/Y (AO222x2_ASAP7_75t_R)
                                         n46511 (net)
                  9.38    0.04 1899.95 v u58580/B (OA21x2_ASAP7_75t_R)
     3    2.49   10.87   15.39 1915.34 v u58580/Y (OA21x2_ASAP7_75t_R)
                                         n46512 (net)
                 10.89    0.20 1915.55 v u58581/C (AND3x1_ASAP7_75t_R)
     1    0.62    5.60   13.07 1928.61 v u58581/Y (AND3x1_ASAP7_75t_R)
                                         n46513 (net)
                  5.60    0.02 1928.63 v u58584/A (OR2x2_ASAP7_75t_R)
     3    3.21   12.86   19.47 1948.10 v u58584/Y (OR2x2_ASAP7_75t_R)
                                         n46516 (net)
                 12.94    0.55 1948.66 v u58588/A3 (AO32x1_ASAP7_75t_R)
     3    3.08   20.38   30.59 1979.25 v u58588/Y (AO32x1_ASAP7_75t_R)
                                         n46520 (net)
                 20.42    0.49 1979.74 v u58592/A3 (AO32x1_ASAP7_75t_R)
     3    3.14   20.67   32.50 2012.24 v u58592/Y (AO32x1_ASAP7_75t_R)
                                         n46524 (net)
                 20.71    0.50 2012.74 v u58603/A (AND3x1_ASAP7_75t_R)
     1    0.64    5.94   14.17 2026.90 v u58603/Y (AND3x1_ASAP7_75t_R)
                                         n46535 (net)
                  5.94    0.02 2026.93 v u58606/A (OR2x2_ASAP7_75t_R)
     2    2.09    9.74   17.89 2044.81 v u58606/Y (OR2x2_ASAP7_75t_R)
                                         n46538 (net)
                  9.75    0.16 2044.97 v u58607/B2 (AO22x2_ASAP7_75t_R)
     2    2.64   11.47   21.49 2066.46 v u58607/Y (AO22x2_ASAP7_75t_R)
                                         n46539 (net)
                 11.48    0.17 2066.63 v u58609/B (MAJx2_ASAP7_75t_R)
     3    2.73   12.34   24.52 2091.15 v u58609/Y (MAJx2_ASAP7_75t_R)
                                         n46541 (net)
                 12.37    0.37 2091.52 v u58610/B2 (AO222x2_ASAP7_75t_R)
     1    0.75    9.29   30.60 2122.13 v u58610/Y (AO222x2_ASAP7_75t_R)
                                         n46542 (net)
                  9.29    0.03 2122.16 v u58611/B (OA21x2_ASAP7_75t_R)
     2    2.19   10.17   14.90 2137.06 v u58611/Y (OA21x2_ASAP7_75t_R)
                                         n46543 (net)
                 10.20    0.27 2137.33 v u58675/A (AND2x2_ASAP7_75t_R)
     2    1.90    8.46   17.24 2154.57 v u58675/Y (AND2x2_ASAP7_75t_R)
                                         n46607 (net)
                  8.46    0.09 2154.66 v u58736/A (NAND2x1_ASAP7_75t_R)
     2    3.48   26.35   16.12 2170.78 ^ u58736/Y (NAND2x1_ASAP7_75t_R)
                                         n46668 (net)
                 26.40    0.69 2171.47 ^ u58738/A (NAND2x1_ASAP7_75t_R)
     4    3.39   20.31   14.83 2186.30 v u58738/Y (NAND2x1_ASAP7_75t_R)
                                         n46670 (net)
                 20.31    0.13 2186.43 v u58986/A1 (AO221x1_ASAP7_75t_R)
     3    2.80   19.18   29.63 2216.06 v u58986/Y (AO221x1_ASAP7_75t_R)
                                         n46918 (net)
                 19.18    0.13 2216.19 v u59229/A (AND3x1_ASAP7_75t_R)
     3    3.45   20.15   20.71 2236.91 v u59229/Y (AND3x1_ASAP7_75t_R)
                                         n47161 (net)
                 20.18    0.48 2237.39 v u59472/A1 (OA211x2_ASAP7_75t_R)
     2    1.57   11.40   25.79 2263.18 v u59472/Y (OA211x2_ASAP7_75t_R)
                                         n47404 (net)
                 11.41    0.10 2263.28 v u59715/A (OR3x1_ASAP7_75t_R)
     1    1.29   11.41   21.62 2284.91 v u59715/Y (OR3x1_ASAP7_75t_R)
                                         n47647 (net)
                 11.41    0.07 2284.98 v u59720/A (AND2x4_ASAP7_75t_R)
     3    2.87    7.23   16.34 2301.32 v u59720/Y (AND2x4_ASAP7_75t_R)
                                         n47652 (net)
                  7.25    0.19 2301.52 v u59919/A (AND3x1_ASAP7_75t_R)
     2    1.86   11.82   13.89 2315.41 v u59919/Y (AND3x1_ASAP7_75t_R)
                                         n47851 (net)
                 11.82    0.09 2315.49 v u59925/A (NOR2x1_ASAP7_75t_R)
     2    2.91   21.18   14.22 2329.71 ^ u59925/Y (NOR2x1_ASAP7_75t_R)
                                         n47857 (net)
                 21.19    0.31 2330.02 ^ u59989/A1 (OAI21x1_ASAP7_75t_R)
     4    5.55   30.89   18.13 2348.15 v u59989/Y (OAI21x1_ASAP7_75t_R)
                                         n47921 (net)
                 31.02    1.13 2349.28 v u59993/A (AND4x1_ASAP7_75t_R)
     1    0.90    7.49   16.78 2366.06 v u59993/Y (AND4x1_ASAP7_75t_R)
                                         n47925 (net)
                  7.49    0.06 2366.12 v u59994/B (AO21x1_ASAP7_75t_R)
     2    1.57   11.31   18.04 2384.16 v u59994/Y (AO21x1_ASAP7_75t_R)
                                         n47926 (net)
                 11.31    0.04 2384.20 v u59995/B (AO21x1_ASAP7_75t_R)
     1    1.27    9.91   18.02 2402.22 v u59995/Y (AO21x1_ASAP7_75t_R)
                                         n47927 (net)
                  9.92    0.07 2402.30 v u59999/A (XNOR2x2_ASAP7_75t_R)
     1    1.00    7.50   21.16 2423.46 ^ u59999/Y (XNOR2x2_ASAP7_75t_R)
                                         grp_uacc_section14_cost_core_fu_2337.uacc_section14_allocator_mul_16ns_115ns_130_7_1_U17.uacc_section14_allocator_uacc_section14_allocator_mul_16ns_115ns_130_7_1_Mul_DSP_4_U.tmp_product[129]* (net)
                  7.51    0.08 2423.54 ^ u39797/D (DFFHQNx1_ASAP7_75t_R)
                               2423.54   data arrival time

                  0.00 5000.00 5000.00   clock core_clock (rise edge)
                          0.00 5000.00   clock network delay (ideal)
                          0.00 5000.00   clock reconvergence pessimism
                               5000.00 ^ u39797/CLK (DFFHQNx1_ASAP7_75t_R)
                        -15.16 4984.84   library setup time
                               4984.84   data required time
-----------------------------------------------------------------------------
                               4984.84   data required time
                               -2423.54   data arrival time
-----------------------------------------------------------------------------
                               2561.30   slack (MET)



==========================================================================
detailed place report_check_types -max_slew -max_cap -max_fanout -violators
--------------------------------------------------------------------------

==========================================================================
detailed place max_slew_check_slack
--------------------------------------------------------------------------
8.93252182006836

==========================================================================
detailed place max_slew_check_limit
--------------------------------------------------------------------------
320.0

==========================================================================
detailed place max_slew_check_slack_limit
--------------------------------------------------------------------------
0.0279

==========================================================================
detailed place max_fanout_check_slack
--------------------------------------------------------------------------
1.0000000150474662e+30

==========================================================================
detailed place max_fanout_check_limit
--------------------------------------------------------------------------
1.0000000150474662e+30

==========================================================================
detailed place max_capacitance_check_slack
--------------------------------------------------------------------------
9.864452362060547

==========================================================================
detailed place max_capacitance_check_limit
--------------------------------------------------------------------------
23.040000915527344

==========================================================================
detailed place max_capacitance_check_slack_limit
--------------------------------------------------------------------------
0.4281

==========================================================================
detailed place max_slew_violation_count
--------------------------------------------------------------------------
max slew violation count 0

==========================================================================
detailed place max_fanout_violation_count
--------------------------------------------------------------------------
max fanout violation count 0

==========================================================================
detailed place max_cap_violation_count
--------------------------------------------------------------------------
max cap violation count 0

==========================================================================
detailed place setup_violation_count
--------------------------------------------------------------------------
setup violation count 0

==========================================================================
detailed place hold_violation_count
--------------------------------------------------------------------------
hold violation count 0

==========================================================================
detailed place report_checks -path_delay max reg to reg
--------------------------------------------------------------------------
Startpoint: u53071 (rising edge-triggered flip-flop clocked by core_clock)
Endpoint: u39797 (rising edge-triggered flip-flop clocked by core_clock)
Path Group: core_clock
Path Type: max

  Delay    Time   Description
---------------------------------------------------------
   0.00    0.00   clock core_clock (rise edge)
   0.00    0.00   clock network delay (ideal)
   0.00    0.00 ^ u53071/CLK (DFFHQNx2_ASAP7_75t_R)
  75.71   75.71 v u53071/QN (DFFHQNx2_ASAP7_75t_R)
  74.20  149.90 v place11075/Y (BUFx3_ASAP7_75t_R)
  33.46  183.37 v u58058/Y (AND2x2_ASAP7_75t_R)
  26.22  209.59 ^ u58059/Y (XOR2x2_ASAP7_75t_R)
  26.31  235.89 ^ u58061/Y (XOR2x2_ASAP7_75t_R)
  24.67  260.56 ^ u58110/Y (XOR2x2_ASAP7_75t_R)
  24.64  285.20 ^ u58111/Y (XOR2x2_ASAP7_75t_R)
  25.34  310.54 ^ u58113/Y (XOR2x2_ASAP7_75t_R)
  25.66  336.20 ^ u58174/Y (XOR2x2_ASAP7_75t_R)
  25.50  361.71 ^ u58192/Y (XOR2x2_ASAP7_75t_R)
  27.03  388.74 ^ u58214/Y (XOR2x2_ASAP7_75t_R)
  26.90  415.64 ^ u58280/Y (XOR2x2_ASAP7_75t_R)
  20.38  436.02 ^ u58281/Y (AO22x2_ASAP7_75t_R)
  23.54  459.56 ^ u58283/Y (MAJx2_ASAP7_75t_R)
  13.18  472.74 ^ u58284/Y (AO21x1_ASAP7_75t_R)
  30.67  503.41 ^ u58286/Y (AND4x1_ASAP7_75t_R)
  13.67  517.08 v u58313/Y (NOR2x1_ASAP7_75t_R)
  19.94  537.02 v u58342/Y (AND2x2_ASAP7_75t_R)
  14.70  551.72 v u58343/Y (AND2x4_ASAP7_75t_R)
  15.43  567.15 ^ u58358/Y (NAND2x1_ASAP7_75t_R)
  20.09  587.24 v u58367/Y (NOR2x1_ASAP7_75t_R)
  29.12  616.36 v u58369/Y (MAJx2_ASAP7_75t_R)
  24.73  641.09 v u58371/Y (MAJx2_ASAP7_75t_R)
  14.02  655.10 v u58372/Y (AND3x1_ASAP7_75t_R)
  20.40  675.51 v u58375/Y (OR2x2_ASAP7_75t_R)
  27.35  702.85 v u58390/Y (AO32x1_ASAP7_75t_R)
  15.76  718.62 v u58391/Y (AND3x1_ASAP7_75t_R)
  18.46  737.08 v u58394/Y (OR2x2_ASAP7_75t_R)
  13.16  750.24 v u58395/Y (AND3x1_ASAP7_75t_R)
  18.42  768.66 v u58398/Y (OR2x2_ASAP7_75t_R)
  23.32  791.98 v u58399/Y (AO22x2_ASAP7_75t_R)
  24.73  816.71 v u58401/Y (MAJx2_ASAP7_75t_R)
  22.73  839.43 v u58403/Y (AO22x2_ASAP7_75t_R)
  23.68  863.11 v u58405/Y (MAJx2_ASAP7_75t_R)
  23.48  886.59 v u58407/Y (AO22x2_ASAP7_75t_R)
  24.31  910.90 v u58409/Y (MAJx2_ASAP7_75t_R)
  23.10  933.99 v u58411/Y (AO22x2_ASAP7_75t_R)
  24.53  958.52 v u58413/Y (MAJx2_ASAP7_75t_R)
  28.88  987.40 v u58417/Y (AO32x1_ASAP7_75t_R)
  29.92 1017.32 v u58419/Y (AO222x2_ASAP7_75t_R)
  16.01 1033.33 v u58420/Y (OA21x2_ASAP7_75t_R)
  23.89 1057.22 v u58422/Y (AO22x2_ASAP7_75t_R)
  23.51 1080.73 v u58424/Y (MAJx2_ASAP7_75t_R)
  22.83 1103.56 v u58426/Y (AO22x2_ASAP7_75t_R)
  24.81 1128.37 v u58428/Y (MAJx2_ASAP7_75t_R)
  13.91 1142.28 v u58429/Y (AND3x1_ASAP7_75t_R)
  19.40 1161.67 v u58432/Y (OR2x2_ASAP7_75t_R)
  28.79 1190.46 v u58434/Y (AO222x2_ASAP7_75t_R)
  15.45 1205.91 v u58435/Y (OA21x2_ASAP7_75t_R)
  29.04 1234.95 v u58439/Y (AO32x1_ASAP7_75t_R)
  15.35 1250.30 v u58440/Y (AND3x1_ASAP7_75t_R)
  19.44 1269.74 v u58443/Y (OR2x2_ASAP7_75t_R)
  30.11 1299.85 v u58447/Y (AO32x1_ASAP7_75t_R)
  13.90 1313.75 v u58458/Y (AND3x1_ASAP7_75t_R)
  19.47 1333.23 v u58461/Y (OR2x2_ASAP7_75t_R)
  28.88 1362.11 v u58463/Y (AO222x2_ASAP7_75t_R)
  15.85 1377.96 v u58464/Y (OA21x2_ASAP7_75t_R)
  14.33 1392.29 v u58465/Y (AND3x1_ASAP7_75t_R)
  18.24 1410.53 v u58468/Y (OR2x2_ASAP7_75t_R)
  16.70 1427.23 v u58472/Y (AND2x2_ASAP7_75t_R)
  14.82 1442.05 v u58473/Y (AND2x2_ASAP7_75t_R)
  26.63 1468.68 v u58513/Y (AO221x1_ASAP7_75t_R)
  30.71 1499.39 v u58527/Y (AO32x1_ASAP7_75t_R)
  33.57 1532.96 v u58531/Y (AO32x1_ASAP7_75t_R)
  15.98 1548.94 v u58532/Y (AND3x1_ASAP7_75t_R)
  19.94 1568.89 v u58535/Y (OR2x2_ASAP7_75t_R)
  13.54 1582.42 v u58546/Y (AND3x1_ASAP7_75t_R)
  19.63 1602.05 v u58549/Y (OR2x2_ASAP7_75t_R)
  29.08 1631.13 v u58551/Y (AO222x2_ASAP7_75t_R)
  16.49 1647.63 v u58552/Y (OA21x2_ASAP7_75t_R)
  30.43 1678.05 v u58556/Y (AO32x1_ASAP7_75t_R)
  32.16 1710.21 v u58557/Y (AO222x2_ASAP7_75t_R)
  14.21 1724.42 v u58558/Y (OA21x2_ASAP7_75t_R)
  21.86 1746.28 v u58560/Y (AO22x2_ASAP7_75t_R)
  24.63 1770.91 v u58562/Y (MAJx2_ASAP7_75t_R)
  15.41 1786.33 v u58563/Y (AND3x1_ASAP7_75t_R)
  20.03 1806.36 v u58566/Y (OR2x6_ASAP7_75t_R)
   9.00 1815.36 ^ u58569/Y (NOR2x1_ASAP7_75t_R)
  17.55 1832.91 ^ u58570/Y (AO21x1_ASAP7_75t_R)
  14.28 1847.19 v u58571/Y (NOR2x1_ASAP7_75t_R)
  22.86 1870.05 v u58577/Y (AO21x1_ASAP7_75t_R)
  29.86 1899.91 v u58579/Y (AO222x2_ASAP7_75t_R)
  15.43 1915.34 v u58580/Y (OA21x2_ASAP7_75t_R)
  13.27 1928.61 v u58581/Y (AND3x1_ASAP7_75t_R)
  19.49 1948.10 v u58584/Y (OR2x2_ASAP7_75t_R)
  31.14 1979.25 v u58588/Y (AO32x1_ASAP7_75t_R)
  32.99 2012.24 v u58592/Y (AO32x1_ASAP7_75t_R)
  14.66 2026.90 v u58603/Y (AND3x1_ASAP7_75t_R)
  17.91 2044.81 v u58606/Y (OR2x2_ASAP7_75t_R)
  21.65 2066.46 v u58607/Y (AO22x2_ASAP7_75t_R)
  24.69 2091.15 v u58609/Y (MAJx2_ASAP7_75t_R)
  30.98 2122.13 v u58610/Y (AO222x2_ASAP7_75t_R)
  14.94 2137.06 v u58611/Y (OA21x2_ASAP7_75t_R)
  17.50 2154.57 v u58675/Y (AND2x2_ASAP7_75t_R)
  16.22 2170.78 ^ u58736/Y (NAND2x1_ASAP7_75t_R)
  15.51 2186.30 v u58738/Y (NAND2x1_ASAP7_75t_R)
  29.76 2216.06 v u58986/Y (AO221x1_ASAP7_75t_R)
  20.85 2236.91 v u59229/Y (AND3x1_ASAP7_75t_R)
  26.27 2263.18 v u59472/Y (OA211x2_ASAP7_75t_R)
  21.73 2284.91 v u59715/Y (OR3x1_ASAP7_75t_R)
  16.42 2301.32 v u59720/Y (AND2x4_ASAP7_75t_R)
  14.08 2315.41 v u59919/Y (AND3x1_ASAP7_75t_R)
  14.31 2329.71 ^ u59925/Y (NOR2x1_ASAP7_75t_R)
  18.44 2348.15 v u59989/Y (OAI21x1_ASAP7_75t_R)
  17.91 2366.06 v u59993/Y (AND4x1_ASAP7_75t_R)
  18.10 2384.16 v u59994/Y (AO21x1_ASAP7_75t_R)
  18.07 2402.22 v u59995/Y (AO21x1_ASAP7_75t_R)
  21.24 2423.46 ^ u59999/Y (XNOR2x2_ASAP7_75t_R)
   0.08 2423.54 ^ u39797/D (DFFHQNx1_ASAP7_75t_R)
        2423.54   data arrival time

5000.00 5000.00   clock core_clock (rise edge)
   0.00 5000.00   clock network delay (ideal)
   0.00 5000.00   clock reconvergence pessimism
        5000.00 ^ u39797/CLK (DFFHQNx1_ASAP7_75t_R)
 -15.16 4984.84   library setup time
        4984.84   data required time
---------------------------------------------------------
        4984.84   data required time
        -2423.54   data arrival time
---------------------------------------------------------
        2561.30   slack (MET)



==========================================================================
detailed place report_checks -path_delay min reg to reg
--------------------------------------------------------------------------
Startpoint: u23042 (rising edge-triggered flip-flop clocked by core_clock)
Endpoint: u18248 (rising edge-triggered flip-flop clocked by core_clock)
Path Group: core_clock
Path Type: min

  Delay    Time   Description
---------------------------------------------------------
   0.00    0.00   clock core_clock (rise edge)
   0.00    0.00   clock network delay (ideal)
   0.00    0.00 ^ u23042/CLK (DFFHQNx1_ASAP7_75t_R)
  32.66   32.66 v u23042/QN (DFFHQNx1_ASAP7_75t_R)
   0.03   32.69 v u18248/D (DFFHQNx1_ASAP7_75t_R)
          32.69   data arrival time

   0.00    0.00   clock core_clock (rise edge)
   0.00    0.00   clock network delay (ideal)
   0.00    0.00   clock reconvergence pessimism
           0.00 ^ u18248/CLK (DFFHQNx1_ASAP7_75t_R)
   7.83    7.83   library hold time
           7.83   data required time
---------------------------------------------------------
           7.83   data required time
         -32.69   data arrival time
---------------------------------------------------------
          24.86   slack (MET)



==========================================================================
detailed place critical path target clock latency max path
--------------------------------------------------------------------------
0.0000

==========================================================================
detailed place critical path target clock latency min path
--------------------------------------------------------------------------
0.0000

==========================================================================
detailed place critical path source clock latency min path
--------------------------------------------------------------------------
0.0000

==========================================================================
detailed place critical path delay
--------------------------------------------------------------------------
2423.5381

==========================================================================
detailed place critical path slack
--------------------------------------------------------------------------
2561.3025

==========================================================================
detailed place slack div critical path delay
--------------------------------------------------------------------------
105.684433

==========================================================================
detailed place report_power
--------------------------------------------------------------------------
Group                  Internal  Switching    Leakage      Total
                          Power      Power      Power      Power (Watts)
----------------------------------------------------------------
Sequential             1.09e-02   4.73e-04   2.44e-06   1.14e-02   7.2%
Combinational          8.72e-02   6.01e-02   1.11e-05   1.47e-01  92.8%
Clock                  0.00e+00   0.00e+00   0.00e+00   0.00e+00   0.0%
Macro                  0.00e+00   0.00e+00   0.00e+00   0.00e+00   0.0%
Pad                    0.00e+00   0.00e+00   0.00e+00   0.00e+00   0.0%
----------------------------------------------------------------
Total                  9.81e-02   6.06e-02   1.35e-05   1.59e-01 100.0%
                          61.8%      38.2%       0.0%
