
==========================================================================
global place report_tns
--------------------------------------------------------------------------
tns max 0.00

==========================================================================
global place report_wns
--------------------------------------------------------------------------
wns max 0.00

==========================================================================
global place report_worst_slack
--------------------------------------------------------------------------
worst slack max 2537.14

==========================================================================
global place report_clock_min_period
--------------------------------------------------------------------------
core_clock period_min = 2462.86 fmax = 406.03

==========================================================================
global place report_checks -path_delay min
--------------------------------------------------------------------------
Startpoint: u23017 (rising edge-triggered flip-flop clocked by core_clock)
Endpoint: u18211 (rising edge-triggered flip-flop clocked by core_clock)
Path Group: core_clock
Path Type: min

Fanout     Cap    Slew   Delay    Time   Description
-----------------------------------------------------------------------------
                  0.00    0.00    0.00   clock core_clock (rise edge)
                          0.00    0.00   clock network delay (ideal)
                  0.00    0.00    0.00 ^ u23017/CLK (DFFHQNx1_ASAP7_75t_R)
     2    1.11   15.09   32.60   32.60 v u23017/QN (DFFHQNx1_ASAP7_75t_R)
                                         candidate_queue_cost_q_load_20_reg_5999[6] (net)
                 15.09    0.03   32.63 v u18211/D (DFFHQNx1_ASAP7_75t_R)
                                 32.63   data arrival time

                  0.00    0.00    0.00   clock core_clock (rise edge)
                          0.00    0.00   clock network delay (ideal)
                          0.00    0.00   clock reconvergence pessimism
                                  0.00 ^ u18211/CLK (DFFHQNx1_ASAP7_75t_R)
                          7.83    7.83   library hold time
                                  7.83   data required time
-----------------------------------------------------------------------------
                                  7.83   data required time
                                -32.63   data arrival time
-----------------------------------------------------------------------------
                                 24.80   slack (MET)



==========================================================================
global place report_checks -path_delay max
--------------------------------------------------------------------------
Startpoint: u53071 (rising edge-triggered flip-flop clocked by core_clock)
Endpoint: u39797 (rising edge-triggered flip-flop clocked by core_clock)
Path Group: core_clock
Path Type: max

Fanout     Cap    Slew   Delay    Time   Description
-----------------------------------------------------------------------------
                  0.00    0.00    0.00   clock core_clock (rise edge)
                          0.00    0.00   clock network delay (ideal)
                  0.00    0.00    0.00 ^ u53071/CLK (DFFHQNx2_ASAP7_75t_R)
    20   31.40  101.70   76.75   76.75 v u53071/QN (DFFHQNx2_ASAP7_75t_R)
                                         grp_uacc_section14_cost_core_fu_2337.uacc_section14_allocator_mul_16ns_115ns_130_7_1_U17.uacc_section14_allocator_uacc_section14_allocator_mul_16ns_115ns_130_7_1_Mul_DSP_4_U.a_reg0[1] (net)
                122.30   23.68  100.43 v place11075/A (BUFx3_ASAP7_75t_R)
    24   31.91   66.18   48.89  149.32 v place11075/Y (BUFx3_ASAP7_75t_R)
                                         net11046 (net)
                 67.36    4.97  154.28 v u58058/B (AND2x2_ASAP7_75t_R)
     2    2.28   11.30   29.58  183.86 v u58058/Y (AND2x2_ASAP7_75t_R)
                                         n45990 (net)
                 11.33    0.29  184.15 v u58059/B (XOR2x2_ASAP7_75t_R)
     2    1.62    9.49   26.10  210.25 ^ u58059/Y (XOR2x2_ASAP7_75t_R)
                                         n45991 (net)
                  9.49    0.07  210.31 ^ u58061/A (XOR2x2_ASAP7_75t_R)
     2    2.43   11.97   26.54  236.86 ^ u58061/Y (XOR2x2_ASAP7_75t_R)
                                         n45993 (net)
                 11.98    0.19  237.05 ^ u58110/A (XOR2x2_ASAP7_75t_R)
     1    1.08    7.91   24.80  261.85 ^ u58110/Y (XOR2x2_ASAP7_75t_R)
                                         n46042 (net)
                  7.91    0.06  261.91 ^ u58111/A (XOR2x2_ASAP7_75t_R)
     2    1.77   10.07   24.90  286.81 ^ u58111/Y (XOR2x2_ASAP7_75t_R)
                                         n46043 (net)
                 10.07    0.08  286.89 ^ u58113/A (XOR2x2_ASAP7_75t_R)
     2    1.80   10.07   25.60  312.49 ^ u58113/Y (XOR2x2_ASAP7_75t_R)
                                         n46045 (net)
                 10.08    0.07  312.56 ^ u58174/B (XOR2x2_ASAP7_75t_R)
     2    1.84   10.21   26.09  338.65 ^ u58174/Y (XOR2x2_ASAP7_75t_R)
                                         n46106 (net)
                 10.22    0.16  338.82 ^ u58192/A (XOR2x2_ASAP7_75t_R)
     2    1.90   10.42   25.82  364.64 ^ u58192/Y (XOR2x2_ASAP7_75t_R)
                                         n46124 (net)
                 10.42    0.12  364.75 ^ u58214/B (XOR2x2_ASAP7_75t_R)
     2    2.18   11.25   26.78  391.53 ^ u58214/Y (XOR2x2_ASAP7_75t_R)
                                         n46146 (net)
                 11.27    0.22  391.74 ^ u58280/A (XOR2x2_ASAP7_75t_R)
     2    2.18   11.28   26.59  418.33 ^ u58280/Y (XOR2x2_ASAP7_75t_R)
                                         n46212 (net)
                 11.29    0.11  418.45 ^ u58281/B2 (AO22x2_ASAP7_75t_R)
     2    3.09   14.12   20.55  439.00 ^ u58281/Y (AO22x2_ASAP7_75t_R)
                                         n46213 (net)
                 14.15    0.38  439.38 ^ u58283/B (MAJx2_ASAP7_75t_R)
     3    2.95   13.72   23.54  462.92 ^ u58283/Y (MAJx2_ASAP7_75t_R)
                                         n46215 (net)
                 13.73    0.20  463.12 ^ u58284/B (AO21x1_ASAP7_75t_R)
     1    0.94    8.96   13.24  476.35 ^ u58284/Y (AO21x1_ASAP7_75t_R)
                                         n46216 (net)
                  8.96    0.07  476.42 ^ u58286/C (AND4x1_ASAP7_75t_R)
     3    3.58   27.96   31.46  507.89 ^ u58286/Y (AND4x1_ASAP7_75t_R)
                                         n46218 (net)
                 27.96    0.25  508.13 ^ u58313/B (NOR2x1_ASAP7_75t_R)
     2    1.70   15.51   13.47  521.60 v u58313/Y (NOR2x1_ASAP7_75t_R)
                                         n46245 (net)
                 15.51    0.06  521.67 v u58342/A (AND2x2_ASAP7_75t_R)
     2    2.55   10.15   20.00  541.67 v u58342/Y (AND2x2_ASAP7_75t_R)
                                         n46274 (net)
                 10.16    0.17  541.84 v u58343/B (AND2x4_ASAP7_75t_R)
     2    2.62    6.80   14.87  556.71 v u58343/Y (AND2x4_ASAP7_75t_R)
                                         n46275 (net)
                  6.81    0.12  556.83 v u58358/A (NAND2x1_ASAP7_75t_R)
     3    3.51   26.21   15.83  572.66 ^ u58358/Y (NAND2x1_ASAP7_75t_R)
                                         n46290 (net)
                 26.22    0.25  572.91 ^ u58367/A (NOR2x1_ASAP7_75t_R)
     3    3.87   27.06   20.73  593.64 v u58367/Y (NOR2x1_ASAP7_75t_R)
                                         n46299 (net)
                 27.08    0.48  594.12 v u58369/B (MAJx2_ASAP7_75t_R)
     2    2.88   12.81   29.22  623.34 v u58369/Y (MAJx2_ASAP7_75t_R)
                                         n46301 (net)
                 12.83    0.28  623.62 v u58371/B (MAJx2_ASAP7_75t_R)
     3    2.56   11.82   24.68  648.30 v u58371/Y (MAJx2_ASAP7_75t_R)
                                         n46303 (net)
                 11.83    0.20  648.50 v u58372/C (AND3x1_ASAP7_75t_R)
     1    1.15    8.30   14.76  663.26 v u58372/Y (AND3x1_ASAP7_75t_R)
                                         n46304 (net)
                  8.31    0.12  663.37 v u58375/A (OR2x2_ASAP7_75t_R)
     3    3.75   14.52   20.74  684.12 v u58375/Y (OR2x2_ASAP7_75t_R)
                                         n46307 (net)
                 14.67    0.81  684.93 v u58390/A1 (AO32x1_ASAP7_75t_R)
     3    2.60   18.01   26.68  711.62 v u58390/Y (AO32x1_ASAP7_75t_R)
                                         n46322 (net)
                 18.02    0.22  711.84 v u58391/C (AND3x1_ASAP7_75t_R)
     1    0.97    7.56   16.07  727.91 v u58391/Y (AND3x1_ASAP7_75t_R)
                                         n46323 (net)
                  7.56    0.08  727.98 v u58394/A (OR2x2_ASAP7_75t_R)
     3    2.33   10.32   18.69  746.68 v u58394/Y (OR2x2_ASAP7_75t_R)
                                         n46326 (net)
                 10.33    0.11  746.79 v u58395/C (AND3x1_ASAP7_75t_R)
     1    0.81    6.53   13.41  760.21 v u58395/Y (AND3x1_ASAP7_75t_R)
                                         n46327 (net)
                  6.53    0.05  760.26 v u58398/A (OR2x2_ASAP7_75t_R)
     2    2.51   10.89   18.66  778.92 v u58398/Y (OR2x2_ASAP7_75t_R)
                                         n46330 (net)
                 10.92    0.31  779.23 v u58399/B2 (AO22x2_ASAP7_75t_R)
     2    3.73   14.80   23.18  802.41 v u58399/Y (AO22x2_ASAP7_75t_R)
                                         n46331 (net)
                 14.96    0.83  803.23 v u58401/B (MAJx2_ASAP7_75t_R)
     2    1.90   10.16   24.20  827.43 v u58401/Y (MAJx2_ASAP7_75t_R)
                                         n46333 (net)
                 10.17    0.10  827.53 v u58403/B1 (AO22x2_ASAP7_75t_R)
     2    2.94   12.29   22.79  850.32 v u58403/Y (AO22x2_ASAP7_75t_R)
                                         n46335 (net)
                 12.31    0.31  850.63 v u58405/B (MAJx2_ASAP7_75t_R)
     2    2.03   10.47   23.62  874.25 v u58405/Y (MAJx2_ASAP7_75t_R)
                                         n46337 (net)
                 10.48    0.18  874.43 v u58407/B1 (AO22x2_ASAP7_75t_R)
     2    3.40   13.74   23.46  897.88 v u58407/Y (AO22x2_ASAP7_75t_R)
                                         n46339 (net)
                 13.82    0.59  898.47 v u58409/B (MAJx2_ASAP7_75t_R)
     2    1.91   10.11   23.87  922.34 v u58409/Y (MAJx2_ASAP7_75t_R)
                                         n46341 (net)
                 10.11    0.10  922.44 v u58411/B1 (AO22x2_ASAP7_75t_R)
     2    3.20   12.97   23.16  945.59 v u58411/Y (AO22x2_ASAP7_75t_R)
                                         n46343 (net)
                 13.00    0.36  945.96 v u58413/B (MAJx2_ASAP7_75t_R)
     3    2.31   11.17   24.33  970.29 v u58413/Y (MAJx2_ASAP7_75t_R)
                                         n46345 (net)
                 11.17    0.11  970.39 v u58417/A3 (AO32x1_ASAP7_75t_R)
     3    2.60   17.96   28.95  999.35 v u58417/Y (AO32x1_ASAP7_75t_R)
                                         n46349 (net)
                 17.96    0.21  999.55 v u58419/C1 (AO222x2_ASAP7_75t_R)
     1    0.67    9.11   29.70 1029.26 v u58419/Y (AO222x2_ASAP7_75t_R)
                                         n46351 (net)
                  9.11    0.02 1029.28 v u58420/B (OA21x2_ASAP7_75t_R)
     2    3.03   12.50   15.93 1045.21 v u58420/Y (OA21x2_ASAP7_75t_R)
                                         n46352 (net)
                 12.62    0.66 1045.87 v u58422/B1 (AO22x2_ASAP7_75t_R)
     2    2.74   11.77   23.25 1069.12 v u58422/Y (AO22x2_ASAP7_75t_R)
                                         n46354 (net)
                 11.78    0.24 1069.36 v u58424/B (MAJx2_ASAP7_75t_R)
     2    1.89   10.09   23.25 1092.60 v u58424/Y (MAJx2_ASAP7_75t_R)
                                         n46356 (net)
                 10.09    0.11 1092.71 v u58426/B1 (AO22x2_ASAP7_75t_R)
     2    2.89   12.13   22.70 1115.41 v u58426/Y (AO22x2_ASAP7_75t_R)
                                         n46358 (net)
                 12.15    0.27 1115.68 v u58428/B (MAJx2_ASAP7_75t_R)
     3    2.68   12.14   24.65 1140.34 v u58428/Y (MAJx2_ASAP7_75t_R)
                                         n46360 (net)
                 12.17    0.29 1140.63 v u58429/C (AND3x1_ASAP7_75t_R)
     1    0.99    7.49   14.43 1155.06 v u58429/Y (AND3x1_ASAP7_75t_R)
                                         n46361 (net)
                  7.50    0.08 1155.14 v u58432/A (OR2x2_ASAP7_75t_R)
     3    2.94   12.02   19.60 1174.74 v u58432/Y (OR2x2_ASAP7_75t_R)
                                         n46364 (net)
                 12.06    0.37 1175.11 v u58434/C1 (AO222x2_ASAP7_75t_R)
     1    0.83    9.49   28.54 1203.65 v u58434/Y (AO222x2_ASAP7_75t_R)
                                         n46366 (net)
                  9.49    0.05 1203.70 v u58435/B (OA21x2_ASAP7_75t_R)
     3    2.49   10.88   15.45 1219.15 v u58435/Y (OA21x2_ASAP7_75t_R)
                                         n46367 (net)
                 10.89    0.19 1219.34 v u58439/A3 (AO32x1_ASAP7_75t_R)
     3    2.55   17.75   28.74 1248.08 v u58439/Y (AO32x1_ASAP7_75t_R)
                                         n46371 (net)
                 17.77    0.23 1248.31 v u58440/C (AND3x1_ASAP7_75t_R)
     1    0.75    6.49   15.41 1263.72 v u58440/Y (AND3x1_ASAP7_75t_R)
                                         n46372 (net)
                  6.49    0.04 1263.76 v u58443/A (OR2x2_ASAP7_75t_R)
     3    2.97   12.13   19.38 1283.14 v u58443/Y (OR2x2_ASAP7_75t_R)
                                         n46375 (net)
                 12.18    0.43 1283.57 v u58447/A3 (AO32x1_ASAP7_75t_R)
     3    2.80   18.94   29.72 1313.30 v u58447/Y (AO32x1_ASAP7_75t_R)
                                         n46379 (net)
                 18.95    0.29 1313.59 v u58458/A (AND3x1_ASAP7_75t_R)
     1    0.86    6.95   14.39 1327.98 v u58458/Y (AND3x1_ASAP7_75t_R)
                                         n46390 (net)
                  6.95    0.06 1328.04 v u58461/A (OR2x2_ASAP7_75t_R)
     3    3.02   12.26   19.58 1347.62 v u58461/Y (OR2x2_ASAP7_75t_R)
                                         n46393 (net)
                 12.30    0.41 1348.03 v u58463/C1 (AO222x2_ASAP7_75t_R)
     1    0.84    9.50   28.61 1376.64 v u58463/Y (AO222x2_ASAP7_75t_R)
                                         n46395 (net)
                  9.50    0.05 1376.69 v u58464/B (OA21x2_ASAP7_75t_R)
     3    2.96   12.20   16.03 1392.72 v u58464/Y (OA21x2_ASAP7_75t_R)
                                         n46396 (net)
                 12.25    0.44 1393.16 v u58465/C (AND3x1_ASAP7_75t_R)
     1    0.94    7.22   14.31 1407.47 v u58465/Y (AND3x1_ASAP7_75t_R)
                                         n46397 (net)
                  7.23    0.07 1407.54 v u58468/A (OR2x2_ASAP7_75t_R)
     2    2.33   10.45   18.55 1426.09 v u58468/Y (OR2x2_ASAP7_75t_R)
                                         n46400 (net)
                 10.47    0.28 1426.38 v u58472/A (AND2x2_ASAP7_75t_R)
     2    1.49    7.35   16.69 1443.07 v u58472/Y (AND2x2_ASAP7_75t_R)
                                         n46404 (net)
                  7.35    0.08 1443.15 v u58473/B (AND2x2_ASAP7_75t_R)
     2    1.50    7.39   14.76 1457.91 v u58473/Y (AND2x2_ASAP7_75t_R)
                                         n46405 (net)
                  7.39    0.10 1458.01 v u58513/A1 (AO221x1_ASAP7_75t_R)
     3    2.51   17.80   26.58 1484.59 v u58513/Y (AO221x1_ASAP7_75t_R)
                                         n46445 (net)
                 17.80    0.10 1484.70 v u58527/A1 (AO32x1_ASAP7_75t_R)
     3    3.97   25.23   30.62 1515.32 v u58527/Y (AO32x1_ASAP7_75t_R)
                                         n46459 (net)
                 25.33    0.88 1516.20 v u58531/A3 (AO32x1_ASAP7_75t_R)
     3    2.87   19.33   32.90 1549.09 v u58531/Y (AO32x1_ASAP7_75t_R)
                                         n46463 (net)
                 19.36    0.41 1549.51 v u58532/C (AND3x1_ASAP7_75t_R)
     1    0.84    6.96   16.10 1565.61 v u58532/Y (AND3x1_ASAP7_75t_R)
                                         n46464 (net)
                  6.96    0.05 1565.66 v u58535/A (OR2x2_ASAP7_75t_R)
     3    3.57   14.00   20.20 1585.86 v u58535/Y (OR2x2_ASAP7_75t_R)
                                         n46467 (net)
                 14.13    0.77 1586.63 v u58546/A (AND3x1_ASAP7_75t_R)
     1    0.85    6.75   13.20 1599.83 v u58546/Y (AND3x1_ASAP7_75t_R)
                                         n46478 (net)
                  6.75    0.06 1599.88 v u58549/A (OR2x2_ASAP7_75t_R)
     3    3.08   12.45   19.60 1619.48 v u58549/Y (OR2x2_ASAP7_75t_R)
                                         n46481 (net)
                 12.50    0.45 1619.93 v u58551/C1 (AO222x2_ASAP7_75t_R)
     1    0.86    9.55   28.71 1648.64 v u58551/Y (AO222x2_ASAP7_75t_R)
                                         n46483 (net)
                  9.56    0.05 1648.70 v u58552/B (OA21x2_ASAP7_75t_R)
     3    3.48   13.80   16.61 1665.31 v u58552/Y (OA21x2_ASAP7_75t_R)
                                         n46484 (net)
                 13.92    0.70 1666.01 v u58556/A3 (AO32x1_ASAP7_75t_R)
     3    2.74   18.66   29.97 1695.98 v u58556/Y (AO32x1_ASAP7_75t_R)
                                         n46488 (net)
                 18.68    0.35 1696.33 v u58557/B2 (AO222x2_ASAP7_75t_R)
     1    0.77    9.33   32.08 1728.41 v u58557/Y (AO222x2_ASAP7_75t_R)
                                         n46489 (net)
                  9.33    0.04 1728.45 v u58558/B (OA21x2_ASAP7_75t_R)
     2    1.81    9.11   14.42 1742.87 v u58558/Y (OA21x2_ASAP7_75t_R)
                                         n46490 (net)
                  9.11    0.10 1742.97 v u58560/B1 (AO22x2_ASAP7_75t_R)
     2    2.50   11.12   21.81 1764.78 v u58560/Y (AO22x2_ASAP7_75t_R)
                                         n46492 (net)
                 11.12    0.10 1764.88 v u58562/B (MAJx2_ASAP7_75t_R)
     3    2.73   12.32   24.43 1789.32 v u58562/Y (MAJx2_ASAP7_75t_R)
                                         n46494 (net)
                 12.35    0.32 1789.64 v u58563/C (AND3x1_ASAP7_75t_R)
     1    1.17    8.34   14.97 1804.61 v u58563/Y (AND3x1_ASAP7_75t_R)
                                         n46495 (net)
                  8.34    0.04 1804.65 v u58566/A (OR2x6_ASAP7_75t_R)
     3    4.43    9.98   19.91 1824.56 v u58566/Y (OR2x6_ASAP7_75t_R)
                                         n46498 (net)
                 10.19    0.78 1825.34 v u58569/A (NOR2x1_ASAP7_75t_R)
     1    0.94    9.99    8.71 1834.05 ^ u58569/Y (NOR2x1_ASAP7_75t_R)
                                         n46501 (net)
                  9.99    0.07 1834.11 ^ u58570/B (AO21x1_ASAP7_75t_R)
     2    3.00   21.37   17.93 1852.04 ^ u58570/Y (AO21x1_ASAP7_75t_R)
                                         n46502 (net)
                 21.41    0.58 1852.62 ^ u58571/B (NOR2x1_ASAP7_75t_R)
     3    2.25   16.64   13.99 1866.61 v u58571/Y (NOR2x1_ASAP7_75t_R)
                                         n46503 (net)
                 16.65    0.11 1866.72 v u58577/A1 (AO21x1_ASAP7_75t_R)
     3    2.73   17.26   23.12 1889.85 v u58577/Y (AO21x1_ASAP7_75t_R)
                                         n46509 (net)
                 17.26    0.26 1890.11 v u58579/C1 (AO222x2_ASAP7_75t_R)
     1    0.75    9.29   29.69 1919.80 v u58579/Y (AO222x2_ASAP7_75t_R)
                                         n46511 (net)
                  9.29    0.03 1919.83 v u58580/B (OA21x2_ASAP7_75t_R)
     3    2.55   11.02   15.45 1935.28 v u58580/Y (OA21x2_ASAP7_75t_R)
                                         n46512 (net)
                 11.04    0.22 1935.50 v u58581/C (AND3x1_ASAP7_75t_R)
     1    0.83    6.68   13.69 1949.20 v u58581/Y (AND3x1_ASAP7_75t_R)
                                         n46513 (net)
                  6.69    0.05 1949.25 v u58584/A (OR2x2_ASAP7_75t_R)
     3    3.12   12.60   19.62 1968.86 v u58584/Y (OR2x2_ASAP7_75t_R)
                                         n46516 (net)
                 12.66    0.50 1969.36 v u58588/A3 (AO32x1_ASAP7_75t_R)
     3    3.14   20.71   30.65 2000.02 v u58588/Y (AO32x1_ASAP7_75t_R)
                                         n46520 (net)
                 20.75    0.53 2000.54 v u58592/A3 (AO32x1_ASAP7_75t_R)
     3    3.28   21.58   32.89 2033.44 v u58592/Y (AO32x1_ASAP7_75t_R)
                                         n46524 (net)
                 21.64    0.60 2034.03 v u58603/A (AND3x1_ASAP7_75t_R)
     1    0.83    6.89   14.83 2048.86 v u58603/Y (AND3x1_ASAP7_75t_R)
                                         n46535 (net)
                  6.89    0.05 2048.91 v u58606/A (OR2x2_ASAP7_75t_R)
     2    2.15    9.90   18.21 2067.13 v u58606/Y (OR2x2_ASAP7_75t_R)
                                         n46538 (net)
                  9.91    0.16 2067.29 v u58607/B2 (AO22x2_ASAP7_75t_R)
     2    2.73   11.70   21.66 2088.95 v u58607/Y (AO22x2_ASAP7_75t_R)
                                         n46539 (net)
                 11.72    0.22 2089.17 v u58609/B (MAJx2_ASAP7_75t_R)
     3    2.86   12.71   24.79 2113.95 v u58609/Y (MAJx2_ASAP7_75t_R)
                                         n46541 (net)
                 12.76    0.42 2114.37 v u58610/B2 (AO222x2_ASAP7_75t_R)
     1    0.71    9.21   30.61 2144.98 v u58610/Y (AO222x2_ASAP7_75t_R)
                                         n46542 (net)
                  9.21    0.03 2145.01 v u58611/B (OA21x2_ASAP7_75t_R)
     2    2.27   10.39   14.99 2160.00 v u58611/Y (OA21x2_ASAP7_75t_R)
                                         n46543 (net)
                 10.42    0.28 2160.29 v u58675/A (AND2x2_ASAP7_75t_R)
     2    1.97    8.66   17.42 2177.71 v u58675/Y (AND2x2_ASAP7_75t_R)
                                         n46607 (net)
                  8.67    0.10 2177.81 v u58736/A (NAND2x1_ASAP7_75t_R)
     2    3.49   26.44   16.23 2194.04 ^ u58736/Y (NAND2x1_ASAP7_75t_R)
                                         n46668 (net)
                 26.49    0.67 2194.71 ^ u58738/A (NAND2x1_ASAP7_75t_R)
     4    3.29   19.89   14.63 2209.35 v u58738/Y (NAND2x1_ASAP7_75t_R)
                                         n46670 (net)
                 19.89    0.10 2209.44 v u58986/A1 (AO221x1_ASAP7_75t_R)
     3    2.98   20.15   30.02 2239.46 v u58986/Y (AO221x1_ASAP7_75t_R)
                                         n46918 (net)
                 20.16    0.23 2239.70 v u59229/A (AND3x1_ASAP7_75t_R)
     3    3.42   19.99   20.89 2260.59 v u59229/Y (AND3x1_ASAP7_75t_R)
                                         n47161 (net)
                 20.02    0.45 2261.04 v u59472/A1 (OA211x2_ASAP7_75t_R)
     2    1.77   12.00   26.14 2287.18 v u59472/Y (OA211x2_ASAP7_75t_R)
                                         n47404 (net)
                 12.01    0.13 2287.32 v u59715/A (OR3x1_ASAP7_75t_R)
     1    1.26   11.23   21.67 2308.99 v u59715/Y (OR3x1_ASAP7_75t_R)
                                         n47647 (net)
                 11.23    0.06 2309.05 v u59720/A (AND2x4_ASAP7_75t_R)
     3    3.04    7.45   16.42 2325.48 v u59720/Y (AND2x4_ASAP7_75t_R)
                                         n47652 (net)
                  7.47    0.18 2325.66 v u59919/A (AND3x1_ASAP7_75t_R)
     2    1.94   12.22   14.15 2339.81 v u59919/Y (AND3x1_ASAP7_75t_R)
                                         n47851 (net)
                 12.22    0.10 2339.91 v u59925/A (NOR2x1_ASAP7_75t_R)
     2    2.68   20.08   13.74 2353.65 ^ u59925/Y (NOR2x1_ASAP7_75t_R)
                                         n47857 (net)
                 20.08    0.20 2353.86 ^ u59989/A1 (OAI21x1_ASAP7_75t_R)
     4    5.53   30.64   17.92 2371.77 v u59989/Y (OAI21x1_ASAP7_75t_R)
                                         n47921 (net)
                 30.80    1.25 2373.02 v u59993/A (AND4x1_ASAP7_75t_R)
     1    1.00    8.00   17.03 2390.06 v u59993/Y (AND4x1_ASAP7_75t_R)
                                         n47925 (net)
                  8.00    0.08 2390.14 v u59994/B (AO21x1_ASAP7_75t_R)
     2    1.65   11.78   18.36 2408.50 v u59994/Y (AO21x1_ASAP7_75t_R)
                                         n47926 (net)
                 11.79    0.08 2408.58 v u59995/B (AO21x1_ASAP7_75t_R)
     1    1.36   10.36   18.38 2426.96 v u59995/Y (AO21x1_ASAP7_75t_R)
                                         n47927 (net)
                 10.37    0.10 2427.06 v u59999/A (XNOR2x2_ASAP7_75t_R)
     1    0.66    6.56   20.72 2447.78 ^ u59999/Y (XNOR2x2_ASAP7_75t_R)
                                         grp_uacc_section14_cost_core_fu_2337.uacc_section14_allocator_mul_16ns_115ns_130_7_1_U17.uacc_section14_allocator_uacc_section14_allocator_mul_16ns_115ns_130_7_1_Mul_DSP_4_U.tmp_product[129]* (net)
                  6.56    0.02 2447.80 ^ u39797/D (DFFHQNx1_ASAP7_75t_R)
                               2447.80   data arrival time

                  0.00 5000.00 5000.00   clock core_clock (rise edge)
                          0.00 5000.00   clock network delay (ideal)
                          0.00 5000.00   clock reconvergence pessimism
                               5000.00 ^ u39797/CLK (DFFHQNx1_ASAP7_75t_R)
                        -15.05 4984.94   library setup time
                               4984.94   data required time
-----------------------------------------------------------------------------
                               4984.94   data required time
                               -2447.80   data arrival time
-----------------------------------------------------------------------------
                               2537.14   slack (MET)



==========================================================================
global place report_checks -unconstrained
--------------------------------------------------------------------------
Startpoint: u53071 (rising edge-triggered flip-flop clocked by core_clock)
Endpoint: u39797 (rising edge-triggered flip-flop clocked by core_clock)
Path Group: core_clock
Path Type: max

Fanout     Cap    Slew   Delay    Time   Description
-----------------------------------------------------------------------------
                  0.00    0.00    0.00   clock core_clock (rise edge)
                          0.00    0.00   clock network delay (ideal)
                  0.00    0.00    0.00 ^ u53071/CLK (DFFHQNx2_ASAP7_75t_R)
    20   31.40  101.70   76.75   76.75 v u53071/QN (DFFHQNx2_ASAP7_75t_R)
                                         grp_uacc_section14_cost_core_fu_2337.uacc_section14_allocator_mul_16ns_115ns_130_7_1_U17.uacc_section14_allocator_uacc_section14_allocator_mul_16ns_115ns_130_7_1_Mul_DSP_4_U.a_reg0[1] (net)
                122.30   23.68  100.43 v place11075/A (BUFx3_ASAP7_75t_R)
    24   31.91   66.18   48.89  149.32 v place11075/Y (BUFx3_ASAP7_75t_R)
                                         net11046 (net)
                 67.36    4.97  154.28 v u58058/B (AND2x2_ASAP7_75t_R)
     2    2.28   11.30   29.58  183.86 v u58058/Y (AND2x2_ASAP7_75t_R)
                                         n45990 (net)
                 11.33    0.29  184.15 v u58059/B (XOR2x2_ASAP7_75t_R)
     2    1.62    9.49   26.10  210.25 ^ u58059/Y (XOR2x2_ASAP7_75t_R)
                                         n45991 (net)
                  9.49    0.07  210.31 ^ u58061/A (XOR2x2_ASAP7_75t_R)
     2    2.43   11.97   26.54  236.86 ^ u58061/Y (XOR2x2_ASAP7_75t_R)
                                         n45993 (net)
                 11.98    0.19  237.05 ^ u58110/A (XOR2x2_ASAP7_75t_R)
     1    1.08    7.91   24.80  261.85 ^ u58110/Y (XOR2x2_ASAP7_75t_R)
                                         n46042 (net)
                  7.91    0.06  261.91 ^ u58111/A (XOR2x2_ASAP7_75t_R)
     2    1.77   10.07   24.90  286.81 ^ u58111/Y (XOR2x2_ASAP7_75t_R)
                                         n46043 (net)
                 10.07    0.08  286.89 ^ u58113/A (XOR2x2_ASAP7_75t_R)
     2    1.80   10.07   25.60  312.49 ^ u58113/Y (XOR2x2_ASAP7_75t_R)
                                         n46045 (net)
                 10.08    0.07  312.56 ^ u58174/B (XOR2x2_ASAP7_75t_R)
     2    1.84   10.21   26.09  338.65 ^ u58174/Y (XOR2x2_ASAP7_75t_R)
                                         n46106 (net)
                 10.22    0.16  338.82 ^ u58192/A (XOR2x2_ASAP7_75t_R)
     2    1.90   10.42   25.82  364.64 ^ u58192/Y (XOR2x2_ASAP7_75t_R)
                                         n46124 (net)
                 10.42    0.12  364.75 ^ u58214/B (XOR2x2_ASAP7_75t_R)
     2    2.18   11.25   26.78  391.53 ^ u58214/Y (XOR2x2_ASAP7_75t_R)
                                         n46146 (net)
                 11.27    0.22  391.74 ^ u58280/A (XOR2x2_ASAP7_75t_R)
     2    2.18   11.28   26.59  418.33 ^ u58280/Y (XOR2x2_ASAP7_75t_R)
                                         n46212 (net)
                 11.29    0.11  418.45 ^ u58281/B2 (AO22x2_ASAP7_75t_R)
     2    3.09   14.12   20.55  439.00 ^ u58281/Y (AO22x2_ASAP7_75t_R)
                                         n46213 (net)
                 14.15    0.38  439.38 ^ u58283/B (MAJx2_ASAP7_75t_R)
     3    2.95   13.72   23.54  462.92 ^ u58283/Y (MAJx2_ASAP7_75t_R)
                                         n46215 (net)
                 13.73    0.20  463.12 ^ u58284/B (AO21x1_ASAP7_75t_R)
     1    0.94    8.96   13.24  476.35 ^ u58284/Y (AO21x1_ASAP7_75t_R)
                                         n46216 (net)
                  8.96    0.07  476.42 ^ u58286/C (AND4x1_ASAP7_75t_R)
     3    3.58   27.96   31.46  507.89 ^ u58286/Y (AND4x1_ASAP7_75t_R)
                                         n46218 (net)
                 27.96    0.25  508.13 ^ u58313/B (NOR2x1_ASAP7_75t_R)
     2    1.70   15.51   13.47  521.60 v u58313/Y (NOR2x1_ASAP7_75t_R)
                                         n46245 (net)
                 15.51    0.06  521.67 v u58342/A (AND2x2_ASAP7_75t_R)
     2    2.55   10.15   20.00  541.67 v u58342/Y (AND2x2_ASAP7_75t_R)
                                         n46274 (net)
                 10.16    0.17  541.84 v u58343/B (AND2x4_ASAP7_75t_R)
     2    2.62    6.80   14.87  556.71 v u58343/Y (AND2x4_ASAP7_75t_R)
                                         n46275 (net)
                  6.81    0.12  556.83 v u58358/A (NAND2x1_ASAP7_75t_R)
     3    3.51   26.21   15.83  572.66 ^ u58358/Y (NAND2x1_ASAP7_75t_R)
                                         n46290 (net)
                 26.22    0.25  572.91 ^ u58367/A (NOR2x1_ASAP7_75t_R)
     3    3.87   27.06   20.73  593.64 v u58367/Y (NOR2x1_ASAP7_75t_R)
                                         n46299 (net)
                 27.08    0.48  594.12 v u58369/B (MAJx2_ASAP7_75t_R)
     2    2.88   12.81   29.22  623.34 v u58369/Y (MAJx2_ASAP7_75t_R)
                                         n46301 (net)
                 12.83    0.28  623.62 v u58371/B (MAJx2_ASAP7_75t_R)
     3    2.56   11.82   24.68  648.30 v u58371/Y (MAJx2_ASAP7_75t_R)
                                         n46303 (net)
                 11.83    0.20  648.50 v u58372/C (AND3x1_ASAP7_75t_R)
     1    1.15    8.30   14.76  663.26 v u58372/Y (AND3x1_ASAP7_75t_R)
                                         n46304 (net)
                  8.31    0.12  663.37 v u58375/A (OR2x2_ASAP7_75t_R)
     3    3.75   14.52   20.74  684.12 v u58375/Y (OR2x2_ASAP7_75t_R)
                                         n46307 (net)
                 14.67    0.81  684.93 v u58390/A1 (AO32x1_ASAP7_75t_R)
     3    2.60   18.01   26.68  711.62 v u58390/Y (AO32x1_ASAP7_75t_R)
                                         n46322 (net)
                 18.02    0.22  711.84 v u58391/C (AND3x1_ASAP7_75t_R)
     1    0.97    7.56   16.07  727.91 v u58391/Y (AND3x1_ASAP7_75t_R)
                                         n46323 (net)
                  7.56    0.08  727.98 v u58394/A (OR2x2_ASAP7_75t_R)
     3    2.33   10.32   18.69  746.68 v u58394/Y (OR2x2_ASAP7_75t_R)
                                         n46326 (net)
                 10.33    0.11  746.79 v u58395/C (AND3x1_ASAP7_75t_R)
     1    0.81    6.53   13.41  760.21 v u58395/Y (AND3x1_ASAP7_75t_R)
                                         n46327 (net)
                  6.53    0.05  760.26 v u58398/A (OR2x2_ASAP7_75t_R)
     2    2.51   10.89   18.66  778.92 v u58398/Y (OR2x2_ASAP7_75t_R)
                                         n46330 (net)
                 10.92    0.31  779.23 v u58399/B2 (AO22x2_ASAP7_75t_R)
     2    3.73   14.80   23.18  802.41 v u58399/Y (AO22x2_ASAP7_75t_R)
                                         n46331 (net)
                 14.96    0.83  803.23 v u58401/B (MAJx2_ASAP7_75t_R)
     2    1.90   10.16   24.20  827.43 v u58401/Y (MAJx2_ASAP7_75t_R)
                                         n46333 (net)
                 10.17    0.10  827.53 v u58403/B1 (AO22x2_ASAP7_75t_R)
     2    2.94   12.29   22.79  850.32 v u58403/Y (AO22x2_ASAP7_75t_R)
                                         n46335 (net)
                 12.31    0.31  850.63 v u58405/B (MAJx2_ASAP7_75t_R)
     2    2.03   10.47   23.62  874.25 v u58405/Y (MAJx2_ASAP7_75t_R)
                                         n46337 (net)
                 10.48    0.18  874.43 v u58407/B1 (AO22x2_ASAP7_75t_R)
     2    3.40   13.74   23.46  897.88 v u58407/Y (AO22x2_ASAP7_75t_R)
                                         n46339 (net)
                 13.82    0.59  898.47 v u58409/B (MAJx2_ASAP7_75t_R)
     2    1.91   10.11   23.87  922.34 v u58409/Y (MAJx2_ASAP7_75t_R)
                                         n46341 (net)
                 10.11    0.10  922.44 v u58411/B1 (AO22x2_ASAP7_75t_R)
     2    3.20   12.97   23.16  945.59 v u58411/Y (AO22x2_ASAP7_75t_R)
                                         n46343 (net)
                 13.00    0.36  945.96 v u58413/B (MAJx2_ASAP7_75t_R)
     3    2.31   11.17   24.33  970.29 v u58413/Y (MAJx2_ASAP7_75t_R)
                                         n46345 (net)
                 11.17    0.11  970.39 v u58417/A3 (AO32x1_ASAP7_75t_R)
     3    2.60   17.96   28.95  999.35 v u58417/Y (AO32x1_ASAP7_75t_R)
                                         n46349 (net)
                 17.96    0.21  999.55 v u58419/C1 (AO222x2_ASAP7_75t_R)
     1    0.67    9.11   29.70 1029.26 v u58419/Y (AO222x2_ASAP7_75t_R)
                                         n46351 (net)
                  9.11    0.02 1029.28 v u58420/B (OA21x2_ASAP7_75t_R)
     2    3.03   12.50   15.93 1045.21 v u58420/Y (OA21x2_ASAP7_75t_R)
                                         n46352 (net)
                 12.62    0.66 1045.87 v u58422/B1 (AO22x2_ASAP7_75t_R)
     2    2.74   11.77   23.25 1069.12 v u58422/Y (AO22x2_ASAP7_75t_R)
                                         n46354 (net)
                 11.78    0.24 1069.36 v u58424/B (MAJx2_ASAP7_75t_R)
     2    1.89   10.09   23.25 1092.60 v u58424/Y (MAJx2_ASAP7_75t_R)
                                         n46356 (net)
                 10.09    0.11 1092.71 v u58426/B1 (AO22x2_ASAP7_75t_R)
     2    2.89   12.13   22.70 1115.41 v u58426/Y (AO22x2_ASAP7_75t_R)
                                         n46358 (net)
                 12.15    0.27 1115.68 v u58428/B (MAJx2_ASAP7_75t_R)
     3    2.68   12.14   24.65 1140.34 v u58428/Y (MAJx2_ASAP7_75t_R)
                                         n46360 (net)
                 12.17    0.29 1140.63 v u58429/C (AND3x1_ASAP7_75t_R)
     1    0.99    7.49   14.43 1155.06 v u58429/Y (AND3x1_ASAP7_75t_R)
                                         n46361 (net)
                  7.50    0.08 1155.14 v u58432/A (OR2x2_ASAP7_75t_R)
     3    2.94   12.02   19.60 1174.74 v u58432/Y (OR2x2_ASAP7_75t_R)
                                         n46364 (net)
                 12.06    0.37 1175.11 v u58434/C1 (AO222x2_ASAP7_75t_R)
     1    0.83    9.49   28.54 1203.65 v u58434/Y (AO222x2_ASAP7_75t_R)
                                         n46366 (net)
                  9.49    0.05 1203.70 v u58435/B (OA21x2_ASAP7_75t_R)
     3    2.49   10.88   15.45 1219.15 v u58435/Y (OA21x2_ASAP7_75t_R)
                                         n46367 (net)
                 10.89    0.19 1219.34 v u58439/A3 (AO32x1_ASAP7_75t_R)
     3    2.55   17.75   28.74 1248.08 v u58439/Y (AO32x1_ASAP7_75t_R)
                                         n46371 (net)
                 17.77    0.23 1248.31 v u58440/C (AND3x1_ASAP7_75t_R)
     1    0.75    6.49   15.41 1263.72 v u58440/Y (AND3x1_ASAP7_75t_R)
                                         n46372 (net)
                  6.49    0.04 1263.76 v u58443/A (OR2x2_ASAP7_75t_R)
     3    2.97   12.13   19.38 1283.14 v u58443/Y (OR2x2_ASAP7_75t_R)
                                         n46375 (net)
                 12.18    0.43 1283.57 v u58447/A3 (AO32x1_ASAP7_75t_R)
     3    2.80   18.94   29.72 1313.30 v u58447/Y (AO32x1_ASAP7_75t_R)
                                         n46379 (net)
                 18.95    0.29 1313.59 v u58458/A (AND3x1_ASAP7_75t_R)
     1    0.86    6.95   14.39 1327.98 v u58458/Y (AND3x1_ASAP7_75t_R)
                                         n46390 (net)
                  6.95    0.06 1328.04 v u58461/A (OR2x2_ASAP7_75t_R)
     3    3.02   12.26   19.58 1347.62 v u58461/Y (OR2x2_ASAP7_75t_R)
                                         n46393 (net)
                 12.30    0.41 1348.03 v u58463/C1 (AO222x2_ASAP7_75t_R)
     1    0.84    9.50   28.61 1376.64 v u58463/Y (AO222x2_ASAP7_75t_R)
                                         n46395 (net)
                  9.50    0.05 1376.69 v u58464/B (OA21x2_ASAP7_75t_R)
     3    2.96   12.20   16.03 1392.72 v u58464/Y (OA21x2_ASAP7_75t_R)
                                         n46396 (net)
                 12.25    0.44 1393.16 v u58465/C (AND3x1_ASAP7_75t_R)
     1    0.94    7.22   14.31 1407.47 v u58465/Y (AND3x1_ASAP7_75t_R)
                                         n46397 (net)
                  7.23    0.07 1407.54 v u58468/A (OR2x2_ASAP7_75t_R)
     2    2.33   10.45   18.55 1426.09 v u58468/Y (OR2x2_ASAP7_75t_R)
                                         n46400 (net)
                 10.47    0.28 1426.38 v u58472/A (AND2x2_ASAP7_75t_R)
     2    1.49    7.35   16.69 1443.07 v u58472/Y (AND2x2_ASAP7_75t_R)
                                         n46404 (net)
                  7.35    0.08 1443.15 v u58473/B (AND2x2_ASAP7_75t_R)
     2    1.50    7.39   14.76 1457.91 v u58473/Y (AND2x2_ASAP7_75t_R)
                                         n46405 (net)
                  7.39    0.10 1458.01 v u58513/A1 (AO221x1_ASAP7_75t_R)
     3    2.51   17.80   26.58 1484.59 v u58513/Y (AO221x1_ASAP7_75t_R)
                                         n46445 (net)
                 17.80    0.10 1484.70 v u58527/A1 (AO32x1_ASAP7_75t_R)
     3    3.97   25.23   30.62 1515.32 v u58527/Y (AO32x1_ASAP7_75t_R)
                                         n46459 (net)
                 25.33    0.88 1516.20 v u58531/A3 (AO32x1_ASAP7_75t_R)
     3    2.87   19.33   32.90 1549.09 v u58531/Y (AO32x1_ASAP7_75t_R)
                                         n46463 (net)
                 19.36    0.41 1549.51 v u58532/C (AND3x1_ASAP7_75t_R)
     1    0.84    6.96   16.10 1565.61 v u58532/Y (AND3x1_ASAP7_75t_R)
                                         n46464 (net)
                  6.96    0.05 1565.66 v u58535/A (OR2x2_ASAP7_75t_R)
     3    3.57   14.00   20.20 1585.86 v u58535/Y (OR2x2_ASAP7_75t_R)
                                         n46467 (net)
                 14.13    0.77 1586.63 v u58546/A (AND3x1_ASAP7_75t_R)
     1    0.85    6.75   13.20 1599.83 v u58546/Y (AND3x1_ASAP7_75t_R)
                                         n46478 (net)
                  6.75    0.06 1599.88 v u58549/A (OR2x2_ASAP7_75t_R)
     3    3.08   12.45   19.60 1619.48 v u58549/Y (OR2x2_ASAP7_75t_R)
                                         n46481 (net)
                 12.50    0.45 1619.93 v u58551/C1 (AO222x2_ASAP7_75t_R)
     1    0.86    9.55   28.71 1648.64 v u58551/Y (AO222x2_ASAP7_75t_R)
                                         n46483 (net)
                  9.56    0.05 1648.70 v u58552/B (OA21x2_ASAP7_75t_R)
     3    3.48   13.80   16.61 1665.31 v u58552/Y (OA21x2_ASAP7_75t_R)
                                         n46484 (net)
                 13.92    0.70 1666.01 v u58556/A3 (AO32x1_ASAP7_75t_R)
     3    2.74   18.66   29.97 1695.98 v u58556/Y (AO32x1_ASAP7_75t_R)
                                         n46488 (net)
                 18.68    0.35 1696.33 v u58557/B2 (AO222x2_ASAP7_75t_R)
     1    0.77    9.33   32.08 1728.41 v u58557/Y (AO222x2_ASAP7_75t_R)
                                         n46489 (net)
                  9.33    0.04 1728.45 v u58558/B (OA21x2_ASAP7_75t_R)
     2    1.81    9.11   14.42 1742.87 v u58558/Y (OA21x2_ASAP7_75t_R)
                                         n46490 (net)
                  9.11    0.10 1742.97 v u58560/B1 (AO22x2_ASAP7_75t_R)
     2    2.50   11.12   21.81 1764.78 v u58560/Y (AO22x2_ASAP7_75t_R)
                                         n46492 (net)
                 11.12    0.10 1764.88 v u58562/B (MAJx2_ASAP7_75t_R)
     3    2.73   12.32   24.43 1789.32 v u58562/Y (MAJx2_ASAP7_75t_R)
                                         n46494 (net)
                 12.35    0.32 1789.64 v u58563/C (AND3x1_ASAP7_75t_R)
     1    1.17    8.34   14.97 1804.61 v u58563/Y (AND3x1_ASAP7_75t_R)
                                         n46495 (net)
                  8.34    0.04 1804.65 v u58566/A (OR2x6_ASAP7_75t_R)
     3    4.43    9.98   19.91 1824.56 v u58566/Y (OR2x6_ASAP7_75t_R)
                                         n46498 (net)
                 10.19    0.78 1825.34 v u58569/A (NOR2x1_ASAP7_75t_R)
     1    0.94    9.99    8.71 1834.05 ^ u58569/Y (NOR2x1_ASAP7_75t_R)
                                         n46501 (net)
                  9.99    0.07 1834.11 ^ u58570/B (AO21x1_ASAP7_75t_R)
     2    3.00   21.37   17.93 1852.04 ^ u58570/Y (AO21x1_ASAP7_75t_R)
                                         n46502 (net)
                 21.41    0.58 1852.62 ^ u58571/B (NOR2x1_ASAP7_75t_R)
     3    2.25   16.64   13.99 1866.61 v u58571/Y (NOR2x1_ASAP7_75t_R)
                                         n46503 (net)
                 16.65    0.11 1866.72 v u58577/A1 (AO21x1_ASAP7_75t_R)
     3    2.73   17.26   23.12 1889.85 v u58577/Y (AO21x1_ASAP7_75t_R)
                                         n46509 (net)
                 17.26    0.26 1890.11 v u58579/C1 (AO222x2_ASAP7_75t_R)
     1    0.75    9.29   29.69 1919.80 v u58579/Y (AO222x2_ASAP7_75t_R)
                                         n46511 (net)
                  9.29    0.03 1919.83 v u58580/B (OA21x2_ASAP7_75t_R)
     3    2.55   11.02   15.45 1935.28 v u58580/Y (OA21x2_ASAP7_75t_R)
                                         n46512 (net)
                 11.04    0.22 1935.50 v u58581/C (AND3x1_ASAP7_75t_R)
     1    0.83    6.68   13.69 1949.20 v u58581/Y (AND3x1_ASAP7_75t_R)
                                         n46513 (net)
                  6.69    0.05 1949.25 v u58584/A (OR2x2_ASAP7_75t_R)
     3    3.12   12.60   19.62 1968.86 v u58584/Y (OR2x2_ASAP7_75t_R)
                                         n46516 (net)
                 12.66    0.50 1969.36 v u58588/A3 (AO32x1_ASAP7_75t_R)
     3    3.14   20.71   30.65 2000.02 v u58588/Y (AO32x1_ASAP7_75t_R)
                                         n46520 (net)
                 20.75    0.53 2000.54 v u58592/A3 (AO32x1_ASAP7_75t_R)
     3    3.28   21.58   32.89 2033.44 v u58592/Y (AO32x1_ASAP7_75t_R)
                                         n46524 (net)
                 21.64    0.60 2034.03 v u58603/A (AND3x1_ASAP7_75t_R)
     1    0.83    6.89   14.83 2048.86 v u58603/Y (AND3x1_ASAP7_75t_R)
                                         n46535 (net)
                  6.89    0.05 2048.91 v u58606/A (OR2x2_ASAP7_75t_R)
     2    2.15    9.90   18.21 2067.13 v u58606/Y (OR2x2_ASAP7_75t_R)
                                         n46538 (net)
                  9.91    0.16 2067.29 v u58607/B2 (AO22x2_ASAP7_75t_R)
     2    2.73   11.70   21.66 2088.95 v u58607/Y (AO22x2_ASAP7_75t_R)
                                         n46539 (net)
                 11.72    0.22 2089.17 v u58609/B (MAJx2_ASAP7_75t_R)
     3    2.86   12.71   24.79 2113.95 v u58609/Y (MAJx2_ASAP7_75t_R)
                                         n46541 (net)
                 12.76    0.42 2114.37 v u58610/B2 (AO222x2_ASAP7_75t_R)
     1    0.71    9.21   30.61 2144.98 v u58610/Y (AO222x2_ASAP7_75t_R)
                                         n46542 (net)
                  9.21    0.03 2145.01 v u58611/B (OA21x2_ASAP7_75t_R)
     2    2.27   10.39   14.99 2160.00 v u58611/Y (OA21x2_ASAP7_75t_R)
                                         n46543 (net)
                 10.42    0.28 2160.29 v u58675/A (AND2x2_ASAP7_75t_R)
     2    1.97    8.66   17.42 2177.71 v u58675/Y (AND2x2_ASAP7_75t_R)
                                         n46607 (net)
                  8.67    0.10 2177.81 v u58736/A (NAND2x1_ASAP7_75t_R)
     2    3.49   26.44   16.23 2194.04 ^ u58736/Y (NAND2x1_ASAP7_75t_R)
                                         n46668 (net)
                 26.49    0.67 2194.71 ^ u58738/A (NAND2x1_ASAP7_75t_R)
     4    3.29   19.89   14.63 2209.35 v u58738/Y (NAND2x1_ASAP7_75t_R)
                                         n46670 (net)
                 19.89    0.10 2209.44 v u58986/A1 (AO221x1_ASAP7_75t_R)
     3    2.98   20.15   30.02 2239.46 v u58986/Y (AO221x1_ASAP7_75t_R)
                                         n46918 (net)
                 20.16    0.23 2239.70 v u59229/A (AND3x1_ASAP7_75t_R)
     3    3.42   19.99   20.89 2260.59 v u59229/Y (AND3x1_ASAP7_75t_R)
                                         n47161 (net)
                 20.02    0.45 2261.04 v u59472/A1 (OA211x2_ASAP7_75t_R)
     2    1.77   12.00   26.14 2287.18 v u59472/Y (OA211x2_ASAP7_75t_R)
                                         n47404 (net)
                 12.01    0.13 2287.32 v u59715/A (OR3x1_ASAP7_75t_R)
     1    1.26   11.23   21.67 2308.99 v u59715/Y (OR3x1_ASAP7_75t_R)
                                         n47647 (net)
                 11.23    0.06 2309.05 v u59720/A (AND2x4_ASAP7_75t_R)
     3    3.04    7.45   16.42 2325.48 v u59720/Y (AND2x4_ASAP7_75t_R)
                                         n47652 (net)
                  7.47    0.18 2325.66 v u59919/A (AND3x1_ASAP7_75t_R)
     2    1.94   12.22   14.15 2339.81 v u59919/Y (AND3x1_ASAP7_75t_R)
                                         n47851 (net)
                 12.22    0.10 2339.91 v u59925/A (NOR2x1_ASAP7_75t_R)
     2    2.68   20.08   13.74 2353.65 ^ u59925/Y (NOR2x1_ASAP7_75t_R)
                                         n47857 (net)
                 20.08    0.20 2353.86 ^ u59989/A1 (OAI21x1_ASAP7_75t_R)
     4    5.53   30.64   17.92 2371.77 v u59989/Y (OAI21x1_ASAP7_75t_R)
                                         n47921 (net)
                 30.80    1.25 2373.02 v u59993/A (AND4x1_ASAP7_75t_R)
     1    1.00    8.00   17.03 2390.06 v u59993/Y (AND4x1_ASAP7_75t_R)
                                         n47925 (net)
                  8.00    0.08 2390.14 v u59994/B (AO21x1_ASAP7_75t_R)
     2    1.65   11.78   18.36 2408.50 v u59994/Y (AO21x1_ASAP7_75t_R)
                                         n47926 (net)
                 11.79    0.08 2408.58 v u59995/B (AO21x1_ASAP7_75t_R)
     1    1.36   10.36   18.38 2426.96 v u59995/Y (AO21x1_ASAP7_75t_R)
                                         n47927 (net)
                 10.37    0.10 2427.06 v u59999/A (XNOR2x2_ASAP7_75t_R)
     1    0.66    6.56   20.72 2447.78 ^ u59999/Y (XNOR2x2_ASAP7_75t_R)
                                         grp_uacc_section14_cost_core_fu_2337.uacc_section14_allocator_mul_16ns_115ns_130_7_1_U17.uacc_section14_allocator_uacc_section14_allocator_mul_16ns_115ns_130_7_1_Mul_DSP_4_U.tmp_product[129]* (net)
                  6.56    0.02 2447.80 ^ u39797/D (DFFHQNx1_ASAP7_75t_R)
                               2447.80   data arrival time

                  0.00 5000.00 5000.00   clock core_clock (rise edge)
                          0.00 5000.00   clock network delay (ideal)
                          0.00 5000.00   clock reconvergence pessimism
                               5000.00 ^ u39797/CLK (DFFHQNx1_ASAP7_75t_R)
                        -15.05 4984.94   library setup time
                               4984.94   data required time
-----------------------------------------------------------------------------
                               4984.94   data required time
                               -2447.80   data arrival time
-----------------------------------------------------------------------------
                               2537.14   slack (MET)



==========================================================================
global place report_power
--------------------------------------------------------------------------
Group                  Internal  Switching    Leakage      Total
                          Power      Power      Power      Power (Watts)
----------------------------------------------------------------
Sequential             1.09e-02   4.83e-04   2.44e-06   1.14e-02   7.2%
Combinational          8.71e-02   5.99e-02   1.11e-05   1.47e-01  92.8%
Clock                  0.00e+00   0.00e+00   0.00e+00   0.00e+00   0.0%
Macro                  0.00e+00   0.00e+00   0.00e+00   0.00e+00   0.0%
Pad                    0.00e+00   0.00e+00   0.00e+00   0.00e+00   0.0%
----------------------------------------------------------------
Total                  9.80e-02   6.04e-02   1.35e-05   1.58e-01 100.0%
                          61.9%      38.1%       0.0%
