
==========================================================================
cts final report_tns
--------------------------------------------------------------------------
tns max 0.00

==========================================================================
cts final report_wns
--------------------------------------------------------------------------
wns max 0.00

==========================================================================
cts final report_worst_slack
--------------------------------------------------------------------------
worst slack max 2540.46

==========================================================================
cts final report_clock_min_period
--------------------------------------------------------------------------
core_clock period_min = 2459.54 fmax = 406.58

==========================================================================
cts final report_clock_skew
--------------------------------------------------------------------------
Clock core_clock
 496.73 source latency u60116/CLK ^
-390.84 target latency u39977/CLK ^
  -6.65 CRPR
--------------
  99.25 setup skew


==========================================================================
cts final report_checks -path_delay min
--------------------------------------------------------------------------
Startpoint: u37777 (rising edge-triggered flip-flop clocked by core_clock)
Endpoint: u31960 (rising edge-triggered flip-flop clocked by core_clock)
Path Group: core_clock
Path Type: min

Fanout     Cap    Slew   Delay    Time   Description
-----------------------------------------------------------------------------
                          0.00    0.00   clock core_clock (rise edge)
                          0.00    0.00   clock source latency
     1   12.61    0.00    0.00    0.00 ^ ap_clk (in)
                                         ap_clk (net)
                 62.11   19.59   19.59 ^ wire12009/A (BUFx6f_ASAP7_75t_R)
     1   12.57   12.24   23.46   43.05 ^ wire12009/Y (BUFx6f_ASAP7_75t_R)
                                         net11980 (net)
                 66.89   20.62   63.67 ^ wire12008/A (BUFx12f_ASAP7_75t_R)
     1   18.80   10.73   23.31   86.99 ^ wire12008/Y (BUFx12f_ASAP7_75t_R)
                                         net11979 (net)
                141.90   44.69  131.68 ^ clkbuf_0_ap_clk/A (BUFx24_ASAP7_75t_R)
     2   14.17   14.95   40.13  171.81 ^ clkbuf_0_ap_clk/Y (BUFx24_ASAP7_75t_R)
                                         clknet_0_ap_clk (net)
                 25.29    6.85  178.66 ^ clkbuf_1_1_0_ap_clk/A (BUFx24_ASAP7_75t_R)
     2    9.48    8.42   22.15  200.81 ^ clkbuf_1_1_0_ap_clk/Y (BUFx24_ASAP7_75t_R)
                                         clknet_1_1_0_ap_clk (net)
                 30.70    9.32  210.13 ^ clkbuf_2_2_0_ap_clk/A (BUFx24_ASAP7_75t_R)
     1    8.88    8.74   23.58  233.71 ^ clkbuf_2_2_0_ap_clk/Y (BUFx24_ASAP7_75t_R)
                                         clknet_2_2_0_ap_clk (net)
                 32.44    9.93  243.64 ^ clkbuf_2_2_1_ap_clk/A (BUFx24_ASAP7_75t_R)
     2   11.06    9.91   24.51  268.16 ^ clkbuf_2_2_1_ap_clk/Y (BUFx24_ASAP7_75t_R)
                                         clknet_2_2_1_ap_clk (net)
                 10.65    1.44  269.59 ^ clkbuf_3_5_0_ap_clk/A (BUFx24_ASAP7_75t_R)
     4   17.75    8.24   18.09  287.68 ^ clkbuf_3_5_0_ap_clk/Y (BUFx24_ASAP7_75t_R)
                                         clknet_3_5_0_ap_clk (net)
                 56.64   17.59  305.27 ^ clkbuf_5_23_0_ap_clk/A (BUFx24_ASAP7_75t_R)
     2    9.78   10.28   28.72  334.00 ^ clkbuf_5_23_0_ap_clk/Y (BUFx24_ASAP7_75t_R)
                                         clknet_5_23_0_ap_clk (net)
                 20.61    5.71  339.71 ^ clkbuf_6_47__f_ap_clk/A (BUFx24_ASAP7_75t_R)
    10   33.31   20.99   24.56  364.27 ^ clkbuf_6_47__f_ap_clk/Y (BUFx24_ASAP7_75t_R)
                                         clknet_6_47__leaf_ap_clk (net)
                 26.85    5.69  369.96 ^ clkbuf_leaf_253_ap_clk/A (BUFx24_ASAP7_75t_R)
    22   13.35   11.65   24.07  394.03 ^ clkbuf_leaf_253_ap_clk/Y (BUFx24_ASAP7_75t_R)
                                         clknet_leaf_253_ap_clk (net)
                 11.71    0.38  394.41 ^ u37777/CLK (DFFHQNx1_ASAP7_75t_R)
     2    1.45   17.27   39.08  433.49 ^ u37777/QN (DFFHQNx1_ASAP7_75t_R)
                                         mul_ln164_reg_4887[90] (net)
                 17.27    0.07  433.56 ^ u37779/A2 (OAI21x1_ASAP7_75t_R)
     1    0.65    5.50    7.83  441.39 v u37779/Y (OAI21x1_ASAP7_75t_R)
                                         n23737 (net)
                  5.50    0.03  441.42 v u31960/D (DFFHQNx1_ASAP7_75t_R)
                                441.42   data arrival time

                          0.00    0.00   clock core_clock (rise edge)
                          0.00    0.00   clock source latency
     1   12.89    0.00    0.00    0.00 ^ ap_clk (in)
                                         ap_clk (net)
                 64.65   20.39   20.39 ^ wire12009/A (BUFx6f_ASAP7_75t_R)
     1   13.11   12.38   23.76   44.16 ^ wire12009/Y (BUFx6f_ASAP7_75t_R)
                                         net11980 (net)
                 71.59   22.11   66.27 ^ wire12008/A (BUFx12f_ASAP7_75t_R)
     1   19.40   10.85   23.84   90.11 ^ wire12008/Y (BUFx12f_ASAP7_75t_R)
                                         net11979 (net)
                150.08   47.27  137.38 ^ clkbuf_0_ap_clk/A (BUFx24_ASAP7_75t_R)
     2   15.37   15.45   41.08  178.46 ^ clkbuf_0_ap_clk/Y (BUFx24_ASAP7_75t_R)
                                         clknet_0_ap_clk (net)
                 27.82    7.62  186.08 ^ clkbuf_1_1_0_ap_clk/A (BUFx24_ASAP7_75t_R)
     2   10.68    8.58   22.79  208.87 ^ clkbuf_1_1_0_ap_clk/Y (BUFx24_ASAP7_75t_R)
                                         clknet_1_1_0_ap_clk (net)
                 34.85   10.62  219.49 ^ clkbuf_2_3_0_ap_clk/A (BUFx24_ASAP7_75t_R)
     1    9.09    8.91   24.59  244.08 ^ clkbuf_2_3_0_ap_clk/Y (BUFx24_ASAP7_75t_R)
                                         clknet_2_3_0_ap_clk (net)
                 32.94   10.07  254.15 ^ clkbuf_2_3_1_ap_clk/A (BUFx24_ASAP7_75t_R)
     2   13.33    9.65   24.32  278.48 ^ clkbuf_2_3_1_ap_clk/Y (BUFx24_ASAP7_75t_R)
                                         clknet_2_3_1_ap_clk (net)
                 25.30    7.14  285.62 ^ clkbuf_3_7_0_ap_clk/A (BUFx24_ASAP7_75t_R)
     4   20.86   10.61   22.94  308.56 ^ clkbuf_3_7_0_ap_clk/Y (BUFx24_ASAP7_75t_R)
                                         clknet_3_7_0_ap_clk (net)
                 48.84   15.02  323.57 ^ clkbuf_5_29_0_ap_clk/A (BUFx24_ASAP7_75t_R)
     2   10.19    9.66   27.31  350.88 ^ clkbuf_5_29_0_ap_clk/Y (BUFx24_ASAP7_75t_R)
                                         clknet_5_29_0_ap_clk (net)
                 29.37    8.76  359.64 ^ clkbuf_6_58__f_ap_clk/A (BUFx24_ASAP7_75t_R)
    12   54.87   13.00   24.87  384.51 ^ clkbuf_6_58__f_ap_clk/Y (BUFx24_ASAP7_75t_R)
                                         clknet_6_58__leaf_ap_clk (net)
                139.99   43.91  428.42 ^ clkbuf_leaf_326_ap_clk/A (BUFx24_ASAP7_75t_R)
    11   15.94   16.38   40.87  469.29 ^ clkbuf_leaf_326_ap_clk/Y (BUFx24_ASAP7_75t_R)
                                         clknet_leaf_326_ap_clk (net)
                 17.24    1.89  471.19 ^ u31960/CLK (DFFHQNx1_ASAP7_75t_R)
                         -8.06  463.13   clock reconvergence pessimism
                         12.92  476.05   library hold time
                                476.05   data required time
-----------------------------------------------------------------------------
                                476.05   data required time
                               -441.42   data arrival time
-----------------------------------------------------------------------------
                                -34.63   slack (VIOLATED)



==========================================================================
cts final report_checks -path_delay max
--------------------------------------------------------------------------
Startpoint: u53071 (rising edge-triggered flip-flop clocked by core_clock)
Endpoint: u39797 (rising edge-triggered flip-flop clocked by core_clock)
Path Group: core_clock
Path Type: max

Fanout     Cap    Slew   Delay    Time   Description
-----------------------------------------------------------------------------
                          0.00    0.00   clock core_clock (rise edge)
                          0.00    0.00   clock source latency
     1   12.89    0.00    0.00    0.00 ^ ap_clk (in)
                                         ap_clk (net)
                 64.65   20.39   20.39 ^ wire12009/A (BUFx6f_ASAP7_75t_R)
     1   13.11   12.38   23.76   44.16 ^ wire12009/Y (BUFx6f_ASAP7_75t_R)
                                         net11980 (net)
                 71.59   22.11   66.27 ^ wire12008/A (BUFx12f_ASAP7_75t_R)
     1   19.40   10.85   23.84   90.11 ^ wire12008/Y (BUFx12f_ASAP7_75t_R)
                                         net11979 (net)
                150.08   47.27  137.38 ^ clkbuf_0_ap_clk/A (BUFx24_ASAP7_75t_R)
     2   15.37   15.45   41.08  178.46 ^ clkbuf_0_ap_clk/Y (BUFx24_ASAP7_75t_R)
                                         clknet_0_ap_clk (net)
                 27.82    7.62  186.08 ^ clkbuf_1_1_0_ap_clk/A (BUFx24_ASAP7_75t_R)
     2   10.68    8.58   22.79  208.87 ^ clkbuf_1_1_0_ap_clk/Y (BUFx24_ASAP7_75t_R)
                                         clknet_1_1_0_ap_clk (net)
                 34.85   10.62  219.49 ^ clkbuf_2_3_0_ap_clk/A (BUFx24_ASAP7_75t_R)
     1    9.09    8.91   24.59  244.08 ^ clkbuf_2_3_0_ap_clk/Y (BUFx24_ASAP7_75t_R)
                                         clknet_2_3_0_ap_clk (net)
                 32.94   10.07  254.15 ^ clkbuf_2_3_1_ap_clk/A (BUFx24_ASAP7_75t_R)
     2   13.33    9.65   24.32  278.48 ^ clkbuf_2_3_1_ap_clk/Y (BUFx24_ASAP7_75t_R)
                                         clknet_2_3_1_ap_clk (net)
                 33.02    9.93  288.41 ^ clkbuf_3_6_0_ap_clk/A (BUFx24_ASAP7_75t_R)
     4   20.29    9.10   24.13  312.54 ^ clkbuf_3_6_0_ap_clk/Y (BUFx24_ASAP7_75t_R)
                                         clknet_3_6_0_ap_clk (net)
                 62.67   19.41  331.95 ^ clkbuf_5_26_0_ap_clk/A (BUFx24_ASAP7_75t_R)
     2    9.81   10.91   29.93  361.88 ^ clkbuf_5_26_0_ap_clk/Y (BUFx24_ASAP7_75t_R)
                                         clknet_5_26_0_ap_clk (net)
                 20.28    5.65  367.52 ^ clkbuf_6_52__f_ap_clk/A (BUFx24_ASAP7_75t_R)
     8   32.32   18.50   23.98  391.51 ^ clkbuf_6_52__f_ap_clk/Y (BUFx24_ASAP7_75t_R)
                                         clknet_6_52__leaf_ap_clk (net)
                 21.48    3.37  394.88 ^ clkbuf_leaf_432_ap_clk/A (BUFx24_ASAP7_75t_R)
    15   17.66   13.32   23.48  418.36 ^ clkbuf_leaf_432_ap_clk/Y (BUFx24_ASAP7_75t_R)
                                         clknet_leaf_432_ap_clk (net)
                 13.38    0.46  418.82 ^ u53071/CLK (DFFHQNx2_ASAP7_75t_R)
    20   31.51  102.58   79.82  498.64 v u53071/QN (DFFHQNx2_ASAP7_75t_R)
                                         grp_uacc_section14_cost_core_fu_2337.uacc_section14_allocator_mul_16ns_115ns_130_7_1_U17.uacc_section14_allocator_uacc_section14_allocator_mul_16ns_115ns_130_7_1_Mul_DSP_4_U.a_reg0[1] (net)
                125.33   25.04  523.68 v place11075/A (BUFx3_ASAP7_75t_R)
    24   31.69   65.71   49.31  572.99 v place11075/Y (BUFx3_ASAP7_75t_R)
                                         net11046 (net)
                 66.45    4.03  577.02 v u58058/B (AND2x2_ASAP7_75t_R)
     2    2.19   11.05   29.28  606.30 v u58058/Y (AND2x2_ASAP7_75t_R)
                                         n45990 (net)
                 11.07    0.25  606.55 v u58059/B (XOR2x2_ASAP7_75t_R)
     2    1.60    9.40   25.99  632.54 ^ u58059/Y (XOR2x2_ASAP7_75t_R)
                                         n45991 (net)
                  9.40    0.05  632.60 ^ u58061/A (XOR2x2_ASAP7_75t_R)
     2    2.28   11.52   26.26  658.86 ^ u58061/Y (XOR2x2_ASAP7_75t_R)
                                         n45993 (net)
                 11.52    0.13  658.99 ^ u58110/A (XOR2x2_ASAP7_75t_R)
     1    1.00    7.66   24.54  683.53 ^ u58110/Y (XOR2x2_ASAP7_75t_R)
                                         n46042 (net)
                  7.66    0.04  683.57 ^ u58111/A (XOR2x2_ASAP7_75t_R)
     2    1.64    9.65   24.60  708.17 ^ u58111/Y (XOR2x2_ASAP7_75t_R)
                                         n46043 (net)
                  9.66    0.08  708.25 ^ u58113/A (XOR2x2_ASAP7_75t_R)
     2    1.67    9.65   25.26  733.50 ^ u58113/Y (XOR2x2_ASAP7_75t_R)
                                         n46045 (net)
                  9.65    0.05  733.56 ^ u58174/B (XOR2x2_ASAP7_75t_R)
     2    1.64    9.52   25.61  759.17 ^ u58174/Y (XOR2x2_ASAP7_75t_R)
                                         n46106 (net)
                  9.52    0.09  759.26 ^ u58192/A (XOR2x2_ASAP7_75t_R)
     2    1.78   10.04   25.41  784.67 ^ u58192/Y (XOR2x2_ASAP7_75t_R)
                                         n46124 (net)
                 10.04    0.10  784.77 ^ u58214/B (XOR2x2_ASAP7_75t_R)
     2    2.34   11.75   26.94  811.71 ^ u58214/Y (XOR2x2_ASAP7_75t_R)
                                         n46146 (net)
                 11.78    0.26  811.97 ^ u58280/A (XOR2x2_ASAP7_75t_R)
     2    2.16   11.21   26.68  838.65 ^ u58280/Y (XOR2x2_ASAP7_75t_R)
                                         n46212 (net)
                 11.22    0.13  838.78 ^ u58281/B2 (AO22x2_ASAP7_75t_R)
     2    2.98   13.75   20.39  859.17 ^ u58281/Y (AO22x2_ASAP7_75t_R)
                                         n46213 (net)
                 13.77    0.31  859.48 ^ u58283/B (MAJx2_ASAP7_75t_R)
     3    2.89   13.50   23.34  882.82 ^ u58283/Y (MAJx2_ASAP7_75t_R)
                                         n46215 (net)
                 13.51    0.19  883.01 ^ u58284/B (AO21x1_ASAP7_75t_R)
     1    0.87    8.55   12.99  896.00 ^ u58284/Y (AO21x1_ASAP7_75t_R)
                                         n46216 (net)
                  8.56    0.05  896.06 ^ u58286/C (AND4x1_ASAP7_75t_R)
     3    3.29   26.08   30.62  926.68 ^ u58286/Y (AND4x1_ASAP7_75t_R)
                                         n46218 (net)
                 26.09    0.11  926.78 ^ u58313/B (NOR2x1_ASAP7_75t_R)
     2    1.83   15.85   13.56  940.34 v u58313/Y (NOR2x1_ASAP7_75t_R)
                                         n46245 (net)
                 15.86    0.12  940.46 v u58342/A (AND2x2_ASAP7_75t_R)
     2    2.32    9.59   19.78  960.24 v u58342/Y (AND2x2_ASAP7_75t_R)
                                         n46274 (net)
                  9.60    0.10  960.34 v u58343/B (AND2x4_ASAP7_75t_R)
     2    2.46    6.57   14.57  974.91 v u58343/Y (AND2x4_ASAP7_75t_R)
                                         n46275 (net)
                  6.57    0.08  974.99 v u58358/A (NAND2x1_ASAP7_75t_R)
     3    3.34   25.10   15.34  990.33 ^ u58358/Y (NAND2x1_ASAP7_75t_R)
                                         n46290 (net)
                 25.10    0.15  990.48 ^ u58367/A (NOR2x1_ASAP7_75t_R)
     3    3.63   25.56   19.90 1010.38 v u58367/Y (NOR2x1_ASAP7_75t_R)
                                         n46299 (net)
                 25.58    0.36 1010.74 v u58369/B (MAJx2_ASAP7_75t_R)
     2    2.85   12.67   28.76 1039.49 v u58369/Y (MAJx2_ASAP7_75t_R)
                                         n46301 (net)
                 12.69    0.27 1039.76 v u58371/B (MAJx2_ASAP7_75t_R)
     3    2.45   11.53   24.45 1064.20 v u58371/Y (MAJx2_ASAP7_75t_R)
                                         n46303 (net)
                 11.54    0.20 1064.41 v u58372/C (AND3x1_ASAP7_75t_R)
     1    0.86    6.84   13.91 1078.32 v u58372/Y (AND3x1_ASAP7_75t_R)
                                         n46304 (net)
                  6.84    0.06 1078.38 v u58375/A (OR2x2_ASAP7_75t_R)
     3    3.75   14.56   20.40 1098.78 v u58375/Y (OR2x2_ASAP7_75t_R)
                                         n46307 (net)
                 14.71    0.84 1099.62 v u58390/A1 (AO32x1_ASAP7_75t_R)
     3    2.53   17.67   26.50 1126.12 v u58390/Y (AO32x1_ASAP7_75t_R)
                                         n46322 (net)
                 17.68    0.22 1126.34 v u58391/C (AND3x1_ASAP7_75t_R)
     1    0.85    6.97   15.65 1142.00 v u58391/Y (AND3x1_ASAP7_75t_R)
                                         n46323 (net)
                  6.97    0.06 1142.05 v u58394/A (OR2x2_ASAP7_75t_R)
     3    2.28   10.20   18.46 1160.51 v u58394/Y (OR2x2_ASAP7_75t_R)
                                         n46326 (net)
                 10.21    0.12 1160.63 v u58395/C (AND3x1_ASAP7_75t_R)
     1    0.68    5.89   13.04 1173.67 v u58395/Y (AND3x1_ASAP7_75t_R)
                                         n46327 (net)
                  5.89    0.03 1173.70 v u58398/A (OR2x2_ASAP7_75t_R)
     2    2.43   10.67   18.39 1192.09 v u58398/Y (OR2x2_ASAP7_75t_R)
                                         n46330 (net)
                 10.70    0.29 1192.38 v u58399/B2 (AO22x2_ASAP7_75t_R)
     2    3.66   14.59   23.03 1215.41 v u58399/Y (AO22x2_ASAP7_75t_R)
                                         n46331 (net)
                 14.73    0.78 1216.20 v u58401/B (MAJx2_ASAP7_75t_R)
     2    1.80    9.83   23.94 1240.14 v u58401/Y (MAJx2_ASAP7_75t_R)
                                         n46333 (net)
                  9.84    0.10 1240.24 v u58403/B1 (AO22x2_ASAP7_75t_R)
     2    2.90   12.15   22.63 1262.87 v u58403/Y (AO22x2_ASAP7_75t_R)
                                         n46335 (net)
                 12.18    0.30 1263.16 v u58405/B (MAJx2_ASAP7_75t_R)
     2    1.90   10.12   23.38 1286.54 v u58405/Y (MAJx2_ASAP7_75t_R)
                                         n46337 (net)
                 10.13    0.13 1286.67 v u58407/B1 (AO22x2_ASAP7_75t_R)
     2    3.41   13.76   23.35 1310.02 v u58407/Y (AO22x2_ASAP7_75t_R)
                                         n46339 (net)
                 13.85    0.59 1310.62 v u58409/B (MAJx2_ASAP7_75t_R)
     2    1.87   10.01   23.82 1334.43 v u58409/Y (MAJx2_ASAP7_75t_R)
                                         n46341 (net)
                 10.01    0.10 1334.54 v u58411/B1 (AO22x2_ASAP7_75t_R)
     2    3.16   12.84   23.08 1357.61 v u58411/Y (AO22x2_ASAP7_75t_R)
                                         n46343 (net)
                 12.87    0.34 1357.96 v u58413/B (MAJx2_ASAP7_75t_R)
     3    2.26   10.99   24.22 1382.17 v u58413/Y (MAJx2_ASAP7_75t_R)
                                         n46345 (net)
                 10.99    0.08 1382.26 v u58417/A3 (AO32x1_ASAP7_75t_R)
     3    2.61   18.03   28.96 1411.22 v u58417/Y (AO32x1_ASAP7_75t_R)
                                         n46349 (net)
                 18.04    0.19 1411.41 v u58419/C1 (AO222x2_ASAP7_75t_R)
     1    0.71    9.22   29.83 1441.24 v u58419/Y (AO222x2_ASAP7_75t_R)
                                         n46351 (net)
                  9.22    0.03 1441.26 v u58420/B (OA21x2_ASAP7_75t_R)
     2    3.04   12.54   15.98 1457.24 v u58420/Y (OA21x2_ASAP7_75t_R)
                                         n46352 (net)
                 12.66    0.66 1457.90 v u58422/B1 (AO22x2_ASAP7_75t_R)
     2    2.71   11.68   23.23 1481.14 v u58422/Y (AO22x2_ASAP7_75t_R)
                                         n46354 (net)
                 11.70    0.20 1481.34 v u58424/B (MAJx2_ASAP7_75t_R)
     2    1.95   10.25   23.31 1504.65 v u58424/Y (MAJx2_ASAP7_75t_R)
                                         n46356 (net)
                 10.26    0.14 1504.79 v u58426/B1 (AO22x2_ASAP7_75t_R)
     2    2.85   12.00   22.69 1527.48 v u58426/Y (AO22x2_ASAP7_75t_R)
                                         n46358 (net)
                 12.02    0.24 1527.72 v u58428/B (MAJx2_ASAP7_75t_R)
     3    2.66   12.10   24.57 1552.29 v u58428/Y (MAJx2_ASAP7_75t_R)
                                         n46360 (net)
                 12.13    0.30 1552.59 v u58429/C (AND3x1_ASAP7_75t_R)
     1    0.68    5.98   13.61 1566.19 v u58429/Y (AND3x1_ASAP7_75t_R)
                                         n46361 (net)
                  5.98    0.03 1566.22 v u58432/A (OR2x2_ASAP7_75t_R)
     3    3.01   12.22   19.33 1585.55 v u58432/Y (OR2x2_ASAP7_75t_R)
                                         n46364 (net)
                 12.27    0.41 1585.97 v u58434/C1 (AO222x2_ASAP7_75t_R)
     1    0.81    9.43   28.54 1614.51 v u58434/Y (AO222x2_ASAP7_75t_R)
                                         n46366 (net)
                  9.43    0.04 1614.55 v u58435/B (OA21x2_ASAP7_75t_R)
     3    2.56   11.05   15.53 1630.08 v u58435/Y (OA21x2_ASAP7_75t_R)
                                         n46367 (net)
                 11.06    0.20 1630.28 v u58439/A3 (AO32x1_ASAP7_75t_R)
     3    2.64   18.21   29.02 1659.31 v u58439/Y (AO32x1_ASAP7_75t_R)
                                         n46371 (net)
                 18.22    0.26 1659.57 v u58440/C (AND3x1_ASAP7_75t_R)
     1    0.63    5.90   15.20 1674.77 v u58440/Y (AND3x1_ASAP7_75t_R)
                                         n46372 (net)
                  5.90    0.02 1674.79 v u58443/A (OR2x2_ASAP7_75t_R)
     3    3.08   12.45   19.38 1694.18 v u58443/Y (OR2x2_ASAP7_75t_R)
                                         n46375 (net)
                 12.52    0.48 1694.66 v u58447/A3 (AO32x1_ASAP7_75t_R)
     3    2.77   18.82   29.76 1724.42 v u58447/Y (AO32x1_ASAP7_75t_R)
                                         n46379 (net)
                 18.83    0.27 1724.69 v u58458/A (AND3x1_ASAP7_75t_R)
     1    0.63    5.82   13.74 1738.43 v u58458/Y (AND3x1_ASAP7_75t_R)
                                         n46390 (net)
                  5.82    0.02 1738.45 v u58461/A (OR2x2_ASAP7_75t_R)
     3    3.14   12.60   19.46 1757.90 v u58461/Y (OR2x2_ASAP7_75t_R)
                                         n46393 (net)
                 12.65    0.46 1758.36 v u58463/C1 (AO222x2_ASAP7_75t_R)
     1    0.71    9.20   28.42 1786.79 v u58463/Y (AO222x2_ASAP7_75t_R)
                                         n46395 (net)
                  9.20    0.03 1786.81 v u58464/B (OA21x2_ASAP7_75t_R)
     3    2.89   12.00   15.84 1802.65 v u58464/Y (OA21x2_ASAP7_75t_R)
                                         n46396 (net)
                 12.05    0.42 1803.07 v u58465/C (AND3x1_ASAP7_75t_R)
     1    0.86    6.86   14.06 1817.13 v u58465/Y (AND3x1_ASAP7_75t_R)
                                         n46397 (net)
                  6.86    0.06 1817.18 v u58468/A (OR2x2_ASAP7_75t_R)
     2    2.18   10.02   18.21 1835.40 v u58468/Y (OR2x2_ASAP7_75t_R)
                                         n46400 (net)
                 10.05    0.26 1835.66 v u58472/A (AND2x2_ASAP7_75t_R)
     2    1.43    7.19   16.46 1852.12 v u58472/Y (AND2x2_ASAP7_75t_R)
                                         n46404 (net)
                  7.19    0.08 1852.20 v u58473/B (AND2x2_ASAP7_75t_R)
     2    1.60    7.68   14.85 1867.04 v u58473/Y (AND2x2_ASAP7_75t_R)
                                         n46405 (net)
                  7.69    0.15 1867.19 v u58513/A1 (AO221x1_ASAP7_75t_R)
     3    2.55   18.03   26.74 1893.93 v u58513/Y (AO221x1_ASAP7_75t_R)
                                         n46445 (net)
                 18.03    0.14 1894.07 v u58527/A1 (AO32x1_ASAP7_75t_R)
     3    4.01   25.49   30.76 1924.83 v u58527/Y (AO32x1_ASAP7_75t_R)
                                         n46459 (net)
                 25.59    0.91 1925.74 v u58531/A3 (AO32x1_ASAP7_75t_R)
     3    2.82   19.10   32.82 1958.56 v u58531/Y (AO32x1_ASAP7_75t_R)
                                         n46463 (net)
                 19.13    0.40 1958.95 v u58532/C (AND3x1_ASAP7_75t_R)
     1    0.75    6.51   15.79 1974.75 v u58532/Y (AND3x1_ASAP7_75t_R)
                                         n46464 (net)
                  6.51    0.04 1974.79 v u58535/A (OR2x2_ASAP7_75t_R)
     3    3.47   13.66   20.00 1994.78 v u58535/Y (OR2x2_ASAP7_75t_R)
                                         n46467 (net)
                 13.78    0.69 1995.47 v u58546/A (AND3x1_ASAP7_75t_R)
     1    0.82    6.57   13.02 2008.49 v u58546/Y (AND3x1_ASAP7_75t_R)
                                         n46478 (net)
                  6.58    0.05 2008.54 v u58549/A (OR2x2_ASAP7_75t_R)
     3    3.27   13.00   19.79 2028.33 v u58549/Y (OR2x2_ASAP7_75t_R)
                                         n46481 (net)
                 13.07    0.53 2028.86 v u58551/C1 (AO222x2_ASAP7_75t_R)
     1    0.84    9.52   28.83 2057.69 v u58551/Y (AO222x2_ASAP7_75t_R)
                                         n46483 (net)
                  9.52    0.05 2057.74 v u58552/B (OA21x2_ASAP7_75t_R)
     3    3.43   13.66   16.55 2074.29 v u58552/Y (OA21x2_ASAP7_75t_R)
                                         n46484 (net)
                 13.78    0.68 2074.97 v u58556/A3 (AO32x1_ASAP7_75t_R)
     3    2.74   18.63   29.94 2104.91 v u58556/Y (AO32x1_ASAP7_75t_R)
                                         n46488 (net)
                 18.65    0.33 2105.24 v u58557/B2 (AO222x2_ASAP7_75t_R)
     1    0.77    9.34   32.07 2137.31 v u58557/Y (AO222x2_ASAP7_75t_R)
                                         n46489 (net)
                  9.34    0.04 2137.35 v u58558/B (OA21x2_ASAP7_75t_R)
     2    1.69    8.72   14.25 2151.60 v u58558/Y (OA21x2_ASAP7_75t_R)
                                         n46490 (net)
                  8.72    0.06 2151.66 v u58560/B1 (AO22x2_ASAP7_75t_R)
     2    2.57   11.30   21.82 2173.48 v u58560/Y (AO22x2_ASAP7_75t_R)
                                         n46492 (net)
                 11.31    0.13 2173.60 v u58562/B (MAJx2_ASAP7_75t_R)
     3    2.74   12.34   24.49 2198.09 v u58562/Y (MAJx2_ASAP7_75t_R)
                                         n46494 (net)
                 12.36    0.31 2198.40 v u58563/C (AND3x1_ASAP7_75t_R)
     1    1.34    9.20   15.42 2213.82 v u58563/Y (AND3x1_ASAP7_75t_R)
                                         n46495 (net)
                  9.20    0.08 2213.91 v u58566/A (OR2x6_ASAP7_75t_R)
     3    4.52   10.12   20.20 2234.11 v u58566/Y (OR2x6_ASAP7_75t_R)
                                         n46498 (net)
                 10.36    0.83 2234.94 v u58569/A (NOR2x1_ASAP7_75t_R)
     1    0.78    9.01    8.30 2243.25 ^ u58569/Y (NOR2x1_ASAP7_75t_R)
                                         n46501 (net)
                  9.01    0.04 2243.29 ^ u58570/B (AO21x1_ASAP7_75t_R)
     2    3.01   21.45   17.66 2260.95 ^ u58570/Y (AO21x1_ASAP7_75t_R)
                                         n46502 (net)
                 21.49    0.61 2261.55 ^ u58571/B (NOR2x1_ASAP7_75t_R)
     3    2.20   16.44   13.87 2275.43 v u58571/Y (NOR2x1_ASAP7_75t_R)
                                         n46503 (net)
                 16.44    0.10 2275.53 v u58577/A1 (AO21x1_ASAP7_75t_R)
     3    2.76   17.38   23.16 2298.70 v u58577/Y (AO21x1_ASAP7_75t_R)
                                         n46509 (net)
                 17.38    0.23 2298.93 v u58579/C1 (AO222x2_ASAP7_75t_R)
     1    0.74    9.27   29.70 2328.63 v u58579/Y (AO222x2_ASAP7_75t_R)
                                         n46511 (net)
                  9.27    0.03 2328.66 v u58580/B (OA21x2_ASAP7_75t_R)
     3    2.50   10.90   15.37 2344.03 v u58580/Y (OA21x2_ASAP7_75t_R)
                                         n46512 (net)
                 10.91    0.21 2344.24 v u58581/C (AND3x1_ASAP7_75t_R)
     1    0.66    5.80   13.19 2357.42 v u58581/Y (AND3x1_ASAP7_75t_R)
                                         n46513 (net)
                  5.80    0.03 2357.45 v u58584/A (OR2x2_ASAP7_75t_R)
     3    3.21   12.86   19.52 2376.96 v u58584/Y (OR2x2_ASAP7_75t_R)
                                         n46516 (net)
                 12.94    0.56 2377.52 v u58588/A3 (AO32x1_ASAP7_75t_R)
     3    3.17   20.86   30.79 2408.32 v u58588/Y (AO32x1_ASAP7_75t_R)
                                         n46520 (net)
                 20.90    0.53 2408.85 v u58592/A3 (AO32x1_ASAP7_75t_R)
     3    3.20   21.00   32.74 2441.59 v u58592/Y (AO32x1_ASAP7_75t_R)
                                         n46524 (net)
                 21.05    0.53 2442.13 v u58603/A (AND3x1_ASAP7_75t_R)
     1    0.64    5.95   14.22 2456.35 v u58603/Y (AND3x1_ASAP7_75t_R)
                                         n46535 (net)
                  5.95    0.02 2456.37 v u58606/A (OR2x2_ASAP7_75t_R)
     2    2.09    9.74   17.89 2474.26 v u58606/Y (OR2x2_ASAP7_75t_R)
                                         n46538 (net)
                  9.75    0.16 2474.42 v u58607/B2 (AO22x2_ASAP7_75t_R)
     2    2.64   11.47   21.49 2495.91 v u58607/Y (AO22x2_ASAP7_75t_R)
                                         n46539 (net)
                 11.48    0.17 2496.08 v u58609/B (MAJx2_ASAP7_75t_R)
     3    2.73   12.34   24.52 2520.60 v u58609/Y (MAJx2_ASAP7_75t_R)
                                         n46541 (net)
                 12.37    0.37 2520.97 v u58610/B2 (AO222x2_ASAP7_75t_R)
     1    0.75    9.29   30.60 2551.58 v u58610/Y (AO222x2_ASAP7_75t_R)
                                         n46542 (net)
                  9.29    0.03 2551.61 v u58611/B (OA21x2_ASAP7_75t_R)
     2    2.19   10.17   14.90 2566.51 v u58611/Y (OA21x2_ASAP7_75t_R)
                                         n46543 (net)
                 10.20    0.27 2566.78 v u58675/A (AND2x2_ASAP7_75t_R)
     2    1.90    8.46   17.24 2584.01 v u58675/Y (AND2x2_ASAP7_75t_R)
                                         n46607 (net)
                  8.46    0.09 2584.11 v u58736/A (NAND2x1_ASAP7_75t_R)
     2    3.48   26.35   16.12 2600.23 ^ u58736/Y (NAND2x1_ASAP7_75t_R)
                                         n46668 (net)
                 26.40    0.69 2600.92 ^ u58738/A (NAND2x1_ASAP7_75t_R)
     4    3.39   20.31   14.83 2615.74 v u58738/Y (NAND2x1_ASAP7_75t_R)
                                         n46670 (net)
                 20.31    0.13 2615.88 v u58986/A1 (AO221x1_ASAP7_75t_R)
     3    2.84   19.37   29.76 2645.63 v u58986/Y (AO221x1_ASAP7_75t_R)
                                         n46918 (net)
                 19.37    0.13 2645.76 v u59229/A (AND3x1_ASAP7_75t_R)
     3    3.45   20.15   20.76 2666.53 v u59229/Y (AND3x1_ASAP7_75t_R)
                                         n47161 (net)
                 20.18    0.48 2667.01 v u59472/A1 (OA211x2_ASAP7_75t_R)
     2    1.57   11.40   25.79 2692.80 v u59472/Y (OA211x2_ASAP7_75t_R)
                                         n47404 (net)
                 11.41    0.10 2692.90 v u59715/A (OR3x1_ASAP7_75t_R)
     1    1.29   11.41   21.62 2714.53 v u59715/Y (OR3x1_ASAP7_75t_R)
                                         n47647 (net)
                 11.41    0.07 2714.60 v u59720/A (AND2x4_ASAP7_75t_R)
     3    2.87    7.23   16.34 2730.94 v u59720/Y (AND2x4_ASAP7_75t_R)
                                         n47652 (net)
                  7.25    0.19 2731.14 v u59919/A (AND3x1_ASAP7_75t_R)
     2    1.86   11.82   13.89 2745.03 v u59919/Y (AND3x1_ASAP7_75t_R)
                                         n47851 (net)
                 11.82    0.09 2745.11 v u59925/A (NOR2x1_ASAP7_75t_R)
     2    2.91   21.18   14.22 2759.33 ^ u59925/Y (NOR2x1_ASAP7_75t_R)
                                         n47857 (net)
                 21.19    0.31 2759.64 ^ u59989/A1 (OAI21x1_ASAP7_75t_R)
     4    5.52   30.68   18.11 2777.75 v u59989/Y (OAI21x1_ASAP7_75t_R)
                                         n47921 (net)
                 30.80    1.09 2778.84 v u59993/A (AND4x1_ASAP7_75t_R)
     1    0.90    7.48   16.74 2795.58 v u59993/Y (AND4x1_ASAP7_75t_R)
                                         n47925 (net)
                  7.48    0.06 2795.64 v u59994/B (AO21x1_ASAP7_75t_R)
     2    1.57   11.31   18.04 2813.68 v u59994/Y (AO21x1_ASAP7_75t_R)
                                         n47926 (net)
                 11.31    0.04 2813.72 v u59995/B (AO21x1_ASAP7_75t_R)
     1    1.27    9.91   18.02 2831.75 v u59995/Y (AO21x1_ASAP7_75t_R)
                                         n47927 (net)
                  9.92    0.07 2831.82 v u59999/A (XNOR2x2_ASAP7_75t_R)
     1    1.00    7.51   21.16 2852.98 ^ u59999/Y (XNOR2x2_ASAP7_75t_R)
                                         grp_uacc_section14_cost_core_fu_2337.uacc_section14_allocator_mul_16ns_115ns_130_7_1_U17.uacc_section14_allocator_uacc_section14_allocator_mul_16ns_115ns_130_7_1_Mul_DSP_4_U.tmp_product[129]* (net)
                  7.51    0.08 2853.06 ^ u39797/D (DFFHQNx1_ASAP7_75t_R)
                               2853.06   data arrival time

                       5000.00 5000.00   clock core_clock (rise edge)
                          0.00 5000.00   clock source latency
     1   12.61    0.00    0.00 5000.00 ^ ap_clk (in)
                                         ap_clk (net)
                 62.11   19.59 5019.59 ^ wire12009/A (BUFx6f_ASAP7_75t_R)
     1   12.57   12.24   23.46 5043.05 ^ wire12009/Y (BUFx6f_ASAP7_75t_R)
                                         net11980 (net)
                 66.89   20.62 5063.67 ^ wire12008/A (BUFx12f_ASAP7_75t_R)
     1   18.80   10.73   23.31 5086.99 ^ wire12008/Y (BUFx12f_ASAP7_75t_R)
                                         net11979 (net)
                141.90   44.69 5131.68 ^ clkbuf_0_ap_clk/A (BUFx24_ASAP7_75t_R)
     2   14.17   14.95   40.13 5171.81 ^ clkbuf_0_ap_clk/Y (BUFx24_ASAP7_75t_R)
                                         clknet_0_ap_clk (net)
                 26.99    7.50 5179.31 ^ clkbuf_1_0_0_ap_clk/A (BUFx24_ASAP7_75t_R)
     2    9.40    8.50   22.57 5201.88 ^ clkbuf_1_0_0_ap_clk/Y (BUFx24_ASAP7_75t_R)
                                         clknet_1_0_0_ap_clk (net)
                 29.60    8.94 5210.82 ^ clkbuf_2_1_0_ap_clk/A (BUFx24_ASAP7_75t_R)
     1    8.59    8.65   23.29 5234.11 ^ clkbuf_2_1_0_ap_clk/Y (BUFx24_ASAP7_75t_R)
                                         clknet_2_1_0_ap_clk (net)
                 30.50    9.31 5243.42 ^ clkbuf_2_1_1_ap_clk/A (BUFx24_ASAP7_75t_R)
     2   12.26    9.46   23.69 5267.11 ^ clkbuf_2_1_1_ap_clk/Y (BUFx24_ASAP7_75t_R)
                                         clknet_2_1_1_ap_clk (net)
                 23.75    6.70 5273.80 ^ clkbuf_3_3_0_ap_clk/A (BUFx24_ASAP7_75t_R)
     4   18.66   10.40   22.52 5296.33 ^ clkbuf_3_3_0_ap_clk/Y (BUFx24_ASAP7_75t_R)
                                         clknet_3_3_0_ap_clk (net)
                 41.95   12.78 5309.10 ^ clkbuf_5_12_0_ap_clk/A (BUFx24_ASAP7_75t_R)
     2    9.23   10.00   26.43 5335.53 ^ clkbuf_5_12_0_ap_clk/Y (BUFx24_ASAP7_75t_R)
                                         clknet_5_12_0_ap_clk (net)
                 14.23    3.38 5338.91 ^ clkbuf_6_25__f_ap_clk/A (BUFx24_ASAP7_75t_R)
    16   47.81   25.45   23.51 5362.42 ^ clkbuf_6_25__f_ap_clk/Y (BUFx24_ASAP7_75t_R)
                                         clknet_6_25__leaf_ap_clk (net)
                 28.91    4.58 5367.00 ^ clkbuf_leaf_646_ap_clk/A (BUFx24_ASAP7_75t_R)
    16   14.57   12.28   24.75 5391.75 ^ clkbuf_leaf_646_ap_clk/Y (BUFx24_ASAP7_75t_R)
                                         clknet_leaf_646_ap_clk (net)
                 12.41    0.67 5392.41 ^ u39797/CLK (DFFHQNx1_ASAP7_75t_R)
                          6.65 5399.06   clock reconvergence pessimism
                         -5.54 5393.52   library setup time
                               5393.52   data required time
-----------------------------------------------------------------------------
                               5393.52   data required time
                               -2853.06   data arrival time
-----------------------------------------------------------------------------
                               2540.46   slack (MET)



==========================================================================
cts final report_checks -unconstrained
--------------------------------------------------------------------------
Startpoint: u53071 (rising edge-triggered flip-flop clocked by core_clock)
Endpoint: u39797 (rising edge-triggered flip-flop clocked by core_clock)
Path Group: core_clock
Path Type: max

Fanout     Cap    Slew   Delay    Time   Description
-----------------------------------------------------------------------------
                          0.00    0.00   clock core_clock (rise edge)
                          0.00    0.00   clock source latency
     1   12.89    0.00    0.00    0.00 ^ ap_clk (in)
                                         ap_clk (net)
                 64.65   20.39   20.39 ^ wire12009/A (BUFx6f_ASAP7_75t_R)
     1   13.11   12.38   23.76   44.16 ^ wire12009/Y (BUFx6f_ASAP7_75t_R)
                                         net11980 (net)
                 71.59   22.11   66.27 ^ wire12008/A (BUFx12f_ASAP7_75t_R)
     1   19.40   10.85   23.84   90.11 ^ wire12008/Y (BUFx12f_ASAP7_75t_R)
                                         net11979 (net)
                150.08   47.27  137.38 ^ clkbuf_0_ap_clk/A (BUFx24_ASAP7_75t_R)
     2   15.37   15.45   41.08  178.46 ^ clkbuf_0_ap_clk/Y (BUFx24_ASAP7_75t_R)
                                         clknet_0_ap_clk (net)
                 27.82    7.62  186.08 ^ clkbuf_1_1_0_ap_clk/A (BUFx24_ASAP7_75t_R)
     2   10.68    8.58   22.79  208.87 ^ clkbuf_1_1_0_ap_clk/Y (BUFx24_ASAP7_75t_R)
                                         clknet_1_1_0_ap_clk (net)
                 34.85   10.62  219.49 ^ clkbuf_2_3_0_ap_clk/A (BUFx24_ASAP7_75t_R)
     1    9.09    8.91   24.59  244.08 ^ clkbuf_2_3_0_ap_clk/Y (BUFx24_ASAP7_75t_R)
                                         clknet_2_3_0_ap_clk (net)
                 32.94   10.07  254.15 ^ clkbuf_2_3_1_ap_clk/A (BUFx24_ASAP7_75t_R)
     2   13.33    9.65   24.32  278.48 ^ clkbuf_2_3_1_ap_clk/Y (BUFx24_ASAP7_75t_R)
                                         clknet_2_3_1_ap_clk (net)
                 33.02    9.93  288.41 ^ clkbuf_3_6_0_ap_clk/A (BUFx24_ASAP7_75t_R)
     4   20.29    9.10   24.13  312.54 ^ clkbuf_3_6_0_ap_clk/Y (BUFx24_ASAP7_75t_R)
                                         clknet_3_6_0_ap_clk (net)
                 62.67   19.41  331.95 ^ clkbuf_5_26_0_ap_clk/A (BUFx24_ASAP7_75t_R)
     2    9.81   10.91   29.93  361.88 ^ clkbuf_5_26_0_ap_clk/Y (BUFx24_ASAP7_75t_R)
                                         clknet_5_26_0_ap_clk (net)
                 20.28    5.65  367.52 ^ clkbuf_6_52__f_ap_clk/A (BUFx24_ASAP7_75t_R)
     8   32.32   18.50   23.98  391.51 ^ clkbuf_6_52__f_ap_clk/Y (BUFx24_ASAP7_75t_R)
                                         clknet_6_52__leaf_ap_clk (net)
                 21.48    3.37  394.88 ^ clkbuf_leaf_432_ap_clk/A (BUFx24_ASAP7_75t_R)
    15   17.66   13.32   23.48  418.36 ^ clkbuf_leaf_432_ap_clk/Y (BUFx24_ASAP7_75t_R)
                                         clknet_leaf_432_ap_clk (net)
                 13.38    0.46  418.82 ^ u53071/CLK (DFFHQNx2_ASAP7_75t_R)
    20   31.51  102.58   79.82  498.64 v u53071/QN (DFFHQNx2_ASAP7_75t_R)
                                         grp_uacc_section14_cost_core_fu_2337.uacc_section14_allocator_mul_16ns_115ns_130_7_1_U17.uacc_section14_allocator_uacc_section14_allocator_mul_16ns_115ns_130_7_1_Mul_DSP_4_U.a_reg0[1] (net)
                125.33   25.04  523.68 v place11075/A (BUFx3_ASAP7_75t_R)
    24   31.69   65.71   49.31  572.99 v place11075/Y (BUFx3_ASAP7_75t_R)
                                         net11046 (net)
                 66.45    4.03  577.02 v u58058/B (AND2x2_ASAP7_75t_R)
     2    2.19   11.05   29.28  606.30 v u58058/Y (AND2x2_ASAP7_75t_R)
                                         n45990 (net)
                 11.07    0.25  606.55 v u58059/B (XOR2x2_ASAP7_75t_R)
     2    1.60    9.40   25.99  632.54 ^ u58059/Y (XOR2x2_ASAP7_75t_R)
                                         n45991 (net)
                  9.40    0.05  632.60 ^ u58061/A (XOR2x2_ASAP7_75t_R)
     2    2.28   11.52   26.26  658.86 ^ u58061/Y (XOR2x2_ASAP7_75t_R)
                                         n45993 (net)
                 11.52    0.13  658.99 ^ u58110/A (XOR2x2_ASAP7_75t_R)
     1    1.00    7.66   24.54  683.53 ^ u58110/Y (XOR2x2_ASAP7_75t_R)
                                         n46042 (net)
                  7.66    0.04  683.57 ^ u58111/A (XOR2x2_ASAP7_75t_R)
     2    1.64    9.65   24.60  708.17 ^ u58111/Y (XOR2x2_ASAP7_75t_R)
                                         n46043 (net)
                  9.66    0.08  708.25 ^ u58113/A (XOR2x2_ASAP7_75t_R)
     2    1.67    9.65   25.26  733.50 ^ u58113/Y (XOR2x2_ASAP7_75t_R)
                                         n46045 (net)
                  9.65    0.05  733.56 ^ u58174/B (XOR2x2_ASAP7_75t_R)
     2    1.64    9.52   25.61  759.17 ^ u58174/Y (XOR2x2_ASAP7_75t_R)
                                         n46106 (net)
                  9.52    0.09  759.26 ^ u58192/A (XOR2x2_ASAP7_75t_R)
     2    1.78   10.04   25.41  784.67 ^ u58192/Y (XOR2x2_ASAP7_75t_R)
                                         n46124 (net)
                 10.04    0.10  784.77 ^ u58214/B (XOR2x2_ASAP7_75t_R)
     2    2.34   11.75   26.94  811.71 ^ u58214/Y (XOR2x2_ASAP7_75t_R)
                                         n46146 (net)
                 11.78    0.26  811.97 ^ u58280/A (XOR2x2_ASAP7_75t_R)
     2    2.16   11.21   26.68  838.65 ^ u58280/Y (XOR2x2_ASAP7_75t_R)
                                         n46212 (net)
                 11.22    0.13  838.78 ^ u58281/B2 (AO22x2_ASAP7_75t_R)
     2    2.98   13.75   20.39  859.17 ^ u58281/Y (AO22x2_ASAP7_75t_R)
                                         n46213 (net)
                 13.77    0.31  859.48 ^ u58283/B (MAJx2_ASAP7_75t_R)
     3    2.89   13.50   23.34  882.82 ^ u58283/Y (MAJx2_ASAP7_75t_R)
                                         n46215 (net)
                 13.51    0.19  883.01 ^ u58284/B (AO21x1_ASAP7_75t_R)
     1    0.87    8.55   12.99  896.00 ^ u58284/Y (AO21x1_ASAP7_75t_R)
                                         n46216 (net)
                  8.56    0.05  896.06 ^ u58286/C (AND4x1_ASAP7_75t_R)
     3    3.29   26.08   30.62  926.68 ^ u58286/Y (AND4x1_ASAP7_75t_R)
                                         n46218 (net)
                 26.09    0.11  926.78 ^ u58313/B (NOR2x1_ASAP7_75t_R)
     2    1.83   15.85   13.56  940.34 v u58313/Y (NOR2x1_ASAP7_75t_R)
                                         n46245 (net)
                 15.86    0.12  940.46 v u58342/A (AND2x2_ASAP7_75t_R)
     2    2.32    9.59   19.78  960.24 v u58342/Y (AND2x2_ASAP7_75t_R)
                                         n46274 (net)
                  9.60    0.10  960.34 v u58343/B (AND2x4_ASAP7_75t_R)
     2    2.46    6.57   14.57  974.91 v u58343/Y (AND2x4_ASAP7_75t_R)
                                         n46275 (net)
                  6.57    0.08  974.99 v u58358/A (NAND2x1_ASAP7_75t_R)
     3    3.34   25.10   15.34  990.33 ^ u58358/Y (NAND2x1_ASAP7_75t_R)
                                         n46290 (net)
                 25.10    0.15  990.48 ^ u58367/A (NOR2x1_ASAP7_75t_R)
     3    3.63   25.56   19.90 1010.38 v u58367/Y (NOR2x1_ASAP7_75t_R)
                                         n46299 (net)
                 25.58    0.36 1010.74 v u58369/B (MAJx2_ASAP7_75t_R)
     2    2.85   12.67   28.76 1039.49 v u58369/Y (MAJx2_ASAP7_75t_R)
                                         n46301 (net)
                 12.69    0.27 1039.76 v u58371/B (MAJx2_ASAP7_75t_R)
     3    2.45   11.53   24.45 1064.20 v u58371/Y (MAJx2_ASAP7_75t_R)
                                         n46303 (net)
                 11.54    0.20 1064.41 v u58372/C (AND3x1_ASAP7_75t_R)
     1    0.86    6.84   13.91 1078.32 v u58372/Y (AND3x1_ASAP7_75t_R)
                                         n46304 (net)
                  6.84    0.06 1078.38 v u58375/A (OR2x2_ASAP7_75t_R)
     3    3.75   14.56   20.40 1098.78 v u58375/Y (OR2x2_ASAP7_75t_R)
                                         n46307 (net)
                 14.71    0.84 1099.62 v u58390/A1 (AO32x1_ASAP7_75t_R)
     3    2.53   17.67   26.50 1126.12 v u58390/Y (AO32x1_ASAP7_75t_R)
                                         n46322 (net)
                 17.68    0.22 1126.34 v u58391/C (AND3x1_ASAP7_75t_R)
     1    0.85    6.97   15.65 1142.00 v u58391/Y (AND3x1_ASAP7_75t_R)
                                         n46323 (net)
                  6.97    0.06 1142.05 v u58394/A (OR2x2_ASAP7_75t_R)
     3    2.28   10.20   18.46 1160.51 v u58394/Y (OR2x2_ASAP7_75t_R)
                                         n46326 (net)
                 10.21    0.12 1160.63 v u58395/C (AND3x1_ASAP7_75t_R)
     1    0.68    5.89   13.04 1173.67 v u58395/Y (AND3x1_ASAP7_75t_R)
                                         n46327 (net)
                  5.89    0.03 1173.70 v u58398/A (OR2x2_ASAP7_75t_R)
     2    2.43   10.67   18.39 1192.09 v u58398/Y (OR2x2_ASAP7_75t_R)
                                         n46330 (net)
                 10.70    0.29 1192.38 v u58399/B2 (AO22x2_ASAP7_75t_R)
     2    3.66   14.59   23.03 1215.41 v u58399/Y (AO22x2_ASAP7_75t_R)
                                         n46331 (net)
                 14.73    0.78 1216.20 v u58401/B (MAJx2_ASAP7_75t_R)
     2    1.80    9.83   23.94 1240.14 v u58401/Y (MAJx2_ASAP7_75t_R)
                                         n46333 (net)
                  9.84    0.10 1240.24 v u58403/B1 (AO22x2_ASAP7_75t_R)
     2    2.90   12.15   22.63 1262.87 v u58403/Y (AO22x2_ASAP7_75t_R)
                                         n46335 (net)
                 12.18    0.30 1263.16 v u58405/B (MAJx2_ASAP7_75t_R)
     2    1.90   10.12   23.38 1286.54 v u58405/Y (MAJx2_ASAP7_75t_R)
                                         n46337 (net)
                 10.13    0.13 1286.67 v u58407/B1 (AO22x2_ASAP7_75t_R)
     2    3.41   13.76   23.35 1310.02 v u58407/Y (AO22x2_ASAP7_75t_R)
                                         n46339 (net)
                 13.85    0.59 1310.62 v u58409/B (MAJx2_ASAP7_75t_R)
     2    1.87   10.01   23.82 1334.43 v u58409/Y (MAJx2_ASAP7_75t_R)
                                         n46341 (net)
                 10.01    0.10 1334.54 v u58411/B1 (AO22x2_ASAP7_75t_R)
     2    3.16   12.84   23.08 1357.61 v u58411/Y (AO22x2_ASAP7_75t_R)
                                         n46343 (net)
                 12.87    0.34 1357.96 v u58413/B (MAJx2_ASAP7_75t_R)
     3    2.26   10.99   24.22 1382.17 v u58413/Y (MAJx2_ASAP7_75t_R)
                                         n46345 (net)
                 10.99    0.08 1382.26 v u58417/A3 (AO32x1_ASAP7_75t_R)
     3    2.61   18.03   28.96 1411.22 v u58417/Y (AO32x1_ASAP7_75t_R)
                                         n46349 (net)
                 18.04    0.19 1411.41 v u58419/C1 (AO222x2_ASAP7_75t_R)
     1    0.71    9.22   29.83 1441.24 v u58419/Y (AO222x2_ASAP7_75t_R)
                                         n46351 (net)
                  9.22    0.03 1441.26 v u58420/B (OA21x2_ASAP7_75t_R)
     2    3.04   12.54   15.98 1457.24 v u58420/Y (OA21x2_ASAP7_75t_R)
                                         n46352 (net)
                 12.66    0.66 1457.90 v u58422/B1 (AO22x2_ASAP7_75t_R)
     2    2.71   11.68   23.23 1481.14 v u58422/Y (AO22x2_ASAP7_75t_R)
                                         n46354 (net)
                 11.70    0.20 1481.34 v u58424/B (MAJx2_ASAP7_75t_R)
     2    1.95   10.25   23.31 1504.65 v u58424/Y (MAJx2_ASAP7_75t_R)
                                         n46356 (net)
                 10.26    0.14 1504.79 v u58426/B1 (AO22x2_ASAP7_75t_R)
     2    2.85   12.00   22.69 1527.48 v u58426/Y (AO22x2_ASAP7_75t_R)
                                         n46358 (net)
                 12.02    0.24 1527.72 v u58428/B (MAJx2_ASAP7_75t_R)
     3    2.66   12.10   24.57 1552.29 v u58428/Y (MAJx2_ASAP7_75t_R)
                                         n46360 (net)
                 12.13    0.30 1552.59 v u58429/C (AND3x1_ASAP7_75t_R)
     1    0.68    5.98   13.61 1566.19 v u58429/Y (AND3x1_ASAP7_75t_R)
                                         n46361 (net)
                  5.98    0.03 1566.22 v u58432/A (OR2x2_ASAP7_75t_R)
     3    3.01   12.22   19.33 1585.55 v u58432/Y (OR2x2_ASAP7_75t_R)
                                         n46364 (net)
                 12.27    0.41 1585.97 v u58434/C1 (AO222x2_ASAP7_75t_R)
     1    0.81    9.43   28.54 1614.51 v u58434/Y (AO222x2_ASAP7_75t_R)
                                         n46366 (net)
                  9.43    0.04 1614.55 v u58435/B (OA21x2_ASAP7_75t_R)
     3    2.56   11.05   15.53 1630.08 v u58435/Y (OA21x2_ASAP7_75t_R)
                                         n46367 (net)
                 11.06    0.20 1630.28 v u58439/A3 (AO32x1_ASAP7_75t_R)
     3    2.64   18.21   29.02 1659.31 v u58439/Y (AO32x1_ASAP7_75t_R)
                                         n46371 (net)
                 18.22    0.26 1659.57 v u58440/C (AND3x1_ASAP7_75t_R)
     1    0.63    5.90   15.20 1674.77 v u58440/Y (AND3x1_ASAP7_75t_R)
                                         n46372 (net)
                  5.90    0.02 1674.79 v u58443/A (OR2x2_ASAP7_75t_R)
     3    3.08   12.45   19.38 1694.18 v u58443/Y (OR2x2_ASAP7_75t_R)
                                         n46375 (net)
                 12.52    0.48 1694.66 v u58447/A3 (AO32x1_ASAP7_75t_R)
     3    2.77   18.82   29.76 1724.42 v u58447/Y (AO32x1_ASAP7_75t_R)
                                         n46379 (net)
                 18.83    0.27 1724.69 v u58458/A (AND3x1_ASAP7_75t_R)
     1    0.63    5.82   13.74 1738.43 v u58458/Y (AND3x1_ASAP7_75t_R)
                                         n46390 (net)
                  5.82    0.02 1738.45 v u58461/A (OR2x2_ASAP7_75t_R)
     3    3.14   12.60   19.46 1757.90 v u58461/Y (OR2x2_ASAP7_75t_R)
                                         n46393 (net)
                 12.65    0.46 1758.36 v u58463/C1 (AO222x2_ASAP7_75t_R)
     1    0.71    9.20   28.42 1786.79 v u58463/Y (AO222x2_ASAP7_75t_R)
                                         n46395 (net)
                  9.20    0.03 1786.81 v u58464/B (OA21x2_ASAP7_75t_R)
     3    2.89   12.00   15.84 1802.65 v u58464/Y (OA21x2_ASAP7_75t_R)
                                         n46396 (net)
                 12.05    0.42 1803.07 v u58465/C (AND3x1_ASAP7_75t_R)
     1    0.86    6.86   14.06 1817.13 v u58465/Y (AND3x1_ASAP7_75t_R)
                                         n46397 (net)
                  6.86    0.06 1817.18 v u58468/A (OR2x2_ASAP7_75t_R)
     2    2.18   10.02   18.21 1835.40 v u58468/Y (OR2x2_ASAP7_75t_R)
                                         n46400 (net)
                 10.05    0.26 1835.66 v u58472/A (AND2x2_ASAP7_75t_R)
     2    1.43    7.19   16.46 1852.12 v u58472/Y (AND2x2_ASAP7_75t_R)
                                         n46404 (net)
                  7.19    0.08 1852.20 v u58473/B (AND2x2_ASAP7_75t_R)
     2    1.60    7.68   14.85 1867.04 v u58473/Y (AND2x2_ASAP7_75t_R)
                                         n46405 (net)
                  7.69    0.15 1867.19 v u58513/A1 (AO221x1_ASAP7_75t_R)
     3    2.55   18.03   26.74 1893.93 v u58513/Y (AO221x1_ASAP7_75t_R)
                                         n46445 (net)
                 18.03    0.14 1894.07 v u58527/A1 (AO32x1_ASAP7_75t_R)
     3    4.01   25.49   30.76 1924.83 v u58527/Y (AO32x1_ASAP7_75t_R)
                                         n46459 (net)
                 25.59    0.91 1925.74 v u58531/A3 (AO32x1_ASAP7_75t_R)
     3    2.82   19.10   32.82 1958.56 v u58531/Y (AO32x1_ASAP7_75t_R)
                                         n46463 (net)
                 19.13    0.40 1958.95 v u58532/C (AND3x1_ASAP7_75t_R)
     1    0.75    6.51   15.79 1974.75 v u58532/Y (AND3x1_ASAP7_75t_R)
                                         n46464 (net)
                  6.51    0.04 1974.79 v u58535/A (OR2x2_ASAP7_75t_R)
     3    3.47   13.66   20.00 1994.78 v u58535/Y (OR2x2_ASAP7_75t_R)
                                         n46467 (net)
                 13.78    0.69 1995.47 v u58546/A (AND3x1_ASAP7_75t_R)
     1    0.82    6.57   13.02 2008.49 v u58546/Y (AND3x1_ASAP7_75t_R)
                                         n46478 (net)
                  6.58    0.05 2008.54 v u58549/A (OR2x2_ASAP7_75t_R)
     3    3.27   13.00   19.79 2028.33 v u58549/Y (OR2x2_ASAP7_75t_R)
                                         n46481 (net)
                 13.07    0.53 2028.86 v u58551/C1 (AO222x2_ASAP7_75t_R)
     1    0.84    9.52   28.83 2057.69 v u58551/Y (AO222x2_ASAP7_75t_R)
                                         n46483 (net)
                  9.52    0.05 2057.74 v u58552/B (OA21x2_ASAP7_75t_R)
     3    3.43   13.66   16.55 2074.29 v u58552/Y (OA21x2_ASAP7_75t_R)
                                         n46484 (net)
                 13.78    0.68 2074.97 v u58556/A3 (AO32x1_ASAP7_75t_R)
     3    2.74   18.63   29.94 2104.91 v u58556/Y (AO32x1_ASAP7_75t_R)
                                         n46488 (net)
                 18.65    0.33 2105.24 v u58557/B2 (AO222x2_ASAP7_75t_R)
     1    0.77    9.34   32.07 2137.31 v u58557/Y (AO222x2_ASAP7_75t_R)
                                         n46489 (net)
                  9.34    0.04 2137.35 v u58558/B (OA21x2_ASAP7_75t_R)
     2    1.69    8.72   14.25 2151.60 v u58558/Y (OA21x2_ASAP7_75t_R)
                                         n46490 (net)
                  8.72    0.06 2151.66 v u58560/B1 (AO22x2_ASAP7_75t_R)
     2    2.57   11.30   21.82 2173.48 v u58560/Y (AO22x2_ASAP7_75t_R)
                                         n46492 (net)
                 11.31    0.13 2173.60 v u58562/B (MAJx2_ASAP7_75t_R)
     3    2.74   12.34   24.49 2198.09 v u58562/Y (MAJx2_ASAP7_75t_R)
                                         n46494 (net)
                 12.36    0.31 2198.40 v u58563/C (AND3x1_ASAP7_75t_R)
     1    1.34    9.20   15.42 2213.82 v u58563/Y (AND3x1_ASAP7_75t_R)
                                         n46495 (net)
                  9.20    0.08 2213.91 v u58566/A (OR2x6_ASAP7_75t_R)
     3    4.52   10.12   20.20 2234.11 v u58566/Y (OR2x6_ASAP7_75t_R)
                                         n46498 (net)
                 10.36    0.83 2234.94 v u58569/A (NOR2x1_ASAP7_75t_R)
     1    0.78    9.01    8.30 2243.25 ^ u58569/Y (NOR2x1_ASAP7_75t_R)
                                         n46501 (net)
                  9.01    0.04 2243.29 ^ u58570/B (AO21x1_ASAP7_75t_R)
     2    3.01   21.45   17.66 2260.95 ^ u58570/Y (AO21x1_ASAP7_75t_R)
                                         n46502 (net)
                 21.49    0.61 2261.55 ^ u58571/B (NOR2x1_ASAP7_75t_R)
     3    2.20   16.44   13.87 2275.43 v u58571/Y (NOR2x1_ASAP7_75t_R)
                                         n46503 (net)
                 16.44    0.10 2275.53 v u58577/A1 (AO21x1_ASAP7_75t_R)
     3    2.76   17.38   23.16 2298.70 v u58577/Y (AO21x1_ASAP7_75t_R)
                                         n46509 (net)
                 17.38    0.23 2298.93 v u58579/C1 (AO222x2_ASAP7_75t_R)
     1    0.74    9.27   29.70 2328.63 v u58579/Y (AO222x2_ASAP7_75t_R)
                                         n46511 (net)
                  9.27    0.03 2328.66 v u58580/B (OA21x2_ASAP7_75t_R)
     3    2.50   10.90   15.37 2344.03 v u58580/Y (OA21x2_ASAP7_75t_R)
                                         n46512 (net)
                 10.91    0.21 2344.24 v u58581/C (AND3x1_ASAP7_75t_R)
     1    0.66    5.80   13.19 2357.42 v u58581/Y (AND3x1_ASAP7_75t_R)
                                         n46513 (net)
                  5.80    0.03 2357.45 v u58584/A (OR2x2_ASAP7_75t_R)
     3    3.21   12.86   19.52 2376.96 v u58584/Y (OR2x2_ASAP7_75t_R)
                                         n46516 (net)
                 12.94    0.56 2377.52 v u58588/A3 (AO32x1_ASAP7_75t_R)
     3    3.17   20.86   30.79 2408.32 v u58588/Y (AO32x1_ASAP7_75t_R)
                                         n46520 (net)
                 20.90    0.53 2408.85 v u58592/A3 (AO32x1_ASAP7_75t_R)
     3    3.20   21.00   32.74 2441.59 v u58592/Y (AO32x1_ASAP7_75t_R)
                                         n46524 (net)
                 21.05    0.53 2442.13 v u58603/A (AND3x1_ASAP7_75t_R)
     1    0.64    5.95   14.22 2456.35 v u58603/Y (AND3x1_ASAP7_75t_R)
                                         n46535 (net)
                  5.95    0.02 2456.37 v u58606/A (OR2x2_ASAP7_75t_R)
     2    2.09    9.74   17.89 2474.26 v u58606/Y (OR2x2_ASAP7_75t_R)
                                         n46538 (net)
                  9.75    0.16 2474.42 v u58607/B2 (AO22x2_ASAP7_75t_R)
     2    2.64   11.47   21.49 2495.91 v u58607/Y (AO22x2_ASAP7_75t_R)
                                         n46539 (net)
                 11.48    0.17 2496.08 v u58609/B (MAJx2_ASAP7_75t_R)
     3    2.73   12.34   24.52 2520.60 v u58609/Y (MAJx2_ASAP7_75t_R)
                                         n46541 (net)
                 12.37    0.37 2520.97 v u58610/B2 (AO222x2_ASAP7_75t_R)
     1    0.75    9.29   30.60 2551.58 v u58610/Y (AO222x2_ASAP7_75t_R)
                                         n46542 (net)
                  9.29    0.03 2551.61 v u58611/B (OA21x2_ASAP7_75t_R)
     2    2.19   10.17   14.90 2566.51 v u58611/Y (OA21x2_ASAP7_75t_R)
                                         n46543 (net)
                 10.20    0.27 2566.78 v u58675/A (AND2x2_ASAP7_75t_R)
     2    1.90    8.46   17.24 2584.01 v u58675/Y (AND2x2_ASAP7_75t_R)
                                         n46607 (net)
                  8.46    0.09 2584.11 v u58736/A (NAND2x1_ASAP7_75t_R)
     2    3.48   26.35   16.12 2600.23 ^ u58736/Y (NAND2x1_ASAP7_75t_R)
                                         n46668 (net)
                 26.40    0.69 2600.92 ^ u58738/A (NAND2x1_ASAP7_75t_R)
     4    3.39   20.31   14.83 2615.74 v u58738/Y (NAND2x1_ASAP7_75t_R)
                                         n46670 (net)
                 20.31    0.13 2615.88 v u58986/A1 (AO221x1_ASAP7_75t_R)
     3    2.84   19.37   29.76 2645.63 v u58986/Y (AO221x1_ASAP7_75t_R)
                                         n46918 (net)
                 19.37    0.13 2645.76 v u59229/A (AND3x1_ASAP7_75t_R)
     3    3.45   20.15   20.76 2666.53 v u59229/Y (AND3x1_ASAP7_75t_R)
                                         n47161 (net)
                 20.18    0.48 2667.01 v u59472/A1 (OA211x2_ASAP7_75t_R)
     2    1.57   11.40   25.79 2692.80 v u59472/Y (OA211x2_ASAP7_75t_R)
                                         n47404 (net)
                 11.41    0.10 2692.90 v u59715/A (OR3x1_ASAP7_75t_R)
     1    1.29   11.41   21.62 2714.53 v u59715/Y (OR3x1_ASAP7_75t_R)
                                         n47647 (net)
                 11.41    0.07 2714.60 v u59720/A (AND2x4_ASAP7_75t_R)
     3    2.87    7.23   16.34 2730.94 v u59720/Y (AND2x4_ASAP7_75t_R)
                                         n47652 (net)
                  7.25    0.19 2731.14 v u59919/A (AND3x1_ASAP7_75t_R)
     2    1.86   11.82   13.89 2745.03 v u59919/Y (AND3x1_ASAP7_75t_R)
                                         n47851 (net)
                 11.82    0.09 2745.11 v u59925/A (NOR2x1_ASAP7_75t_R)
     2    2.91   21.18   14.22 2759.33 ^ u59925/Y (NOR2x1_ASAP7_75t_R)
                                         n47857 (net)
                 21.19    0.31 2759.64 ^ u59989/A1 (OAI21x1_ASAP7_75t_R)
     4    5.52   30.68   18.11 2777.75 v u59989/Y (OAI21x1_ASAP7_75t_R)
                                         n47921 (net)
                 30.80    1.09 2778.84 v u59993/A (AND4x1_ASAP7_75t_R)
     1    0.90    7.48   16.74 2795.58 v u59993/Y (AND4x1_ASAP7_75t_R)
                                         n47925 (net)
                  7.48    0.06 2795.64 v u59994/B (AO21x1_ASAP7_75t_R)
     2    1.57   11.31   18.04 2813.68 v u59994/Y (AO21x1_ASAP7_75t_R)
                                         n47926 (net)
                 11.31    0.04 2813.72 v u59995/B (AO21x1_ASAP7_75t_R)
     1    1.27    9.91   18.02 2831.75 v u59995/Y (AO21x1_ASAP7_75t_R)
                                         n47927 (net)
                  9.92    0.07 2831.82 v u59999/A (XNOR2x2_ASAP7_75t_R)
     1    1.00    7.51   21.16 2852.98 ^ u59999/Y (XNOR2x2_ASAP7_75t_R)
                                         grp_uacc_section14_cost_core_fu_2337.uacc_section14_allocator_mul_16ns_115ns_130_7_1_U17.uacc_section14_allocator_uacc_section14_allocator_mul_16ns_115ns_130_7_1_Mul_DSP_4_U.tmp_product[129]* (net)
                  7.51    0.08 2853.06 ^ u39797/D (DFFHQNx1_ASAP7_75t_R)
                               2853.06   data arrival time

                       5000.00 5000.00   clock core_clock (rise edge)
                          0.00 5000.00   clock source latency
     1   12.61    0.00    0.00 5000.00 ^ ap_clk (in)
                                         ap_clk (net)
                 62.11   19.59 5019.59 ^ wire12009/A (BUFx6f_ASAP7_75t_R)
     1   12.57   12.24   23.46 5043.05 ^ wire12009/Y (BUFx6f_ASAP7_75t_R)
                                         net11980 (net)
                 66.89   20.62 5063.67 ^ wire12008/A (BUFx12f_ASAP7_75t_R)
     1   18.80   10.73   23.31 5086.99 ^ wire12008/Y (BUFx12f_ASAP7_75t_R)
                                         net11979 (net)
                141.90   44.69 5131.68 ^ clkbuf_0_ap_clk/A (BUFx24_ASAP7_75t_R)
     2   14.17   14.95   40.13 5171.81 ^ clkbuf_0_ap_clk/Y (BUFx24_ASAP7_75t_R)
                                         clknet_0_ap_clk (net)
                 26.99    7.50 5179.31 ^ clkbuf_1_0_0_ap_clk/A (BUFx24_ASAP7_75t_R)
     2    9.40    8.50   22.57 5201.88 ^ clkbuf_1_0_0_ap_clk/Y (BUFx24_ASAP7_75t_R)
                                         clknet_1_0_0_ap_clk (net)
                 29.60    8.94 5210.82 ^ clkbuf_2_1_0_ap_clk/A (BUFx24_ASAP7_75t_R)
     1    8.59    8.65   23.29 5234.11 ^ clkbuf_2_1_0_ap_clk/Y (BUFx24_ASAP7_75t_R)
                                         clknet_2_1_0_ap_clk (net)
                 30.50    9.31 5243.42 ^ clkbuf_2_1_1_ap_clk/A (BUFx24_ASAP7_75t_R)
     2   12.26    9.46   23.69 5267.11 ^ clkbuf_2_1_1_ap_clk/Y (BUFx24_ASAP7_75t_R)
                                         clknet_2_1_1_ap_clk (net)
                 23.75    6.70 5273.80 ^ clkbuf_3_3_0_ap_clk/A (BUFx24_ASAP7_75t_R)
     4   18.66   10.40   22.52 5296.33 ^ clkbuf_3_3_0_ap_clk/Y (BUFx24_ASAP7_75t_R)
                                         clknet_3_3_0_ap_clk (net)
                 41.95   12.78 5309.10 ^ clkbuf_5_12_0_ap_clk/A (BUFx24_ASAP7_75t_R)
     2    9.23   10.00   26.43 5335.53 ^ clkbuf_5_12_0_ap_clk/Y (BUFx24_ASAP7_75t_R)
                                         clknet_5_12_0_ap_clk (net)
                 14.23    3.38 5338.91 ^ clkbuf_6_25__f_ap_clk/A (BUFx24_ASAP7_75t_R)
    16   47.81   25.45   23.51 5362.42 ^ clkbuf_6_25__f_ap_clk/Y (BUFx24_ASAP7_75t_R)
                                         clknet_6_25__leaf_ap_clk (net)
                 28.91    4.58 5367.00 ^ clkbuf_leaf_646_ap_clk/A (BUFx24_ASAP7_75t_R)
    16   14.57   12.28   24.75 5391.75 ^ clkbuf_leaf_646_ap_clk/Y (BUFx24_ASAP7_75t_R)
                                         clknet_leaf_646_ap_clk (net)
                 12.41    0.67 5392.41 ^ u39797/CLK (DFFHQNx1_ASAP7_75t_R)
                          6.65 5399.06   clock reconvergence pessimism
                         -5.54 5393.52   library setup time
                               5393.52   data required time
-----------------------------------------------------------------------------
                               5393.52   data required time
                               -2853.06   data arrival time
-----------------------------------------------------------------------------
                               2540.46   slack (MET)



==========================================================================
cts final report_check_types -max_slew -max_cap -max_fanout -violators
--------------------------------------------------------------------------

==========================================================================
cts final max_slew_check_slack
--------------------------------------------------------------------------
4.5750346183776855

==========================================================================
cts final max_slew_check_limit
--------------------------------------------------------------------------
320.0

==========================================================================
cts final max_slew_check_slack_limit
--------------------------------------------------------------------------
0.0143

==========================================================================
cts final max_fanout_check_slack
--------------------------------------------------------------------------
1.0000000150474662e+30

==========================================================================
cts final max_fanout_check_limit
--------------------------------------------------------------------------
1.0000000150474662e+30

==========================================================================
cts final max_capacitance_check_slack
--------------------------------------------------------------------------
9.836374282836914

==========================================================================
cts final max_capacitance_check_limit
--------------------------------------------------------------------------
23.040000915527344

==========================================================================
cts final max_capacitance_check_slack_limit
--------------------------------------------------------------------------
0.4269

==========================================================================
cts final max_slew_violation_count
--------------------------------------------------------------------------
max slew violation count 0

==========================================================================
cts final max_fanout_violation_count
--------------------------------------------------------------------------
max fanout violation count 0

==========================================================================
cts final max_cap_violation_count
--------------------------------------------------------------------------
max cap violation count 0

==========================================================================
cts final setup_violation_count
--------------------------------------------------------------------------
setup violation count 0

==========================================================================
cts final hold_violation_count
--------------------------------------------------------------------------
hold violation count 43

==========================================================================
cts final report_checks -path_delay max reg to reg
--------------------------------------------------------------------------
Startpoint: u53071 (rising edge-triggered flip-flop clocked by core_clock)
Endpoint: u39797 (rising edge-triggered flip-flop clocked by core_clock)
Path Group: core_clock
Path Type: max

  Delay    Time   Description
---------------------------------------------------------
   0.00    0.00   clock core_clock (rise edge)
   0.00    0.00   clock source latency
   0.00    0.00 ^ ap_clk (in)
  44.16   44.16 ^ wire12009/Y (BUFx6f_ASAP7_75t_R)
  45.95   90.11 ^ wire12008/Y (BUFx12f_ASAP7_75t_R)
  88.35  178.46 ^ clkbuf_0_ap_clk/Y (BUFx24_ASAP7_75t_R)
  30.41  208.87 ^ clkbuf_1_1_0_ap_clk/Y (BUFx24_ASAP7_75t_R)
  35.21  244.08 ^ clkbuf_2_3_0_ap_clk/Y (BUFx24_ASAP7_75t_R)
  34.40  278.48 ^ clkbuf_2_3_1_ap_clk/Y (BUFx24_ASAP7_75t_R)
  34.06  312.54 ^ clkbuf_3_6_0_ap_clk/Y (BUFx24_ASAP7_75t_R)
  49.34  361.88 ^ clkbuf_5_26_0_ap_clk/Y (BUFx24_ASAP7_75t_R)
  29.63  391.51 ^ clkbuf_6_52__f_ap_clk/Y (BUFx24_ASAP7_75t_R)
  26.86  418.36 ^ clkbuf_leaf_432_ap_clk/Y (BUFx24_ASAP7_75t_R)
   0.46  418.82 ^ u53071/CLK (DFFHQNx2_ASAP7_75t_R)
  79.82  498.64 v u53071/QN (DFFHQNx2_ASAP7_75t_R)
  74.35  572.99 v place11075/Y (BUFx3_ASAP7_75t_R)
  33.31  606.30 v u58058/Y (AND2x2_ASAP7_75t_R)
  26.24  632.54 ^ u58059/Y (XOR2x2_ASAP7_75t_R)
  26.32  658.86 ^ u58061/Y (XOR2x2_ASAP7_75t_R)
  24.67  683.53 ^ u58110/Y (XOR2x2_ASAP7_75t_R)
  24.64  708.17 ^ u58111/Y (XOR2x2_ASAP7_75t_R)
  25.34  733.50 ^ u58113/Y (XOR2x2_ASAP7_75t_R)
  25.66  759.17 ^ u58174/Y (XOR2x2_ASAP7_75t_R)
  25.50  784.67 ^ u58192/Y (XOR2x2_ASAP7_75t_R)
  27.03  811.71 ^ u58214/Y (XOR2x2_ASAP7_75t_R)
  26.94  838.65 ^ u58280/Y (XOR2x2_ASAP7_75t_R)
  20.52  859.17 ^ u58281/Y (AO22x2_ASAP7_75t_R)
  23.65  882.82 ^ u58283/Y (MAJx2_ASAP7_75t_R)
  13.18  896.00 ^ u58284/Y (AO21x1_ASAP7_75t_R)
  30.67  926.68 ^ u58286/Y (AND4x1_ASAP7_75t_R)
  13.67  940.34 v u58313/Y (NOR2x1_ASAP7_75t_R)
  19.89  960.24 v u58342/Y (AND2x2_ASAP7_75t_R)
  14.68  974.91 v u58343/Y (AND2x4_ASAP7_75t_R)
  15.42  990.33 ^ u58358/Y (NAND2x1_ASAP7_75t_R)
  20.05 1010.38 v u58367/Y (NOR2x1_ASAP7_75t_R)
  29.11 1039.49 v u58369/Y (MAJx2_ASAP7_75t_R)
  24.71 1064.20 v u58371/Y (MAJx2_ASAP7_75t_R)
  14.11 1078.32 v u58372/Y (AND3x1_ASAP7_75t_R)
  20.46 1098.78 v u58375/Y (OR2x2_ASAP7_75t_R)
  27.35 1126.12 v u58390/Y (AO32x1_ASAP7_75t_R)
  15.87 1142.00 v u58391/Y (AND3x1_ASAP7_75t_R)
  18.52 1160.51 v u58394/Y (OR2x2_ASAP7_75t_R)
  13.16 1173.67 v u58395/Y (AND3x1_ASAP7_75t_R)
  18.42 1192.09 v u58398/Y (OR2x2_ASAP7_75t_R)
  23.32 1215.41 v u58399/Y (AO22x2_ASAP7_75t_R)
  24.73 1240.14 v u58401/Y (MAJx2_ASAP7_75t_R)
  22.73 1262.87 v u58403/Y (AO22x2_ASAP7_75t_R)
  23.68 1286.54 v u58405/Y (MAJx2_ASAP7_75t_R)
  23.48 1310.02 v u58407/Y (AO22x2_ASAP7_75t_R)
  24.41 1334.43 v u58409/Y (MAJx2_ASAP7_75t_R)
  23.18 1357.61 v u58411/Y (AO22x2_ASAP7_75t_R)
  24.56 1382.17 v u58413/Y (MAJx2_ASAP7_75t_R)
  29.04 1411.22 v u58417/Y (AO32x1_ASAP7_75t_R)
  30.02 1441.24 v u58419/Y (AO222x2_ASAP7_75t_R)
  16.01 1457.24 v u58420/Y (OA21x2_ASAP7_75t_R)
  23.89 1481.14 v u58422/Y (AO22x2_ASAP7_75t_R)
  23.51 1504.65 v u58424/Y (MAJx2_ASAP7_75t_R)
  22.83 1527.48 v u58426/Y (AO22x2_ASAP7_75t_R)
  24.81 1552.29 v u58428/Y (MAJx2_ASAP7_75t_R)
  13.91 1566.19 v u58429/Y (AND3x1_ASAP7_75t_R)
  19.36 1585.55 v u58432/Y (OR2x2_ASAP7_75t_R)
  28.96 1614.51 v u58434/Y (AO222x2_ASAP7_75t_R)
  15.57 1630.08 v u58435/Y (OA21x2_ASAP7_75t_R)
  29.22 1659.31 v u58439/Y (AO32x1_ASAP7_75t_R)
  15.47 1674.77 v u58440/Y (AND3x1_ASAP7_75t_R)
  19.40 1694.18 v u58443/Y (OR2x2_ASAP7_75t_R)
  30.24 1724.42 v u58447/Y (AO32x1_ASAP7_75t_R)
  14.01 1738.43 v u58458/Y (AND3x1_ASAP7_75t_R)
  19.48 1757.90 v u58461/Y (OR2x2_ASAP7_75t_R)
  28.88 1786.79 v u58463/Y (AO222x2_ASAP7_75t_R)
  15.86 1802.65 v u58464/Y (OA21x2_ASAP7_75t_R)
  14.48 1817.13 v u58465/Y (AND3x1_ASAP7_75t_R)
  18.27 1835.40 v u58468/Y (OR2x2_ASAP7_75t_R)
  16.72 1852.12 v u58472/Y (AND2x2_ASAP7_75t_R)
  14.93 1867.04 v u58473/Y (AND2x2_ASAP7_75t_R)
  26.88 1893.93 v u58513/Y (AO221x1_ASAP7_75t_R)
  30.90 1924.83 v u58527/Y (AO32x1_ASAP7_75t_R)
  33.73 1958.56 v u58531/Y (AO32x1_ASAP7_75t_R)
  16.19 1974.75 v u58532/Y (AND3x1_ASAP7_75t_R)
  20.03 1994.78 v u58535/Y (OR2x2_ASAP7_75t_R)
  13.71 2008.49 v u58546/Y (AND3x1_ASAP7_75t_R)
  19.84 2028.33 v u58549/Y (OR2x2_ASAP7_75t_R)
  29.36 2057.69 v u58551/Y (AO222x2_ASAP7_75t_R)
  16.60 2074.29 v u58552/Y (OA21x2_ASAP7_75t_R)
  30.62 2104.91 v u58556/Y (AO32x1_ASAP7_75t_R)
  32.40 2137.31 v u58557/Y (AO222x2_ASAP7_75t_R)
  14.29 2151.60 v u58558/Y (OA21x2_ASAP7_75t_R)
  21.87 2173.48 v u58560/Y (AO22x2_ASAP7_75t_R)
  24.61 2198.09 v u58562/Y (MAJx2_ASAP7_75t_R)
  15.73 2213.82 v u58563/Y (AND3x1_ASAP7_75t_R)
  20.29 2234.11 v u58566/Y (OR2x6_ASAP7_75t_R)
   9.14 2243.25 ^ u58569/Y (NOR2x1_ASAP7_75t_R)
  17.70 2260.95 ^ u58570/Y (AO21x1_ASAP7_75t_R)
  14.48 2275.43 v u58571/Y (NOR2x1_ASAP7_75t_R)
  23.27 2298.70 v u58577/Y (AO21x1_ASAP7_75t_R)
  29.94 2328.63 v u58579/Y (AO222x2_ASAP7_75t_R)
  15.40 2344.03 v u58580/Y (OA21x2_ASAP7_75t_R)
  13.39 2357.42 v u58581/Y (AND3x1_ASAP7_75t_R)
  19.54 2376.96 v u58584/Y (OR2x2_ASAP7_75t_R)
  31.35 2408.32 v u58588/Y (AO32x1_ASAP7_75t_R)
  33.28 2441.59 v u58592/Y (AO32x1_ASAP7_75t_R)
  14.76 2456.35 v u58603/Y (AND3x1_ASAP7_75t_R)
  17.91 2474.26 v u58606/Y (OR2x2_ASAP7_75t_R)
  21.65 2495.91 v u58607/Y (AO22x2_ASAP7_75t_R)
  24.69 2520.60 v u58609/Y (MAJx2_ASAP7_75t_R)
  30.98 2551.58 v u58610/Y (AO222x2_ASAP7_75t_R)
  14.94 2566.51 v u58611/Y (OA21x2_ASAP7_75t_R)
  17.50 2584.01 v u58675/Y (AND2x2_ASAP7_75t_R)
  16.22 2600.23 ^ u58736/Y (NAND2x1_ASAP7_75t_R)
  15.51 2615.74 v u58738/Y (NAND2x1_ASAP7_75t_R)
  29.89 2645.63 v u58986/Y (AO221x1_ASAP7_75t_R)
  20.90 2666.53 v u59229/Y (AND3x1_ASAP7_75t_R)
  26.27 2692.80 v u59472/Y (OA211x2_ASAP7_75t_R)
  21.73 2714.53 v u59715/Y (OR3x1_ASAP7_75t_R)
  16.42 2730.94 v u59720/Y (AND2x4_ASAP7_75t_R)
  14.08 2745.03 v u59919/Y (AND3x1_ASAP7_75t_R)
  14.31 2759.33 ^ u59925/Y (NOR2x1_ASAP7_75t_R)
  18.42 2777.75 v u59989/Y (OAI21x1_ASAP7_75t_R)
  17.83 2795.58 v u59993/Y (AND4x1_ASAP7_75t_R)
  18.10 2813.68 v u59994/Y (AO21x1_ASAP7_75t_R)
  18.07 2831.75 v u59995/Y (AO21x1_ASAP7_75t_R)
  21.24 2852.98 ^ u59999/Y (XNOR2x2_ASAP7_75t_R)
   0.08 2853.06 ^ u39797/D (DFFHQNx1_ASAP7_75t_R)
        2853.06   data arrival time

5000.00 5000.00   clock core_clock (rise edge)
   0.00 5000.00   clock source latency
   0.00 5000.00 ^ ap_clk (in)
  43.05 5043.05 ^ wire12009/Y (BUFx6f_ASAP7_75t_R)
  43.93 5086.99 ^ wire12008/Y (BUFx12f_ASAP7_75t_R)
  84.83 5171.81 ^ clkbuf_0_ap_clk/Y (BUFx24_ASAP7_75t_R)
  30.07 5201.88 ^ clkbuf_1_0_0_ap_clk/Y (BUFx24_ASAP7_75t_R)
  32.23 5234.11 ^ clkbuf_2_1_0_ap_clk/Y (BUFx24_ASAP7_75t_R)
  33.00 5267.11 ^ clkbuf_2_1_1_ap_clk/Y (BUFx24_ASAP7_75t_R)
  29.22 5296.33 ^ clkbuf_3_3_0_ap_clk/Y (BUFx24_ASAP7_75t_R)
  39.20 5335.53 ^ clkbuf_5_12_0_ap_clk/Y (BUFx24_ASAP7_75t_R)
  26.89 5362.42 ^ clkbuf_6_25__f_ap_clk/Y (BUFx24_ASAP7_75t_R)
  29.32 5391.75 ^ clkbuf_leaf_646_ap_clk/Y (BUFx24_ASAP7_75t_R)
   0.67 5392.41 ^ u39797/CLK (DFFHQNx1_ASAP7_75t_R)
   6.65 5399.06   clock reconvergence pessimism
  -5.54 5393.52   library setup time
        5393.52   data required time
---------------------------------------------------------
        5393.52   data required time
        -2853.06   data arrival time
---------------------------------------------------------
        2540.46   slack (MET)



==========================================================================
cts final report_checks -path_delay min reg to reg
--------------------------------------------------------------------------
Startpoint: u37777 (rising edge-triggered flip-flop clocked by core_clock)
Endpoint: u31960 (rising edge-triggered flip-flop clocked by core_clock)
Path Group: core_clock
Path Type: min

  Delay    Time   Description
---------------------------------------------------------
   0.00    0.00   clock core_clock (rise edge)
   0.00    0.00   clock source latency
   0.00    0.00 ^ ap_clk (in)
  43.05   43.05 ^ wire12009/Y (BUFx6f_ASAP7_75t_R)
  43.93   86.99 ^ wire12008/Y (BUFx12f_ASAP7_75t_R)
  84.83  171.81 ^ clkbuf_0_ap_clk/Y (BUFx24_ASAP7_75t_R)
  29.00  200.81 ^ clkbuf_1_1_0_ap_clk/Y (BUFx24_ASAP7_75t_R)
  32.90  233.71 ^ clkbuf_2_2_0_ap_clk/Y (BUFx24_ASAP7_75t_R)
  34.44  268.16 ^ clkbuf_2_2_1_ap_clk/Y (BUFx24_ASAP7_75t_R)
  19.53  287.68 ^ clkbuf_3_5_0_ap_clk/Y (BUFx24_ASAP7_75t_R)
  46.31  334.00 ^ clkbuf_5_23_0_ap_clk/Y (BUFx24_ASAP7_75t_R)
  30.28  364.27 ^ clkbuf_6_47__f_ap_clk/Y (BUFx24_ASAP7_75t_R)
  29.76  394.03 ^ clkbuf_leaf_253_ap_clk/Y (BUFx24_ASAP7_75t_R)
   0.38  394.41 ^ u37777/CLK (DFFHQNx1_ASAP7_75t_R)
  39.08  433.49 ^ u37777/QN (DFFHQNx1_ASAP7_75t_R)
   7.91  441.39 v u37779/Y (OAI21x1_ASAP7_75t_R)
   0.03  441.42 v u31960/D (DFFHQNx1_ASAP7_75t_R)
         441.42   data arrival time

   0.00    0.00   clock core_clock (rise edge)
   0.00    0.00   clock source latency
   0.00    0.00 ^ ap_clk (in)
  44.16   44.16 ^ wire12009/Y (BUFx6f_ASAP7_75t_R)
  45.95   90.11 ^ wire12008/Y (BUFx12f_ASAP7_75t_R)
  88.35  178.46 ^ clkbuf_0_ap_clk/Y (BUFx24_ASAP7_75t_R)
  30.41  208.87 ^ clkbuf_1_1_0_ap_clk/Y (BUFx24_ASAP7_75t_R)
  35.21  244.08 ^ clkbuf_2_3_0_ap_clk/Y (BUFx24_ASAP7_75t_R)
  34.40  278.48 ^ clkbuf_2_3_1_ap_clk/Y (BUFx24_ASAP7_75t_R)
  30.08  308.56 ^ clkbuf_3_7_0_ap_clk/Y (BUFx24_ASAP7_75t_R)
  42.33  350.88 ^ clkbuf_5_29_0_ap_clk/Y (BUFx24_ASAP7_75t_R)
  33.63  384.51 ^ clkbuf_6_58__f_ap_clk/Y (BUFx24_ASAP7_75t_R)
  84.78  469.29 ^ clkbuf_leaf_326_ap_clk/Y (BUFx24_ASAP7_75t_R)
   1.89  471.19 ^ u31960/CLK (DFFHQNx1_ASAP7_75t_R)
  -8.06  463.13   clock reconvergence pessimism
  12.92  476.05   library hold time
         476.05   data required time
---------------------------------------------------------
         476.05   data required time
        -441.42   data arrival time
---------------------------------------------------------
         -34.63   slack (VIOLATED)



==========================================================================
cts final critical path target clock latency max path
--------------------------------------------------------------------------
394.9967

==========================================================================
cts final critical path target clock latency min path
--------------------------------------------------------------------------
496.7274

==========================================================================
cts final critical path source clock latency min path
--------------------------------------------------------------------------
0.0000

==========================================================================
cts final critical path delay
--------------------------------------------------------------------------
2853.0601

==========================================================================
cts final critical path slack
--------------------------------------------------------------------------
2540.4551

==========================================================================
cts final slack div critical path delay
--------------------------------------------------------------------------
89.043168

==========================================================================
cts final report_power
--------------------------------------------------------------------------
Group                  Internal  Switching    Leakage      Total
                          Power      Power      Power      Power (Watts)
----------------------------------------------------------------
Sequential             1.08e-02   4.77e-04   2.44e-06   1.12e-02   6.8%
Combinational          8.72e-02   6.04e-02   1.11e-05   1.48e-01  89.9%
Clock                  3.16e-03   2.12e-03   5.60e-07   5.28e-03   3.2%
Macro                  0.00e+00   0.00e+00   0.00e+00   0.00e+00   0.0%
Pad                    0.00e+00   0.00e+00   0.00e+00   0.00e+00   0.0%
----------------------------------------------------------------
Total                  1.01e-01   6.30e-02   1.41e-05   1.64e-01 100.0%
                          61.6%      38.4%       0.0%
