
==========================================================================
global route report_tns
--------------------------------------------------------------------------
tns max 0.00

==========================================================================
global route report_wns
--------------------------------------------------------------------------
wns max 0.00

==========================================================================
global route report_worst_slack
--------------------------------------------------------------------------
worst slack max 2509.97

==========================================================================
global route report_clock_min_period
--------------------------------------------------------------------------
core_clock period_min = 2490.03 fmax = 401.60

==========================================================================
global route report_clock_skew
--------------------------------------------------------------------------
Clock core_clock
 311.88 source latency u13706/CLK ^
-268.01 target latency u72152/CLK ^
  -3.25 CRPR
--------------
  40.62 setup skew


==========================================================================
global route report_checks -path_delay min
--------------------------------------------------------------------------
Startpoint: u37777 (rising edge-triggered flip-flop clocked by core_clock)
Endpoint: u31960 (rising edge-triggered flip-flop clocked by core_clock)
Path Group: core_clock
Path Type: min

Fanout     Cap    Slew   Delay    Time   Description
-----------------------------------------------------------------------------
                          0.00    0.00   clock core_clock (rise edge)
                          0.00    0.00   clock source latency
     1   14.03    0.00    0.00    0.00 ^ ap_clk (in)
                                         ap_clk (net)
                 16.18    5.10    5.10 ^ wire12009/A (BUFx6f_ASAP7_75t_R)
     1   13.95   19.43   17.32   22.43 ^ wire12009/Y (BUFx6f_ASAP7_75t_R)
                                         net11980 (net)
                 28.90    7.19   29.62 ^ wire12008/A (BUFx12f_ASAP7_75t_R)
     1   20.86   15.86   18.25   47.87 ^ wire12008/Y (BUFx12f_ASAP7_75t_R)
                                         net11979 (net)
                 46.38   14.03   61.90 ^ clkbuf_0_ap_clk/A (BUFx24_ASAP7_75t_R)
     2   15.25   13.24   28.14   90.03 ^ clkbuf_0_ap_clk/Y (BUFx24_ASAP7_75t_R)
                                         clknet_0_ap_clk (net)
                 17.14    3.68   93.71 ^ clkbuf_1_1_0_ap_clk/A (BUFx24_ASAP7_75t_R)
     2   10.12    9.32   20.42  114.13 ^ clkbuf_1_1_0_ap_clk/Y (BUFx24_ASAP7_75t_R)
                                         clknet_1_1_0_ap_clk (net)
                 15.71    4.11  118.24 ^ clkbuf_2_2_0_ap_clk/A (BUFx24_ASAP7_75t_R)
     1   10.92    9.60   20.14  138.38 ^ clkbuf_2_2_0_ap_clk/Y (BUFx24_ASAP7_75t_R)
                                         clknet_2_2_0_ap_clk (net)
                 16.74    4.46  142.84 ^ clkbuf_2_2_1_ap_clk/A (BUFx24_ASAP7_75t_R)
     2   12.23   10.63   20.71  163.55 ^ clkbuf_2_2_1_ap_clk/Y (BUFx24_ASAP7_75t_R)
                                         clknet_2_2_1_ap_clk (net)
                 12.39    1.98  165.53 ^ clkbuf_3_5_0_ap_clk/A (BUFx24_ASAP7_75t_R)
     4   19.60   13.68   19.47  185.00 ^ clkbuf_3_5_0_ap_clk/Y (BUFx24_ASAP7_75t_R)
                                         clknet_3_5_0_ap_clk (net)
                 26.57    7.17  192.17 ^ clkbuf_5_23_0_ap_clk/A (BUFx24_ASAP7_75t_R)
     2   10.64   10.23   23.08  215.25 ^ clkbuf_5_23_0_ap_clk/Y (BUFx24_ASAP7_75t_R)
                                         clknet_5_23_0_ap_clk (net)
                 13.72    3.01  218.26 ^ clkbuf_6_47__f_ap_clk/A (BUFx24_ASAP7_75t_R)
    10   34.71   22.10   21.83  240.09 ^ clkbuf_6_47__f_ap_clk/Y (BUFx24_ASAP7_75t_R)
                                         clknet_6_47__leaf_ap_clk (net)
                 29.59    6.53  246.62 ^ clkbuf_leaf_253_ap_clk/A (BUFx24_ASAP7_75t_R)
    22   14.54   12.46   24.72  271.34 ^ clkbuf_leaf_253_ap_clk/Y (BUFx24_ASAP7_75t_R)
                                         clknet_leaf_253_ap_clk (net)
                 13.11    1.41  272.75 ^ u37777/CLK (DFFHQNx1_ASAP7_75t_R)
     2    1.50   17.62   39.65  312.40 ^ u37777/QN (DFFHQNx1_ASAP7_75t_R)
                                         mul_ln164_reg_4887[90] (net)
                 17.62    0.08  312.47 ^ u37779/A2 (OAI21x1_ASAP7_75t_R)
     1    0.63    5.58    7.82  320.30 v u37779/Y (OAI21x1_ASAP7_75t_R)
                                         n23737 (net)
                  5.58    0.03  320.33 v u31960/D (DFFHQNx1_ASAP7_75t_R)
                                320.33   data arrival time

                          0.00    0.00   clock core_clock (rise edge)
                          0.00    0.00   clock source latency
     1   14.31    0.00    0.00    0.00 ^ ap_clk (in)
                                         ap_clk (net)
                 16.85    5.31    5.31 ^ wire12009/A (BUFx6f_ASAP7_75t_R)
     1   14.48   20.08   17.54   22.86 ^ wire12009/Y (BUFx6f_ASAP7_75t_R)
                                         net11980 (net)
                 30.43    7.68   30.54 ^ wire12008/A (BUFx12f_ASAP7_75t_R)
     1   21.47   16.10   18.53   49.06 ^ wire12008/Y (BUFx12f_ASAP7_75t_R)
                                         net11979 (net)
                 48.68   14.78   63.84 ^ clkbuf_0_ap_clk/A (BUFx24_ASAP7_75t_R)
     2   16.45   13.89   28.63   92.47 ^ clkbuf_0_ap_clk/Y (BUFx24_ASAP7_75t_R)
                                         clknet_0_ap_clk (net)
                 18.38    4.06   96.53 ^ clkbuf_1_1_0_ap_clk/A (BUFx24_ASAP7_75t_R)
     2   11.33    9.61   20.85  117.38 ^ clkbuf_1_1_0_ap_clk/Y (BUFx24_ASAP7_75t_R)
                                         clknet_1_1_0_ap_clk (net)
                 17.24    4.54  121.92 ^ clkbuf_2_3_0_ap_clk/A (BUFx24_ASAP7_75t_R)
     1   10.38    9.40   20.46  142.39 ^ clkbuf_2_3_0_ap_clk/Y (BUFx24_ASAP7_75t_R)
                                         clknet_2_3_0_ap_clk (net)
                 16.43    4.35  146.74 ^ clkbuf_2_3_1_ap_clk/A (BUFx24_ASAP7_75t_R)
     2   14.53   11.90   20.73  167.47 ^ clkbuf_2_3_1_ap_clk/Y (BUFx24_ASAP7_75t_R)
                                         clknet_2_3_1_ap_clk (net)
                 16.45    3.75  171.22 ^ clkbuf_3_7_0_ap_clk/A (BUFx24_ASAP7_75t_R)
     4   22.94   16.02   21.35  192.57 ^ clkbuf_3_7_0_ap_clk/Y (BUFx24_ASAP7_75t_R)
                                         clknet_3_7_0_ap_clk (net)
                 26.87    7.01  199.58 ^ clkbuf_5_29_0_ap_clk/A (BUFx24_ASAP7_75t_R)
     2   11.04   10.10   23.09  222.67 ^ clkbuf_5_29_0_ap_clk/Y (BUFx24_ASAP7_75t_R)
                                         clknet_5_29_0_ap_clk (net)
                 15.95    4.01  226.68 ^ clkbuf_6_58__f_ap_clk/A (BUFx24_ASAP7_75t_R)
    12   57.12   27.34   21.82  248.50 ^ clkbuf_6_58__f_ap_clk/Y (BUFx24_ASAP7_75t_R)
                                         clknet_6_58__leaf_ap_clk (net)
                 76.92   23.18  271.68 ^ clkbuf_leaf_326_ap_clk/A (BUFx24_ASAP7_75t_R)
    11   16.44   14.96   33.73  305.41 ^ clkbuf_leaf_326_ap_clk/Y (BUFx24_ASAP7_75t_R)
                                         clknet_leaf_326_ap_clk (net)
                 16.37    2.30  307.71 ^ u31960/CLK (DFFHQNx1_ASAP7_75t_R)
                         -3.25  304.46   clock reconvergence pessimism
                         12.70  317.17   library hold time
                                317.17   data required time
-----------------------------------------------------------------------------
                                317.17   data required time
                               -320.33   data arrival time
-----------------------------------------------------------------------------
                                  3.16   slack (MET)



==========================================================================
global route report_checks -path_delay max
--------------------------------------------------------------------------
Startpoint: u53071 (rising edge-triggered flip-flop clocked by core_clock)
Endpoint: u39797 (rising edge-triggered flip-flop clocked by core_clock)
Path Group: core_clock
Path Type: max

Fanout     Cap    Slew   Delay    Time   Description
-----------------------------------------------------------------------------
                          0.00    0.00   clock core_clock (rise edge)
                          0.00    0.00   clock source latency
     1   14.31    0.00    0.00    0.00 ^ ap_clk (in)
                                         ap_clk (net)
                 16.85    5.31    5.31 ^ wire12009/A (BUFx6f_ASAP7_75t_R)
     1   14.48   20.08   17.54   22.86 ^ wire12009/Y (BUFx6f_ASAP7_75t_R)
                                         net11980 (net)
                 30.43    7.68   30.54 ^ wire12008/A (BUFx12f_ASAP7_75t_R)
     1   21.47   16.10   18.53   49.06 ^ wire12008/Y (BUFx12f_ASAP7_75t_R)
                                         net11979 (net)
                 48.68   14.78   63.84 ^ clkbuf_0_ap_clk/A (BUFx24_ASAP7_75t_R)
     2   16.45   13.89   28.63   92.47 ^ clkbuf_0_ap_clk/Y (BUFx24_ASAP7_75t_R)
                                         clknet_0_ap_clk (net)
                 18.38    4.06   96.53 ^ clkbuf_1_1_0_ap_clk/A (BUFx24_ASAP7_75t_R)
     2   11.33    9.61   20.85  117.38 ^ clkbuf_1_1_0_ap_clk/Y (BUFx24_ASAP7_75t_R)
                                         clknet_1_1_0_ap_clk (net)
                 17.24    4.54  121.92 ^ clkbuf_2_3_0_ap_clk/A (BUFx24_ASAP7_75t_R)
     1   10.38    9.40   20.46  142.39 ^ clkbuf_2_3_0_ap_clk/Y (BUFx24_ASAP7_75t_R)
                                         clknet_2_3_0_ap_clk (net)
                 16.43    4.35  146.74 ^ clkbuf_2_3_1_ap_clk/A (BUFx24_ASAP7_75t_R)
     2   14.53   11.90   20.73  167.47 ^ clkbuf_2_3_1_ap_clk/Y (BUFx24_ASAP7_75t_R)
                                         clknet_2_3_1_ap_clk (net)
                 18.14    4.51  171.98 ^ clkbuf_3_6_0_ap_clk/A (BUFx24_ASAP7_75t_R)
     4   22.29   15.02   21.29  193.27 ^ clkbuf_3_6_0_ap_clk/Y (BUFx24_ASAP7_75t_R)
                                         clknet_3_6_0_ap_clk (net)
                 29.40    7.97  201.24 ^ clkbuf_5_26_0_ap_clk/A (BUFx24_ASAP7_75t_R)
     2   10.82   10.58   23.92  225.16 ^ clkbuf_5_26_0_ap_clk/Y (BUFx24_ASAP7_75t_R)
                                         clknet_5_26_0_ap_clk (net)
                 13.38    2.77  227.93 ^ clkbuf_6_52__f_ap_clk/A (BUFx24_ASAP7_75t_R)
     8   33.74   21.58   22.45  250.37 ^ clkbuf_6_52__f_ap_clk/Y (BUFx24_ASAP7_75t_R)
                                         clknet_6_52__leaf_ap_clk (net)
                 23.93    3.70  254.08 ^ clkbuf_leaf_432_ap_clk/A (BUFx24_ASAP7_75t_R)
    15   18.28   14.18   23.57  277.65 ^ clkbuf_leaf_432_ap_clk/Y (BUFx24_ASAP7_75t_R)
                                         clknet_leaf_432_ap_clk (net)
                 15.98    2.56  280.21 ^ u53071/CLK (DFFHQNx2_ASAP7_75t_R)
    20   32.56  104.72   84.09  364.30 v u53071/QN (DFFHQNx2_ASAP7_75t_R)
                                         grp_uacc_section14_cost_core_fu_2337.uacc_section14_allocator_mul_16ns_115ns_130_7_1_U17.uacc_section14_allocator_uacc_section14_allocator_mul_16ns_115ns_130_7_1_Mul_DSP_4_U.a_reg0[1] (net)
                112.44   15.15  379.45 v place11075/A (BUFx3_ASAP7_75t_R)
    24   32.33   66.71   48.01  427.45 v place11075/Y (BUFx3_ASAP7_75t_R)
                                         net11046 (net)
                 67.39    3.88  431.34 v u58058/B (AND2x2_ASAP7_75t_R)
     2    2.41   11.63   29.79  461.13 v u58058/Y (AND2x2_ASAP7_75t_R)
                                         n45990 (net)
                 11.67    0.35  461.48 v u58059/B (XOR2x2_ASAP7_75t_R)
     2    1.94   10.53   26.73  488.22 ^ u58059/Y (XOR2x2_ASAP7_75t_R)
                                         n45991 (net)
                 10.54    0.17  488.39 ^ u58061/A (XOR2x2_ASAP7_75t_R)
     2    2.45   12.08   26.85  515.24 ^ u58061/Y (XOR2x2_ASAP7_75t_R)
                                         n45993 (net)
                 12.10    0.24  515.48 ^ u58110/A (XOR2x2_ASAP7_75t_R)
     1    1.14    8.12   24.95  540.43 ^ u58110/Y (XOR2x2_ASAP7_75t_R)
                                         n46042 (net)
                  8.12    0.07  540.51 ^ u58111/A (XOR2x2_ASAP7_75t_R)
     2    1.80   10.20   25.03  565.53 ^ u58111/Y (XOR2x2_ASAP7_75t_R)
                                         n46043 (net)
                 10.20    0.09  565.62 ^ u58113/A (XOR2x2_ASAP7_75t_R)
     2    1.76    9.98   25.58  591.20 ^ u58113/Y (XOR2x2_ASAP7_75t_R)
                                         n46045 (net)
                  9.99    0.07  591.27 ^ u58174/B (XOR2x2_ASAP7_75t_R)
     2    1.78   10.05   25.95  617.22 ^ u58174/Y (XOR2x2_ASAP7_75t_R)
                                         n46106 (net)
                 10.06    0.19  617.41 ^ u58192/A (XOR2x2_ASAP7_75t_R)
     2    1.92   10.53   25.79  643.20 ^ u58192/Y (XOR2x2_ASAP7_75t_R)
                                         n46124 (net)
                 10.55    0.20  643.39 ^ u58214/B (XOR2x2_ASAP7_75t_R)
     2    2.52   12.30   27.39  670.79 ^ u58214/Y (XOR2x2_ASAP7_75t_R)
                                         n46146 (net)
                 12.33    0.30  671.09 ^ u58280/A (XOR2x2_ASAP7_75t_R)
     2    2.27   11.62   26.99  698.08 ^ u58280/Y (XOR2x2_ASAP7_75t_R)
                                         n46212 (net)
                 11.64    0.24  698.31 ^ u58281/B2 (AO22x2_ASAP7_75t_R)
     2    3.23   14.69   20.83  719.14 ^ u58281/Y (AO22x2_ASAP7_75t_R)
                                         n46213 (net)
                 14.74    0.48  719.62 ^ u58283/B (MAJx2_ASAP7_75t_R)
     3    2.96   13.82   23.69  743.31 ^ u58283/Y (MAJx2_ASAP7_75t_R)
                                         n46215 (net)
                 13.85    0.33  743.64 ^ u58284/B (AO21x1_ASAP7_75t_R)
     1    0.90    8.80   13.16  756.80 ^ u58284/Y (AO21x1_ASAP7_75t_R)
                                         n46216 (net)
                  8.80    0.09  756.89 ^ u58286/C (AND4x1_ASAP7_75t_R)
     3    3.47   27.28   31.13  788.02 ^ u58286/Y (AND4x1_ASAP7_75t_R)
                                         n46218 (net)
                 27.28    0.15  788.17 ^ u58313/B (NOR2x1_ASAP7_75t_R)
     2    1.90   16.53   13.94  802.12 v u58313/Y (NOR2x1_ASAP7_75t_R)
                                         n46245 (net)
                 16.54    0.20  802.31 v u58342/A (AND2x2_ASAP7_75t_R)
     2    2.36    9.74   20.02  822.33 v u58342/Y (AND2x2_ASAP7_75t_R)
                                         n46274 (net)
                  9.75    0.20  822.53 v u58343/B (AND2x4_ASAP7_75t_R)
     2    2.79    7.15   14.82  837.34 v u58343/Y (AND2x4_ASAP7_75t_R)
                                         n46275 (net)
                  7.18    0.26  837.60 v u58358/A (NAND2x1_ASAP7_75t_R)
     3    3.56   26.50   16.05  853.65 ^ u58358/Y (NAND2x1_ASAP7_75t_R)
                                         n46290 (net)
                 26.51    0.31  853.96 ^ u58367/A (NOR2x1_ASAP7_75t_R)
     3    3.90   27.35   20.84  874.80 v u58367/Y (NOR2x1_ASAP7_75t_R)
                                         n46299 (net)
                 27.38    0.60  875.39 v u58369/B (MAJx2_ASAP7_75t_R)
     2    2.99   13.20   29.41  904.80 v u58369/Y (MAJx2_ASAP7_75t_R)
                                         n46301 (net)
                 13.25    0.42  905.22 v u58371/B (MAJx2_ASAP7_75t_R)
     3    2.51   11.75   24.66  929.88 v u58371/Y (MAJx2_ASAP7_75t_R)
                                         n46303 (net)
                 11.78    0.31  930.19 v u58372/C (AND3x1_ASAP7_75t_R)
     1    0.97    7.39   14.25  944.44 v u58372/Y (AND3x1_ASAP7_75t_R)
                                         n46304 (net)
                  7.39    0.11  944.55 v u58375/A (OR2x2_ASAP7_75t_R)
     3    4.06   15.45   20.91  965.47 v u58375/Y (OR2x2_ASAP7_75t_R)
                                         n46307 (net)
                 15.62    0.92  966.39 v u58390/A1 (AO32x1_ASAP7_75t_R)
     3    2.83   19.07   27.44  993.83 v u58390/Y (AO32x1_ASAP7_75t_R)
                                         n46322 (net)
                 19.10    0.38  994.22 v u58391/C (AND3x1_ASAP7_75t_R)
     1    0.88    7.17   16.13 1010.35 v u58391/Y (AND3x1_ASAP7_75t_R)
                                         n46323 (net)
                  7.17    0.09 1010.44 v u58394/A (OR2x2_ASAP7_75t_R)
     3    2.46   10.72   18.76 1029.20 v u58394/Y (OR2x2_ASAP7_75t_R)
                                         n46326 (net)
                 10.73    0.23 1029.43 v u58395/C (AND3x1_ASAP7_75t_R)
     1    0.80    6.52   13.52 1042.95 v u58395/Y (AND3x1_ASAP7_75t_R)
                                         n46327 (net)
                  6.52    0.05 1042.99 v u58398/A (OR2x2_ASAP7_75t_R)
     2    2.60   11.21   18.78 1061.78 v u58398/Y (OR2x2_ASAP7_75t_R)
                                         n46330 (net)
                 11.26    0.40 1062.18 v u58399/B2 (AO22x2_ASAP7_75t_R)
     2    4.02   15.79   23.58 1085.76 v u58399/Y (AO22x2_ASAP7_75t_R)
                                         n46331 (net)
                 16.01    1.04 1086.80 v u58401/B (MAJx2_ASAP7_75t_R)
     2    1.92   10.28   24.50 1111.30 v u58401/Y (MAJx2_ASAP7_75t_R)
                                         n46333 (net)
                 10.29    0.18 1111.48 v u58403/B1 (AO22x2_ASAP7_75t_R)
     2    2.99   12.53   22.87 1134.36 v u58403/Y (AO22x2_ASAP7_75t_R)
                                         n46335 (net)
                 12.57    0.38 1134.74 v u58405/B (MAJx2_ASAP7_75t_R)
     2    2.02   10.48   23.66 1158.40 v u58405/Y (MAJx2_ASAP7_75t_R)
                                         n46337 (net)
                 10.50    0.22 1158.62 v u58407/B1 (AO22x2_ASAP7_75t_R)
     2    3.64   14.56   23.70 1182.33 v u58407/Y (AO22x2_ASAP7_75t_R)
                                         n46339 (net)
                 14.70    0.78 1183.11 v u58409/B (MAJx2_ASAP7_75t_R)
     2    2.12   10.74   24.44 1207.55 v u58409/Y (MAJx2_ASAP7_75t_R)
                                         n46341 (net)
                 10.76    0.24 1207.79 v u58411/B1 (AO22x2_ASAP7_75t_R)
     2    3.27   13.32   23.40 1231.19 v u58411/Y (AO22x2_ASAP7_75t_R)
                                         n46343 (net)
                 13.38    0.51 1231.70 v u58413/B (MAJx2_ASAP7_75t_R)
     3    2.67   12.13   25.01 1256.71 v u58413/Y (MAJx2_ASAP7_75t_R)
                                         n46345 (net)
                 12.15    0.26 1256.97 v u58417/A3 (AO32x1_ASAP7_75t_R)
     3    2.79   18.86   29.66 1286.63 v u58417/Y (AO32x1_ASAP7_75t_R)
                                         n46349 (net)
                 18.88    0.35 1286.98 v u58419/C1 (AO222x2_ASAP7_75t_R)
     1    0.92    9.72   30.48 1317.47 v u58419/Y (AO222x2_ASAP7_75t_R)
                                         n46351 (net)
                  9.72    0.09 1317.56 v u58420/B (OA21x2_ASAP7_75t_R)
     2    3.20   12.97   16.35 1333.90 v u58420/Y (OA21x2_ASAP7_75t_R)
                                         n46352 (net)
                 13.08    0.65 1334.56 v u58422/B1 (AO22x2_ASAP7_75t_R)
     2    2.79   11.95   23.44 1358.00 v u58422/Y (AO22x2_ASAP7_75t_R)
                                         n46354 (net)
                 11.98    0.33 1358.32 v u58424/B (MAJx2_ASAP7_75t_R)
     2    2.02   10.47   23.49 1381.81 v u58424/Y (MAJx2_ASAP7_75t_R)
                                         n46356 (net)
                 10.49    0.21 1382.02 v u58426/B1 (AO22x2_ASAP7_75t_R)
     2    2.88   12.12   22.78 1404.79 v u58426/Y (AO22x2_ASAP7_75t_R)
                                         n46358 (net)
                 12.15    0.31 1405.10 v u58428/B (MAJx2_ASAP7_75t_R)
     3    2.76   12.42   24.74 1429.85 v u58428/Y (MAJx2_ASAP7_75t_R)
                                         n46360 (net)
                 12.46    0.38 1430.23 v u58429/C (AND3x1_ASAP7_75t_R)
     1    0.95    7.29   14.39 1444.62 v u58429/Y (AND3x1_ASAP7_75t_R)
                                         n46361 (net)
                  7.30    0.10 1444.72 v u58432/A (OR2x2_ASAP7_75t_R)
     3    3.27   13.06   19.94 1464.67 v u58432/Y (OR2x2_ASAP7_75t_R)
                                         n46364 (net)
                 13.14    0.57 1465.24 v u58434/C1 (AO222x2_ASAP7_75t_R)
     1    0.89    9.65   28.94 1494.18 v u58434/Y (AO222x2_ASAP7_75t_R)
                                         n46366 (net)
                  9.65    0.09 1494.27 v u58435/B (OA21x2_ASAP7_75t_R)
     3    2.73   11.51   15.80 1510.07 v u58435/Y (OA21x2_ASAP7_75t_R)
                                         n46367 (net)
                 11.53    0.27 1510.35 v u58439/A3 (AO32x1_ASAP7_75t_R)
     3    2.84   19.10   29.66 1540.01 v u58439/Y (AO32x1_ASAP7_75t_R)
                                         n46371 (net)
                 19.13    0.36 1540.38 v u58440/C (AND3x1_ASAP7_75t_R)
     1    0.71    6.30   15.67 1556.05 v u58440/Y (AND3x1_ASAP7_75t_R)
                                         n46372 (net)
                  6.30    0.04 1556.08 v u58443/A (OR2x2_ASAP7_75t_R)
     3    3.38   13.39   19.84 1575.93 v u58443/Y (OR2x2_ASAP7_75t_R)
                                         n46375 (net)
                 13.48    0.61 1576.54 v u58447/A3 (AO32x1_ASAP7_75t_R)
     3    2.94   19.61   30.40 1606.94 v u58447/Y (AO32x1_ASAP7_75t_R)
                                         n46379 (net)
                 19.64    0.39 1607.33 v u58458/A (AND3x1_ASAP7_75t_R)
     1    0.65    5.97   14.00 1621.33 v u58458/Y (AND3x1_ASAP7_75t_R)
                                         n46390 (net)
                  5.97    0.03 1621.36 v u58461/A (OR2x2_ASAP7_75t_R)
     3    3.21   12.86   19.55 1640.91 v u58461/Y (OR2x2_ASAP7_75t_R)
                                         n46393 (net)
                 12.94    0.56 1641.47 v u58463/C1 (AO222x2_ASAP7_75t_R)
     1    0.72    9.23   28.53 1670.00 v u58463/Y (AO222x2_ASAP7_75t_R)
                                         n46395 (net)
                  9.23    0.03 1670.03 v u58464/B (OA21x2_ASAP7_75t_R)
     3    2.98   12.32   15.93 1685.96 v u58464/Y (OA21x2_ASAP7_75t_R)
                                         n46396 (net)
                 12.39    0.51 1686.48 v u58465/C (AND3x1_ASAP7_75t_R)
     1    0.97    7.42   14.44 1700.92 v u58465/Y (AND3x1_ASAP7_75t_R)
                                         n46397 (net)
                  7.43    0.11 1701.03 v u58468/A (OR2x2_ASAP7_75t_R)
     2    2.42   10.78   18.70 1719.73 v u58468/Y (OR2x2_ASAP7_75t_R)
                                         n46400 (net)
                 10.83    0.40 1720.13 v u58472/A (AND2x2_ASAP7_75t_R)
     2    1.61    7.72   16.97 1737.10 v u58472/Y (AND2x2_ASAP7_75t_R)
                                         n46404 (net)
                  7.73    0.15 1737.26 v u58473/B (AND2x2_ASAP7_75t_R)
     2    1.86    8.44   15.39 1752.64 v u58473/Y (AND2x2_ASAP7_75t_R)
                                         n46405 (net)
                  8.46    0.24 1752.89 v u58513/A1 (AO221x1_ASAP7_75t_R)
     3    2.73   18.94   27.38 1780.26 v u58513/Y (AO221x1_ASAP7_75t_R)
                                         n46445 (net)
                 18.95    0.23 1780.49 v u58527/A1 (AO32x1_ASAP7_75t_R)
     3    4.23   26.82   31.39 1811.88 v u58527/Y (AO32x1_ASAP7_75t_R)
                                         n46459 (net)
                 26.96    1.11 1812.99 v u58531/A3 (AO32x1_ASAP7_75t_R)
     3    2.95   19.82   33.42 1846.41 v u58531/Y (AO32x1_ASAP7_75t_R)
                                         n46463 (net)
                 19.87    0.51 1846.92 v u58532/C (AND3x1_ASAP7_75t_R)
     1    0.98    7.66   16.61 1863.54 v u58532/Y (AND3x1_ASAP7_75t_R)
                                         n46464 (net)
                  7.66    0.11 1863.64 v u58535/A (OR2x2_ASAP7_75t_R)
     3    3.51   13.89   20.25 1883.89 v u58535/Y (OR2x2_ASAP7_75t_R)
                                         n46467 (net)
                 14.05    0.83 1884.72 v u58546/A (AND3x1_ASAP7_75t_R)
     1    0.93    7.14   13.36 1898.09 v u58546/Y (AND3x1_ASAP7_75t_R)
                                         n46478 (net)
                  7.15    0.10 1898.19 v u58549/A (OR2x2_ASAP7_75t_R)
     3    3.56   13.85   20.29 1918.48 v u58549/Y (OR2x2_ASAP7_75t_R)
                                         n46481 (net)
                 13.94    0.61 1919.09 v u58551/C1 (AO222x2_ASAP7_75t_R)
     1    0.90    9.67   29.16 1948.25 v u58551/Y (AO222x2_ASAP7_75t_R)
                                         n46483 (net)
                  9.67    0.09 1948.34 v u58552/B (OA21x2_ASAP7_75t_R)
     3    3.69   14.44   16.91 1965.26 v u58552/Y (OA21x2_ASAP7_75t_R)
                                         n46484 (net)
                 14.53    0.65 1965.90 v u58556/A3 (AO32x1_ASAP7_75t_R)
     3    2.99   19.86   30.81 1996.71 v u58556/Y (AO32x1_ASAP7_75t_R)
                                         n46488 (net)
                 19.88    0.36 1997.07 v u58557/B2 (AO222x2_ASAP7_75t_R)
     1    0.93    9.73   32.70 2029.78 v u58557/Y (AO222x2_ASAP7_75t_R)
                                         n46489 (net)
                  9.73    0.06 2029.84 v u58558/B (OA21x2_ASAP7_75t_R)
     2    1.96    9.49   14.77 2044.61 v u58558/Y (OA21x2_ASAP7_75t_R)
                                         n46490 (net)
                  9.49    0.10 2044.70 v u58560/B1 (AO22x2_ASAP7_75t_R)
     2    2.84   12.02   22.41 2067.11 v u58560/Y (AO22x2_ASAP7_75t_R)
                                         n46492 (net)
                 12.05    0.29 2067.40 v u58562/B (MAJx2_ASAP7_75t_R)
     3    2.94   12.98   24.98 2092.38 v u58562/Y (MAJx2_ASAP7_75t_R)
                                         n46494 (net)
                 13.04    0.48 2092.85 v u58563/C (AND3x1_ASAP7_75t_R)
     1    1.55   10.30   16.13 2108.98 v u58563/Y (AND3x1_ASAP7_75t_R)
                                         n46495 (net)
                 10.31    0.19 2109.17 v u58566/A (OR2x6_ASAP7_75t_R)
     3    4.76   10.58   20.61 2129.79 v u58566/Y (OR2x6_ASAP7_75t_R)
                                         n46498 (net)
                 10.93    1.04 2130.82 v u58569/A (NOR2x1_ASAP7_75t_R)
     1    0.77    9.14    8.36 2139.18 ^ u58569/Y (NOR2x1_ASAP7_75t_R)
                                         n46501 (net)
                  9.14    0.07 2139.25 ^ u58570/B (AO21x1_ASAP7_75t_R)
     2    3.13   22.31   17.96 2157.20 ^ u58570/Y (AO21x1_ASAP7_75t_R)
                                         n46502 (net)
                 22.38    0.74 2157.94 ^ u58571/B (NOR2x1_ASAP7_75t_R)
     3    2.38   17.47   14.58 2172.53 v u58571/Y (NOR2x1_ASAP7_75t_R)
                                         n46503 (net)
                 17.47    0.15 2172.67 v u58577/A1 (AO21x1_ASAP7_75t_R)
     3    3.01   18.67   24.03 2196.70 v u58577/Y (AO21x1_ASAP7_75t_R)
                                         n46509 (net)
                 18.69    0.40 2197.10 v u58579/C1 (AO222x2_ASAP7_75t_R)
     1    0.73    9.25   30.02 2227.13 v u58579/Y (AO222x2_ASAP7_75t_R)
                                         n46511 (net)
                  9.25    0.03 2227.16 v u58580/B (OA21x2_ASAP7_75t_R)
     3    2.66   11.36   15.56 2242.72 v u58580/Y (OA21x2_ASAP7_75t_R)
                                         n46512 (net)
                 11.39    0.29 2243.01 v u58581/C (AND3x1_ASAP7_75t_R)
     1    0.84    6.73   13.81 2256.83 v u58581/Y (AND3x1_ASAP7_75t_R)
                                         n46513 (net)
                  6.74    0.05 2256.88 v u58584/A (OR2x2_ASAP7_75t_R)
     3    3.18   12.86   19.66 2276.54 v u58584/Y (OR2x2_ASAP7_75t_R)
                                         n46516 (net)
                 12.98    0.67 2277.21 v u58588/A3 (AO32x1_ASAP7_75t_R)
     3    3.25   21.47   30.92 2308.13 v u58588/Y (AO32x1_ASAP7_75t_R)
                                         n46520 (net)
                 21.53    0.61 2308.74 v u58592/A3 (AO32x1_ASAP7_75t_R)
     3    3.22   21.29   32.89 2341.64 v u58592/Y (AO32x1_ASAP7_75t_R)
                                         n46524 (net)
                 21.34    0.60 2342.23 v u58603/A (AND3x1_ASAP7_75t_R)
     1    0.77    6.62   14.62 2356.85 v u58603/Y (AND3x1_ASAP7_75t_R)
                                         n46535 (net)
                  6.62    0.07 2356.93 v u58606/A (OR2x2_ASAP7_75t_R)
     2    2.17   10.03   18.15 2375.08 v u58606/Y (OR2x2_ASAP7_75t_R)
                                         n46538 (net)
                 10.05    0.24 2375.32 v u58607/B2 (AO22x2_ASAP7_75t_R)
     2    2.76   11.83   21.71 2397.02 v u58607/Y (AO22x2_ASAP7_75t_R)
                                         n46539 (net)
                 11.86    0.29 2397.32 v u58609/B (MAJx2_ASAP7_75t_R)
     3    2.82   12.66   24.72 2422.04 v u58609/Y (MAJx2_ASAP7_75t_R)
                                         n46541 (net)
                 12.72    0.48 2422.52 v u58610/B2 (AO222x2_ASAP7_75t_R)
     1    0.83    9.50   30.86 2453.38 v u58610/Y (AO222x2_ASAP7_75t_R)
                                         n46542 (net)
                  9.50    0.08 2453.46 v u58611/B (OA21x2_ASAP7_75t_R)
     2    2.22   10.29   14.98 2468.44 v u58611/Y (OA21x2_ASAP7_75t_R)
                                         n46543 (net)
                 10.33    0.32 2468.76 v u58675/A (AND2x2_ASAP7_75t_R)
     2    2.14    9.12   17.62 2486.38 v u58675/Y (AND2x2_ASAP7_75t_R)
                                         n46607 (net)
                  9.14    0.20 2486.58 v u58736/A (NAND2x1_ASAP7_75t_R)
     2    3.46   26.35   16.26 2502.84 ^ u58736/Y (NAND2x1_ASAP7_75t_R)
                                         n46668 (net)
                 26.43    0.82 2503.65 ^ u58738/A (NAND2x1_ASAP7_75t_R)
     4    3.46   20.71   14.96 2518.61 v u58738/Y (NAND2x1_ASAP7_75t_R)
                                         n46670 (net)
                 20.72    0.22 2518.83 v u58986/A1 (AO221x1_ASAP7_75t_R)
     3    3.03   20.34   30.28 2549.11 v u58986/Y (AO221x1_ASAP7_75t_R)
                                         n46918 (net)
                 20.35    0.21 2549.32 v u59229/A (AND3x1_ASAP7_75t_R)
     3    3.52   20.61   21.08 2570.40 v u59229/Y (AND3x1_ASAP7_75t_R)
                                         n47161 (net)
                 20.66    0.59 2570.98 v u59472/A1 (OA211x2_ASAP7_75t_R)
     2    1.84   12.27   26.38 2597.37 v u59472/Y (OA211x2_ASAP7_75t_R)
                                         n47404 (net)
                 12.28    0.20 2597.57 v u59715/A (OR3x1_ASAP7_75t_R)
     1    1.38   11.93   22.17 2619.74 v u59715/Y (OR3x1_ASAP7_75t_R)
                                         n47647 (net)
                 11.94    0.15 2619.89 v u59720/A (AND2x4_ASAP7_75t_R)
     3    3.24    7.83   16.75 2636.63 v u59720/Y (AND2x4_ASAP7_75t_R)
                                         n47652 (net)
                  7.88    0.31 2636.95 v u59919/A (AND3x1_ASAP7_75t_R)
     2    1.97   12.40   14.32 2651.27 v u59919/Y (AND3x1_ASAP7_75t_R)
                                         n47851 (net)
                 12.40    0.16 2651.43 v u59925/A (NOR2x1_ASAP7_75t_R)
     2    3.14   22.67   14.87 2666.30 ^ u59925/Y (NOR2x1_ASAP7_75t_R)
                                         n47857 (net)
                 22.70    0.47 2666.77 ^ u59989/A1 (OAI21x1_ASAP7_75t_R)
     4    5.96   32.83   19.10 2685.87 v u59989/Y (OAI21x1_ASAP7_75t_R)
                                         n47921 (net)
                 33.02    1.40 2687.27 v u59993/A (AND4x1_ASAP7_75t_R)
     1    0.88    7.47   17.05 2704.32 v u59993/Y (AND4x1_ASAP7_75t_R)
                                         n47925 (net)
                  7.48    0.09 2704.41 v u59994/B (AO21x1_ASAP7_75t_R)
     2    1.80   12.57   18.60 2723.01 v u59994/Y (AO21x1_ASAP7_75t_R)
                                         n47926 (net)
                 12.58    0.13 2723.14 v u59995/B (AO21x1_ASAP7_75t_R)
     1    1.40   10.56   18.62 2741.77 v u59995/Y (AO21x1_ASAP7_75t_R)
                                         n47927 (net)
                 10.57    0.16 2741.92 v u59999/A (XNOR2x2_ASAP7_75t_R)
     1    1.04    7.62   21.35 2763.27 ^ u59999/Y (XNOR2x2_ASAP7_75t_R)
                                         grp_uacc_section14_cost_core_fu_2337.uacc_section14_allocator_mul_16ns_115ns_130_7_1_U17.uacc_section14_allocator_uacc_section14_allocator_mul_16ns_115ns_130_7_1_Mul_DSP_4_U.tmp_product[129]* (net)
                  7.62    0.08 2763.36 ^ u39797/D (DFFHQNx1_ASAP7_75t_R)
                               2763.36   data arrival time

                       5000.00 5000.00   clock core_clock (rise edge)
                          0.00 5000.00   clock source latency
     1   14.03    0.00    0.00 5000.00 ^ ap_clk (in)
                                         ap_clk (net)
                 16.18    5.10 5005.10 ^ wire12009/A (BUFx6f_ASAP7_75t_R)
     1   13.95   19.43   17.32 5022.43 ^ wire12009/Y (BUFx6f_ASAP7_75t_R)
                                         net11980 (net)
                 28.90    7.19 5029.61 ^ wire12008/A (BUFx12f_ASAP7_75t_R)
     1   20.86   15.86   18.25 5047.87 ^ wire12008/Y (BUFx12f_ASAP7_75t_R)
                                         net11979 (net)
                 46.38   14.03 5061.90 ^ clkbuf_0_ap_clk/A (BUFx24_ASAP7_75t_R)
     2   15.25   13.24   28.14 5090.03 ^ clkbuf_0_ap_clk/Y (BUFx24_ASAP7_75t_R)
                                         clknet_0_ap_clk (net)
                 17.58    3.92 5093.96 ^ clkbuf_1_0_0_ap_clk/A (BUFx24_ASAP7_75t_R)
     2    9.88    9.31   20.55 5114.51 ^ clkbuf_1_0_0_ap_clk/Y (BUFx24_ASAP7_75t_R)
                                         clknet_1_0_0_ap_clk (net)
                 14.84    3.78 5118.29 ^ clkbuf_2_1_0_ap_clk/A (BUFx24_ASAP7_75t_R)
     1   10.00    9.39   19.81 5138.10 ^ clkbuf_2_1_0_ap_clk/Y (BUFx24_ASAP7_75t_R)
                                         clknet_2_1_0_ap_clk (net)
                 15.03    3.89 5141.99 ^ clkbuf_2_1_1_ap_clk/A (BUFx24_ASAP7_75t_R)
     2   13.41   11.40   20.27 5162.26 ^ clkbuf_2_1_1_ap_clk/Y (BUFx24_ASAP7_75t_R)
                                         clknet_2_1_1_ap_clk (net)
                 15.26    3.38 5165.64 ^ clkbuf_3_3_0_ap_clk/A (BUFx24_ASAP7_75t_R)
     4   20.99   15.09   20.93 5186.57 ^ clkbuf_3_3_0_ap_clk/Y (BUFx24_ASAP7_75t_R)
                                         clknet_3_3_0_ap_clk (net)
                 24.23    6.18 5192.75 ^ clkbuf_5_12_0_ap_clk/A (BUFx24_ASAP7_75t_R)
     2   10.46   10.14   22.57 5215.33 ^ clkbuf_5_12_0_ap_clk/Y (BUFx24_ASAP7_75t_R)
                                         clknet_5_12_0_ap_clk (net)
                 12.34    2.29 5217.62 ^ clkbuf_6_25__f_ap_clk/A (BUFx24_ASAP7_75t_R)
    16   49.72   28.08   22.93 5240.54 ^ clkbuf_6_25__f_ap_clk/Y (BUFx24_ASAP7_75t_R)
                                         clknet_6_25__leaf_ap_clk (net)
                 35.62    7.34 5247.89 ^ clkbuf_leaf_646_ap_clk/A (BUFx24_ASAP7_75t_R)
    16   15.58   13.23   26.21 5274.10 ^ clkbuf_leaf_646_ap_clk/Y (BUFx24_ASAP7_75t_R)
                                         clknet_leaf_646_ap_clk (net)
                 14.55    2.08 5276.18 ^ u39797/CLK (DFFHQNx1_ASAP7_75t_R)
                          2.43 5278.61   clock reconvergence pessimism
                         -5.29 5273.33   library setup time
                               5273.33   data required time
-----------------------------------------------------------------------------
                               5273.33   data required time
                               -2763.36   data arrival time
-----------------------------------------------------------------------------
                               2509.97   slack (MET)



==========================================================================
global route report_checks -unconstrained
--------------------------------------------------------------------------
Startpoint: u53071 (rising edge-triggered flip-flop clocked by core_clock)
Endpoint: u39797 (rising edge-triggered flip-flop clocked by core_clock)
Path Group: core_clock
Path Type: max

Fanout     Cap    Slew   Delay    Time   Description
-----------------------------------------------------------------------------
                          0.00    0.00   clock core_clock (rise edge)
                          0.00    0.00   clock source latency
     1   14.31    0.00    0.00    0.00 ^ ap_clk (in)
                                         ap_clk (net)
                 16.85    5.31    5.31 ^ wire12009/A (BUFx6f_ASAP7_75t_R)
     1   14.48   20.08   17.54   22.86 ^ wire12009/Y (BUFx6f_ASAP7_75t_R)
                                         net11980 (net)
                 30.43    7.68   30.54 ^ wire12008/A (BUFx12f_ASAP7_75t_R)
     1   21.47   16.10   18.53   49.06 ^ wire12008/Y (BUFx12f_ASAP7_75t_R)
                                         net11979 (net)
                 48.68   14.78   63.84 ^ clkbuf_0_ap_clk/A (BUFx24_ASAP7_75t_R)
     2   16.45   13.89   28.63   92.47 ^ clkbuf_0_ap_clk/Y (BUFx24_ASAP7_75t_R)
                                         clknet_0_ap_clk (net)
                 18.38    4.06   96.53 ^ clkbuf_1_1_0_ap_clk/A (BUFx24_ASAP7_75t_R)
     2   11.33    9.61   20.85  117.38 ^ clkbuf_1_1_0_ap_clk/Y (BUFx24_ASAP7_75t_R)
                                         clknet_1_1_0_ap_clk (net)
                 17.24    4.54  121.92 ^ clkbuf_2_3_0_ap_clk/A (BUFx24_ASAP7_75t_R)
     1   10.38    9.40   20.46  142.39 ^ clkbuf_2_3_0_ap_clk/Y (BUFx24_ASAP7_75t_R)
                                         clknet_2_3_0_ap_clk (net)
                 16.43    4.35  146.74 ^ clkbuf_2_3_1_ap_clk/A (BUFx24_ASAP7_75t_R)
     2   14.53   11.90   20.73  167.47 ^ clkbuf_2_3_1_ap_clk/Y (BUFx24_ASAP7_75t_R)
                                         clknet_2_3_1_ap_clk (net)
                 18.14    4.51  171.98 ^ clkbuf_3_6_0_ap_clk/A (BUFx24_ASAP7_75t_R)
     4   22.29   15.02   21.29  193.27 ^ clkbuf_3_6_0_ap_clk/Y (BUFx24_ASAP7_75t_R)
                                         clknet_3_6_0_ap_clk (net)
                 29.40    7.97  201.24 ^ clkbuf_5_26_0_ap_clk/A (BUFx24_ASAP7_75t_R)
     2   10.82   10.58   23.92  225.16 ^ clkbuf_5_26_0_ap_clk/Y (BUFx24_ASAP7_75t_R)
                                         clknet_5_26_0_ap_clk (net)
                 13.38    2.77  227.93 ^ clkbuf_6_52__f_ap_clk/A (BUFx24_ASAP7_75t_R)
     8   33.74   21.58   22.45  250.37 ^ clkbuf_6_52__f_ap_clk/Y (BUFx24_ASAP7_75t_R)
                                         clknet_6_52__leaf_ap_clk (net)
                 23.93    3.70  254.08 ^ clkbuf_leaf_432_ap_clk/A (BUFx24_ASAP7_75t_R)
    15   18.28   14.18   23.57  277.65 ^ clkbuf_leaf_432_ap_clk/Y (BUFx24_ASAP7_75t_R)
                                         clknet_leaf_432_ap_clk (net)
                 15.98    2.56  280.21 ^ u53071/CLK (DFFHQNx2_ASAP7_75t_R)
    20   32.56  104.72   84.09  364.30 v u53071/QN (DFFHQNx2_ASAP7_75t_R)
                                         grp_uacc_section14_cost_core_fu_2337.uacc_section14_allocator_mul_16ns_115ns_130_7_1_U17.uacc_section14_allocator_uacc_section14_allocator_mul_16ns_115ns_130_7_1_Mul_DSP_4_U.a_reg0[1] (net)
                112.44   15.15  379.45 v place11075/A (BUFx3_ASAP7_75t_R)
    24   32.33   66.71   48.01  427.45 v place11075/Y (BUFx3_ASAP7_75t_R)
                                         net11046 (net)
                 67.39    3.88  431.34 v u58058/B (AND2x2_ASAP7_75t_R)
     2    2.41   11.63   29.79  461.13 v u58058/Y (AND2x2_ASAP7_75t_R)
                                         n45990 (net)
                 11.67    0.35  461.48 v u58059/B (XOR2x2_ASAP7_75t_R)
     2    1.94   10.53   26.73  488.22 ^ u58059/Y (XOR2x2_ASAP7_75t_R)
                                         n45991 (net)
                 10.54    0.17  488.39 ^ u58061/A (XOR2x2_ASAP7_75t_R)
     2    2.45   12.08   26.85  515.24 ^ u58061/Y (XOR2x2_ASAP7_75t_R)
                                         n45993 (net)
                 12.10    0.24  515.48 ^ u58110/A (XOR2x2_ASAP7_75t_R)
     1    1.14    8.12   24.95  540.43 ^ u58110/Y (XOR2x2_ASAP7_75t_R)
                                         n46042 (net)
                  8.12    0.07  540.51 ^ u58111/A (XOR2x2_ASAP7_75t_R)
     2    1.80   10.20   25.03  565.53 ^ u58111/Y (XOR2x2_ASAP7_75t_R)
                                         n46043 (net)
                 10.20    0.09  565.62 ^ u58113/A (XOR2x2_ASAP7_75t_R)
     2    1.76    9.98   25.58  591.20 ^ u58113/Y (XOR2x2_ASAP7_75t_R)
                                         n46045 (net)
                  9.99    0.07  591.27 ^ u58174/B (XOR2x2_ASAP7_75t_R)
     2    1.78   10.05   25.95  617.22 ^ u58174/Y (XOR2x2_ASAP7_75t_R)
                                         n46106 (net)
                 10.06    0.19  617.41 ^ u58192/A (XOR2x2_ASAP7_75t_R)
     2    1.92   10.53   25.79  643.20 ^ u58192/Y (XOR2x2_ASAP7_75t_R)
                                         n46124 (net)
                 10.55    0.20  643.39 ^ u58214/B (XOR2x2_ASAP7_75t_R)
     2    2.52   12.30   27.39  670.79 ^ u58214/Y (XOR2x2_ASAP7_75t_R)
                                         n46146 (net)
                 12.33    0.30  671.09 ^ u58280/A (XOR2x2_ASAP7_75t_R)
     2    2.27   11.62   26.99  698.08 ^ u58280/Y (XOR2x2_ASAP7_75t_R)
                                         n46212 (net)
                 11.64    0.24  698.31 ^ u58281/B2 (AO22x2_ASAP7_75t_R)
     2    3.23   14.69   20.83  719.14 ^ u58281/Y (AO22x2_ASAP7_75t_R)
                                         n46213 (net)
                 14.74    0.48  719.62 ^ u58283/B (MAJx2_ASAP7_75t_R)
     3    2.96   13.82   23.69  743.31 ^ u58283/Y (MAJx2_ASAP7_75t_R)
                                         n46215 (net)
                 13.85    0.33  743.64 ^ u58284/B (AO21x1_ASAP7_75t_R)
     1    0.90    8.80   13.16  756.80 ^ u58284/Y (AO21x1_ASAP7_75t_R)
                                         n46216 (net)
                  8.80    0.09  756.89 ^ u58286/C (AND4x1_ASAP7_75t_R)
     3    3.47   27.28   31.13  788.02 ^ u58286/Y (AND4x1_ASAP7_75t_R)
                                         n46218 (net)
                 27.28    0.15  788.17 ^ u58313/B (NOR2x1_ASAP7_75t_R)
     2    1.90   16.53   13.94  802.12 v u58313/Y (NOR2x1_ASAP7_75t_R)
                                         n46245 (net)
                 16.54    0.20  802.31 v u58342/A (AND2x2_ASAP7_75t_R)
     2    2.36    9.74   20.02  822.33 v u58342/Y (AND2x2_ASAP7_75t_R)
                                         n46274 (net)
                  9.75    0.20  822.53 v u58343/B (AND2x4_ASAP7_75t_R)
     2    2.79    7.15   14.82  837.34 v u58343/Y (AND2x4_ASAP7_75t_R)
                                         n46275 (net)
                  7.18    0.26  837.60 v u58358/A (NAND2x1_ASAP7_75t_R)
     3    3.56   26.50   16.05  853.65 ^ u58358/Y (NAND2x1_ASAP7_75t_R)
                                         n46290 (net)
                 26.51    0.31  853.96 ^ u58367/A (NOR2x1_ASAP7_75t_R)
     3    3.90   27.35   20.84  874.80 v u58367/Y (NOR2x1_ASAP7_75t_R)
                                         n46299 (net)
                 27.38    0.60  875.39 v u58369/B (MAJx2_ASAP7_75t_R)
     2    2.99   13.20   29.41  904.80 v u58369/Y (MAJx2_ASAP7_75t_R)
                                         n46301 (net)
                 13.25    0.42  905.22 v u58371/B (MAJx2_ASAP7_75t_R)
     3    2.51   11.75   24.66  929.88 v u58371/Y (MAJx2_ASAP7_75t_R)
                                         n46303 (net)
                 11.78    0.31  930.19 v u58372/C (AND3x1_ASAP7_75t_R)
     1    0.97    7.39   14.25  944.44 v u58372/Y (AND3x1_ASAP7_75t_R)
                                         n46304 (net)
                  7.39    0.11  944.55 v u58375/A (OR2x2_ASAP7_75t_R)
     3    4.06   15.45   20.91  965.47 v u58375/Y (OR2x2_ASAP7_75t_R)
                                         n46307 (net)
                 15.62    0.92  966.39 v u58390/A1 (AO32x1_ASAP7_75t_R)
     3    2.83   19.07   27.44  993.83 v u58390/Y (AO32x1_ASAP7_75t_R)
                                         n46322 (net)
                 19.10    0.38  994.22 v u58391/C (AND3x1_ASAP7_75t_R)
     1    0.88    7.17   16.13 1010.35 v u58391/Y (AND3x1_ASAP7_75t_R)
                                         n46323 (net)
                  7.17    0.09 1010.44 v u58394/A (OR2x2_ASAP7_75t_R)
     3    2.46   10.72   18.76 1029.20 v u58394/Y (OR2x2_ASAP7_75t_R)
                                         n46326 (net)
                 10.73    0.23 1029.43 v u58395/C (AND3x1_ASAP7_75t_R)
     1    0.80    6.52   13.52 1042.95 v u58395/Y (AND3x1_ASAP7_75t_R)
                                         n46327 (net)
                  6.52    0.05 1042.99 v u58398/A (OR2x2_ASAP7_75t_R)
     2    2.60   11.21   18.78 1061.78 v u58398/Y (OR2x2_ASAP7_75t_R)
                                         n46330 (net)
                 11.26    0.40 1062.18 v u58399/B2 (AO22x2_ASAP7_75t_R)
     2    4.02   15.79   23.58 1085.76 v u58399/Y (AO22x2_ASAP7_75t_R)
                                         n46331 (net)
                 16.01    1.04 1086.80 v u58401/B (MAJx2_ASAP7_75t_R)
     2    1.92   10.28   24.50 1111.30 v u58401/Y (MAJx2_ASAP7_75t_R)
                                         n46333 (net)
                 10.29    0.18 1111.48 v u58403/B1 (AO22x2_ASAP7_75t_R)
     2    2.99   12.53   22.87 1134.36 v u58403/Y (AO22x2_ASAP7_75t_R)
                                         n46335 (net)
                 12.57    0.38 1134.74 v u58405/B (MAJx2_ASAP7_75t_R)
     2    2.02   10.48   23.66 1158.40 v u58405/Y (MAJx2_ASAP7_75t_R)
                                         n46337 (net)
                 10.50    0.22 1158.62 v u58407/B1 (AO22x2_ASAP7_75t_R)
     2    3.64   14.56   23.70 1182.33 v u58407/Y (AO22x2_ASAP7_75t_R)
                                         n46339 (net)
                 14.70    0.78 1183.11 v u58409/B (MAJx2_ASAP7_75t_R)
     2    2.12   10.74   24.44 1207.55 v u58409/Y (MAJx2_ASAP7_75t_R)
                                         n46341 (net)
                 10.76    0.24 1207.79 v u58411/B1 (AO22x2_ASAP7_75t_R)
     2    3.27   13.32   23.40 1231.19 v u58411/Y (AO22x2_ASAP7_75t_R)
                                         n46343 (net)
                 13.38    0.51 1231.70 v u58413/B (MAJx2_ASAP7_75t_R)
     3    2.67   12.13   25.01 1256.71 v u58413/Y (MAJx2_ASAP7_75t_R)
                                         n46345 (net)
                 12.15    0.26 1256.97 v u58417/A3 (AO32x1_ASAP7_75t_R)
     3    2.79   18.86   29.66 1286.63 v u58417/Y (AO32x1_ASAP7_75t_R)
                                         n46349 (net)
                 18.88    0.35 1286.98 v u58419/C1 (AO222x2_ASAP7_75t_R)
     1    0.92    9.72   30.48 1317.47 v u58419/Y (AO222x2_ASAP7_75t_R)
                                         n46351 (net)
                  9.72    0.09 1317.56 v u58420/B (OA21x2_ASAP7_75t_R)
     2    3.20   12.97   16.35 1333.90 v u58420/Y (OA21x2_ASAP7_75t_R)
                                         n46352 (net)
                 13.08    0.65 1334.56 v u58422/B1 (AO22x2_ASAP7_75t_R)
     2    2.79   11.95   23.44 1358.00 v u58422/Y (AO22x2_ASAP7_75t_R)
                                         n46354 (net)
                 11.98    0.33 1358.32 v u58424/B (MAJx2_ASAP7_75t_R)
     2    2.02   10.47   23.49 1381.81 v u58424/Y (MAJx2_ASAP7_75t_R)
                                         n46356 (net)
                 10.49    0.21 1382.02 v u58426/B1 (AO22x2_ASAP7_75t_R)
     2    2.88   12.12   22.78 1404.79 v u58426/Y (AO22x2_ASAP7_75t_R)
                                         n46358 (net)
                 12.15    0.31 1405.10 v u58428/B (MAJx2_ASAP7_75t_R)
     3    2.76   12.42   24.74 1429.85 v u58428/Y (MAJx2_ASAP7_75t_R)
                                         n46360 (net)
                 12.46    0.38 1430.23 v u58429/C (AND3x1_ASAP7_75t_R)
     1    0.95    7.29   14.39 1444.62 v u58429/Y (AND3x1_ASAP7_75t_R)
                                         n46361 (net)
                  7.30    0.10 1444.72 v u58432/A (OR2x2_ASAP7_75t_R)
     3    3.27   13.06   19.94 1464.67 v u58432/Y (OR2x2_ASAP7_75t_R)
                                         n46364 (net)
                 13.14    0.57 1465.24 v u58434/C1 (AO222x2_ASAP7_75t_R)
     1    0.89    9.65   28.94 1494.18 v u58434/Y (AO222x2_ASAP7_75t_R)
                                         n46366 (net)
                  9.65    0.09 1494.27 v u58435/B (OA21x2_ASAP7_75t_R)
     3    2.73   11.51   15.80 1510.07 v u58435/Y (OA21x2_ASAP7_75t_R)
                                         n46367 (net)
                 11.53    0.27 1510.35 v u58439/A3 (AO32x1_ASAP7_75t_R)
     3    2.84   19.10   29.66 1540.01 v u58439/Y (AO32x1_ASAP7_75t_R)
                                         n46371 (net)
                 19.13    0.36 1540.38 v u58440/C (AND3x1_ASAP7_75t_R)
     1    0.71    6.30   15.67 1556.05 v u58440/Y (AND3x1_ASAP7_75t_R)
                                         n46372 (net)
                  6.30    0.04 1556.08 v u58443/A (OR2x2_ASAP7_75t_R)
     3    3.38   13.39   19.84 1575.93 v u58443/Y (OR2x2_ASAP7_75t_R)
                                         n46375 (net)
                 13.48    0.61 1576.54 v u58447/A3 (AO32x1_ASAP7_75t_R)
     3    2.94   19.61   30.40 1606.94 v u58447/Y (AO32x1_ASAP7_75t_R)
                                         n46379 (net)
                 19.64    0.39 1607.33 v u58458/A (AND3x1_ASAP7_75t_R)
     1    0.65    5.97   14.00 1621.33 v u58458/Y (AND3x1_ASAP7_75t_R)
                                         n46390 (net)
                  5.97    0.03 1621.36 v u58461/A (OR2x2_ASAP7_75t_R)
     3    3.21   12.86   19.55 1640.91 v u58461/Y (OR2x2_ASAP7_75t_R)
                                         n46393 (net)
                 12.94    0.56 1641.47 v u58463/C1 (AO222x2_ASAP7_75t_R)
     1    0.72    9.23   28.53 1670.00 v u58463/Y (AO222x2_ASAP7_75t_R)
                                         n46395 (net)
                  9.23    0.03 1670.03 v u58464/B (OA21x2_ASAP7_75t_R)
     3    2.98   12.32   15.93 1685.96 v u58464/Y (OA21x2_ASAP7_75t_R)
                                         n46396 (net)
                 12.39    0.51 1686.48 v u58465/C (AND3x1_ASAP7_75t_R)
     1    0.97    7.42   14.44 1700.92 v u58465/Y (AND3x1_ASAP7_75t_R)
                                         n46397 (net)
                  7.43    0.11 1701.03 v u58468/A (OR2x2_ASAP7_75t_R)
     2    2.42   10.78   18.70 1719.73 v u58468/Y (OR2x2_ASAP7_75t_R)
                                         n46400 (net)
                 10.83    0.40 1720.13 v u58472/A (AND2x2_ASAP7_75t_R)
     2    1.61    7.72   16.97 1737.10 v u58472/Y (AND2x2_ASAP7_75t_R)
                                         n46404 (net)
                  7.73    0.15 1737.26 v u58473/B (AND2x2_ASAP7_75t_R)
     2    1.86    8.44   15.39 1752.64 v u58473/Y (AND2x2_ASAP7_75t_R)
                                         n46405 (net)
                  8.46    0.24 1752.89 v u58513/A1 (AO221x1_ASAP7_75t_R)
     3    2.73   18.94   27.38 1780.26 v u58513/Y (AO221x1_ASAP7_75t_R)
                                         n46445 (net)
                 18.95    0.23 1780.49 v u58527/A1 (AO32x1_ASAP7_75t_R)
     3    4.23   26.82   31.39 1811.88 v u58527/Y (AO32x1_ASAP7_75t_R)
                                         n46459 (net)
                 26.96    1.11 1812.99 v u58531/A3 (AO32x1_ASAP7_75t_R)
     3    2.95   19.82   33.42 1846.41 v u58531/Y (AO32x1_ASAP7_75t_R)
                                         n46463 (net)
                 19.87    0.51 1846.92 v u58532/C (AND3x1_ASAP7_75t_R)
     1    0.98    7.66   16.61 1863.54 v u58532/Y (AND3x1_ASAP7_75t_R)
                                         n46464 (net)
                  7.66    0.11 1863.64 v u58535/A (OR2x2_ASAP7_75t_R)
     3    3.51   13.89   20.25 1883.89 v u58535/Y (OR2x2_ASAP7_75t_R)
                                         n46467 (net)
                 14.05    0.83 1884.72 v u58546/A (AND3x1_ASAP7_75t_R)
     1    0.93    7.14   13.36 1898.09 v u58546/Y (AND3x1_ASAP7_75t_R)
                                         n46478 (net)
                  7.15    0.10 1898.19 v u58549/A (OR2x2_ASAP7_75t_R)
     3    3.56   13.85   20.29 1918.48 v u58549/Y (OR2x2_ASAP7_75t_R)
                                         n46481 (net)
                 13.94    0.61 1919.09 v u58551/C1 (AO222x2_ASAP7_75t_R)
     1    0.90    9.67   29.16 1948.25 v u58551/Y (AO222x2_ASAP7_75t_R)
                                         n46483 (net)
                  9.67    0.09 1948.34 v u58552/B (OA21x2_ASAP7_75t_R)
     3    3.69   14.44   16.91 1965.26 v u58552/Y (OA21x2_ASAP7_75t_R)
                                         n46484 (net)
                 14.53    0.65 1965.90 v u58556/A3 (AO32x1_ASAP7_75t_R)
     3    2.99   19.86   30.81 1996.71 v u58556/Y (AO32x1_ASAP7_75t_R)
                                         n46488 (net)
                 19.88    0.36 1997.07 v u58557/B2 (AO222x2_ASAP7_75t_R)
     1    0.93    9.73   32.70 2029.78 v u58557/Y (AO222x2_ASAP7_75t_R)
                                         n46489 (net)
                  9.73    0.06 2029.84 v u58558/B (OA21x2_ASAP7_75t_R)
     2    1.96    9.49   14.77 2044.61 v u58558/Y (OA21x2_ASAP7_75t_R)
                                         n46490 (net)
                  9.49    0.10 2044.70 v u58560/B1 (AO22x2_ASAP7_75t_R)
     2    2.84   12.02   22.41 2067.11 v u58560/Y (AO22x2_ASAP7_75t_R)
                                         n46492 (net)
                 12.05    0.29 2067.40 v u58562/B (MAJx2_ASAP7_75t_R)
     3    2.94   12.98   24.98 2092.38 v u58562/Y (MAJx2_ASAP7_75t_R)
                                         n46494 (net)
                 13.04    0.48 2092.85 v u58563/C (AND3x1_ASAP7_75t_R)
     1    1.55   10.30   16.13 2108.98 v u58563/Y (AND3x1_ASAP7_75t_R)
                                         n46495 (net)
                 10.31    0.19 2109.17 v u58566/A (OR2x6_ASAP7_75t_R)
     3    4.76   10.58   20.61 2129.79 v u58566/Y (OR2x6_ASAP7_75t_R)
                                         n46498 (net)
                 10.93    1.04 2130.82 v u58569/A (NOR2x1_ASAP7_75t_R)
     1    0.77    9.14    8.36 2139.18 ^ u58569/Y (NOR2x1_ASAP7_75t_R)
                                         n46501 (net)
                  9.14    0.07 2139.25 ^ u58570/B (AO21x1_ASAP7_75t_R)
     2    3.13   22.31   17.96 2157.20 ^ u58570/Y (AO21x1_ASAP7_75t_R)
                                         n46502 (net)
                 22.38    0.74 2157.94 ^ u58571/B (NOR2x1_ASAP7_75t_R)
     3    2.38   17.47   14.58 2172.53 v u58571/Y (NOR2x1_ASAP7_75t_R)
                                         n46503 (net)
                 17.47    0.15 2172.67 v u58577/A1 (AO21x1_ASAP7_75t_R)
     3    3.01   18.67   24.03 2196.70 v u58577/Y (AO21x1_ASAP7_75t_R)
                                         n46509 (net)
                 18.69    0.40 2197.10 v u58579/C1 (AO222x2_ASAP7_75t_R)
     1    0.73    9.25   30.02 2227.13 v u58579/Y (AO222x2_ASAP7_75t_R)
                                         n46511 (net)
                  9.25    0.03 2227.16 v u58580/B (OA21x2_ASAP7_75t_R)
     3    2.66   11.36   15.56 2242.72 v u58580/Y (OA21x2_ASAP7_75t_R)
                                         n46512 (net)
                 11.39    0.29 2243.01 v u58581/C (AND3x1_ASAP7_75t_R)
     1    0.84    6.73   13.81 2256.83 v u58581/Y (AND3x1_ASAP7_75t_R)
                                         n46513 (net)
                  6.74    0.05 2256.88 v u58584/A (OR2x2_ASAP7_75t_R)
     3    3.18   12.86   19.66 2276.54 v u58584/Y (OR2x2_ASAP7_75t_R)
                                         n46516 (net)
                 12.98    0.67 2277.21 v u58588/A3 (AO32x1_ASAP7_75t_R)
     3    3.25   21.47   30.92 2308.13 v u58588/Y (AO32x1_ASAP7_75t_R)
                                         n46520 (net)
                 21.53    0.61 2308.74 v u58592/A3 (AO32x1_ASAP7_75t_R)
     3    3.22   21.29   32.89 2341.64 v u58592/Y (AO32x1_ASAP7_75t_R)
                                         n46524 (net)
                 21.34    0.60 2342.23 v u58603/A (AND3x1_ASAP7_75t_R)
     1    0.77    6.62   14.62 2356.85 v u58603/Y (AND3x1_ASAP7_75t_R)
                                         n46535 (net)
                  6.62    0.07 2356.93 v u58606/A (OR2x2_ASAP7_75t_R)
     2    2.17   10.03   18.15 2375.08 v u58606/Y (OR2x2_ASAP7_75t_R)
                                         n46538 (net)
                 10.05    0.24 2375.32 v u58607/B2 (AO22x2_ASAP7_75t_R)
     2    2.76   11.83   21.71 2397.02 v u58607/Y (AO22x2_ASAP7_75t_R)
                                         n46539 (net)
                 11.86    0.29 2397.32 v u58609/B (MAJx2_ASAP7_75t_R)
     3    2.82   12.66   24.72 2422.04 v u58609/Y (MAJx2_ASAP7_75t_R)
                                         n46541 (net)
                 12.72    0.48 2422.52 v u58610/B2 (AO222x2_ASAP7_75t_R)
     1    0.83    9.50   30.86 2453.38 v u58610/Y (AO222x2_ASAP7_75t_R)
                                         n46542 (net)
                  9.50    0.08 2453.46 v u58611/B (OA21x2_ASAP7_75t_R)
     2    2.22   10.29   14.98 2468.44 v u58611/Y (OA21x2_ASAP7_75t_R)
                                         n46543 (net)
                 10.33    0.32 2468.76 v u58675/A (AND2x2_ASAP7_75t_R)
     2    2.14    9.12   17.62 2486.38 v u58675/Y (AND2x2_ASAP7_75t_R)
                                         n46607 (net)
                  9.14    0.20 2486.58 v u58736/A (NAND2x1_ASAP7_75t_R)
     2    3.46   26.35   16.26 2502.84 ^ u58736/Y (NAND2x1_ASAP7_75t_R)
                                         n46668 (net)
                 26.43    0.82 2503.65 ^ u58738/A (NAND2x1_ASAP7_75t_R)
     4    3.46   20.71   14.96 2518.61 v u58738/Y (NAND2x1_ASAP7_75t_R)
                                         n46670 (net)
                 20.72    0.22 2518.83 v u58986/A1 (AO221x1_ASAP7_75t_R)
     3    3.03   20.34   30.28 2549.11 v u58986/Y (AO221x1_ASAP7_75t_R)
                                         n46918 (net)
                 20.35    0.21 2549.32 v u59229/A (AND3x1_ASAP7_75t_R)
     3    3.52   20.61   21.08 2570.40 v u59229/Y (AND3x1_ASAP7_75t_R)
                                         n47161 (net)
                 20.66    0.59 2570.98 v u59472/A1 (OA211x2_ASAP7_75t_R)
     2    1.84   12.27   26.38 2597.37 v u59472/Y (OA211x2_ASAP7_75t_R)
                                         n47404 (net)
                 12.28    0.20 2597.57 v u59715/A (OR3x1_ASAP7_75t_R)
     1    1.38   11.93   22.17 2619.74 v u59715/Y (OR3x1_ASAP7_75t_R)
                                         n47647 (net)
                 11.94    0.15 2619.89 v u59720/A (AND2x4_ASAP7_75t_R)
     3    3.24    7.83   16.75 2636.63 v u59720/Y (AND2x4_ASAP7_75t_R)
                                         n47652 (net)
                  7.88    0.31 2636.95 v u59919/A (AND3x1_ASAP7_75t_R)
     2    1.97   12.40   14.32 2651.27 v u59919/Y (AND3x1_ASAP7_75t_R)
                                         n47851 (net)
                 12.40    0.16 2651.43 v u59925/A (NOR2x1_ASAP7_75t_R)
     2    3.14   22.67   14.87 2666.30 ^ u59925/Y (NOR2x1_ASAP7_75t_R)
                                         n47857 (net)
                 22.70    0.47 2666.77 ^ u59989/A1 (OAI21x1_ASAP7_75t_R)
     4    5.96   32.83   19.10 2685.87 v u59989/Y (OAI21x1_ASAP7_75t_R)
                                         n47921 (net)
                 33.02    1.40 2687.27 v u59993/A (AND4x1_ASAP7_75t_R)
     1    0.88    7.47   17.05 2704.32 v u59993/Y (AND4x1_ASAP7_75t_R)
                                         n47925 (net)
                  7.48    0.09 2704.41 v u59994/B (AO21x1_ASAP7_75t_R)
     2    1.80   12.57   18.60 2723.01 v u59994/Y (AO21x1_ASAP7_75t_R)
                                         n47926 (net)
                 12.58    0.13 2723.14 v u59995/B (AO21x1_ASAP7_75t_R)
     1    1.40   10.56   18.62 2741.77 v u59995/Y (AO21x1_ASAP7_75t_R)
                                         n47927 (net)
                 10.57    0.16 2741.92 v u59999/A (XNOR2x2_ASAP7_75t_R)
     1    1.04    7.62   21.35 2763.27 ^ u59999/Y (XNOR2x2_ASAP7_75t_R)
                                         grp_uacc_section14_cost_core_fu_2337.uacc_section14_allocator_mul_16ns_115ns_130_7_1_U17.uacc_section14_allocator_uacc_section14_allocator_mul_16ns_115ns_130_7_1_Mul_DSP_4_U.tmp_product[129]* (net)
                  7.62    0.08 2763.36 ^ u39797/D (DFFHQNx1_ASAP7_75t_R)
                               2763.36   data arrival time

                       5000.00 5000.00   clock core_clock (rise edge)
                          0.00 5000.00   clock source latency
     1   14.03    0.00    0.00 5000.00 ^ ap_clk (in)
                                         ap_clk (net)
                 16.18    5.10 5005.10 ^ wire12009/A (BUFx6f_ASAP7_75t_R)
     1   13.95   19.43   17.32 5022.43 ^ wire12009/Y (BUFx6f_ASAP7_75t_R)
                                         net11980 (net)
                 28.90    7.19 5029.61 ^ wire12008/A (BUFx12f_ASAP7_75t_R)
     1   20.86   15.86   18.25 5047.87 ^ wire12008/Y (BUFx12f_ASAP7_75t_R)
                                         net11979 (net)
                 46.38   14.03 5061.90 ^ clkbuf_0_ap_clk/A (BUFx24_ASAP7_75t_R)
     2   15.25   13.24   28.14 5090.03 ^ clkbuf_0_ap_clk/Y (BUFx24_ASAP7_75t_R)
                                         clknet_0_ap_clk (net)
                 17.58    3.92 5093.96 ^ clkbuf_1_0_0_ap_clk/A (BUFx24_ASAP7_75t_R)
     2    9.88    9.31   20.55 5114.51 ^ clkbuf_1_0_0_ap_clk/Y (BUFx24_ASAP7_75t_R)
                                         clknet_1_0_0_ap_clk (net)
                 14.84    3.78 5118.29 ^ clkbuf_2_1_0_ap_clk/A (BUFx24_ASAP7_75t_R)
     1   10.00    9.39   19.81 5138.10 ^ clkbuf_2_1_0_ap_clk/Y (BUFx24_ASAP7_75t_R)
                                         clknet_2_1_0_ap_clk (net)
                 15.03    3.89 5141.99 ^ clkbuf_2_1_1_ap_clk/A (BUFx24_ASAP7_75t_R)
     2   13.41   11.40   20.27 5162.26 ^ clkbuf_2_1_1_ap_clk/Y (BUFx24_ASAP7_75t_R)
                                         clknet_2_1_1_ap_clk (net)
                 15.26    3.38 5165.64 ^ clkbuf_3_3_0_ap_clk/A (BUFx24_ASAP7_75t_R)
     4   20.99   15.09   20.93 5186.57 ^ clkbuf_3_3_0_ap_clk/Y (BUFx24_ASAP7_75t_R)
                                         clknet_3_3_0_ap_clk (net)
                 24.23    6.18 5192.75 ^ clkbuf_5_12_0_ap_clk/A (BUFx24_ASAP7_75t_R)
     2   10.46   10.14   22.57 5215.33 ^ clkbuf_5_12_0_ap_clk/Y (BUFx24_ASAP7_75t_R)
                                         clknet_5_12_0_ap_clk (net)
                 12.34    2.29 5217.62 ^ clkbuf_6_25__f_ap_clk/A (BUFx24_ASAP7_75t_R)
    16   49.72   28.08   22.93 5240.54 ^ clkbuf_6_25__f_ap_clk/Y (BUFx24_ASAP7_75t_R)
                                         clknet_6_25__leaf_ap_clk (net)
                 35.62    7.34 5247.89 ^ clkbuf_leaf_646_ap_clk/A (BUFx24_ASAP7_75t_R)
    16   15.58   13.23   26.21 5274.10 ^ clkbuf_leaf_646_ap_clk/Y (BUFx24_ASAP7_75t_R)
                                         clknet_leaf_646_ap_clk (net)
                 14.55    2.08 5276.18 ^ u39797/CLK (DFFHQNx1_ASAP7_75t_R)
                          2.43 5278.61   clock reconvergence pessimism
                         -5.29 5273.33   library setup time
                               5273.33   data required time
-----------------------------------------------------------------------------
                               5273.33   data required time
                               -2763.36   data arrival time
-----------------------------------------------------------------------------
                               2509.97   slack (MET)



==========================================================================
global route report_check_types -max_slew -max_cap -max_fanout -violators
--------------------------------------------------------------------------

==========================================================================
global route max_slew_check_slack
--------------------------------------------------------------------------
5.73668909072876

==========================================================================
global route max_slew_check_limit
--------------------------------------------------------------------------
320.0

==========================================================================
global route max_slew_check_slack_limit
--------------------------------------------------------------------------
0.0179

==========================================================================
global route max_fanout_check_slack
--------------------------------------------------------------------------
1.0000000150474662e+30

==========================================================================
global route max_fanout_check_limit
--------------------------------------------------------------------------
1.0000000150474662e+30

==========================================================================
global route max_capacitance_check_slack
--------------------------------------------------------------------------
9.947654724121094

==========================================================================
global route max_capacitance_check_limit
--------------------------------------------------------------------------
23.040000915527344

==========================================================================
global route max_capacitance_check_slack_limit
--------------------------------------------------------------------------
0.4318

==========================================================================
global route max_slew_violation_count
--------------------------------------------------------------------------
max slew violation count 0

==========================================================================
global route max_fanout_violation_count
--------------------------------------------------------------------------
max fanout violation count 0

==========================================================================
global route max_cap_violation_count
--------------------------------------------------------------------------
max cap violation count 0

==========================================================================
global route setup_violation_count
--------------------------------------------------------------------------
setup violation count 0

==========================================================================
global route hold_violation_count
--------------------------------------------------------------------------
hold violation count 0

==========================================================================
global route report_checks -path_delay max reg to reg
--------------------------------------------------------------------------
Startpoint: u53071 (rising edge-triggered flip-flop clocked by core_clock)
Endpoint: u39797 (rising edge-triggered flip-flop clocked by core_clock)
Path Group: core_clock
Path Type: max

  Delay    Time   Description
---------------------------------------------------------
   0.00    0.00   clock core_clock (rise edge)
   0.00    0.00   clock source latency
   0.00    0.00 ^ ap_clk (in)
  22.86   22.86 ^ wire12009/Y (BUFx6f_ASAP7_75t_R)
  26.20   49.06 ^ wire12008/Y (BUFx12f_ASAP7_75t_R)
  43.41   92.47 ^ clkbuf_0_ap_clk/Y (BUFx24_ASAP7_75t_R)
  24.91  117.38 ^ clkbuf_1_1_0_ap_clk/Y (BUFx24_ASAP7_75t_R)
  25.00  142.39 ^ clkbuf_2_3_0_ap_clk/Y (BUFx24_ASAP7_75t_R)
  25.08  167.47 ^ clkbuf_2_3_1_ap_clk/Y (BUFx24_ASAP7_75t_R)
  25.80  193.27 ^ clkbuf_3_6_0_ap_clk/Y (BUFx24_ASAP7_75t_R)
  31.89  225.16 ^ clkbuf_5_26_0_ap_clk/Y (BUFx24_ASAP7_75t_R)
  25.21  250.37 ^ clkbuf_6_52__f_ap_clk/Y (BUFx24_ASAP7_75t_R)
  27.27  277.65 ^ clkbuf_leaf_432_ap_clk/Y (BUFx24_ASAP7_75t_R)
   2.56  280.21 ^ u53071/CLK (DFFHQNx2_ASAP7_75t_R)
  84.09  364.30 v u53071/QN (DFFHQNx2_ASAP7_75t_R)
  63.16  427.45 v place11075/Y (BUFx3_ASAP7_75t_R)
  33.68  461.13 v u58058/Y (AND2x2_ASAP7_75t_R)
  27.08  488.22 ^ u58059/Y (XOR2x2_ASAP7_75t_R)
  27.03  515.24 ^ u58061/Y (XOR2x2_ASAP7_75t_R)
  25.19  540.43 ^ u58110/Y (XOR2x2_ASAP7_75t_R)
  25.10  565.53 ^ u58111/Y (XOR2x2_ASAP7_75t_R)
  25.67  591.20 ^ u58113/Y (XOR2x2_ASAP7_75t_R)
  26.02  617.22 ^ u58174/Y (XOR2x2_ASAP7_75t_R)
  25.98  643.20 ^ u58192/Y (XOR2x2_ASAP7_75t_R)
  27.59  670.79 ^ u58214/Y (XOR2x2_ASAP7_75t_R)
  27.29  698.08 ^ u58280/Y (XOR2x2_ASAP7_75t_R)
  21.06  719.14 ^ u58281/Y (AO22x2_ASAP7_75t_R)
  24.17  743.31 ^ u58283/Y (MAJx2_ASAP7_75t_R)
  13.49  756.80 ^ u58284/Y (AO21x1_ASAP7_75t_R)
  31.22  788.02 ^ u58286/Y (AND4x1_ASAP7_75t_R)
  14.09  802.12 v u58313/Y (NOR2x1_ASAP7_75t_R)
  20.21  822.33 v u58342/Y (AND2x2_ASAP7_75t_R)
  15.01  837.34 v u58343/Y (AND2x4_ASAP7_75t_R)
  16.30  853.65 ^ u58358/Y (NAND2x1_ASAP7_75t_R)
  21.15  874.80 v u58367/Y (NOR2x1_ASAP7_75t_R)
  30.00  904.80 v u58369/Y (MAJx2_ASAP7_75t_R)
  25.08  929.88 v u58371/Y (MAJx2_ASAP7_75t_R)
  14.56  944.44 v u58372/Y (AND3x1_ASAP7_75t_R)
  21.03  965.47 v u58375/Y (OR2x2_ASAP7_75t_R)
  28.37  993.83 v u58390/Y (AO32x1_ASAP7_75t_R)
  16.52 1010.35 v u58391/Y (AND3x1_ASAP7_75t_R)
  18.85 1029.20 v u58394/Y (OR2x2_ASAP7_75t_R)
  13.74 1042.95 v u58395/Y (AND3x1_ASAP7_75t_R)
  18.83 1061.78 v u58398/Y (OR2x2_ASAP7_75t_R)
  23.98 1085.76 v u58399/Y (AO22x2_ASAP7_75t_R)
  25.54 1111.30 v u58401/Y (MAJx2_ASAP7_75t_R)
  23.05 1134.36 v u58403/Y (AO22x2_ASAP7_75t_R)
  24.04 1158.40 v u58405/Y (MAJx2_ASAP7_75t_R)
  23.93 1182.33 v u58407/Y (AO22x2_ASAP7_75t_R)
  25.22 1207.55 v u58409/Y (MAJx2_ASAP7_75t_R)
  23.64 1231.19 v u58411/Y (AO22x2_ASAP7_75t_R)
  25.52 1256.71 v u58413/Y (MAJx2_ASAP7_75t_R)
  29.92 1286.63 v u58417/Y (AO32x1_ASAP7_75t_R)
  30.84 1317.47 v u58419/Y (AO222x2_ASAP7_75t_R)
  16.44 1333.90 v u58420/Y (OA21x2_ASAP7_75t_R)
  24.09 1358.00 v u58422/Y (AO22x2_ASAP7_75t_R)
  23.81 1381.81 v u58424/Y (MAJx2_ASAP7_75t_R)
  22.99 1404.79 v u58426/Y (AO22x2_ASAP7_75t_R)
  25.06 1429.85 v u58428/Y (MAJx2_ASAP7_75t_R)
  14.77 1444.62 v u58429/Y (AND3x1_ASAP7_75t_R)
  20.04 1464.67 v u58432/Y (OR2x2_ASAP7_75t_R)
  29.52 1494.18 v u58434/Y (AO222x2_ASAP7_75t_R)
  15.89 1510.07 v u58435/Y (OA21x2_ASAP7_75t_R)
  29.94 1540.01 v u58439/Y (AO32x1_ASAP7_75t_R)
  16.04 1556.05 v u58440/Y (AND3x1_ASAP7_75t_R)
  19.88 1575.93 v u58443/Y (OR2x2_ASAP7_75t_R)
  31.01 1606.94 v u58447/Y (AO32x1_ASAP7_75t_R)
  14.39 1621.33 v u58458/Y (AND3x1_ASAP7_75t_R)
  19.58 1640.91 v u58461/Y (OR2x2_ASAP7_75t_R)
  29.09 1670.00 v u58463/Y (AO222x2_ASAP7_75t_R)
  15.96 1685.96 v u58464/Y (OA21x2_ASAP7_75t_R)
  14.96 1700.92 v u58465/Y (AND3x1_ASAP7_75t_R)
  18.81 1719.73 v u58468/Y (OR2x2_ASAP7_75t_R)
  17.37 1737.10 v u58472/Y (AND2x2_ASAP7_75t_R)
  15.54 1752.64 v u58473/Y (AND2x2_ASAP7_75t_R)
  27.62 1780.26 v u58513/Y (AO221x1_ASAP7_75t_R)
  31.62 1811.88 v u58527/Y (AO32x1_ASAP7_75t_R)
  34.53 1846.41 v u58531/Y (AO32x1_ASAP7_75t_R)
  17.13 1863.54 v u58532/Y (AND3x1_ASAP7_75t_R)
  20.35 1883.89 v u58535/Y (OR2x2_ASAP7_75t_R)
  14.20 1898.09 v u58546/Y (AND3x1_ASAP7_75t_R)
  20.39 1918.48 v u58549/Y (OR2x2_ASAP7_75t_R)
  29.77 1948.25 v u58551/Y (AO222x2_ASAP7_75t_R)
  17.00 1965.26 v u58552/Y (OA21x2_ASAP7_75t_R)
  31.46 1996.71 v u58556/Y (AO32x1_ASAP7_75t_R)
  33.06 2029.78 v u58557/Y (AO222x2_ASAP7_75t_R)
  14.83 2044.61 v u58558/Y (OA21x2_ASAP7_75t_R)
  22.50 2067.11 v u58560/Y (AO22x2_ASAP7_75t_R)
  25.27 2092.38 v u58562/Y (MAJx2_ASAP7_75t_R)
  16.61 2108.98 v u58563/Y (AND3x1_ASAP7_75t_R)
  20.80 2129.79 v u58566/Y (OR2x6_ASAP7_75t_R)
   9.40 2139.18 ^ u58569/Y (NOR2x1_ASAP7_75t_R)
  18.02 2157.20 ^ u58570/Y (AO21x1_ASAP7_75t_R)
  15.32 2172.53 v u58571/Y (NOR2x1_ASAP7_75t_R)
  24.17 2196.70 v u58577/Y (AO21x1_ASAP7_75t_R)
  30.43 2227.13 v u58579/Y (AO222x2_ASAP7_75t_R)
  15.59 2242.72 v u58580/Y (OA21x2_ASAP7_75t_R)
  14.10 2256.83 v u58581/Y (AND3x1_ASAP7_75t_R)
  19.71 2276.54 v u58584/Y (OR2x2_ASAP7_75t_R)
  31.60 2308.13 v u58588/Y (AO32x1_ASAP7_75t_R)
  33.50 2341.64 v u58592/Y (AO32x1_ASAP7_75t_R)
  15.22 2356.85 v u58603/Y (AND3x1_ASAP7_75t_R)
  18.22 2375.08 v u58606/Y (OR2x2_ASAP7_75t_R)
  21.95 2397.02 v u58607/Y (AO22x2_ASAP7_75t_R)
  25.02 2422.04 v u58609/Y (MAJx2_ASAP7_75t_R)
  31.34 2453.38 v u58610/Y (AO222x2_ASAP7_75t_R)
  15.06 2468.44 v u58611/Y (OA21x2_ASAP7_75t_R)
  17.94 2486.38 v u58675/Y (AND2x2_ASAP7_75t_R)
  16.46 2502.84 ^ u58736/Y (NAND2x1_ASAP7_75t_R)
  15.77 2518.61 v u58738/Y (NAND2x1_ASAP7_75t_R)
  30.50 2549.11 v u58986/Y (AO221x1_ASAP7_75t_R)
  21.29 2570.40 v u59229/Y (AND3x1_ASAP7_75t_R)
  26.97 2597.37 v u59472/Y (OA211x2_ASAP7_75t_R)
  22.37 2619.74 v u59715/Y (OR3x1_ASAP7_75t_R)
  16.90 2636.63 v u59720/Y (AND2x4_ASAP7_75t_R)
  14.64 2651.27 v u59919/Y (AND3x1_ASAP7_75t_R)
  15.03 2666.30 ^ u59925/Y (NOR2x1_ASAP7_75t_R)
  19.57 2685.87 v u59989/Y (OAI21x1_ASAP7_75t_R)
  18.46 2704.32 v u59993/Y (AND4x1_ASAP7_75t_R)
  18.69 2723.01 v u59994/Y (AO21x1_ASAP7_75t_R)
  18.75 2741.77 v u59995/Y (AO21x1_ASAP7_75t_R)
  21.51 2763.27 ^ u59999/Y (XNOR2x2_ASAP7_75t_R)
   0.08 2763.36 ^ u39797/D (DFFHQNx1_ASAP7_75t_R)
        2763.36   data arrival time

5000.00 5000.00   clock core_clock (rise edge)
   0.00 5000.00   clock source latency
   0.00 5000.00 ^ ap_clk (in)
  22.43 5022.43 ^ wire12009/Y (BUFx6f_ASAP7_75t_R)
  25.44 5047.87 ^ wire12008/Y (BUFx12f_ASAP7_75t_R)
  42.17 5090.03 ^ clkbuf_0_ap_clk/Y (BUFx24_ASAP7_75t_R)
  24.48 5114.51 ^ clkbuf_1_0_0_ap_clk/Y (BUFx24_ASAP7_75t_R)
  23.59 5138.10 ^ clkbuf_2_1_0_ap_clk/Y (BUFx24_ASAP7_75t_R)
  24.16 5162.26 ^ clkbuf_2_1_1_ap_clk/Y (BUFx24_ASAP7_75t_R)
  24.31 5186.57 ^ clkbuf_3_3_0_ap_clk/Y (BUFx24_ASAP7_75t_R)
  28.75 5215.33 ^ clkbuf_5_12_0_ap_clk/Y (BUFx24_ASAP7_75t_R)
  25.22 5240.54 ^ clkbuf_6_25__f_ap_clk/Y (BUFx24_ASAP7_75t_R)
  33.55 5274.10 ^ clkbuf_leaf_646_ap_clk/Y (BUFx24_ASAP7_75t_R)
   2.08 5276.18 ^ u39797/CLK (DFFHQNx1_ASAP7_75t_R)
   2.43 5278.61   clock reconvergence pessimism
  -5.29 5273.33   library setup time
        5273.33   data required time
---------------------------------------------------------
        5273.33   data required time
        -2763.36   data arrival time
---------------------------------------------------------
        2509.97   slack (MET)



==========================================================================
global route report_checks -path_delay min reg to reg
--------------------------------------------------------------------------
Startpoint: u37777 (rising edge-triggered flip-flop clocked by core_clock)
Endpoint: u31960 (rising edge-triggered flip-flop clocked by core_clock)
Path Group: core_clock
Path Type: min

  Delay    Time   Description
---------------------------------------------------------
   0.00    0.00   clock core_clock (rise edge)
   0.00    0.00   clock source latency
   0.00    0.00 ^ ap_clk (in)
  22.43   22.43 ^ wire12009/Y (BUFx6f_ASAP7_75t_R)
  25.44   47.87 ^ wire12008/Y (BUFx12f_ASAP7_75t_R)
  42.17   90.03 ^ clkbuf_0_ap_clk/Y (BUFx24_ASAP7_75t_R)
  24.10  114.13 ^ clkbuf_1_1_0_ap_clk/Y (BUFx24_ASAP7_75t_R)
  24.24  138.38 ^ clkbuf_2_2_0_ap_clk/Y (BUFx24_ASAP7_75t_R)
  25.17  163.55 ^ clkbuf_2_2_1_ap_clk/Y (BUFx24_ASAP7_75t_R)
  21.45  185.00 ^ clkbuf_3_5_0_ap_clk/Y (BUFx24_ASAP7_75t_R)
  30.25  215.25 ^ clkbuf_5_23_0_ap_clk/Y (BUFx24_ASAP7_75t_R)
  24.84  240.09 ^ clkbuf_6_47__f_ap_clk/Y (BUFx24_ASAP7_75t_R)
  31.25  271.34 ^ clkbuf_leaf_253_ap_clk/Y (BUFx24_ASAP7_75t_R)
   1.41  272.75 ^ u37777/CLK (DFFHQNx1_ASAP7_75t_R)
  39.65  312.40 ^ u37777/QN (DFFHQNx1_ASAP7_75t_R)
   7.90  320.30 v u37779/Y (OAI21x1_ASAP7_75t_R)
   0.03  320.33 v u31960/D (DFFHQNx1_ASAP7_75t_R)
         320.33   data arrival time

   0.00    0.00   clock core_clock (rise edge)
   0.00    0.00   clock source latency
   0.00    0.00 ^ ap_clk (in)
  22.86   22.86 ^ wire12009/Y (BUFx6f_ASAP7_75t_R)
  26.20   49.06 ^ wire12008/Y (BUFx12f_ASAP7_75t_R)
  43.41   92.47 ^ clkbuf_0_ap_clk/Y (BUFx24_ASAP7_75t_R)
  24.91  117.38 ^ clkbuf_1_1_0_ap_clk/Y (BUFx24_ASAP7_75t_R)
  25.00  142.39 ^ clkbuf_2_3_0_ap_clk/Y (BUFx24_ASAP7_75t_R)
  25.08  167.47 ^ clkbuf_2_3_1_ap_clk/Y (BUFx24_ASAP7_75t_R)
  25.10  192.57 ^ clkbuf_3_7_0_ap_clk/Y (BUFx24_ASAP7_75t_R)
  30.10  222.67 ^ clkbuf_5_29_0_ap_clk/Y (BUFx24_ASAP7_75t_R)
  25.83  248.50 ^ clkbuf_6_58__f_ap_clk/Y (BUFx24_ASAP7_75t_R)
  56.91  305.41 ^ clkbuf_leaf_326_ap_clk/Y (BUFx24_ASAP7_75t_R)
   2.30  307.71 ^ u31960/CLK (DFFHQNx1_ASAP7_75t_R)
  -3.25  304.46   clock reconvergence pessimism
  12.70  317.17   library hold time
         317.17   data required time
---------------------------------------------------------
         317.17   data required time
        -320.33   data arrival time
---------------------------------------------------------
           3.16   slack (MET)



==========================================================================
global route critical path target clock latency max path
--------------------------------------------------------------------------
273.6544

==========================================================================
global route critical path target clock latency min path
--------------------------------------------------------------------------
310.3282

==========================================================================
global route critical path source clock latency min path
--------------------------------------------------------------------------
0.0000

==========================================================================
global route critical path delay
--------------------------------------------------------------------------
2763.3560

==========================================================================
global route critical path slack
--------------------------------------------------------------------------
2509.9734

==========================================================================
global route slack div critical path delay
--------------------------------------------------------------------------
90.830620

==========================================================================
global route report_power
--------------------------------------------------------------------------
Group                  Internal  Switching    Leakage      Total
                          Power      Power      Power      Power (Watts)
----------------------------------------------------------------
Sequential             1.07e-02   5.11e-04   2.44e-06   1.12e-02   6.7%
Combinational          8.70e-02   6.47e-02   1.11e-05   1.52e-01  90.1%
Clock                  3.14e-03   2.24e-03   5.60e-07   5.38e-03   3.2%
Macro                  0.00e+00   0.00e+00   0.00e+00   0.00e+00   0.0%
Pad                    0.00e+00   0.00e+00   0.00e+00   0.00e+00   0.0%
----------------------------------------------------------------
Total                  1.01e-01   6.74e-02   1.41e-05   1.68e-01 100.0%
                          59.9%      40.1%       0.0%
