
==========================================================================
resizer report_tns
--------------------------------------------------------------------------
tns max 0.00

==========================================================================
resizer report_wns
--------------------------------------------------------------------------
wns max 0.00

==========================================================================
resizer report_worst_slack
--------------------------------------------------------------------------
worst slack max 2889.95

==========================================================================
resizer report_clock_min_period
--------------------------------------------------------------------------
core_clock period_min = 2110.05 fmax = 473.92

==========================================================================
resizer report_checks -path_delay min
--------------------------------------------------------------------------
Startpoint: u9437 (rising edge-triggered flip-flop clocked by core_clock)
Endpoint: u6991 (rising edge-triggered flip-flop clocked by core_clock)
Path Group: core_clock
Path Type: min

Fanout     Cap    Slew   Delay    Time   Description
-----------------------------------------------------------------------------
                  0.00    0.00    0.00   clock core_clock (rise edge)
                          0.00    0.00   clock network delay (ideal)
                  0.00    0.00    0.00 ^ u9437/CLK (DFFHQNx1_ASAP7_75t_R)
     1    0.57   11.35   31.49   31.49 ^ u9437/QN (DFFHQNx1_ASAP7_75t_R)
                                         grp_uacc_section14_cost_core_fu_1625.uacc_section14_allocator_mul_8ns_35ns_43_7_1_U16.uacc_section14_allocator_uacc_section14_allocator_mul_8ns_35ns_43_7_1_Multiplier_2_U.buff3[40] (net)
                 11.35    0.02   31.51 ^ u9438/A (INVx1_ASAP7_75t_R)
     1    0.65    6.38    5.90   37.41 v u9438/Y (INVx1_ASAP7_75t_R)
                                         n5683 (net)
                  6.38    0.03   37.43 v u6991/D (DFFHQNx1_ASAP7_75t_R)
                                 37.43   data arrival time

                  0.00    0.00    0.00   clock core_clock (rise edge)
                          0.00    0.00   clock network delay (ideal)
                          0.00    0.00   clock reconvergence pessimism
                                  0.00 ^ u6991/CLK (DFFHQNx1_ASAP7_75t_R)
                          8.62    8.62   library hold time
                                  8.62   data required time
-----------------------------------------------------------------------------
                                  8.62   data required time
                                -37.43   data arrival time
-----------------------------------------------------------------------------
                                 28.82   slack (MET)



==========================================================================
resizer report_checks -path_delay max
--------------------------------------------------------------------------
Startpoint: lookahead_delta_q0[2] (input port clocked by core_clock)
Endpoint: candidate_valid_we0 (output port clocked by core_clock)
Path Group: core_clock
Path Type: max

Fanout     Cap    Slew   Delay    Time   Description
-----------------------------------------------------------------------------
                  0.00    0.00    0.00   clock core_clock (rise edge)
                          0.00    0.00   clock network delay (ideal)
                       1000.00 1000.00 ^ input external delay
     1    1.56    0.00    0.00 1000.00 ^ lookahead_delta_q0[2] (in)
                                         lookahead_delta_q0[2] (net)
                  0.49    0.16 1000.16 ^ input2831/A (BUFx2_ASAP7_75t_R)
     2    2.22    9.88   12.64 1012.80 ^ input2831/Y (BUFx2_ASAP7_75t_R)
                                         net2831 (net)
                  9.89    0.14 1012.93 ^ u1015/A (INVx1_ASAP7_75t_R)
     2    1.72   11.09    8.50 1021.43 v u1015/Y (INVx1_ASAP7_75t_R)
                                         n825 (net)
                 11.09    0.17 1021.60 v u1017/A (AND2x2_ASAP7_75t_R)
     1    1.22    6.70   16.48 1038.08 v u1017/Y (AND2x2_ASAP7_75t_R)
                                         n827 (net)
                  6.71    0.13 1038.21 v u1018/A2 (AO21x1_ASAP7_75t_R)
     1    0.85    7.76   14.37 1052.58 v u1018/Y (AO21x1_ASAP7_75t_R)
                                         n828 (net)
                  7.77    0.06 1052.64 v u1023/A1 (OA211x2_ASAP7_75t_R)
     1    0.89   10.25   21.85 1074.49 v u1023/Y (OA211x2_ASAP7_75t_R)
                                         n833 (net)
                 10.25    0.06 1074.55 v u1024/B (OR3x1_ASAP7_75t_R)
     1    0.88    9.73   20.88 1095.43 v u1024/Y (OR3x1_ASAP7_75t_R)
                                         net3187 (net)
                  9.74    0.06 1095.49 v output3212/A (BUFx2_ASAP7_75t_R)
     1    1.12    6.16   14.43 1109.92 v output3212/Y (BUFx2_ASAP7_75t_R)
                                         candidate_valid_we0 (net)
                  6.17    0.13 1110.05 v candidate_valid_we0 (out)
                               1110.05   data arrival time

                  0.00 5000.00 5000.00   clock core_clock (rise edge)
                          0.00 5000.00   clock network delay (ideal)
                          0.00 5000.00   clock reconvergence pessimism
                       -1000.00 4000.00   output external delay
                               4000.00   data required time
-----------------------------------------------------------------------------
                               4000.00   data required time
                               -1110.05   data arrival time
-----------------------------------------------------------------------------
                               2889.95   slack (MET)



==========================================================================
resizer report_checks -unconstrained
--------------------------------------------------------------------------
Startpoint: lookahead_delta_q0[2] (input port clocked by core_clock)
Endpoint: candidate_valid_we0 (output port clocked by core_clock)
Path Group: core_clock
Path Type: max

Fanout     Cap    Slew   Delay    Time   Description
-----------------------------------------------------------------------------
                  0.00    0.00    0.00   clock core_clock (rise edge)
                          0.00    0.00   clock network delay (ideal)
                       1000.00 1000.00 ^ input external delay
     1    1.56    0.00    0.00 1000.00 ^ lookahead_delta_q0[2] (in)
                                         lookahead_delta_q0[2] (net)
                  0.49    0.16 1000.16 ^ input2831/A (BUFx2_ASAP7_75t_R)
     2    2.22    9.88   12.64 1012.80 ^ input2831/Y (BUFx2_ASAP7_75t_R)
                                         net2831 (net)
                  9.89    0.14 1012.93 ^ u1015/A (INVx1_ASAP7_75t_R)
     2    1.72   11.09    8.50 1021.43 v u1015/Y (INVx1_ASAP7_75t_R)
                                         n825 (net)
                 11.09    0.17 1021.60 v u1017/A (AND2x2_ASAP7_75t_R)
     1    1.22    6.70   16.48 1038.08 v u1017/Y (AND2x2_ASAP7_75t_R)
                                         n827 (net)
                  6.71    0.13 1038.21 v u1018/A2 (AO21x1_ASAP7_75t_R)
     1    0.85    7.76   14.37 1052.58 v u1018/Y (AO21x1_ASAP7_75t_R)
                                         n828 (net)
                  7.77    0.06 1052.64 v u1023/A1 (OA211x2_ASAP7_75t_R)
     1    0.89   10.25   21.85 1074.49 v u1023/Y (OA211x2_ASAP7_75t_R)
                                         n833 (net)
                 10.25    0.06 1074.55 v u1024/B (OR3x1_ASAP7_75t_R)
     1    0.88    9.73   20.88 1095.43 v u1024/Y (OR3x1_ASAP7_75t_R)
                                         net3187 (net)
                  9.74    0.06 1095.49 v output3212/A (BUFx2_ASAP7_75t_R)
     1    1.12    6.16   14.43 1109.92 v output3212/Y (BUFx2_ASAP7_75t_R)
                                         candidate_valid_we0 (net)
                  6.17    0.13 1110.05 v candidate_valid_we0 (out)
                               1110.05   data arrival time

                  0.00 5000.00 5000.00   clock core_clock (rise edge)
                          0.00 5000.00   clock network delay (ideal)
                          0.00 5000.00   clock reconvergence pessimism
                       -1000.00 4000.00   output external delay
                               4000.00   data required time
-----------------------------------------------------------------------------
                               4000.00   data required time
                               -1110.05   data arrival time
-----------------------------------------------------------------------------
                               2889.95   slack (MET)



==========================================================================
resizer report_check_types -max_slew -max_cap -max_fanout -violators
--------------------------------------------------------------------------

==========================================================================
resizer max_slew_check_slack
--------------------------------------------------------------------------
19.25909423828125

==========================================================================
resizer max_slew_check_limit
--------------------------------------------------------------------------
320.0

==========================================================================
resizer max_slew_check_slack_limit
--------------------------------------------------------------------------
0.0602

==========================================================================
resizer max_fanout_check_slack
--------------------------------------------------------------------------
1.0000000150474662e+30

==========================================================================
resizer max_fanout_check_limit
--------------------------------------------------------------------------
1.0000000150474662e+30

==========================================================================
resizer max_capacitance_check_slack
--------------------------------------------------------------------------
17.297637939453125

==========================================================================
resizer max_capacitance_check_limit
--------------------------------------------------------------------------
23.040000915527344

==========================================================================
resizer max_capacitance_check_slack_limit
--------------------------------------------------------------------------
0.7508

==========================================================================
resizer max_slew_violation_count
--------------------------------------------------------------------------
max slew violation count 0

==========================================================================
resizer max_fanout_violation_count
--------------------------------------------------------------------------
max fanout violation count 0

==========================================================================
resizer max_cap_violation_count
--------------------------------------------------------------------------
max cap violation count 0

==========================================================================
resizer setup_violation_count
--------------------------------------------------------------------------
setup violation count 0

==========================================================================
resizer hold_violation_count
--------------------------------------------------------------------------
hold violation count 0

==========================================================================
resizer report_checks -path_delay max reg to reg
--------------------------------------------------------------------------
Startpoint: u23413 (rising edge-triggered flip-flop clocked by core_clock)
Endpoint: u19118 (rising edge-triggered flip-flop clocked by core_clock)
Path Group: core_clock
Path Type: max

  Delay    Time   Description
---------------------------------------------------------
   0.00    0.00   clock core_clock (rise edge)
   0.00    0.00   clock network delay (ideal)
   0.00    0.00 ^ u23413/CLK (DFFHQNx1_ASAP7_75t_R)
  93.60   93.60 ^ u23413/QN (DFFHQNx1_ASAP7_75t_R)
  39.36  132.97 v u23607/Y (INVx2_ASAP7_75t_R)
  31.65  164.62 v u23983/Y (OR4x1_ASAP7_75t_R)
  16.66  181.28 v u23984/Y (AND2x2_ASAP7_75t_R)
  25.41  206.68 ^ u23985/Y (XOR2x2_ASAP7_75t_R)
  24.65  231.34 ^ u23987/Y (XOR2x2_ASAP7_75t_R)
  24.64  255.98 ^ u23991/Y (XOR2x2_ASAP7_75t_R)
  19.78  275.75 ^ u23993/Y (AO22x1_ASAP7_75t_R)
  24.70  300.45 ^ u24000/Y (XNOR2x2_ASAP7_75t_R)
  12.46  312.91 v u24041/Y (NOR2x1_ASAP7_75t_R)
  22.52  335.43 v u24042/Y (AO21x1_ASAP7_75t_R)
  25.15  360.57 v u24044/Y (MAJx2_ASAP7_75t_R)
  23.42  383.99 v u24046/Y (AO22x2_ASAP7_75t_R)
  24.17  408.17 v u24048/Y (MAJx2_ASAP7_75t_R)
  22.61  430.78 v u24050/Y (AO22x2_ASAP7_75t_R)
  26.46  457.24 v u24052/Y (MAJx2_ASAP7_75t_R)
  26.91  484.15 v u24054/Y (MAJx2_ASAP7_75t_R)
  23.13  507.28 v u24056/Y (MAJx2_ASAP7_75t_R)
  26.37  533.65 ^ u24059/Y (XOR2x2_ASAP7_75t_R)
  15.11  548.76 ^ u24096/Y (AND2x4_ASAP7_75t_R)
  21.88  570.64 ^ u24103/Y (MAJx2_ASAP7_75t_R)
  22.36  593.00 ^ u24105/Y (MAJx2_ASAP7_75t_R)
  19.40  612.41 ^ u24107/Y (AO22x2_ASAP7_75t_R)
  23.76  636.16 ^ u24110/Y (MAJx2_ASAP7_75t_R)
  25.33  661.50 ^ u24114/Y (AO32x1_ASAP7_75t_R)
  25.27  686.77 ^ u24126/Y (OA21x2_ASAP7_75t_R)
  24.91  711.68 ^ u24130/Y (AO32x1_ASAP7_75t_R)
  20.51  732.19 ^ u24132/Y (AO22x2_ASAP7_75t_R)
  23.80  755.99 ^ u24134/Y (MAJx2_ASAP7_75t_R)
  19.02  775.01 ^ u24135/Y (AND3x1_ASAP7_75t_R)
  16.70  791.71 ^ u24138/Y (OR2x2_ASAP7_75t_R)
  20.00  811.71 ^ u24139/Y (AO22x2_ASAP7_75t_R)
  21.89  833.60 ^ u24141/Y (MAJx2_ASAP7_75t_R)
  19.00  852.61 ^ u24143/Y (AO22x2_ASAP7_75t_R)
  23.39  876.00 ^ u24145/Y (MAJx2_ASAP7_75t_R)
  18.71  894.71 ^ u24146/Y (AND3x1_ASAP7_75t_R)
  17.28  911.99 ^ u24149/Y (OR2x2_ASAP7_75t_R)
  17.55  929.54 ^ u24160/Y (AND3x1_ASAP7_75t_R)
  16.28  945.83 ^ u24163/Y (OR2x2_ASAP7_75t_R)
  20.00  965.82 ^ u24165/Y (AO22x2_ASAP7_75t_R)
  25.33  991.15 ^ u24179/Y (MAJx2_ASAP7_75t_R)
  23.13 1014.28 ^ u24191/Y (OA21x2_ASAP7_75t_R)
  12.37 1026.65 v u24194/Y (NAND3x1_ASAP7_75t_R)
  19.53 1046.19 v u24214/Y (AND2x2_ASAP7_75t_R)
  20.18 1066.37 v u24215/Y (OR3x1_ASAP7_75t_R)
  29.53 1095.90 v u24216/Y (OA211x2_ASAP7_75t_R)
  21.01 1116.91 v u24217/Y (OR3x1_ASAP7_75t_R)
  30.33 1147.24 v u24218/Y (OA211x2_ASAP7_75t_R)
  22.10 1169.33 v u24219/Y (OR3x1_ASAP7_75t_R)
  29.45 1198.79 v u24220/Y (OA211x2_ASAP7_75t_R)
  21.52 1220.31 v u24221/Y (OR3x1_ASAP7_75t_R)
  26.78 1247.09 v u24222/Y (OA211x2_ASAP7_75t_R)
  21.27 1268.36 v u24223/Y (AO22x1_ASAP7_75t_R)
  21.01 1289.37 ^ u24224/Y (XNOR2x2_ASAP7_75t_R)
   0.04 1289.41 ^ u19118/D (DFFHQNx1_ASAP7_75t_R)
        1289.41   data arrival time

5000.00 5000.00   clock core_clock (rise edge)
   0.00 5000.00   clock network delay (ideal)
   0.00 5000.00   clock reconvergence pessimism
        5000.00 ^ u19118/CLK (DFFHQNx1_ASAP7_75t_R)
 -15.11 4984.89   library setup time
        4984.89   data required time
---------------------------------------------------------
        4984.89   data required time
        -1289.41   data arrival time
---------------------------------------------------------
        3695.48   slack (MET)



==========================================================================
resizer report_checks -path_delay min reg to reg
--------------------------------------------------------------------------
Startpoint: u9437 (rising edge-triggered flip-flop clocked by core_clock)
Endpoint: u6991 (rising edge-triggered flip-flop clocked by core_clock)
Path Group: core_clock
Path Type: min

  Delay    Time   Description
---------------------------------------------------------
   0.00    0.00   clock core_clock (rise edge)
   0.00    0.00   clock network delay (ideal)
   0.00    0.00 ^ u9437/CLK (DFFHQNx1_ASAP7_75t_R)
  31.49   31.49 ^ u9437/QN (DFFHQNx1_ASAP7_75t_R)
   5.92   37.41 v u9438/Y (INVx1_ASAP7_75t_R)
   0.03   37.43 v u6991/D (DFFHQNx1_ASAP7_75t_R)
          37.43   data arrival time

   0.00    0.00   clock core_clock (rise edge)
   0.00    0.00   clock network delay (ideal)
   0.00    0.00   clock reconvergence pessimism
           0.00 ^ u6991/CLK (DFFHQNx1_ASAP7_75t_R)
   8.62    8.62   library hold time
           8.62   data required time
---------------------------------------------------------
           8.62   data required time
         -37.43   data arrival time
---------------------------------------------------------
          28.82   slack (MET)



==========================================================================
resizer critical path target clock latency max path
--------------------------------------------------------------------------
0.0000

==========================================================================
resizer critical path target clock latency min path
--------------------------------------------------------------------------
0.0000

==========================================================================
resizer critical path source clock latency min path
--------------------------------------------------------------------------
0.0000

==========================================================================
resizer critical path delay
--------------------------------------------------------------------------
1110.0485

==========================================================================
resizer critical path slack
--------------------------------------------------------------------------
2889.9514

==========================================================================
resizer slack div critical path delay
--------------------------------------------------------------------------
260.344607

==========================================================================
resizer report_power
--------------------------------------------------------------------------
Group                  Internal  Switching    Leakage      Total
                          Power      Power      Power      Power (Watts)
----------------------------------------------------------------
Sequential             2.35e-03   1.46e-04   8.14e-07   2.50e-03  26.0%
Combinational          4.33e-03   2.78e-03   2.81e-06   7.11e-03  74.0%
Clock                  0.00e+00   0.00e+00   0.00e+00   0.00e+00   0.0%
Macro                  0.00e+00   0.00e+00   0.00e+00   0.00e+00   0.0%
Pad                    0.00e+00   0.00e+00   0.00e+00   0.00e+00   0.0%
----------------------------------------------------------------
Total                  6.68e-03   2.93e-03   3.62e-06   9.61e-03 100.0%
                          69.5%      30.4%       0.0%
