
==========================================================================
cts final report_tns
--------------------------------------------------------------------------
tns max 0.00

==========================================================================
cts final report_wns
--------------------------------------------------------------------------
wns max 0.00

==========================================================================
cts final report_worst_slack
--------------------------------------------------------------------------
worst slack max 2894.68

==========================================================================
cts final report_clock_min_period
--------------------------------------------------------------------------
core_clock period_min = 2105.32 fmax = 474.99

==========================================================================
cts final report_clock_skew
--------------------------------------------------------------------------
Clock core_clock
 261.49 source latency u9664/CLK ^
-225.70 target latency u11533/CLK ^
  -3.48 CRPR
--------------
  32.31 setup skew


==========================================================================
cts final report_checks -path_delay min
--------------------------------------------------------------------------
Startpoint: u13949 (rising edge-triggered flip-flop clocked by core_clock)
Endpoint: u10739 (rising edge-triggered flip-flop clocked by core_clock)
Path Group: core_clock
Path Type: min

Fanout     Cap    Slew   Delay    Time   Description
-----------------------------------------------------------------------------
                          0.00    0.00   clock core_clock (rise edge)
                          0.00    0.00   clock source latency
     1   12.00    0.00    0.00    0.00 ^ ap_clk (in)
                                         ap_clk (net)
                 56.16   17.72   17.72 ^ wire4077/A (BUFx6f_ASAP7_75t_R)
     1   11.77   11.81   22.59   40.31 ^ wire4077/Y (BUFx6f_ASAP7_75t_R)
                                         net4051 (net)
                 59.11   18.13   58.44 ^ clkbuf_0_ap_clk/A (BUFx24_ASAP7_75t_R)
     2   13.50   11.05   29.41   87.85 ^ clkbuf_0_ap_clk/Y (BUFx24_ASAP7_75t_R)
                                         clknet_0_ap_clk (net)
                 29.20    8.44   96.29 ^ clkbuf_1_1_0_ap_clk/A (BUFx24_ASAP7_75t_R)
     2   13.93   10.30   23.78  120.08 ^ clkbuf_1_1_0_ap_clk/Y (BUFx24_ASAP7_75t_R)
                                         clknet_1_1_0_ap_clk (net)
                 26.03    7.49  127.57 ^ clkbuf_2_2_0_ap_clk/A (BUFx24_ASAP7_75t_R)
     4   20.29   13.88   23.42  150.99 ^ clkbuf_2_2_0_ap_clk/Y (BUFx24_ASAP7_75t_R)
                                         clknet_2_2_0_ap_clk (net)
                 26.31    6.95  157.94 ^ clkbuf_4_8_0_ap_clk/A (BUFx24_ASAP7_75t_R)
     2    5.94    8.55   22.44  180.38 ^ clkbuf_4_8_0_ap_clk/Y (BUFx24_ASAP7_75t_R)
                                         clknet_4_8_0_ap_clk (net)
                 10.19    2.02  182.41 ^ clkbuf_5_16__f_ap_clk/A (BUFx24_ASAP7_75t_R)
     6   19.53   13.92   20.17  202.57 ^ clkbuf_5_16__f_ap_clk/Y (BUFx24_ASAP7_75t_R)
                                         clknet_5_16__leaf_ap_clk (net)
                 19.12    4.54  207.11 ^ clkbuf_leaf_70_ap_clk/A (BUFx24_ASAP7_75t_R)
    16   11.91   10.77   21.89  229.00 ^ clkbuf_leaf_70_ap_clk/Y (BUFx24_ASAP7_75t_R)
                                         clknet_leaf_70_ap_clk (net)
                 10.88    0.52  229.52 ^ u13949/CLK (DFFHQNx1_ASAP7_75t_R)
     1    0.61   11.61   35.06  264.58 ^ u13949/QN (DFFHQNx1_ASAP7_75t_R)
                                         grp_fixedCost_fu_1654.trunc_ln164_8_reg_337[8] (net)
                 11.61    0.03  264.61 ^ u13950/A (INVx1_ASAP7_75t_R)
     2    1.00    8.05    6.97  271.58 v u13950/Y (INVx1_ASAP7_75t_R)
                                         n8228 (net)
                  8.05    0.03  271.61 v u10739/D (DFFHQNx1_ASAP7_75t_R)
                                271.61   data arrival time

                          0.00    0.00   clock core_clock (rise edge)
                          0.00    0.00   clock source latency
     1   12.28    0.00    0.00    0.00 ^ ap_clk (in)
                                         ap_clk (net)
                 58.57   18.48   18.48 ^ wire4077/A (BUFx6f_ASAP7_75t_R)
     1   12.37   11.94   22.88   41.36 ^ wire4077/Y (BUFx6f_ASAP7_75t_R)
                                         net4051 (net)
                 64.05   19.70   61.06 ^ clkbuf_0_ap_clk/A (BUFx24_ASAP7_75t_R)
     2   14.71   11.36   30.27   91.33 ^ clkbuf_0_ap_clk/Y (BUFx24_ASAP7_75t_R)
                                         clknet_0_ap_clk (net)
                 33.12    9.71  101.04 ^ clkbuf_1_0_0_ap_clk/A (BUFx24_ASAP7_75t_R)
     2   13.99    9.53   24.31  125.34 ^ clkbuf_1_0_0_ap_clk/Y (BUFx24_ASAP7_75t_R)
                                         clknet_1_0_0_ap_clk (net)
                 33.58   10.04  135.39 ^ clkbuf_2_0_0_ap_clk/A (BUFx24_ASAP7_75t_R)
     4   22.08   14.90   25.43  160.81 ^ clkbuf_2_0_0_ap_clk/Y (BUFx24_ASAP7_75t_R)
                                         clknet_2_0_0_ap_clk (net)
                 32.45    9.14  169.95 ^ clkbuf_4_2_0_ap_clk/A (BUFx24_ASAP7_75t_R)
     2    7.58    9.43   24.23  194.17 ^ clkbuf_4_2_0_ap_clk/Y (BUFx24_ASAP7_75t_R)
                                         clknet_4_2_0_ap_clk (net)
                 11.72    2.49  196.66 ^ clkbuf_5_5__f_ap_clk/A (BUFx24_ASAP7_75t_R)
    12   41.29   22.01   22.12  218.78 ^ clkbuf_5_5__f_ap_clk/Y (BUFx24_ASAP7_75t_R)
                                         clknet_5_5__leaf_ap_clk (net)
                 52.73   15.46  234.24 ^ clkbuf_leaf_27_ap_clk/A (BUFx24_ASAP7_75t_R)
    21   14.80   13.16   29.71  263.95 ^ clkbuf_leaf_27_ap_clk/Y (BUFx24_ASAP7_75t_R)
                                         clknet_leaf_27_ap_clk (net)
                 13.20    0.46  264.41 ^ u10739/CLK (DFFHQNx1_ASAP7_75t_R)
                         -3.48  260.93   clock reconvergence pessimism
                         11.72  272.65   library hold time
                                272.65   data required time
-----------------------------------------------------------------------------
                                272.65   data required time
                               -271.61   data arrival time
-----------------------------------------------------------------------------
                                 -1.04   slack (VIOLATED)



==========================================================================
cts final report_checks -path_delay max
--------------------------------------------------------------------------
Startpoint: lookahead_delta_q0[2] (input port clocked by core_clock)
Endpoint: candidate_valid_we0 (output port clocked by core_clock)
Path Group: core_clock
Path Type: max

Fanout     Cap    Slew   Delay    Time   Description
-----------------------------------------------------------------------------
                          0.00    0.00   clock core_clock (rise edge)
                          0.00    0.00   clock network delay (propagated)
                       1000.00 1000.00 ^ input external delay
     1    1.43    0.00    0.00 1000.00 ^ lookahead_delta_q0[2] (in)
                                         lookahead_delta_q0[2] (net)
                  0.41    0.13 1000.13 ^ input2831/A (BUFx2_ASAP7_75t_R)
     2    2.16    9.69   12.53 1012.66 ^ input2831/Y (BUFx2_ASAP7_75t_R)
                                         net2831 (net)
                  9.69    0.11 1012.77 ^ u1015/A (INVx1_ASAP7_75t_R)
     2    1.31    9.07    7.46 1020.23 v u1015/Y (INVx1_ASAP7_75t_R)
                                         n825 (net)
                  9.07    0.06 1020.29 v u1017/A (AND2x2_ASAP7_75t_R)
     1    0.87    5.81   15.27 1035.57 v u1017/Y (AND2x2_ASAP7_75t_R)
                                         n827 (net)
                  5.81    0.05 1035.62 v u1018/A2 (AO21x1_ASAP7_75t_R)
     1    0.81    7.52   14.00 1049.62 v u1018/Y (AO21x1_ASAP7_75t_R)
                                         n828 (net)
                  7.52    0.05 1049.67 v u1023/A1 (OA211x2_ASAP7_75t_R)
     1    0.68    9.74   21.40 1071.07 v u1023/Y (OA211x2_ASAP7_75t_R)
                                         n833 (net)
                  9.74    0.03 1071.09 v u1024/B (OR3x1_ASAP7_75t_R)
     1    0.68    8.68   20.05 1091.15 v u1024/Y (OR3x1_ASAP7_75t_R)
                                         net3187 (net)
                  8.68    0.03 1091.17 v output3212/A (BUFx2_ASAP7_75t_R)
     1    1.08    6.04   14.02 1105.19 v output3212/Y (BUFx2_ASAP7_75t_R)
                                         candidate_valid_we0 (net)
                  6.05    0.12 1105.32 v candidate_valid_we0 (out)
                               1105.32   data arrival time

                       5000.00 5000.00   clock core_clock (rise edge)
                          0.00 5000.00   clock network delay (propagated)
                          0.00 5000.00   clock reconvergence pessimism
                       -1000.00 4000.00   output external delay
                               4000.00   data required time
-----------------------------------------------------------------------------
                               4000.00   data required time
                               -1105.32   data arrival time
-----------------------------------------------------------------------------
                               2894.68   slack (MET)



==========================================================================
cts final report_checks -unconstrained
--------------------------------------------------------------------------
Startpoint: lookahead_delta_q0[2] (input port clocked by core_clock)
Endpoint: candidate_valid_we0 (output port clocked by core_clock)
Path Group: core_clock
Path Type: max

Fanout     Cap    Slew   Delay    Time   Description
-----------------------------------------------------------------------------
                          0.00    0.00   clock core_clock (rise edge)
                          0.00    0.00   clock network delay (propagated)
                       1000.00 1000.00 ^ input external delay
     1    1.43    0.00    0.00 1000.00 ^ lookahead_delta_q0[2] (in)
                                         lookahead_delta_q0[2] (net)
                  0.41    0.13 1000.13 ^ input2831/A (BUFx2_ASAP7_75t_R)
     2    2.16    9.69   12.53 1012.66 ^ input2831/Y (BUFx2_ASAP7_75t_R)
                                         net2831 (net)
                  9.69    0.11 1012.77 ^ u1015/A (INVx1_ASAP7_75t_R)
     2    1.31    9.07    7.46 1020.23 v u1015/Y (INVx1_ASAP7_75t_R)
                                         n825 (net)
                  9.07    0.06 1020.29 v u1017/A (AND2x2_ASAP7_75t_R)
     1    0.87    5.81   15.27 1035.57 v u1017/Y (AND2x2_ASAP7_75t_R)
                                         n827 (net)
                  5.81    0.05 1035.62 v u1018/A2 (AO21x1_ASAP7_75t_R)
     1    0.81    7.52   14.00 1049.62 v u1018/Y (AO21x1_ASAP7_75t_R)
                                         n828 (net)
                  7.52    0.05 1049.67 v u1023/A1 (OA211x2_ASAP7_75t_R)
     1    0.68    9.74   21.40 1071.07 v u1023/Y (OA211x2_ASAP7_75t_R)
                                         n833 (net)
                  9.74    0.03 1071.09 v u1024/B (OR3x1_ASAP7_75t_R)
     1    0.68    8.68   20.05 1091.15 v u1024/Y (OR3x1_ASAP7_75t_R)
                                         net3187 (net)
                  8.68    0.03 1091.17 v output3212/A (BUFx2_ASAP7_75t_R)
     1    1.08    6.04   14.02 1105.19 v output3212/Y (BUFx2_ASAP7_75t_R)
                                         candidate_valid_we0 (net)
                  6.05    0.12 1105.32 v candidate_valid_we0 (out)
                               1105.32   data arrival time

                       5000.00 5000.00   clock core_clock (rise edge)
                          0.00 5000.00   clock network delay (propagated)
                          0.00 5000.00   clock reconvergence pessimism
                       -1000.00 4000.00   output external delay
                               4000.00   data required time
-----------------------------------------------------------------------------
                               4000.00   data required time
                               -1105.32   data arrival time
-----------------------------------------------------------------------------
                               2894.68   slack (MET)



==========================================================================
cts final report_check_types -max_slew -max_cap -max_fanout -violators
--------------------------------------------------------------------------

==========================================================================
cts final max_slew_check_slack
--------------------------------------------------------------------------
15.70693588256836

==========================================================================
cts final max_slew_check_limit
--------------------------------------------------------------------------
320.0

==========================================================================
cts final max_slew_check_slack_limit
--------------------------------------------------------------------------
0.0491

==========================================================================
cts final max_fanout_check_slack
--------------------------------------------------------------------------
1.0000000150474662e+30

==========================================================================
cts final max_fanout_check_limit
--------------------------------------------------------------------------
1.0000000150474662e+30

==========================================================================
cts final max_capacitance_check_slack
--------------------------------------------------------------------------
17.211668014526367

==========================================================================
cts final max_capacitance_check_limit
--------------------------------------------------------------------------
23.040000915527344

==========================================================================
cts final max_capacitance_check_slack_limit
--------------------------------------------------------------------------
0.7470

==========================================================================
cts final max_slew_violation_count
--------------------------------------------------------------------------
max slew violation count 0

==========================================================================
cts final max_fanout_violation_count
--------------------------------------------------------------------------
max fanout violation count 0

==========================================================================
cts final max_cap_violation_count
--------------------------------------------------------------------------
max cap violation count 0

==========================================================================
cts final setup_violation_count
--------------------------------------------------------------------------
setup violation count 0

==========================================================================
cts final hold_violation_count
--------------------------------------------------------------------------
hold violation count 2

==========================================================================
cts final report_checks -path_delay max reg to reg
--------------------------------------------------------------------------
Startpoint: u23413 (rising edge-triggered flip-flop clocked by core_clock)
Endpoint: u19118 (rising edge-triggered flip-flop clocked by core_clock)
Path Group: core_clock
Path Type: max

  Delay    Time   Description
---------------------------------------------------------
   0.00    0.00   clock core_clock (rise edge)
   0.00    0.00   clock source latency
   0.00    0.00 ^ ap_clk (in)
  41.36   41.36 ^ wire4077/Y (BUFx6f_ASAP7_75t_R)
  49.97   91.33 ^ clkbuf_0_ap_clk/Y (BUFx24_ASAP7_75t_R)
  34.02  125.35 ^ clkbuf_1_1_0_ap_clk/Y (BUFx24_ASAP7_75t_R)
  31.43  156.78 ^ clkbuf_2_3_0_ap_clk/Y (BUFx24_ASAP7_75t_R)
  31.55  188.33 ^ clkbuf_4_12_0_ap_clk/Y (BUFx24_ASAP7_75t_R)
  21.79  210.12 ^ clkbuf_5_25__f_ap_clk/Y (BUFx24_ASAP7_75t_R)
  29.55  239.67 ^ clkbuf_leaf_110_ap_clk/Y (BUFx24_ASAP7_75t_R)
   0.99  240.66 ^ u23413/CLK (DFFHQNx1_ASAP7_75t_R)
  97.34  338.00 ^ u23413/QN (DFFHQNx1_ASAP7_75t_R)
  40.65  378.65 v u23607/Y (INVx2_ASAP7_75t_R)
  31.46  410.10 v u23983/Y (OR4x1_ASAP7_75t_R)
  16.45  426.55 v u23984/Y (AND2x2_ASAP7_75t_R)
  25.42  451.98 ^ u23985/Y (XOR2x2_ASAP7_75t_R)
  24.69  476.66 ^ u23987/Y (XOR2x2_ASAP7_75t_R)
  24.79  501.45 ^ u23991/Y (XOR2x2_ASAP7_75t_R)
  23.46  524.90 ^ u24038/Y (XNOR2x2_ASAP7_75t_R)
  22.29  547.19 ^ u24040/Y (MAJx2_ASAP7_75t_R)
  11.23  558.43 v u24041/Y (NOR2x1_ASAP7_75t_R)
  22.37  580.80 v u24042/Y (AO21x1_ASAP7_75t_R)
  25.33  606.13 v u24044/Y (MAJx2_ASAP7_75t_R)
  23.42  629.55 v u24046/Y (AO22x2_ASAP7_75t_R)
  24.12  653.67 v u24048/Y (MAJx2_ASAP7_75t_R)
  22.56  676.24 v u24050/Y (AO22x2_ASAP7_75t_R)
  26.47  702.71 v u24052/Y (MAJx2_ASAP7_75t_R)
  26.93  729.64 v u24054/Y (MAJx2_ASAP7_75t_R)
  23.10  752.74 v u24056/Y (MAJx2_ASAP7_75t_R)
  26.39  779.13 ^ u24059/Y (XOR2x2_ASAP7_75t_R)
  15.13  794.26 ^ u24096/Y (AND2x4_ASAP7_75t_R)
  21.86  816.12 ^ u24103/Y (MAJx2_ASAP7_75t_R)
  22.38  838.51 ^ u24105/Y (MAJx2_ASAP7_75t_R)
  19.45  857.95 ^ u24107/Y (AO22x2_ASAP7_75t_R)
  23.74  881.69 ^ u24110/Y (MAJx2_ASAP7_75t_R)
  25.38  907.07 ^ u24114/Y (AO32x1_ASAP7_75t_R)
  25.50  932.57 ^ u24126/Y (OA21x2_ASAP7_75t_R)
  25.05  957.62 ^ u24130/Y (AO32x1_ASAP7_75t_R)
  20.43  978.05 ^ u24132/Y (AO22x2_ASAP7_75t_R)
  23.63 1001.68 ^ u24134/Y (MAJx2_ASAP7_75t_R)
  18.95 1020.63 ^ u24135/Y (AND3x1_ASAP7_75t_R)
  16.82 1037.45 ^ u24138/Y (OR2x2_ASAP7_75t_R)
  20.00 1057.46 ^ u24139/Y (AO22x2_ASAP7_75t_R)
  21.89 1079.35 ^ u24141/Y (MAJx2_ASAP7_75t_R)
  18.97 1098.32 ^ u24143/Y (AO22x2_ASAP7_75t_R)
  23.46 1121.78 ^ u24145/Y (MAJx2_ASAP7_75t_R)
  18.68 1140.46 ^ u24146/Y (AND3x1_ASAP7_75t_R)
  17.48 1157.94 ^ u24149/Y (OR2x2_ASAP7_75t_R)
  17.98 1175.92 ^ u24160/Y (AND3x1_ASAP7_75t_R)
  16.44 1192.35 ^ u24163/Y (OR2x2_ASAP7_75t_R)
  19.99 1212.34 ^ u24165/Y (AO22x2_ASAP7_75t_R)
  25.48 1237.82 ^ u24179/Y (MAJx2_ASAP7_75t_R)
  23.51 1261.33 ^ u24191/Y (OA21x2_ASAP7_75t_R)
  12.78 1274.12 v u24194/Y (NAND3x1_ASAP7_75t_R)
  19.74 1293.85 v u24214/Y (AND2x2_ASAP7_75t_R)
  20.46 1314.32 v u24215/Y (OR3x1_ASAP7_75t_R)
  29.61 1343.93 v u24216/Y (OA211x2_ASAP7_75t_R)
  21.05 1364.98 v u24217/Y (OR3x1_ASAP7_75t_R)
  30.44 1395.41 v u24218/Y (OA211x2_ASAP7_75t_R)
  21.82 1417.23 v u24219/Y (OR3x1_ASAP7_75t_R)
  29.44 1446.67 v u24220/Y (OA211x2_ASAP7_75t_R)
  21.55 1468.23 v u24221/Y (OR3x1_ASAP7_75t_R)
  26.81 1495.03 v u24222/Y (OA211x2_ASAP7_75t_R)
  21.18 1516.22 v u24223/Y (AO22x1_ASAP7_75t_R)
  21.12 1537.34 ^ u24224/Y (XNOR2x2_ASAP7_75t_R)
   0.06 1537.40 ^ u19118/D (DFFHQNx1_ASAP7_75t_R)
        1537.40   data arrival time

5000.00 5000.00   clock core_clock (rise edge)
   0.00 5000.00   clock source latency
   0.00 5000.00 ^ ap_clk (in)
  40.31 5040.31 ^ wire4077/Y (BUFx6f_ASAP7_75t_R)
  47.54 5087.85 ^ clkbuf_0_ap_clk/Y (BUFx24_ASAP7_75t_R)
  32.19 5120.04 ^ clkbuf_1_0_0_ap_clk/Y (BUFx24_ASAP7_75t_R)
  32.89 5152.93 ^ clkbuf_2_1_0_ap_clk/Y (BUFx24_ASAP7_75t_R)
  31.99 5184.92 ^ clkbuf_4_7_0_ap_clk/Y (BUFx24_ASAP7_75t_R)
  22.11 5207.04 ^ clkbuf_5_15__f_ap_clk/Y (BUFx24_ASAP7_75t_R)
  28.53 5235.57 ^ clkbuf_leaf_155_ap_clk/Y (BUFx24_ASAP7_75t_R)
   0.55 5236.12 ^ u19118/CLK (DFFHQNx1_ASAP7_75t_R)
   3.48 5239.60   clock reconvergence pessimism
  -5.67 5233.92   library setup time
        5233.92   data required time
---------------------------------------------------------
        5233.92   data required time
        -1537.40   data arrival time
---------------------------------------------------------
        3696.52   slack (MET)



==========================================================================
cts final report_checks -path_delay min reg to reg
--------------------------------------------------------------------------
Startpoint: u13949 (rising edge-triggered flip-flop clocked by core_clock)
Endpoint: u10739 (rising edge-triggered flip-flop clocked by core_clock)
Path Group: core_clock
Path Type: min

  Delay    Time   Description
---------------------------------------------------------
   0.00    0.00   clock core_clock (rise edge)
   0.00    0.00   clock source latency
   0.00    0.00 ^ ap_clk (in)
  40.31   40.31 ^ wire4077/Y (BUFx6f_ASAP7_75t_R)
  47.54   87.85 ^ clkbuf_0_ap_clk/Y (BUFx24_ASAP7_75t_R)
  32.23  120.08 ^ clkbuf_1_1_0_ap_clk/Y (BUFx24_ASAP7_75t_R)
  30.91  150.99 ^ clkbuf_2_2_0_ap_clk/Y (BUFx24_ASAP7_75t_R)
  29.40  180.38 ^ clkbuf_4_8_0_ap_clk/Y (BUFx24_ASAP7_75t_R)
  22.19  202.57 ^ clkbuf_5_16__f_ap_clk/Y (BUFx24_ASAP7_75t_R)
  26.42  229.00 ^ clkbuf_leaf_70_ap_clk/Y (BUFx24_ASAP7_75t_R)
   0.52  229.52 ^ u13949/CLK (DFFHQNx1_ASAP7_75t_R)
  35.06  264.58 ^ u13949/QN (DFFHQNx1_ASAP7_75t_R)
   7.00  271.58 v u13950/Y (INVx1_ASAP7_75t_R)
   0.03  271.61 v u10739/D (DFFHQNx1_ASAP7_75t_R)
         271.61   data arrival time

   0.00    0.00   clock core_clock (rise edge)
   0.00    0.00   clock source latency
   0.00    0.00 ^ ap_clk (in)
  41.36   41.36 ^ wire4077/Y (BUFx6f_ASAP7_75t_R)
  49.97   91.33 ^ clkbuf_0_ap_clk/Y (BUFx24_ASAP7_75t_R)
  34.02  125.34 ^ clkbuf_1_0_0_ap_clk/Y (BUFx24_ASAP7_75t_R)
  35.47  160.81 ^ clkbuf_2_0_0_ap_clk/Y (BUFx24_ASAP7_75t_R)
  33.36  194.17 ^ clkbuf_4_2_0_ap_clk/Y (BUFx24_ASAP7_75t_R)
  24.61  218.78 ^ clkbuf_5_5__f_ap_clk/Y (BUFx24_ASAP7_75t_R)
  45.17  263.95 ^ clkbuf_leaf_27_ap_clk/Y (BUFx24_ASAP7_75t_R)
   0.46  264.41 ^ u10739/CLK (DFFHQNx1_ASAP7_75t_R)
  -3.48  260.93   clock reconvergence pessimism
  11.72  272.65   library hold time
         272.65   data required time
---------------------------------------------------------
         272.65   data required time
        -271.61   data arrival time
---------------------------------------------------------
          -1.04   slack (VIOLATED)



==========================================================================
cts final critical path target clock latency max path
--------------------------------------------------------------------------
241.7210

==========================================================================
cts final critical path target clock latency min path
--------------------------------------------------------------------------
265.7641

==========================================================================
cts final critical path source clock latency min path
--------------------------------------------------------------------------
0.0000

==========================================================================
cts final critical path delay
--------------------------------------------------------------------------
1105.3169

==========================================================================
cts final critical path slack
--------------------------------------------------------------------------
2894.6831

==========================================================================
cts final slack div critical path delay
--------------------------------------------------------------------------
261.887166

==========================================================================
cts final report_power
--------------------------------------------------------------------------
Group                  Internal  Switching    Leakage      Total
                          Power      Power      Power      Power (Watts)
----------------------------------------------------------------
Sequential             2.29e-03   1.46e-04   8.14e-07   2.44e-03  21.4%
Combinational          4.33e-03   2.81e-03   2.81e-06   7.14e-03  62.6%
Clock                  1.11e-03   7.12e-04   1.96e-07   1.82e-03  16.0%
Macro                  0.00e+00   0.00e+00   0.00e+00   0.00e+00   0.0%
Pad                    0.00e+00   0.00e+00   0.00e+00   0.00e+00   0.0%
----------------------------------------------------------------
Total                  7.73e-03   3.67e-03   3.82e-06   1.14e-02 100.0%
                          67.8%      32.2%       0.0%
