
==========================================================================
synth report_tns
--------------------------------------------------------------------------
tns max 0.00

==========================================================================
synth report_wns
--------------------------------------------------------------------------
wns max 0.00

==========================================================================
synth report_worst_slack
--------------------------------------------------------------------------
worst slack max 2757.36

==========================================================================
synth report_clock_min_period
--------------------------------------------------------------------------
core_clock period_min = 2242.64 fmax = 445.90

==========================================================================
synth report_checks -path_delay min
--------------------------------------------------------------------------
Startpoint: u22136 (rising edge-triggered flip-flop clocked by core_clock)
Endpoint: u16906 (rising edge-triggered flip-flop clocked by core_clock)
Path Group: core_clock
Path Type: min

Fanout     Cap    Slew   Delay    Time   Description
-----------------------------------------------------------------------------
                  0.00    0.00    0.00   clock core_clock (rise edge)
                          0.00    0.00   clock network delay (ideal)
                  0.00    0.00    0.00 ^ u22136/CLK (DFFHQNx1_ASAP7_75t_R)
     2    1.06   14.98   32.37   32.37 v u22136/QN (DFFHQNx1_ASAP7_75t_R)
                                         reg_2475[0] (net)
                 14.98    0.00   32.37 v u16906/D (DFFHQNx1_ASAP7_75t_R)
                                 32.37   data arrival time

                  0.00    0.00    0.00   clock core_clock (rise edge)
                          0.00    0.00   clock network delay (ideal)
                          0.00    0.00   clock reconvergence pessimism
                                  0.00 ^ u16906/CLK (DFFHQNx1_ASAP7_75t_R)
                          7.84    7.84   library hold time
                                  7.84   data required time
-----------------------------------------------------------------------------
                                  7.84   data required time
                                -32.37   data arrival time
-----------------------------------------------------------------------------
                                 24.53   slack (MET)



==========================================================================
synth report_checks -path_delay max
--------------------------------------------------------------------------
Startpoint: u48641 (rising edge-triggered flip-flop clocked by core_clock)
Endpoint: u39063 (rising edge-triggered flip-flop clocked by core_clock)
Path Group: core_clock
Path Type: max

Fanout     Cap    Slew   Delay    Time   Description
-----------------------------------------------------------------------------
                  0.00    0.00    0.00   clock core_clock (rise edge)
                          0.00    0.00   clock network delay (ideal)
                  0.00    0.00    0.00 ^ u48641/CLK (DFFHQNx1_ASAP7_75t_R)
     1    0.69   12.72   30.56   30.56 v u48641/QN (DFFHQNx1_ASAP7_75t_R)
                                         grp_uacc_section14_cost_core_fu_2333.uacc_section14_allocator_mul_16ns_114ns_129_7_1_U17.uacc_section14_allocator_uacc_section14_allocator_mul_16ns_114ns_129_7_1_Mul_DSP_4_U.b_reg0[8] (net)
                 12.72    0.00   30.56 v gain3073/A (BUFx3_ASAP7_75t_R)
     1    2.60    7.86   15.93   46.49 v gain3073/Y (BUFx3_ASAP7_75t_R)
                                         net3073 (net)
                  7.86    0.00   46.49 v gain3072/A (BUFx24_ASAP7_75t_R)
    26   14.79   11.52   20.06   66.55 v gain3072/Y (BUFx24_ASAP7_75t_R)
                                         net3072 (net)
                 11.52    0.00   66.55 v u49448/A (AND2x2_ASAP7_75t_R)
     2    1.56    7.60   17.18   83.74 v u49448/Y (AND2x2_ASAP7_75t_R)
                                         n37689 (net)
                  7.60    0.00   83.74 v u49449/B (XOR2x2_ASAP7_75t_R)
     2    1.48    9.16   24.69  108.42 ^ u49449/Y (XOR2x2_ASAP7_75t_R)
                                         n37690 (net)
                  9.16    0.00  108.42 ^ u49461/B (XNOR2x2_ASAP7_75t_R)
     2    2.07   10.17   26.70  135.12 v u49461/Y (XNOR2x2_ASAP7_75t_R)
                                         n37702 (net)
                 10.17    0.00  135.12 v u49489/A (XOR2x2_ASAP7_75t_R)
     1    1.01    7.89   24.23  159.35 ^ u49489/Y (XOR2x2_ASAP7_75t_R)
                                         n37730 (net)
                  7.89    0.00  159.35 ^ u49490/B (XNOR2x2_ASAP7_75t_R)
     2    1.45    8.63   25.27  184.61 v u49490/Y (XNOR2x2_ASAP7_75t_R)
                                         n37731 (net)
                  8.63    0.00  184.61 v u49493/A (XOR2x2_ASAP7_75t_R)
     2    1.55    9.38   24.75  209.36 ^ u49493/Y (XOR2x2_ASAP7_75t_R)
                                         n37734 (net)
                  9.38    0.00  209.36 ^ u49513/B (XOR2x2_ASAP7_75t_R)
     2    1.36    8.81   25.05  234.41 ^ u49513/Y (XOR2x2_ASAP7_75t_R)
                                         n37754 (net)
                  8.81    0.00  234.41 ^ u49526/A (XOR2x2_ASAP7_75t_R)
     2    1.55    9.38   24.80  259.22 ^ u49526/Y (XOR2x2_ASAP7_75t_R)
                                         n37767 (net)
                  9.38    0.00  259.22 ^ u49555/B (XOR2x2_ASAP7_75t_R)
     2    1.53    9.30   25.36  284.58 ^ u49555/Y (XOR2x2_ASAP7_75t_R)
                                         n37796 (net)
                  9.30    0.00  284.58 ^ u49627/A (XOR2x2_ASAP7_75t_R)
     2    1.73    9.89   25.28  309.86 ^ u49627/Y (XOR2x2_ASAP7_75t_R)
                                         n37868 (net)
                  9.89    0.00  309.86 ^ u49628/B2 (AO22x2_ASAP7_75t_R)
     2    2.32   11.67   18.95  328.81 ^ u49628/Y (AO22x2_ASAP7_75t_R)
                                         n37869 (net)
                 11.67    0.00  328.81 ^ u49630/B (MAJx2_ASAP7_75t_R)
     3    2.35   11.86   21.88  350.69 ^ u49630/Y (MAJx2_ASAP7_75t_R)
                                         n37871 (net)
                 11.86    0.00  350.69 ^ u49631/B (NAND2x1_ASAP7_75t_R)
     3    1.90   12.55    9.41  360.10 v u49631/Y (NAND2x1_ASAP7_75t_R)
                                         n37872 (net)
                 12.55    0.00  360.10 v u49632/C (AND3x1_ASAP7_75t_R)
     1    0.65    5.91   13.64  373.73 v u49632/Y (AND3x1_ASAP7_75t_R)
                                         n37873 (net)
                  5.91    0.00  373.73 v u49633/C (OR3x1_ASAP7_75t_R)
     1    0.69    8.43   19.81  393.55 v u49633/Y (OR3x1_ASAP7_75t_R)
                                         n37874 (net)
                  8.43    0.00  393.55 v gain178/A (BUFx3_ASAP7_75t_R)
     3    3.30    8.88   15.29  408.84 v gain178/Y (BUFx3_ASAP7_75t_R)
                                         net178 (net)
                  8.88    0.00  408.84 v u49636/B (NAND3x1_ASAP7_75t_R)
     1    0.65   14.21   10.31  419.15 ^ u49636/Y (NAND3x1_ASAP7_75t_R)
                                         n37877 (net)
                 14.21    0.00  419.15 ^ u49639/A (AND3x1_ASAP7_75t_R)
     2    1.07   11.37   19.64  438.79 ^ u49639/Y (AND3x1_ASAP7_75t_R)
                                         n37880 (net)
                 11.37    0.00  438.79 ^ u49690/B2 (AO32x1_ASAP7_75t_R)
     2    1.74   15.79   21.56  460.35 ^ u49690/Y (AO32x1_ASAP7_75t_R)
                                         n37931 (net)
                 15.79    0.00  460.35 ^ u49691/B (NOR2x1_ASAP7_75t_R)
     3    2.37   19.11   12.94  473.29 v u49691/Y (NOR2x1_ASAP7_75t_R)
                                         n37932 (net)
                 19.11    0.00  473.29 v u49692/B2 (AO22x2_ASAP7_75t_R)
     2    2.33   10.59   23.87  497.16 v u49692/Y (AO22x2_ASAP7_75t_R)
                                         n37933 (net)
                 10.59    0.00  497.16 v u49695/B (MAJx2_ASAP7_75t_R)
     3    1.91    9.99   22.98  520.14 v u49695/Y (MAJx2_ASAP7_75t_R)
                                         n37936 (net)
                  9.99    0.00  520.14 v u49696/B2 (AO222x2_ASAP7_75t_R)
     1    0.63    9.15   29.81  549.95 v u49696/Y (AO222x2_ASAP7_75t_R)
                                         n37937 (net)
                  9.15    0.00  549.95 v u49697/B (OA21x2_ASAP7_75t_R)
     2    1.52    8.31   13.97  563.92 v u49697/Y (OA21x2_ASAP7_75t_R)
                                         n37938 (net)
                  8.31    0.00  563.92 v u49699/B1 (AO22x2_ASAP7_75t_R)
     2    2.33   10.59   21.34  585.26 v u49699/Y (AO22x2_ASAP7_75t_R)
                                         n37940 (net)
                 10.59    0.00  585.26 v u49701/B (MAJx2_ASAP7_75t_R)
     2    1.52    9.03   22.29  607.55 v u49701/Y (MAJx2_ASAP7_75t_R)
                                         n37942 (net)
                  9.03    0.00  607.55 v u49703/B1 (AO22x2_ASAP7_75t_R)
     2    2.33   10.59   21.55  629.09 v u49703/Y (AO22x2_ASAP7_75t_R)
                                         n37944 (net)
                 10.59    0.00  629.09 v u49705/B (MAJx2_ASAP7_75t_R)
     2    1.52    9.03   22.29  651.38 v u49705/Y (MAJx2_ASAP7_75t_R)
                                         n37946 (net)
                  9.03    0.00  651.38 v u49707/B1 (AO22x2_ASAP7_75t_R)
     2    2.33   10.59   21.55  672.93 v u49707/Y (AO22x2_ASAP7_75t_R)
                                         n37948 (net)
                 10.59    0.00  672.93 v u49709/B (MAJx2_ASAP7_75t_R)
     2    1.52    9.03   22.29  695.22 v u49709/Y (MAJx2_ASAP7_75t_R)
                                         n37950 (net)
                  9.03    0.00  695.22 v u49711/B1 (AO22x2_ASAP7_75t_R)
     2    2.33   10.59   21.55  716.77 v u49711/Y (AO22x2_ASAP7_75t_R)
                                         n37952 (net)
                 10.59    0.00  716.77 v u49713/B (MAJx2_ASAP7_75t_R)
     2    1.52    9.03   22.29  739.06 v u49713/Y (MAJx2_ASAP7_75t_R)
                                         n37954 (net)
                  9.03    0.00  739.06 v u49715/B1 (AO22x2_ASAP7_75t_R)
     2    2.33   10.59   21.55  760.60 v u49715/Y (AO22x2_ASAP7_75t_R)
                                         n37956 (net)
                 10.59    0.00  760.60 v u49717/B (MAJx2_ASAP7_75t_R)
     3    2.07   10.40   23.25  783.85 v u49717/Y (MAJx2_ASAP7_75t_R)
                                         n37958 (net)
                 10.40    0.00  783.85 v u49721/A3 (AO32x1_ASAP7_75t_R)
     2    1.73   13.49   26.39  810.24 v u49721/Y (AO32x1_ASAP7_75t_R)
                                         n37962 (net)
                 13.49    0.00  810.24 v u49722/B2 (AO22x2_ASAP7_75t_R)
     2    2.33   10.59   22.18  832.42 v u49722/Y (AO22x2_ASAP7_75t_R)
                                         n37963 (net)
                 10.59    0.00  832.42 v u49724/B (MAJx2_ASAP7_75t_R)
     2    1.52    9.03   22.29  854.71 v u49724/Y (MAJx2_ASAP7_75t_R)
                                         n37965 (net)
                  9.03    0.00  854.71 v u49726/B1 (AO22x2_ASAP7_75t_R)
     2    2.33   10.59   21.55  876.26 v u49726/Y (AO22x2_ASAP7_75t_R)
                                         n37967 (net)
                 10.59    0.00  876.26 v u49728/B (MAJx2_ASAP7_75t_R)
     3    1.99   10.20   23.11  899.37 v u49728/Y (MAJx2_ASAP7_75t_R)
                                         n37969 (net)
                 10.20    0.00  899.37 v u49729/C (AND3x1_ASAP7_75t_R)
     1    0.57    5.49   12.76  912.13 v u49729/Y (AND3x1_ASAP7_75t_R)
                                         n37970 (net)
                  5.49    0.00  912.13 v u49732/A (OR2x2_ASAP7_75t_R)
     3    1.99    9.35   17.67  929.80 v u49732/Y (OR2x2_ASAP7_75t_R)
                                         n37973 (net)
                  9.35    0.00  929.80 v u49733/C (AND3x1_ASAP7_75t_R)
     1    0.57    5.48   12.49  942.29 v u49733/Y (AND3x1_ASAP7_75t_R)
                                         n37974 (net)
                  5.48    0.00  942.29 v u49736/A (OR2x2_ASAP7_75t_R)
     3    2.25   10.00   18.12  960.40 v u49736/Y (OR2x2_ASAP7_75t_R)
                                         n37977 (net)
                 10.00    0.00  960.40 v u49750/A1 (AO32x1_ASAP7_75t_R)
     2    1.73   13.49   23.34  983.75 v u49750/Y (AO32x1_ASAP7_75t_R)
                                         n37991 (net)
                 13.49    0.00  983.75 v u49751/B2 (AO22x2_ASAP7_75t_R)
     2    2.33   10.59   22.18 1005.92 v u49751/Y (AO22x2_ASAP7_75t_R)
                                         n37992 (net)
                 10.59    0.00 1005.92 v u49753/B (MAJx2_ASAP7_75t_R)
     2    1.52    9.03   22.29 1028.21 v u49753/Y (MAJx2_ASAP7_75t_R)
                                         n37994 (net)
                  9.03    0.00 1028.21 v u49755/B1 (AO22x2_ASAP7_75t_R)
     2    2.33   10.59   21.55 1049.76 v u49755/Y (AO22x2_ASAP7_75t_R)
                                         n37996 (net)
                 10.59    0.00 1049.76 v u49757/B (MAJx2_ASAP7_75t_R)
     2    1.52    9.03   22.29 1072.05 v u49757/Y (MAJx2_ASAP7_75t_R)
                                         n37998 (net)
                  9.03    0.00 1072.05 v u49759/B1 (AO22x2_ASAP7_75t_R)
     2    2.33   10.59   21.55 1093.60 v u49759/Y (AO22x2_ASAP7_75t_R)
                                         n38000 (net)
                 10.59    0.00 1093.60 v u49761/B (MAJx2_ASAP7_75t_R)
     3    2.07   10.40   23.25 1116.85 v u49761/Y (MAJx2_ASAP7_75t_R)
                                         n38002 (net)
                 10.40    0.00 1116.85 v u49765/A3 (AO32x1_ASAP7_75t_R)
     1    0.69    8.63   22.99 1139.84 v u49765/Y (AO32x1_ASAP7_75t_R)
                                         n38006 (net)
                  8.63    0.00 1139.84 v gain41/A (BUFx3_ASAP7_75t_R)
     3    2.25    7.19   14.25 1154.09 v gain41/Y (BUFx3_ASAP7_75t_R)
                                         net41 (net)
                  7.19    0.00 1154.09 v u49779/A1 (AO32x1_ASAP7_75t_R)
     2    1.73   13.49   22.75 1176.84 v u49779/Y (AO32x1_ASAP7_75t_R)
                                         n38020 (net)
                 13.49    0.00 1176.84 v u49780/B2 (AO22x2_ASAP7_75t_R)
     2    2.33   10.59   22.18 1199.02 v u49780/Y (AO22x2_ASAP7_75t_R)
                                         n38021 (net)
                 10.59    0.00 1199.02 v u49782/B (MAJx2_ASAP7_75t_R)
     2    2.33   11.07   23.72 1222.74 v u49782/Y (MAJx2_ASAP7_75t_R)
                                         n38023 (net)
                 11.07    0.00 1222.74 v u49784/B (MAJx2_ASAP7_75t_R)
     2    2.33   11.07   23.86 1246.60 v u49784/Y (MAJx2_ASAP7_75t_R)
                                         n38025 (net)
                 11.07    0.00 1246.60 v u49786/B (MAJx2_ASAP7_75t_R)
     3    1.99   10.20   23.25 1269.84 v u49786/Y (MAJx2_ASAP7_75t_R)
                                         n38027 (net)
                 10.20    0.00 1269.84 v u49787/C (AND3x1_ASAP7_75t_R)
     1    0.57    5.49   12.76 1282.61 v u49787/Y (AND3x1_ASAP7_75t_R)
                                         n38028 (net)
                  5.49    0.00 1282.61 v u49790/A (OR2x2_ASAP7_75t_R)
     3    2.15    9.76   17.95 1300.56 v u49790/Y (OR2x2_ASAP7_75t_R)
                                         n38031 (net)
                  9.76    0.00 1300.56 v u49793/A (AND3x1_ASAP7_75t_R)
     2    2.34   13.72   15.91 1316.47 v u49793/Y (AND3x1_ASAP7_75t_R)
                                         n38034 (net)
                 13.72    0.00 1316.47 v u49794/B2 (OAI22x1_ASAP7_75t_R)
     2    1.74   20.64   14.40 1330.86 ^ u49794/Y (OAI22x1_ASAP7_75t_R)
                                         n38035 (net)
                 20.64    0.00 1330.86 ^ u49795/B (NOR2x1_ASAP7_75t_R)
     3    1.82   14.31   12.63 1343.49 v u49795/Y (NOR2x1_ASAP7_75t_R)
                                         n38036 (net)
                 14.31    0.00 1343.49 v u49801/A1 (AO21x1_ASAP7_75t_R)
     2    1.73   11.99   19.94 1363.44 v u49801/Y (AO21x1_ASAP7_75t_R)
                                         n38042 (net)
                 11.99    0.00 1363.44 v u49802/B2 (AO22x2_ASAP7_75t_R)
     2    2.33   10.59   21.73 1385.17 v u49802/Y (AO22x2_ASAP7_75t_R)
                                         n38043 (net)
                 10.59    0.00 1385.17 v u49804/B (MAJx2_ASAP7_75t_R)
     3    1.91   10.02   22.98 1408.15 v u49804/Y (MAJx2_ASAP7_75t_R)
                                         n38045 (net)
                 10.02    0.00 1408.15 v u49805/B2 (AO222x2_ASAP7_75t_R)
     1    0.63    9.15   29.81 1437.96 v u49805/Y (AO222x2_ASAP7_75t_R)
                                         n38046 (net)
                  9.15    0.00 1437.96 v u49806/B (OA21x2_ASAP7_75t_R)
     1    0.69    6.27   12.78 1450.74 v u49806/Y (OA21x2_ASAP7_75t_R)
                                         n38047 (net)
                  6.27    0.00 1450.74 v gain16/A (BUFx3_ASAP7_75t_R)
     3    2.92    8.25   14.23 1464.97 v gain16/Y (BUFx3_ASAP7_75t_R)
                                         net16 (net)
                  8.25    0.00 1464.97 v u49844/A (NAND3x1_ASAP7_75t_R)
     2    1.63   20.04   10.83 1475.81 ^ u49844/Y (NAND3x1_ASAP7_75t_R)
                                         n38085 (net)
                 20.04    0.00 1475.81 ^ u49858/A1 (AO32x1_ASAP7_75t_R)
     1    0.69    9.77   20.46 1496.26 ^ u49858/Y (AO32x1_ASAP7_75t_R)
                                         n38099 (net)
                  9.77    0.00 1496.26 ^ gain12/A (BUFx3_ASAP7_75t_R)
     3    2.06    7.58   13.77 1510.03 ^ gain12/Y (BUFx3_ASAP7_75t_R)
                                         net12 (net)
                  7.58    0.00 1510.03 ^ u49861/B (OA211x2_ASAP7_75t_R)
     2    1.86   11.48   21.36 1531.39 ^ u49861/Y (OA211x2_ASAP7_75t_R)
                                         n38102 (net)
                 11.48    0.00 1531.39 ^ u49862/C (NOR3x1_ASAP7_75t_R)
     3    1.82   18.06   14.24 1545.63 v u49862/Y (NOR3x1_ASAP7_75t_R)
                                         n38103 (net)
                 18.06    0.00 1545.63 v u49868/A1 (AO21x1_ASAP7_75t_R)
     3    1.99   13.24   21.70 1567.34 v u49868/Y (AO21x1_ASAP7_75t_R)
                                         n38109 (net)
                 13.24    0.00 1567.34 v u49869/C (AND3x1_ASAP7_75t_R)
     1    0.57    5.60   13.64 1580.97 v u49869/Y (AND3x1_ASAP7_75t_R)
                                         n38110 (net)
                  5.60    0.00 1580.97 v u49872/A (OR2x2_ASAP7_75t_R)
     3    2.15    9.76   17.97 1598.95 v u49872/Y (OR2x2_ASAP7_75t_R)
                                         n38113 (net)
                  9.76    0.00 1598.95 v u49907/A (AND3x1_ASAP7_75t_R)
     2    1.23    8.50   13.14 1612.08 v u49907/Y (AND3x1_ASAP7_75t_R)
                                         n38148 (net)
                  8.50    0.00 1612.08 v u49920/A (OR3x1_ASAP7_75t_R)
     2    1.02   10.04   19.93 1632.01 v u49920/Y (OR3x1_ASAP7_75t_R)
                                         n38161 (net)
                 10.04    0.00 1632.01 v u49924/A (AND2x2_ASAP7_75t_R)
     2    1.55    7.55   16.68 1648.69 v u49924/Y (AND2x2_ASAP7_75t_R)
                                         n38165 (net)
                  7.55    0.00 1648.69 v u49925/C (AND3x1_ASAP7_75t_R)
     1    1.11    7.96   13.34 1662.03 v u49925/Y (AND3x1_ASAP7_75t_R)
                                         n38166 (net)
                  7.96    0.00 1662.03 v u49928/A (OR2x6_ASAP7_75t_R)
     3    3.36    8.49   19.31 1681.34 v u49928/Y (OR2x6_ASAP7_75t_R)
                                         n38169 (net)
                  8.49    0.00 1681.34 v u49931/A (NOR2x1_ASAP7_75t_R)
     1    0.63    8.46    7.47 1688.82 ^ u49931/Y (NOR2x1_ASAP7_75t_R)
                                         n38172 (net)
                  8.46    0.00 1688.82 ^ u49932/B (AO21x1_ASAP7_75t_R)
     2    1.67   13.11   14.12 1702.94 ^ u49932/Y (AO21x1_ASAP7_75t_R)
                                         n38173 (net)
                 13.11    0.00 1702.94 ^ u49934/A (NOR2x1_ASAP7_75t_R)
     2    1.27   12.01   10.68 1713.61 v u49934/Y (NOR2x1_ASAP7_75t_R)
                                         n38175 (net)
                 12.01    0.00 1713.61 v u49935/B (AO21x1_ASAP7_75t_R)
     2    2.33   14.75   21.06 1734.67 v u49935/Y (AO21x1_ASAP7_75t_R)
                                         n38176 (net)
                 14.75    0.00 1734.67 v u49937/B (MAJx2_ASAP7_75t_R)
     2    2.16   10.63   24.63 1759.30 v u49937/Y (MAJx2_ASAP7_75t_R)
                                         n38178 (net)
                 10.63    0.00 1759.30 v u49938/B (NAND2x1_ASAP7_75t_R)
     3    3.10   23.77   14.70 1774.00 ^ u49938/Y (NAND2x1_ASAP7_75t_R)
                                         n38179 (net)
                 23.77    0.00 1774.00 ^ u49939/C (AND3x1_ASAP7_75t_R)
     1    0.57    8.53   18.79 1792.79 ^ u49939/Y (AND3x1_ASAP7_75t_R)
                                         n38180 (net)
                  8.53    0.00 1792.79 ^ u49940/B (OR2x2_ASAP7_75t_R)
     2    1.74    8.80   15.08 1807.88 ^ u49940/Y (OR2x2_ASAP7_75t_R)
                                         n38181 (net)
                  8.80    0.00 1807.88 ^ u49941/B (NOR2x1_ASAP7_75t_R)
     3    1.82   13.78    9.63 1817.51 v u49941/Y (NOR2x1_ASAP7_75t_R)
                                         n38182 (net)
                 13.78    0.00 1817.51 v u49947/A1 (AO21x1_ASAP7_75t_R)
     3    1.99   13.16   20.46 1837.97 v u49947/Y (AO21x1_ASAP7_75t_R)
                                         n38188 (net)
                 13.16    0.00 1837.97 v u49948/C (AND3x1_ASAP7_75t_R)
     1    0.57    5.60   13.61 1851.59 v u49948/Y (AND3x1_ASAP7_75t_R)
                                         n38189 (net)
                  5.60    0.00 1851.59 v u49951/A (OR2x2_ASAP7_75t_R)
     3    2.15    9.75   17.97 1869.56 v u49951/Y (OR2x2_ASAP7_75t_R)
                                         n38192 (net)
                  9.75    0.00 1869.56 v u49953/C1 (AO222x2_ASAP7_75t_R)
     1    0.63    9.15   27.53 1897.09 v u49953/Y (AO222x2_ASAP7_75t_R)
                                         n38194 (net)
                  9.15    0.00 1897.09 v u49954/B (OA21x2_ASAP7_75t_R)
     3    2.07    9.65   14.78 1911.87 v u49954/Y (OA21x2_ASAP7_75t_R)
                                         n38195 (net)
                  9.65    0.00 1911.87 v u49958/A3 (AO32x1_ASAP7_75t_R)
     1    0.69    8.63   22.81 1934.68 v u49958/Y (AO32x1_ASAP7_75t_R)
                                         n38199 (net)
                  8.63    0.00 1934.68 v gain2/A (BUFx3_ASAP7_75t_R)
     3    2.15    7.03   14.14 1948.82 v gain2/Y (BUFx3_ASAP7_75t_R)
                                         net2 (net)
                  7.03    0.00 1948.82 v u49993/A (AND3x1_ASAP7_75t_R)
     2    1.23    8.50   12.26 1961.09 v u49993/Y (AND3x1_ASAP7_75t_R)
                                         n38234 (net)
                  8.50    0.00 1961.09 v u50006/A (OR3x1_ASAP7_75t_R)
     1    1.11   10.46   20.23 1981.32 v u50006/Y (OR3x1_ASAP7_75t_R)
                                         n38247 (net)
                 10.46    0.00 1981.32 v u50010/A (AND2x4_ASAP7_75t_R)
     3    3.36    7.72   16.49 1997.81 v u50010/Y (AND2x4_ASAP7_75t_R)
                                         n38251 (net)
                  7.72    0.00 1997.81 v u50014/A (NOR2x1_ASAP7_75t_R)
     2    1.86   14.70   10.58 2008.40 ^ u50014/Y (NOR2x1_ASAP7_75t_R)
                                         n38255 (net)
                 14.70    0.00 2008.40 ^ u50015/C (NOR3x1_ASAP7_75t_R)
     3    1.82   18.62   15.24 2023.64 v u50015/Y (NOR3x1_ASAP7_75t_R)
                                         n38256 (net)
                 18.62    0.00 2023.64 v u50021/A1 (AO21x1_ASAP7_75t_R)
     3    1.99   13.25   21.87 2045.51 v u50021/Y (AO21x1_ASAP7_75t_R)
                                         n38262 (net)
                 13.25    0.00 2045.51 v u50022/C (AND3x1_ASAP7_75t_R)
     1    1.11    8.06   15.11 2060.61 v u50022/Y (AND3x1_ASAP7_75t_R)
                                         n38263 (net)
                  8.06    0.00 2060.61 v u50025/A (OR2x6_ASAP7_75t_R)
     3    2.40    7.61   18.67 2079.28 v u50025/Y (OR2x6_ASAP7_75t_R)
                                         n38266 (net)
                  7.61    0.00 2079.28 v u50028/A (AND3x1_ASAP7_75t_R)
     2    1.69   10.65   13.62 2092.90 v u50028/Y (AND3x1_ASAP7_75t_R)
                                         n38269 (net)
                 10.65    0.00 2092.90 v u50363/A (OR2x6_ASAP7_75t_R)
     3    2.99    8.16   19.87 2112.77 v u50363/Y (OR2x6_ASAP7_75t_R)
                                         n38598 (net)
                  8.16    0.00 2112.77 v u50364/A (AND3x1_ASAP7_75t_R)
     2    1.71   10.73   13.84 2126.61 v u50364/Y (AND3x1_ASAP7_75t_R)
                                         n38599 (net)
                 10.73    0.00 2126.61 v u50366/A (NOR2x1_ASAP7_75t_R)
     2    2.32   17.76   12.53 2139.14 ^ u50366/Y (NOR2x1_ASAP7_75t_R)
                                         n38601 (net)
                 17.76    0.00 2139.14 ^ u50369/A1 (OAI21x1_ASAP7_75t_R)
     4    3.62   21.69   14.08 2153.23 v u50369/Y (OAI21x1_ASAP7_75t_R)
                                         n38604 (net)
                 21.69    0.00 2153.23 v u50370/C (AND3x1_ASAP7_75t_R)
     1    0.57    5.88   15.91 2169.13 v u50370/Y (AND3x1_ASAP7_75t_R)
                                         n38605 (net)
                  5.88    0.00 2169.13 v u50371/B (OR2x2_ASAP7_75t_R)
     2    2.17    9.80   17.73 2186.86 v u50371/Y (OR2x2_ASAP7_75t_R)
                                         n38606 (net)
                  9.80    0.00 2186.86 v u50372/B (MAJx2_ASAP7_75t_R)
     1    0.92    7.50   21.00 2207.86 v u50372/Y (MAJx2_ASAP7_75t_R)
                                         n38607 (net)
                  7.50    0.00 2207.86 v u50373/B (XNOR2x2_ASAP7_75t_R)
     1    0.62    6.55   19.73 2227.59 ^ u50373/Y (XNOR2x2_ASAP7_75t_R)
                                         grp_uacc_section14_cost_core_fu_2333.uacc_section14_allocator_mul_16ns_114ns_129_7_1_U17.uacc_section14_allocator_uacc_section14_allocator_mul_16ns_114ns_129_7_1_Mul_DSP_4_U.tmp_product[123]* (net)
                  6.55    0.00 2227.59 ^ u39063/D (DFFHQNx1_ASAP7_75t_R)
                               2227.59   data arrival time

                  0.00 5000.00 5000.00   clock core_clock (rise edge)
                          0.00 5000.00   clock network delay (ideal)
                          0.00 5000.00   clock reconvergence pessimism
                               5000.00 ^ u39063/CLK (DFFHQNx1_ASAP7_75t_R)
                        -15.05 4984.95   library setup time
                               4984.95   data required time
-----------------------------------------------------------------------------
                               4984.95   data required time
                               -2227.59   data arrival time
-----------------------------------------------------------------------------
                               2757.36   slack (MET)



==========================================================================
synth report_checks -unconstrained
--------------------------------------------------------------------------
Startpoint: u48641 (rising edge-triggered flip-flop clocked by core_clock)
Endpoint: u39063 (rising edge-triggered flip-flop clocked by core_clock)
Path Group: core_clock
Path Type: max

Fanout     Cap    Slew   Delay    Time   Description
-----------------------------------------------------------------------------
                  0.00    0.00    0.00   clock core_clock (rise edge)
                          0.00    0.00   clock network delay (ideal)
                  0.00    0.00    0.00 ^ u48641/CLK (DFFHQNx1_ASAP7_75t_R)
     1    0.69   12.72   30.56   30.56 v u48641/QN (DFFHQNx1_ASAP7_75t_R)
                                         grp_uacc_section14_cost_core_fu_2333.uacc_section14_allocator_mul_16ns_114ns_129_7_1_U17.uacc_section14_allocator_uacc_section14_allocator_mul_16ns_114ns_129_7_1_Mul_DSP_4_U.b_reg0[8] (net)
                 12.72    0.00   30.56 v gain3073/A (BUFx3_ASAP7_75t_R)
     1    2.60    7.86   15.93   46.49 v gain3073/Y (BUFx3_ASAP7_75t_R)
                                         net3073 (net)
                  7.86    0.00   46.49 v gain3072/A (BUFx24_ASAP7_75t_R)
    26   14.79   11.52   20.06   66.55 v gain3072/Y (BUFx24_ASAP7_75t_R)
                                         net3072 (net)
                 11.52    0.00   66.55 v u49448/A (AND2x2_ASAP7_75t_R)
     2    1.56    7.60   17.18   83.74 v u49448/Y (AND2x2_ASAP7_75t_R)
                                         n37689 (net)
                  7.60    0.00   83.74 v u49449/B (XOR2x2_ASAP7_75t_R)
     2    1.48    9.16   24.69  108.42 ^ u49449/Y (XOR2x2_ASAP7_75t_R)
                                         n37690 (net)
                  9.16    0.00  108.42 ^ u49461/B (XNOR2x2_ASAP7_75t_R)
     2    2.07   10.17   26.70  135.12 v u49461/Y (XNOR2x2_ASAP7_75t_R)
                                         n37702 (net)
                 10.17    0.00  135.12 v u49489/A (XOR2x2_ASAP7_75t_R)
     1    1.01    7.89   24.23  159.35 ^ u49489/Y (XOR2x2_ASAP7_75t_R)
                                         n37730 (net)
                  7.89    0.00  159.35 ^ u49490/B (XNOR2x2_ASAP7_75t_R)
     2    1.45    8.63   25.27  184.61 v u49490/Y (XNOR2x2_ASAP7_75t_R)
                                         n37731 (net)
                  8.63    0.00  184.61 v u49493/A (XOR2x2_ASAP7_75t_R)
     2    1.55    9.38   24.75  209.36 ^ u49493/Y (XOR2x2_ASAP7_75t_R)
                                         n37734 (net)
                  9.38    0.00  209.36 ^ u49513/B (XOR2x2_ASAP7_75t_R)
     2    1.36    8.81   25.05  234.41 ^ u49513/Y (XOR2x2_ASAP7_75t_R)
                                         n37754 (net)
                  8.81    0.00  234.41 ^ u49526/A (XOR2x2_ASAP7_75t_R)
     2    1.55    9.38   24.80  259.22 ^ u49526/Y (XOR2x2_ASAP7_75t_R)
                                         n37767 (net)
                  9.38    0.00  259.22 ^ u49555/B (XOR2x2_ASAP7_75t_R)
     2    1.53    9.30   25.36  284.58 ^ u49555/Y (XOR2x2_ASAP7_75t_R)
                                         n37796 (net)
                  9.30    0.00  284.58 ^ u49627/A (XOR2x2_ASAP7_75t_R)
     2    1.73    9.89   25.28  309.86 ^ u49627/Y (XOR2x2_ASAP7_75t_R)
                                         n37868 (net)
                  9.89    0.00  309.86 ^ u49628/B2 (AO22x2_ASAP7_75t_R)
     2    2.32   11.67   18.95  328.81 ^ u49628/Y (AO22x2_ASAP7_75t_R)
                                         n37869 (net)
                 11.67    0.00  328.81 ^ u49630/B (MAJx2_ASAP7_75t_R)
     3    2.35   11.86   21.88  350.69 ^ u49630/Y (MAJx2_ASAP7_75t_R)
                                         n37871 (net)
                 11.86    0.00  350.69 ^ u49631/B (NAND2x1_ASAP7_75t_R)
     3    1.90   12.55    9.41  360.10 v u49631/Y (NAND2x1_ASAP7_75t_R)
                                         n37872 (net)
                 12.55    0.00  360.10 v u49632/C (AND3x1_ASAP7_75t_R)
     1    0.65    5.91   13.64  373.73 v u49632/Y (AND3x1_ASAP7_75t_R)
                                         n37873 (net)
                  5.91    0.00  373.73 v u49633/C (OR3x1_ASAP7_75t_R)
     1    0.69    8.43   19.81  393.55 v u49633/Y (OR3x1_ASAP7_75t_R)
                                         n37874 (net)
                  8.43    0.00  393.55 v gain178/A (BUFx3_ASAP7_75t_R)
     3    3.30    8.88   15.29  408.84 v gain178/Y (BUFx3_ASAP7_75t_R)
                                         net178 (net)
                  8.88    0.00  408.84 v u49636/B (NAND3x1_ASAP7_75t_R)
     1    0.65   14.21   10.31  419.15 ^ u49636/Y (NAND3x1_ASAP7_75t_R)
                                         n37877 (net)
                 14.21    0.00  419.15 ^ u49639/A (AND3x1_ASAP7_75t_R)
     2    1.07   11.37   19.64  438.79 ^ u49639/Y (AND3x1_ASAP7_75t_R)
                                         n37880 (net)
                 11.37    0.00  438.79 ^ u49690/B2 (AO32x1_ASAP7_75t_R)
     2    1.74   15.79   21.56  460.35 ^ u49690/Y (AO32x1_ASAP7_75t_R)
                                         n37931 (net)
                 15.79    0.00  460.35 ^ u49691/B (NOR2x1_ASAP7_75t_R)
     3    2.37   19.11   12.94  473.29 v u49691/Y (NOR2x1_ASAP7_75t_R)
                                         n37932 (net)
                 19.11    0.00  473.29 v u49692/B2 (AO22x2_ASAP7_75t_R)
     2    2.33   10.59   23.87  497.16 v u49692/Y (AO22x2_ASAP7_75t_R)
                                         n37933 (net)
                 10.59    0.00  497.16 v u49695/B (MAJx2_ASAP7_75t_R)
     3    1.91    9.99   22.98  520.14 v u49695/Y (MAJx2_ASAP7_75t_R)
                                         n37936 (net)
                  9.99    0.00  520.14 v u49696/B2 (AO222x2_ASAP7_75t_R)
     1    0.63    9.15   29.81  549.95 v u49696/Y (AO222x2_ASAP7_75t_R)
                                         n37937 (net)
                  9.15    0.00  549.95 v u49697/B (OA21x2_ASAP7_75t_R)
     2    1.52    8.31   13.97  563.92 v u49697/Y (OA21x2_ASAP7_75t_R)
                                         n37938 (net)
                  8.31    0.00  563.92 v u49699/B1 (AO22x2_ASAP7_75t_R)
     2    2.33   10.59   21.34  585.26 v u49699/Y (AO22x2_ASAP7_75t_R)
                                         n37940 (net)
                 10.59    0.00  585.26 v u49701/B (MAJx2_ASAP7_75t_R)
     2    1.52    9.03   22.29  607.55 v u49701/Y (MAJx2_ASAP7_75t_R)
                                         n37942 (net)
                  9.03    0.00  607.55 v u49703/B1 (AO22x2_ASAP7_75t_R)
     2    2.33   10.59   21.55  629.09 v u49703/Y (AO22x2_ASAP7_75t_R)
                                         n37944 (net)
                 10.59    0.00  629.09 v u49705/B (MAJx2_ASAP7_75t_R)
     2    1.52    9.03   22.29  651.38 v u49705/Y (MAJx2_ASAP7_75t_R)
                                         n37946 (net)
                  9.03    0.00  651.38 v u49707/B1 (AO22x2_ASAP7_75t_R)
     2    2.33   10.59   21.55  672.93 v u49707/Y (AO22x2_ASAP7_75t_R)
                                         n37948 (net)
                 10.59    0.00  672.93 v u49709/B (MAJx2_ASAP7_75t_R)
     2    1.52    9.03   22.29  695.22 v u49709/Y (MAJx2_ASAP7_75t_R)
                                         n37950 (net)
                  9.03    0.00  695.22 v u49711/B1 (AO22x2_ASAP7_75t_R)
     2    2.33   10.59   21.55  716.77 v u49711/Y (AO22x2_ASAP7_75t_R)
                                         n37952 (net)
                 10.59    0.00  716.77 v u49713/B (MAJx2_ASAP7_75t_R)
     2    1.52    9.03   22.29  739.06 v u49713/Y (MAJx2_ASAP7_75t_R)
                                         n37954 (net)
                  9.03    0.00  739.06 v u49715/B1 (AO22x2_ASAP7_75t_R)
     2    2.33   10.59   21.55  760.60 v u49715/Y (AO22x2_ASAP7_75t_R)
                                         n37956 (net)
                 10.59    0.00  760.60 v u49717/B (MAJx2_ASAP7_75t_R)
     3    2.07   10.40   23.25  783.85 v u49717/Y (MAJx2_ASAP7_75t_R)
                                         n37958 (net)
                 10.40    0.00  783.85 v u49721/A3 (AO32x1_ASAP7_75t_R)
     2    1.73   13.49   26.39  810.24 v u49721/Y (AO32x1_ASAP7_75t_R)
                                         n37962 (net)
                 13.49    0.00  810.24 v u49722/B2 (AO22x2_ASAP7_75t_R)
     2    2.33   10.59   22.18  832.42 v u49722/Y (AO22x2_ASAP7_75t_R)
                                         n37963 (net)
                 10.59    0.00  832.42 v u49724/B (MAJx2_ASAP7_75t_R)
     2    1.52    9.03   22.29  854.71 v u49724/Y (MAJx2_ASAP7_75t_R)
                                         n37965 (net)
                  9.03    0.00  854.71 v u49726/B1 (AO22x2_ASAP7_75t_R)
     2    2.33   10.59   21.55  876.26 v u49726/Y (AO22x2_ASAP7_75t_R)
                                         n37967 (net)
                 10.59    0.00  876.26 v u49728/B (MAJx2_ASAP7_75t_R)
     3    1.99   10.20   23.11  899.37 v u49728/Y (MAJx2_ASAP7_75t_R)
                                         n37969 (net)
                 10.20    0.00  899.37 v u49729/C (AND3x1_ASAP7_75t_R)
     1    0.57    5.49   12.76  912.13 v u49729/Y (AND3x1_ASAP7_75t_R)
                                         n37970 (net)
                  5.49    0.00  912.13 v u49732/A (OR2x2_ASAP7_75t_R)
     3    1.99    9.35   17.67  929.80 v u49732/Y (OR2x2_ASAP7_75t_R)
                                         n37973 (net)
                  9.35    0.00  929.80 v u49733/C (AND3x1_ASAP7_75t_R)
     1    0.57    5.48   12.49  942.29 v u49733/Y (AND3x1_ASAP7_75t_R)
                                         n37974 (net)
                  5.48    0.00  942.29 v u49736/A (OR2x2_ASAP7_75t_R)
     3    2.25   10.00   18.12  960.40 v u49736/Y (OR2x2_ASAP7_75t_R)
                                         n37977 (net)
                 10.00    0.00  960.40 v u49750/A1 (AO32x1_ASAP7_75t_R)
     2    1.73   13.49   23.34  983.75 v u49750/Y (AO32x1_ASAP7_75t_R)
                                         n37991 (net)
                 13.49    0.00  983.75 v u49751/B2 (AO22x2_ASAP7_75t_R)
     2    2.33   10.59   22.18 1005.92 v u49751/Y (AO22x2_ASAP7_75t_R)
                                         n37992 (net)
                 10.59    0.00 1005.92 v u49753/B (MAJx2_ASAP7_75t_R)
     2    1.52    9.03   22.29 1028.21 v u49753/Y (MAJx2_ASAP7_75t_R)
                                         n37994 (net)
                  9.03    0.00 1028.21 v u49755/B1 (AO22x2_ASAP7_75t_R)
     2    2.33   10.59   21.55 1049.76 v u49755/Y (AO22x2_ASAP7_75t_R)
                                         n37996 (net)
                 10.59    0.00 1049.76 v u49757/B (MAJx2_ASAP7_75t_R)
     2    1.52    9.03   22.29 1072.05 v u49757/Y (MAJx2_ASAP7_75t_R)
                                         n37998 (net)
                  9.03    0.00 1072.05 v u49759/B1 (AO22x2_ASAP7_75t_R)
     2    2.33   10.59   21.55 1093.60 v u49759/Y (AO22x2_ASAP7_75t_R)
                                         n38000 (net)
                 10.59    0.00 1093.60 v u49761/B (MAJx2_ASAP7_75t_R)
     3    2.07   10.40   23.25 1116.85 v u49761/Y (MAJx2_ASAP7_75t_R)
                                         n38002 (net)
                 10.40    0.00 1116.85 v u49765/A3 (AO32x1_ASAP7_75t_R)
     1    0.69    8.63   22.99 1139.84 v u49765/Y (AO32x1_ASAP7_75t_R)
                                         n38006 (net)
                  8.63    0.00 1139.84 v gain41/A (BUFx3_ASAP7_75t_R)
     3    2.25    7.19   14.25 1154.09 v gain41/Y (BUFx3_ASAP7_75t_R)
                                         net41 (net)
                  7.19    0.00 1154.09 v u49779/A1 (AO32x1_ASAP7_75t_R)
     2    1.73   13.49   22.75 1176.84 v u49779/Y (AO32x1_ASAP7_75t_R)
                                         n38020 (net)
                 13.49    0.00 1176.84 v u49780/B2 (AO22x2_ASAP7_75t_R)
     2    2.33   10.59   22.18 1199.02 v u49780/Y (AO22x2_ASAP7_75t_R)
                                         n38021 (net)
                 10.59    0.00 1199.02 v u49782/B (MAJx2_ASAP7_75t_R)
     2    2.33   11.07   23.72 1222.74 v u49782/Y (MAJx2_ASAP7_75t_R)
                                         n38023 (net)
                 11.07    0.00 1222.74 v u49784/B (MAJx2_ASAP7_75t_R)
     2    2.33   11.07   23.86 1246.60 v u49784/Y (MAJx2_ASAP7_75t_R)
                                         n38025 (net)
                 11.07    0.00 1246.60 v u49786/B (MAJx2_ASAP7_75t_R)
     3    1.99   10.20   23.25 1269.84 v u49786/Y (MAJx2_ASAP7_75t_R)
                                         n38027 (net)
                 10.20    0.00 1269.84 v u49787/C (AND3x1_ASAP7_75t_R)
     1    0.57    5.49   12.76 1282.61 v u49787/Y (AND3x1_ASAP7_75t_R)
                                         n38028 (net)
                  5.49    0.00 1282.61 v u49790/A (OR2x2_ASAP7_75t_R)
     3    2.15    9.76   17.95 1300.56 v u49790/Y (OR2x2_ASAP7_75t_R)
                                         n38031 (net)
                  9.76    0.00 1300.56 v u49793/A (AND3x1_ASAP7_75t_R)
     2    2.34   13.72   15.91 1316.47 v u49793/Y (AND3x1_ASAP7_75t_R)
                                         n38034 (net)
                 13.72    0.00 1316.47 v u49794/B2 (OAI22x1_ASAP7_75t_R)
     2    1.74   20.64   14.40 1330.86 ^ u49794/Y (OAI22x1_ASAP7_75t_R)
                                         n38035 (net)
                 20.64    0.00 1330.86 ^ u49795/B (NOR2x1_ASAP7_75t_R)
     3    1.82   14.31   12.63 1343.49 v u49795/Y (NOR2x1_ASAP7_75t_R)
                                         n38036 (net)
                 14.31    0.00 1343.49 v u49801/A1 (AO21x1_ASAP7_75t_R)
     2    1.73   11.99   19.94 1363.44 v u49801/Y (AO21x1_ASAP7_75t_R)
                                         n38042 (net)
                 11.99    0.00 1363.44 v u49802/B2 (AO22x2_ASAP7_75t_R)
     2    2.33   10.59   21.73 1385.17 v u49802/Y (AO22x2_ASAP7_75t_R)
                                         n38043 (net)
                 10.59    0.00 1385.17 v u49804/B (MAJx2_ASAP7_75t_R)
     3    1.91   10.02   22.98 1408.15 v u49804/Y (MAJx2_ASAP7_75t_R)
                                         n38045 (net)
                 10.02    0.00 1408.15 v u49805/B2 (AO222x2_ASAP7_75t_R)
     1    0.63    9.15   29.81 1437.96 v u49805/Y (AO222x2_ASAP7_75t_R)
                                         n38046 (net)
                  9.15    0.00 1437.96 v u49806/B (OA21x2_ASAP7_75t_R)
     1    0.69    6.27   12.78 1450.74 v u49806/Y (OA21x2_ASAP7_75t_R)
                                         n38047 (net)
                  6.27    0.00 1450.74 v gain16/A (BUFx3_ASAP7_75t_R)
     3    2.92    8.25   14.23 1464.97 v gain16/Y (BUFx3_ASAP7_75t_R)
                                         net16 (net)
                  8.25    0.00 1464.97 v u49844/A (NAND3x1_ASAP7_75t_R)
     2    1.63   20.04   10.83 1475.81 ^ u49844/Y (NAND3x1_ASAP7_75t_R)
                                         n38085 (net)
                 20.04    0.00 1475.81 ^ u49858/A1 (AO32x1_ASAP7_75t_R)
     1    0.69    9.77   20.46 1496.26 ^ u49858/Y (AO32x1_ASAP7_75t_R)
                                         n38099 (net)
                  9.77    0.00 1496.26 ^ gain12/A (BUFx3_ASAP7_75t_R)
     3    2.06    7.58   13.77 1510.03 ^ gain12/Y (BUFx3_ASAP7_75t_R)
                                         net12 (net)
                  7.58    0.00 1510.03 ^ u49861/B (OA211x2_ASAP7_75t_R)
     2    1.86   11.48   21.36 1531.39 ^ u49861/Y (OA211x2_ASAP7_75t_R)
                                         n38102 (net)
                 11.48    0.00 1531.39 ^ u49862/C (NOR3x1_ASAP7_75t_R)
     3    1.82   18.06   14.24 1545.63 v u49862/Y (NOR3x1_ASAP7_75t_R)
                                         n38103 (net)
                 18.06    0.00 1545.63 v u49868/A1 (AO21x1_ASAP7_75t_R)
     3    1.99   13.24   21.70 1567.34 v u49868/Y (AO21x1_ASAP7_75t_R)
                                         n38109 (net)
                 13.24    0.00 1567.34 v u49869/C (AND3x1_ASAP7_75t_R)
     1    0.57    5.60   13.64 1580.97 v u49869/Y (AND3x1_ASAP7_75t_R)
                                         n38110 (net)
                  5.60    0.00 1580.97 v u49872/A (OR2x2_ASAP7_75t_R)
     3    2.15    9.76   17.97 1598.95 v u49872/Y (OR2x2_ASAP7_75t_R)
                                         n38113 (net)
                  9.76    0.00 1598.95 v u49907/A (AND3x1_ASAP7_75t_R)
     2    1.23    8.50   13.14 1612.08 v u49907/Y (AND3x1_ASAP7_75t_R)
                                         n38148 (net)
                  8.50    0.00 1612.08 v u49920/A (OR3x1_ASAP7_75t_R)
     2    1.02   10.04   19.93 1632.01 v u49920/Y (OR3x1_ASAP7_75t_R)
                                         n38161 (net)
                 10.04    0.00 1632.01 v u49924/A (AND2x2_ASAP7_75t_R)
     2    1.55    7.55   16.68 1648.69 v u49924/Y (AND2x2_ASAP7_75t_R)
                                         n38165 (net)
                  7.55    0.00 1648.69 v u49925/C (AND3x1_ASAP7_75t_R)
     1    1.11    7.96   13.34 1662.03 v u49925/Y (AND3x1_ASAP7_75t_R)
                                         n38166 (net)
                  7.96    0.00 1662.03 v u49928/A (OR2x6_ASAP7_75t_R)
     3    3.36    8.49   19.31 1681.34 v u49928/Y (OR2x6_ASAP7_75t_R)
                                         n38169 (net)
                  8.49    0.00 1681.34 v u49931/A (NOR2x1_ASAP7_75t_R)
     1    0.63    8.46    7.47 1688.82 ^ u49931/Y (NOR2x1_ASAP7_75t_R)
                                         n38172 (net)
                  8.46    0.00 1688.82 ^ u49932/B (AO21x1_ASAP7_75t_R)
     2    1.67   13.11   14.12 1702.94 ^ u49932/Y (AO21x1_ASAP7_75t_R)
                                         n38173 (net)
                 13.11    0.00 1702.94 ^ u49934/A (NOR2x1_ASAP7_75t_R)
     2    1.27   12.01   10.68 1713.61 v u49934/Y (NOR2x1_ASAP7_75t_R)
                                         n38175 (net)
                 12.01    0.00 1713.61 v u49935/B (AO21x1_ASAP7_75t_R)
     2    2.33   14.75   21.06 1734.67 v u49935/Y (AO21x1_ASAP7_75t_R)
                                         n38176 (net)
                 14.75    0.00 1734.67 v u49937/B (MAJx2_ASAP7_75t_R)
     2    2.16   10.63   24.63 1759.30 v u49937/Y (MAJx2_ASAP7_75t_R)
                                         n38178 (net)
                 10.63    0.00 1759.30 v u49938/B (NAND2x1_ASAP7_75t_R)
     3    3.10   23.77   14.70 1774.00 ^ u49938/Y (NAND2x1_ASAP7_75t_R)
                                         n38179 (net)
                 23.77    0.00 1774.00 ^ u49939/C (AND3x1_ASAP7_75t_R)
     1    0.57    8.53   18.79 1792.79 ^ u49939/Y (AND3x1_ASAP7_75t_R)
                                         n38180 (net)
                  8.53    0.00 1792.79 ^ u49940/B (OR2x2_ASAP7_75t_R)
     2    1.74    8.80   15.08 1807.88 ^ u49940/Y (OR2x2_ASAP7_75t_R)
                                         n38181 (net)
                  8.80    0.00 1807.88 ^ u49941/B (NOR2x1_ASAP7_75t_R)
     3    1.82   13.78    9.63 1817.51 v u49941/Y (NOR2x1_ASAP7_75t_R)
                                         n38182 (net)
                 13.78    0.00 1817.51 v u49947/A1 (AO21x1_ASAP7_75t_R)
     3    1.99   13.16   20.46 1837.97 v u49947/Y (AO21x1_ASAP7_75t_R)
                                         n38188 (net)
                 13.16    0.00 1837.97 v u49948/C (AND3x1_ASAP7_75t_R)
     1    0.57    5.60   13.61 1851.59 v u49948/Y (AND3x1_ASAP7_75t_R)
                                         n38189 (net)
                  5.60    0.00 1851.59 v u49951/A (OR2x2_ASAP7_75t_R)
     3    2.15    9.75   17.97 1869.56 v u49951/Y (OR2x2_ASAP7_75t_R)
                                         n38192 (net)
                  9.75    0.00 1869.56 v u49953/C1 (AO222x2_ASAP7_75t_R)
     1    0.63    9.15   27.53 1897.09 v u49953/Y (AO222x2_ASAP7_75t_R)
                                         n38194 (net)
                  9.15    0.00 1897.09 v u49954/B (OA21x2_ASAP7_75t_R)
     3    2.07    9.65   14.78 1911.87 v u49954/Y (OA21x2_ASAP7_75t_R)
                                         n38195 (net)
                  9.65    0.00 1911.87 v u49958/A3 (AO32x1_ASAP7_75t_R)
     1    0.69    8.63   22.81 1934.68 v u49958/Y (AO32x1_ASAP7_75t_R)
                                         n38199 (net)
                  8.63    0.00 1934.68 v gain2/A (BUFx3_ASAP7_75t_R)
     3    2.15    7.03   14.14 1948.82 v gain2/Y (BUFx3_ASAP7_75t_R)
                                         net2 (net)
                  7.03    0.00 1948.82 v u49993/A (AND3x1_ASAP7_75t_R)
     2    1.23    8.50   12.26 1961.09 v u49993/Y (AND3x1_ASAP7_75t_R)
                                         n38234 (net)
                  8.50    0.00 1961.09 v u50006/A (OR3x1_ASAP7_75t_R)
     1    1.11   10.46   20.23 1981.32 v u50006/Y (OR3x1_ASAP7_75t_R)
                                         n38247 (net)
                 10.46    0.00 1981.32 v u50010/A (AND2x4_ASAP7_75t_R)
     3    3.36    7.72   16.49 1997.81 v u50010/Y (AND2x4_ASAP7_75t_R)
                                         n38251 (net)
                  7.72    0.00 1997.81 v u50014/A (NOR2x1_ASAP7_75t_R)
     2    1.86   14.70   10.58 2008.40 ^ u50014/Y (NOR2x1_ASAP7_75t_R)
                                         n38255 (net)
                 14.70    0.00 2008.40 ^ u50015/C (NOR3x1_ASAP7_75t_R)
     3    1.82   18.62   15.24 2023.64 v u50015/Y (NOR3x1_ASAP7_75t_R)
                                         n38256 (net)
                 18.62    0.00 2023.64 v u50021/A1 (AO21x1_ASAP7_75t_R)
     3    1.99   13.25   21.87 2045.51 v u50021/Y (AO21x1_ASAP7_75t_R)
                                         n38262 (net)
                 13.25    0.00 2045.51 v u50022/C (AND3x1_ASAP7_75t_R)
     1    1.11    8.06   15.11 2060.61 v u50022/Y (AND3x1_ASAP7_75t_R)
                                         n38263 (net)
                  8.06    0.00 2060.61 v u50025/A (OR2x6_ASAP7_75t_R)
     3    2.40    7.61   18.67 2079.28 v u50025/Y (OR2x6_ASAP7_75t_R)
                                         n38266 (net)
                  7.61    0.00 2079.28 v u50028/A (AND3x1_ASAP7_75t_R)
     2    1.69   10.65   13.62 2092.90 v u50028/Y (AND3x1_ASAP7_75t_R)
                                         n38269 (net)
                 10.65    0.00 2092.90 v u50363/A (OR2x6_ASAP7_75t_R)
     3    2.99    8.16   19.87 2112.77 v u50363/Y (OR2x6_ASAP7_75t_R)
                                         n38598 (net)
                  8.16    0.00 2112.77 v u50364/A (AND3x1_ASAP7_75t_R)
     2    1.71   10.73   13.84 2126.61 v u50364/Y (AND3x1_ASAP7_75t_R)
                                         n38599 (net)
                 10.73    0.00 2126.61 v u50366/A (NOR2x1_ASAP7_75t_R)
     2    2.32   17.76   12.53 2139.14 ^ u50366/Y (NOR2x1_ASAP7_75t_R)
                                         n38601 (net)
                 17.76    0.00 2139.14 ^ u50369/A1 (OAI21x1_ASAP7_75t_R)
     4    3.62   21.69   14.08 2153.23 v u50369/Y (OAI21x1_ASAP7_75t_R)
                                         n38604 (net)
                 21.69    0.00 2153.23 v u50370/C (AND3x1_ASAP7_75t_R)
     1    0.57    5.88   15.91 2169.13 v u50370/Y (AND3x1_ASAP7_75t_R)
                                         n38605 (net)
                  5.88    0.00 2169.13 v u50371/B (OR2x2_ASAP7_75t_R)
     2    2.17    9.80   17.73 2186.86 v u50371/Y (OR2x2_ASAP7_75t_R)
                                         n38606 (net)
                  9.80    0.00 2186.86 v u50372/B (MAJx2_ASAP7_75t_R)
     1    0.92    7.50   21.00 2207.86 v u50372/Y (MAJx2_ASAP7_75t_R)
                                         n38607 (net)
                  7.50    0.00 2207.86 v u50373/B (XNOR2x2_ASAP7_75t_R)
     1    0.62    6.55   19.73 2227.59 ^ u50373/Y (XNOR2x2_ASAP7_75t_R)
                                         grp_uacc_section14_cost_core_fu_2333.uacc_section14_allocator_mul_16ns_114ns_129_7_1_U17.uacc_section14_allocator_uacc_section14_allocator_mul_16ns_114ns_129_7_1_Mul_DSP_4_U.tmp_product[123]* (net)
                  6.55    0.00 2227.59 ^ u39063/D (DFFHQNx1_ASAP7_75t_R)
                               2227.59   data arrival time

                  0.00 5000.00 5000.00   clock core_clock (rise edge)
                          0.00 5000.00   clock network delay (ideal)
                          0.00 5000.00   clock reconvergence pessimism
                               5000.00 ^ u39063/CLK (DFFHQNx1_ASAP7_75t_R)
                        -15.05 4984.95   library setup time
                               4984.95   data required time
-----------------------------------------------------------------------------
                               4984.95   data required time
                               -2227.59   data arrival time
-----------------------------------------------------------------------------
                               2757.36   slack (MET)



==========================================================================
synth report_power
--------------------------------------------------------------------------
Group                  Internal  Switching    Leakage      Total
                          Power      Power      Power      Power (Watts)
----------------------------------------------------------------
Sequential             1.13e-02   2.28e-04   2.41e-06   1.15e-02   8.0%
Combinational          8.88e-02   4.31e-02   1.25e-05   1.32e-01  92.0%
Clock                  0.00e+00   0.00e+00   0.00e+00   0.00e+00   0.0%
Macro                  0.00e+00   0.00e+00   0.00e+00   0.00e+00   0.0%
Pad                    0.00e+00   0.00e+00   0.00e+00   0.00e+00   0.0%
----------------------------------------------------------------
Total                  1.00e-01   4.33e-02   1.49e-05   1.43e-01 100.0%
                          69.8%      30.2%       0.0%
