
==========================================================================
detailed place report_tns
--------------------------------------------------------------------------
tns max 0.00

==========================================================================
detailed place report_wns
--------------------------------------------------------------------------
wns max 0.00

==========================================================================
detailed place report_worst_slack
--------------------------------------------------------------------------
worst slack max 2546.57

==========================================================================
detailed place report_clock_min_period
--------------------------------------------------------------------------
core_clock period_min = 2453.43 fmax = 407.59

==========================================================================
detailed place report_checks -path_delay min
--------------------------------------------------------------------------
Startpoint: u22956 (rising edge-triggered flip-flop clocked by core_clock)
Endpoint: u18196 (rising edge-triggered flip-flop clocked by core_clock)
Path Group: core_clock
Path Type: min

Fanout     Cap    Slew   Delay    Time   Description
-----------------------------------------------------------------------------
                  0.00    0.00    0.00   clock core_clock (rise edge)
                          0.00    0.00   clock network delay (ideal)
                  0.00    0.00    0.00 ^ u22956/CLK (DFFHQNx1_ASAP7_75t_R)
     2    1.16   15.41   32.84   32.84 v u22956/QN (DFFHQNx1_ASAP7_75t_R)
                                         candidate_queue_cost_q_load_20_reg_5995[7] (net)
                 15.41    0.03   32.87 v u18196/D (DFFHQNx1_ASAP7_75t_R)
                                 32.87   data arrival time

                  0.00    0.00    0.00   clock core_clock (rise edge)
                          0.00    0.00   clock network delay (ideal)
                          0.00    0.00   clock reconvergence pessimism
                                  0.00 ^ u18196/CLK (DFFHQNx1_ASAP7_75t_R)
                          7.80    7.80   library hold time
                                  7.80   data required time
-----------------------------------------------------------------------------
                                  7.80   data required time
                                -32.87   data arrival time
-----------------------------------------------------------------------------
                                 25.07   slack (MET)



==========================================================================
detailed place report_checks -path_delay max
--------------------------------------------------------------------------
Startpoint: u43378 (rising edge-triggered flip-flop clocked by core_clock)
Endpoint: u39063 (rising edge-triggered flip-flop clocked by core_clock)
Path Group: core_clock
Path Type: max

Fanout     Cap    Slew   Delay    Time   Description
-----------------------------------------------------------------------------
                  0.00    0.00    0.00   clock core_clock (rise edge)
                          0.00    0.00   clock network delay (ideal)
                  0.00    0.00    0.00 ^ u43378/CLK (DFFHQNx2_ASAP7_75t_R)
    36   40.81  141.07   92.34   92.34 ^ u43378/QN (DFFHQNx2_ASAP7_75t_R)
                                         grp_uacc_section14_cost_core_fu_2333.uacc_section14_allocator_mul_16ns_114ns_129_7_1_U17.uacc_section14_allocator_uacc_section14_allocator_mul_16ns_114ns_129_7_1_Mul_DSP_4_U.a_reg0[4] (net)
                144.53   12.20  104.54 ^ u49327/A (INVx2_ASAP7_75t_R)
     8    5.90   41.01   29.02  133.56 v u49327/Y (INVx2_ASAP7_75t_R)
                                         n37568 (net)
                 41.02    0.28  133.84 v u49531/C (OR4x1_ASAP7_75t_R)
     1    1.36   13.84   33.35  167.20 v u49531/Y (OR4x1_ASAP7_75t_R)
                                         n37772 (net)
                 13.85    0.17  167.36 v u49532/A (AND2x2_ASAP7_75t_R)
     1    1.18    6.61   17.34  184.70 v u49532/Y (AND2x2_ASAP7_75t_R)
                                         n37773 (net)
                  6.62    0.07  184.77 v u49533/A (XOR2x2_ASAP7_75t_R)
     2    2.27   11.47   25.42  210.19 ^ u49533/Y (XOR2x2_ASAP7_75t_R)
                                         n37774 (net)
                 11.48    0.11  210.30 ^ u49577/A (XOR2x2_ASAP7_75t_R)
     2    1.92   10.57   26.20  236.50 ^ u49577/Y (XOR2x2_ASAP7_75t_R)
                                         n37818 (net)
                 10.57    0.06  236.56 ^ u49578/B (XOR2x2_ASAP7_75t_R)
     1    1.06    7.74   24.85  261.41 ^ u49578/Y (XOR2x2_ASAP7_75t_R)
                                         n37819 (net)
                  7.74    0.05  261.47 ^ u49581/A (XOR2x2_ASAP7_75t_R)
     2    1.89   10.35   25.07  286.54 ^ u49581/Y (XOR2x2_ASAP7_75t_R)
                                         n37822 (net)
                 10.36    0.10  286.63 ^ u49582/B (XNOR2x2_ASAP7_75t_R)
     2    2.42   11.13   27.56  314.20 v u49582/Y (XNOR2x2_ASAP7_75t_R)
                                         n37823 (net)
                 11.13    0.06  314.26 v u49623/A (NOR2x1_ASAP7_75t_R)
     2    1.99   15.81   11.72  325.98 ^ u49623/Y (NOR2x1_ASAP7_75t_R)
                                         n37864 (net)
                 15.81    0.06  326.05 ^ u49624/B (AO21x1_ASAP7_75t_R)
     2    2.64   19.15   18.42  344.47 ^ u49624/Y (AO21x1_ASAP7_75t_R)
                                         n37865 (net)
                 19.15    0.16  344.63 ^ u49626/B (MAJx2_ASAP7_75t_R)
     2    2.05   11.12   23.39  368.02 ^ u49626/Y (MAJx2_ASAP7_75t_R)
                                         n37867 (net)
                 11.13    0.18  368.20 ^ u49628/B1 (AO22x2_ASAP7_75t_R)
     2    2.85   13.29   19.41  387.62 ^ u49628/Y (AO22x2_ASAP7_75t_R)
                                         n37869 (net)
                 13.30    0.25  387.86 ^ u49630/B (MAJx2_ASAP7_75t_R)
     3    2.98   13.83   23.32  411.18 ^ u49630/Y (MAJx2_ASAP7_75t_R)
                                         n37871 (net)
                 13.86    0.32  411.50 ^ u49644/B (AO21x1_ASAP7_75t_R)
     1    0.87    8.60   13.09  424.58 ^ u49644/Y (AO21x1_ASAP7_75t_R)
                                         n37885 (net)
                  8.60    0.06  424.64 ^ u49646/C (AND4x1_ASAP7_75t_R)
     3    3.76   28.79   31.99  456.63 ^ u49646/Y (AND4x1_ASAP7_75t_R)
                                         n37887 (net)
                 28.79    0.11  456.74 ^ u49651/B (NOR2x1_ASAP7_75t_R)
     2    1.78   16.12   13.85  470.59 v u49651/Y (NOR2x1_ASAP7_75t_R)
                                         n37892 (net)
                 16.12    0.08  470.67 v u49679/A (AND2x2_ASAP7_75t_R)
     2    2.52   10.06   20.16  490.84 v u49679/Y (AND2x2_ASAP7_75t_R)
                                         n37920 (net)
                 10.07    0.13  490.97 v u49680/B (AND2x4_ASAP7_75t_R)
     2    2.47    6.58   14.73  505.70 v u49680/Y (AND2x4_ASAP7_75t_R)
                                         n37921 (net)
                  6.58    0.10  505.80 v u49687/A (NAND2x1_ASAP7_75t_R)
     3    3.89   28.60   16.75  522.55 ^ u49687/Y (NAND2x1_ASAP7_75t_R)
                                         n37928 (net)
                 28.62    0.37  522.92 ^ u49691/A (NOR2x1_ASAP7_75t_R)
     3    2.68   21.69   18.39  541.30 v u49691/Y (NOR2x1_ASAP7_75t_R)
                                         n37932 (net)
                 21.69    0.13  541.43 v u49692/B2 (AO22x2_ASAP7_75t_R)
     2    4.39   16.92   27.11  568.54 v u49692/Y (AO22x2_ASAP7_75t_R)
                                         n37933 (net)
                 17.24    1.30  569.84 v u49695/B (MAJx2_ASAP7_75t_R)
     3    2.64   12.07   26.07  595.90 v u49695/Y (MAJx2_ASAP7_75t_R)
                                         n37936 (net)
                 12.10    0.31  596.22 v u49696/B2 (AO222x2_ASAP7_75t_R)
     1    0.73    9.25   30.50  626.72 v u49696/Y (AO222x2_ASAP7_75t_R)
                                         n37937 (net)
                  9.25    0.03  626.75 v u49697/B (OA21x2_ASAP7_75t_R)
     2    2.68   11.52   15.53  642.27 v u49697/Y (OA21x2_ASAP7_75t_R)
                                         n37938 (net)
                 11.58    0.45  642.72 v u49699/B1 (AO22x2_ASAP7_75t_R)
     2    3.18   13.07   23.53  666.26 v u49699/Y (AO22x2_ASAP7_75t_R)
                                         n37940 (net)
                 13.12    0.44  666.70 v u49701/B (MAJx2_ASAP7_75t_R)
     2    2.58   12.06   24.72  691.42 v u49701/Y (MAJx2_ASAP7_75t_R)
                                         n37942 (net)
                 12.11    0.41  691.83 v u49703/B1 (AO22x2_ASAP7_75t_R)
     2    3.02   12.60   23.50  715.32 v u49703/Y (AO22x2_ASAP7_75t_R)
                                         n37944 (net)
                 12.64    0.38  715.71 v u49705/B (MAJx2_ASAP7_75t_R)
     2    1.93   10.20   23.55  739.26 v u49705/Y (MAJx2_ASAP7_75t_R)
                                         n37946 (net)
                 10.21    0.15  739.41 v u49707/B1 (AO22x2_ASAP7_75t_R)
     2    2.89   12.08   22.75  762.16 v u49707/Y (AO22x2_ASAP7_75t_R)
                                         n37948 (net)
                 12.10    0.26  762.42 v u49709/B (MAJx2_ASAP7_75t_R)
     2    2.44   11.61   24.21  786.63 v u49709/Y (MAJx2_ASAP7_75t_R)
                                         n37950 (net)
                 11.64    0.34  786.97 v u49711/B1 (AO22x2_ASAP7_75t_R)
     2    2.99   12.43   23.34  810.31 v u49711/Y (AO22x2_ASAP7_75t_R)
                                         n37952 (net)
                 12.46    0.33  810.64 v u49713/B (MAJx2_ASAP7_75t_R)
     2    1.76    9.65   23.22  833.85 v u49713/Y (MAJx2_ASAP7_75t_R)
                                         n37954 (net)
                  9.66    0.08  833.94 v u49715/B1 (AO22x2_ASAP7_75t_R)
     2    2.52   11.15   22.00  855.94 v u49715/Y (AO22x2_ASAP7_75t_R)
                                         n37956 (net)
                 11.15    0.10  856.03 v u49717/B (MAJx2_ASAP7_75t_R)
     3    2.63   12.01   24.29  880.32 v u49717/Y (MAJx2_ASAP7_75t_R)
                                         n37958 (net)
                 12.03    0.23  880.55 v u49721/A3 (AO32x1_ASAP7_75t_R)
     2    2.37   16.94   28.48  909.03 v u49721/Y (AO32x1_ASAP7_75t_R)
                                         n37962 (net)
                 16.95    0.27  909.30 v u49722/B2 (AO22x2_ASAP7_75t_R)
     2    2.99   12.43   24.18  933.48 v u49722/Y (AO22x2_ASAP7_75t_R)
                                         n37963 (net)
                 12.46    0.31  933.79 v u49724/B (MAJx2_ASAP7_75t_R)
     2    2.80   12.62   24.86  958.65 v u49724/Y (MAJx2_ASAP7_75t_R)
                                         n37965 (net)
                 12.69    0.51  959.16 v u49726/B1 (AO22x2_ASAP7_75t_R)
     2    3.00   12.49   23.67  982.82 v u49726/Y (AO22x2_ASAP7_75t_R)
                                         n37967 (net)
                 12.52    0.35  983.17 v u49728/B (MAJx2_ASAP7_75t_R)
     3    2.59   11.90   24.64 1007.81 v u49728/Y (MAJx2_ASAP7_75t_R)
                                         n37969 (net)
                 11.91    0.22 1008.04 v u49729/C (AND3x1_ASAP7_75t_R)
     1    0.61    5.63   13.36 1021.39 v u49729/Y (AND3x1_ASAP7_75t_R)
                                         n37970 (net)
                  5.63    0.02 1021.41 v u49732/A (OR2x2_ASAP7_75t_R)
     3    3.56   13.97   19.88 1041.30 v u49732/Y (OR2x2_ASAP7_75t_R)
                                         n37973 (net)
                 14.11    0.77 1042.07 v u49733/C (AND3x1_ASAP7_75t_R)
     1    0.78    6.49   14.42 1056.49 v u49733/Y (AND3x1_ASAP7_75t_R)
                                         n37974 (net)
                  6.49    0.04 1056.53 v u49736/A (OR2x2_ASAP7_75t_R)
     3    2.49   10.71   18.72 1075.26 v u49736/Y (OR2x2_ASAP7_75t_R)
                                         n37977 (net)
                 10.72    0.10 1075.35 v u49750/A1 (AO32x1_ASAP7_75t_R)
     2    3.07   20.49   26.94 1102.30 v u49750/Y (AO32x1_ASAP7_75t_R)
                                         n37991 (net)
                 20.55    0.63 1102.93 v u49751/B2 (AO22x2_ASAP7_75t_R)
     2    2.61   11.41   24.69 1127.61 v u49751/Y (AO22x2_ASAP7_75t_R)
                                         n37992 (net)
                 11.42    0.16 1127.77 v u49753/B (MAJx2_ASAP7_75t_R)
     2    1.85    9.95   23.06 1150.83 v u49753/Y (MAJx2_ASAP7_75t_R)
                                         n37994 (net)
                  9.95    0.12 1150.95 v u49755/B1 (AO22x2_ASAP7_75t_R)
     2    2.73   11.68   22.41 1173.36 v u49755/Y (AO22x2_ASAP7_75t_R)
                                         n37996 (net)
                 11.69    0.20 1173.56 v u49757/B (MAJx2_ASAP7_75t_R)
     2    1.74    9.58   22.97 1196.53 v u49757/Y (MAJx2_ASAP7_75t_R)
                                         n37998 (net)
                  9.58    0.07 1196.59 v u49759/B1 (AO22x2_ASAP7_75t_R)
     2    2.61   11.39   22.12 1218.72 v u49759/Y (AO22x2_ASAP7_75t_R)
                                         n38000 (net)
                 11.40    0.16 1218.88 v u49761/B (MAJx2_ASAP7_75t_R)
     3    2.45   11.56   24.10 1242.98 v u49761/Y (MAJx2_ASAP7_75t_R)
                                         n38002 (net)
                 11.57    0.14 1243.12 v u49765/A3 (AO32x1_ASAP7_75t_R)
     3    2.61   17.95   29.10 1272.22 v u49765/Y (AO32x1_ASAP7_75t_R)
                                         n38006 (net)
                 17.95    0.15 1272.36 v u49779/A1 (AO32x1_ASAP7_75t_R)
     2    2.12   15.65   26.07 1298.44 v u49779/Y (AO32x1_ASAP7_75t_R)
                                         n38020 (net)
                 15.66    0.16 1298.60 v u49780/B2 (AO22x2_ASAP7_75t_R)
     2    2.60   11.35   23.23 1321.83 v u49780/Y (AO22x2_ASAP7_75t_R)
                                         n38021 (net)
                 11.35    0.12 1321.95 v u49782/B (MAJx2_ASAP7_75t_R)
     2    3.68   15.26   25.74 1347.69 v u49782/Y (MAJx2_ASAP7_75t_R)
                                         n38023 (net)
                 15.39    0.80 1348.49 v u49784/B (MAJx2_ASAP7_75t_R)
     2    2.62   11.94   25.55 1374.04 v u49784/Y (MAJx2_ASAP7_75t_R)
                                         n38025 (net)
                 11.94    0.15 1374.19 v u49786/B (MAJx2_ASAP7_75t_R)
     3    3.10   13.45   25.20 1399.39 v u49786/Y (MAJx2_ASAP7_75t_R)
                                         n38027 (net)
                 13.52    0.54 1399.92 v u49787/C (AND3x1_ASAP7_75t_R)
     1    0.64    5.81   13.89 1413.82 v u49787/Y (AND3x1_ASAP7_75t_R)
                                         n38028 (net)
                  5.81    0.02 1413.84 v u49790/A (OR2x2_ASAP7_75t_R)
     3    3.31   13.15   19.64 1433.48 v u49790/Y (OR2x2_ASAP7_75t_R)
                                         n38031 (net)
                 13.24    0.59 1434.07 v u49793/A (AND3x1_ASAP7_75t_R)
     2    3.02   17.82   18.25 1452.32 v u49793/Y (AND3x1_ASAP7_75t_R)
                                         n38034 (net)
                 17.85    0.38 1452.70 v u49794/B2 (OAI22x1_ASAP7_75t_R)
     2    2.88   27.07   18.51 1471.21 ^ u49794/Y (OAI22x1_ASAP7_75t_R)
                                         n38035 (net)
                 27.10    0.54 1471.75 ^ u49795/B (NOR2x1_ASAP7_75t_R)
     3    2.05   17.07   14.47 1486.22 v u49795/Y (NOR2x1_ASAP7_75t_R)
                                         n38036 (net)
                 17.07    0.07 1486.29 v u49801/A1 (AO21x1_ASAP7_75t_R)
     2    2.14   14.35   21.74 1508.04 v u49801/Y (AO21x1_ASAP7_75t_R)
                                         n38042 (net)
                 14.35    0.15 1508.19 v u49802/B2 (AO22x2_ASAP7_75t_R)
     2    2.76   11.78   23.07 1531.25 v u49802/Y (AO22x2_ASAP7_75t_R)
                                         n38043 (net)
                 11.79    0.22 1531.47 v u49804/B (MAJx2_ASAP7_75t_R)
     3    2.36   11.31   24.04 1555.51 v u49804/Y (MAJx2_ASAP7_75t_R)
                                         n38045 (net)
                 11.31    0.16 1555.67 v u49805/B2 (AO222x2_ASAP7_75t_R)
     1    0.70    9.19   30.27 1585.93 v u49805/Y (AO222x2_ASAP7_75t_R)
                                         n38046 (net)
                  9.19    0.03 1585.96 v u49806/B (OA21x2_ASAP7_75t_R)
     3    4.28   16.18   17.38 1603.34 v u49806/Y (OA21x2_ASAP7_75t_R)
                                         n38047 (net)
                 16.35    0.93 1604.27 v u49844/A (NAND3x1_ASAP7_75t_R)
     2    2.14   22.61   14.74 1619.01 ^ u49844/Y (NAND3x1_ASAP7_75t_R)
                                         n38085 (net)
                 22.61    0.19 1619.20 ^ u49858/A1 (AO32x1_ASAP7_75t_R)
     3    2.94   22.83   28.06 1647.26 ^ u49858/Y (AO32x1_ASAP7_75t_R)
                                         n38099 (net)
                 22.85    0.41 1647.67 ^ u49861/B (OA211x2_ASAP7_75t_R)
     2    3.85   18.21   27.71 1675.38 ^ u49861/Y (OA211x2_ASAP7_75t_R)
                                         n38102 (net)
                 18.44    1.11 1676.49 ^ u49862/C (NOR3x1_ASAP7_75t_R)
     3    2.18   20.89   17.30 1693.79 v u49862/Y (NOR3x1_ASAP7_75t_R)
                                         n38103 (net)
                 20.90    0.12 1693.91 v u49868/A1 (AO21x1_ASAP7_75t_R)
     3    3.36   20.74   25.66 1719.57 v u49868/Y (AO21x1_ASAP7_75t_R)
                                         n38109 (net)
                 20.81    0.69 1720.26 v u49869/C (AND3x1_ASAP7_75t_R)
     1    0.71    6.36   16.09 1736.36 v u49869/Y (AND3x1_ASAP7_75t_R)
                                         n38110 (net)
                  6.36    0.03 1736.39 v u49872/A (OR2x2_ASAP7_75t_R)
     3    3.50   13.75   19.99 1756.37 v u49872/Y (OR2x2_ASAP7_75t_R)
                                         n38113 (net)
                 13.87    0.71 1757.08 v u49907/A (AND3x1_ASAP7_75t_R)
     2    1.67   10.86   15.24 1772.32 v u49907/Y (AND3x1_ASAP7_75t_R)
                                         n38148 (net)
                 10.86    0.14 1772.46 v u49920/A (OR3x1_ASAP7_75t_R)
     2    1.58   13.02   22.40 1794.86 v u49920/Y (OR3x1_ASAP7_75t_R)
                                         n38161 (net)
                 13.03    0.14 1795.00 v u49924/A (AND2x2_ASAP7_75t_R)
     2    1.84    8.34   18.10 1813.10 v u49924/Y (AND2x2_ASAP7_75t_R)
                                         n38165 (net)
                  8.34    0.08 1813.18 v u49925/C (AND3x1_ASAP7_75t_R)
     1    1.34    9.13   14.17 1827.35 v u49925/Y (AND3x1_ASAP7_75t_R)
                                         n38166 (net)
                  9.13    0.08 1827.44 v u49928/A (OR2x6_ASAP7_75t_R)
     3    3.88    9.08   19.92 1847.35 v u49928/Y (OR2x6_ASAP7_75t_R)
                                         n38169 (net)
                  9.13    0.34 1847.70 v u49931/A (NOR2x1_ASAP7_75t_R)
     1    0.73    8.92    7.90 1855.60 ^ u49931/Y (NOR2x1_ASAP7_75t_R)
                                         n38172 (net)
                  8.92    0.03 1855.63 ^ u49932/B (AO21x1_ASAP7_75t_R)
     2    2.81   20.11   17.14 1872.77 ^ u49932/Y (AO21x1_ASAP7_75t_R)
                                         n38173 (net)
                 20.15    0.51 1873.28 ^ u49934/A (NOR2x1_ASAP7_75t_R)
     2    1.60   14.76   13.48 1886.76 v u49934/Y (NOR2x1_ASAP7_75t_R)
                                         n38175 (net)
                 14.76    0.07 1886.83 v u49935/B (AO21x1_ASAP7_75t_R)
     2    2.88   17.96   22.96 1909.79 v u49935/Y (AO21x1_ASAP7_75t_R)
                                         n38176 (net)
                 17.96    0.27 1910.06 v u49937/B (MAJx2_ASAP7_75t_R)
     2    2.55   11.79   26.16 1936.22 v u49937/Y (MAJx2_ASAP7_75t_R)
                                         n38178 (net)
                 11.81    0.21 1936.43 v u49938/B (NAND2x1_ASAP7_75t_R)
     3    3.48   26.20   16.05 1952.48 ^ u49938/Y (NAND2x1_ASAP7_75t_R)
                                         n38179 (net)
                 26.21    0.15 1952.63 ^ u49939/C (AND3x1_ASAP7_75t_R)
     1    0.69    9.00   19.41 1972.04 ^ u49939/Y (AND3x1_ASAP7_75t_R)
                                         n38180 (net)
                  9.00    0.03 1972.07 ^ u49940/B (OR2x2_ASAP7_75t_R)
     2    2.53   11.24   16.38 1988.45 ^ u49940/Y (OR2x2_ASAP7_75t_R)
                                         n38181 (net)
                 11.27    0.33 1988.78 ^ u49941/B (NOR2x1_ASAP7_75t_R)
     3    2.06   14.94   10.87 1999.64 v u49941/Y (NOR2x1_ASAP7_75t_R)
                                         n38182 (net)
                 14.95    0.09 1999.74 v u49947/A1 (AO21x1_ASAP7_75t_R)
     3    2.36   15.36   21.72 2021.45 v u49947/Y (AO21x1_ASAP7_75t_R)
                                         n38188 (net)
                 15.36    0.13 2021.58 v u49948/C (AND3x1_ASAP7_75t_R)
     1    0.64    5.88   14.43 2036.01 v u49948/Y (AND3x1_ASAP7_75t_R)
                                         n38189 (net)
                  5.88    0.02 2036.03 v u49951/A (OR2x2_ASAP7_75t_R)
     3    2.63   11.07   18.79 2054.82 v u49951/Y (OR2x2_ASAP7_75t_R)
                                         n38192 (net)
                 11.08    0.16 2054.98 v u49953/C1 (AO222x2_ASAP7_75t_R)
     1    0.76    9.32   28.13 2083.11 v u49953/Y (AO222x2_ASAP7_75t_R)
                                         n38194 (net)
                  9.32    0.04 2083.14 v u49954/B (OA21x2_ASAP7_75t_R)
     3    2.66   11.29   15.64 2098.79 v u49954/Y (OA21x2_ASAP7_75t_R)
                                         n38195 (net)
                 11.31    0.22 2099.00 v u49958/A3 (AO32x1_ASAP7_75t_R)
     3    2.97   19.76   29.96 2128.97 v u49958/Y (AO32x1_ASAP7_75t_R)
                                         n38199 (net)
                 19.78    0.39 2129.36 v u49993/A (AND3x1_ASAP7_75t_R)
     2    1.35    9.31   15.93 2145.29 v u49993/Y (AND3x1_ASAP7_75t_R)
                                         n38234 (net)
                  9.32    0.05 2145.33 v u50006/A (OR3x1_ASAP7_75t_R)
     1    1.28   11.37   21.02 2166.36 v u50006/Y (OR3x1_ASAP7_75t_R)
                                         n38247 (net)
                 11.37    0.07 2166.43 v u50010/A (AND2x4_ASAP7_75t_R)
     3    3.77    8.46   17.00 2183.43 v u50010/Y (AND2x4_ASAP7_75t_R)
                                         n38251 (net)
                  8.49    0.25 2183.67 v u50014/A (NOR2x1_ASAP7_75t_R)
     2    2.15   16.40   11.48 2195.16 ^ u50014/Y (NOR2x1_ASAP7_75t_R)
                                         n38255 (net)
                 16.41    0.14 2195.29 ^ u50015/C (NOR3x1_ASAP7_75t_R)
     3    2.11   19.84   16.50 2211.80 v u50015/Y (NOR3x1_ASAP7_75t_R)
                                         n38256 (net)
                 19.84    0.09 2211.88 v u50021/A1 (AO21x1_ASAP7_75t_R)
     3    2.61   16.75   23.75 2235.63 v u50021/Y (AO21x1_ASAP7_75t_R)
                                         n38262 (net)
                 16.76    0.23 2235.86 v u50022/C (AND3x1_ASAP7_75t_R)
     1    1.28    9.01   16.54 2252.40 v u50022/Y (AND3x1_ASAP7_75t_R)
                                         n38263 (net)
                  9.01    0.07 2252.47 v u50025/A (OR2x6_ASAP7_75t_R)
     3    4.37   10.10   19.96 2272.43 v u50025/Y (OR2x6_ASAP7_75t_R)
                                         n38266 (net)
                 10.61    1.19 2273.62 v u50028/A (AND3x1_ASAP7_75t_R)
     2    3.27   19.27   18.01 2291.63 v u50028/Y (AND3x1_ASAP7_75t_R)
                                         n38269 (net)
                 19.35    0.73 2292.36 v u50363/A (OR2x6_ASAP7_75t_R)
     3    3.21    8.25   22.72 2315.07 v u50363/Y (OR2x6_ASAP7_75t_R)
                                         n38598 (net)
                  8.26    0.09 2315.17 v u50364/A (AND3x1_ASAP7_75t_R)
     2    1.83   11.65   14.15 2329.32 v u50364/Y (AND3x1_ASAP7_75t_R)
                                         n38599 (net)
                 11.65    0.07 2329.39 v u50366/A (NOR2x1_ASAP7_75t_R)
     2    2.51   19.07   13.19 2342.57 ^ u50366/Y (NOR2x1_ASAP7_75t_R)
                                         n38601 (net)
                 19.07    0.11 2342.69 ^ u50369/A1 (OAI21x1_ASAP7_75t_R)
     4    5.24   29.72   17.25 2359.93 v u50369/Y (OAI21x1_ASAP7_75t_R)
                                         n38604 (net)
                 29.83    1.06 2360.99 v u50370/C (AND3x1_ASAP7_75t_R)
     1    0.65    6.33   17.75 2378.74 v u50370/Y (AND3x1_ASAP7_75t_R)
                                         n38605 (net)
                  6.33    0.02 2378.77 v u50371/B (OR2x2_ASAP7_75t_R)
     2    2.32   10.30   18.07 2396.84 v u50371/Y (OR2x2_ASAP7_75t_R)
                                         n38606 (net)
                 10.30    0.09 2396.93 v u50372/B (MAJx2_ASAP7_75t_R)
     1    1.07    7.72   21.39 2418.32 v u50372/Y (MAJx2_ASAP7_75t_R)
                                         n38607 (net)
                  7.72    0.05 2418.38 v u50373/B (XNOR2x2_ASAP7_75t_R)
     1    0.73    6.71   19.95 2438.33 ^ u50373/Y (XNOR2x2_ASAP7_75t_R)
                                         grp_uacc_section14_cost_core_fu_2333.uacc_section14_allocator_mul_16ns_114ns_129_7_1_U17.uacc_section14_allocator_uacc_section14_allocator_mul_16ns_114ns_129_7_1_Mul_DSP_4_U.tmp_product[123]* (net)
                  6.71    0.03 2438.36 ^ u39063/D (DFFHQNx1_ASAP7_75t_R)
                               2438.36   data arrival time

                  0.00 5000.00 5000.00   clock core_clock (rise edge)
                          0.00 5000.00   clock network delay (ideal)
                          0.00 5000.00   clock reconvergence pessimism
                               5000.00 ^ u39063/CLK (DFFHQNx1_ASAP7_75t_R)
                        -15.07 4984.93   library setup time
                               4984.93   data required time
-----------------------------------------------------------------------------
                               4984.93   data required time
                               -2438.36   data arrival time
-----------------------------------------------------------------------------
                               2546.57   slack (MET)



==========================================================================
detailed place report_checks -unconstrained
--------------------------------------------------------------------------
Startpoint: u43378 (rising edge-triggered flip-flop clocked by core_clock)
Endpoint: u39063 (rising edge-triggered flip-flop clocked by core_clock)
Path Group: core_clock
Path Type: max

Fanout     Cap    Slew   Delay    Time   Description
-----------------------------------------------------------------------------
                  0.00    0.00    0.00   clock core_clock (rise edge)
                          0.00    0.00   clock network delay (ideal)
                  0.00    0.00    0.00 ^ u43378/CLK (DFFHQNx2_ASAP7_75t_R)
    36   40.81  141.07   92.34   92.34 ^ u43378/QN (DFFHQNx2_ASAP7_75t_R)
                                         grp_uacc_section14_cost_core_fu_2333.uacc_section14_allocator_mul_16ns_114ns_129_7_1_U17.uacc_section14_allocator_uacc_section14_allocator_mul_16ns_114ns_129_7_1_Mul_DSP_4_U.a_reg0[4] (net)
                144.53   12.20  104.54 ^ u49327/A (INVx2_ASAP7_75t_R)
     8    5.90   41.01   29.02  133.56 v u49327/Y (INVx2_ASAP7_75t_R)
                                         n37568 (net)
                 41.02    0.28  133.84 v u49531/C (OR4x1_ASAP7_75t_R)
     1    1.36   13.84   33.35  167.20 v u49531/Y (OR4x1_ASAP7_75t_R)
                                         n37772 (net)
                 13.85    0.17  167.36 v u49532/A (AND2x2_ASAP7_75t_R)
     1    1.18    6.61   17.34  184.70 v u49532/Y (AND2x2_ASAP7_75t_R)
                                         n37773 (net)
                  6.62    0.07  184.77 v u49533/A (XOR2x2_ASAP7_75t_R)
     2    2.27   11.47   25.42  210.19 ^ u49533/Y (XOR2x2_ASAP7_75t_R)
                                         n37774 (net)
                 11.48    0.11  210.30 ^ u49577/A (XOR2x2_ASAP7_75t_R)
     2    1.92   10.57   26.20  236.50 ^ u49577/Y (XOR2x2_ASAP7_75t_R)
                                         n37818 (net)
                 10.57    0.06  236.56 ^ u49578/B (XOR2x2_ASAP7_75t_R)
     1    1.06    7.74   24.85  261.41 ^ u49578/Y (XOR2x2_ASAP7_75t_R)
                                         n37819 (net)
                  7.74    0.05  261.47 ^ u49581/A (XOR2x2_ASAP7_75t_R)
     2    1.89   10.35   25.07  286.54 ^ u49581/Y (XOR2x2_ASAP7_75t_R)
                                         n37822 (net)
                 10.36    0.10  286.63 ^ u49582/B (XNOR2x2_ASAP7_75t_R)
     2    2.42   11.13   27.56  314.20 v u49582/Y (XNOR2x2_ASAP7_75t_R)
                                         n37823 (net)
                 11.13    0.06  314.26 v u49623/A (NOR2x1_ASAP7_75t_R)
     2    1.99   15.81   11.72  325.98 ^ u49623/Y (NOR2x1_ASAP7_75t_R)
                                         n37864 (net)
                 15.81    0.06  326.05 ^ u49624/B (AO21x1_ASAP7_75t_R)
     2    2.64   19.15   18.42  344.47 ^ u49624/Y (AO21x1_ASAP7_75t_R)
                                         n37865 (net)
                 19.15    0.16  344.63 ^ u49626/B (MAJx2_ASAP7_75t_R)
     2    2.05   11.12   23.39  368.02 ^ u49626/Y (MAJx2_ASAP7_75t_R)
                                         n37867 (net)
                 11.13    0.18  368.20 ^ u49628/B1 (AO22x2_ASAP7_75t_R)
     2    2.85   13.29   19.41  387.62 ^ u49628/Y (AO22x2_ASAP7_75t_R)
                                         n37869 (net)
                 13.30    0.25  387.86 ^ u49630/B (MAJx2_ASAP7_75t_R)
     3    2.98   13.83   23.32  411.18 ^ u49630/Y (MAJx2_ASAP7_75t_R)
                                         n37871 (net)
                 13.86    0.32  411.50 ^ u49644/B (AO21x1_ASAP7_75t_R)
     1    0.87    8.60   13.09  424.58 ^ u49644/Y (AO21x1_ASAP7_75t_R)
                                         n37885 (net)
                  8.60    0.06  424.64 ^ u49646/C (AND4x1_ASAP7_75t_R)
     3    3.76   28.79   31.99  456.63 ^ u49646/Y (AND4x1_ASAP7_75t_R)
                                         n37887 (net)
                 28.79    0.11  456.74 ^ u49651/B (NOR2x1_ASAP7_75t_R)
     2    1.78   16.12   13.85  470.59 v u49651/Y (NOR2x1_ASAP7_75t_R)
                                         n37892 (net)
                 16.12    0.08  470.67 v u49679/A (AND2x2_ASAP7_75t_R)
     2    2.52   10.06   20.16  490.84 v u49679/Y (AND2x2_ASAP7_75t_R)
                                         n37920 (net)
                 10.07    0.13  490.97 v u49680/B (AND2x4_ASAP7_75t_R)
     2    2.47    6.58   14.73  505.70 v u49680/Y (AND2x4_ASAP7_75t_R)
                                         n37921 (net)
                  6.58    0.10  505.80 v u49687/A (NAND2x1_ASAP7_75t_R)
     3    3.89   28.60   16.75  522.55 ^ u49687/Y (NAND2x1_ASAP7_75t_R)
                                         n37928 (net)
                 28.62    0.37  522.92 ^ u49691/A (NOR2x1_ASAP7_75t_R)
     3    2.68   21.69   18.39  541.30 v u49691/Y (NOR2x1_ASAP7_75t_R)
                                         n37932 (net)
                 21.69    0.13  541.43 v u49692/B2 (AO22x2_ASAP7_75t_R)
     2    4.39   16.92   27.11  568.54 v u49692/Y (AO22x2_ASAP7_75t_R)
                                         n37933 (net)
                 17.24    1.30  569.84 v u49695/B (MAJx2_ASAP7_75t_R)
     3    2.64   12.07   26.07  595.90 v u49695/Y (MAJx2_ASAP7_75t_R)
                                         n37936 (net)
                 12.10    0.31  596.22 v u49696/B2 (AO222x2_ASAP7_75t_R)
     1    0.73    9.25   30.50  626.72 v u49696/Y (AO222x2_ASAP7_75t_R)
                                         n37937 (net)
                  9.25    0.03  626.75 v u49697/B (OA21x2_ASAP7_75t_R)
     2    2.68   11.52   15.53  642.27 v u49697/Y (OA21x2_ASAP7_75t_R)
                                         n37938 (net)
                 11.58    0.45  642.72 v u49699/B1 (AO22x2_ASAP7_75t_R)
     2    3.18   13.07   23.53  666.26 v u49699/Y (AO22x2_ASAP7_75t_R)
                                         n37940 (net)
                 13.12    0.44  666.70 v u49701/B (MAJx2_ASAP7_75t_R)
     2    2.58   12.06   24.72  691.42 v u49701/Y (MAJx2_ASAP7_75t_R)
                                         n37942 (net)
                 12.11    0.41  691.83 v u49703/B1 (AO22x2_ASAP7_75t_R)
     2    3.02   12.60   23.50  715.32 v u49703/Y (AO22x2_ASAP7_75t_R)
                                         n37944 (net)
                 12.64    0.38  715.71 v u49705/B (MAJx2_ASAP7_75t_R)
     2    1.93   10.20   23.55  739.26 v u49705/Y (MAJx2_ASAP7_75t_R)
                                         n37946 (net)
                 10.21    0.15  739.41 v u49707/B1 (AO22x2_ASAP7_75t_R)
     2    2.89   12.08   22.75  762.16 v u49707/Y (AO22x2_ASAP7_75t_R)
                                         n37948 (net)
                 12.10    0.26  762.42 v u49709/B (MAJx2_ASAP7_75t_R)
     2    2.44   11.61   24.21  786.63 v u49709/Y (MAJx2_ASAP7_75t_R)
                                         n37950 (net)
                 11.64    0.34  786.97 v u49711/B1 (AO22x2_ASAP7_75t_R)
     2    2.99   12.43   23.34  810.31 v u49711/Y (AO22x2_ASAP7_75t_R)
                                         n37952 (net)
                 12.46    0.33  810.64 v u49713/B (MAJx2_ASAP7_75t_R)
     2    1.76    9.65   23.22  833.85 v u49713/Y (MAJx2_ASAP7_75t_R)
                                         n37954 (net)
                  9.66    0.08  833.94 v u49715/B1 (AO22x2_ASAP7_75t_R)
     2    2.52   11.15   22.00  855.94 v u49715/Y (AO22x2_ASAP7_75t_R)
                                         n37956 (net)
                 11.15    0.10  856.03 v u49717/B (MAJx2_ASAP7_75t_R)
     3    2.63   12.01   24.29  880.32 v u49717/Y (MAJx2_ASAP7_75t_R)
                                         n37958 (net)
                 12.03    0.23  880.55 v u49721/A3 (AO32x1_ASAP7_75t_R)
     2    2.37   16.94   28.48  909.03 v u49721/Y (AO32x1_ASAP7_75t_R)
                                         n37962 (net)
                 16.95    0.27  909.30 v u49722/B2 (AO22x2_ASAP7_75t_R)
     2    2.99   12.43   24.18  933.48 v u49722/Y (AO22x2_ASAP7_75t_R)
                                         n37963 (net)
                 12.46    0.31  933.79 v u49724/B (MAJx2_ASAP7_75t_R)
     2    2.80   12.62   24.86  958.65 v u49724/Y (MAJx2_ASAP7_75t_R)
                                         n37965 (net)
                 12.69    0.51  959.16 v u49726/B1 (AO22x2_ASAP7_75t_R)
     2    3.00   12.49   23.67  982.82 v u49726/Y (AO22x2_ASAP7_75t_R)
                                         n37967 (net)
                 12.52    0.35  983.17 v u49728/B (MAJx2_ASAP7_75t_R)
     3    2.59   11.90   24.64 1007.81 v u49728/Y (MAJx2_ASAP7_75t_R)
                                         n37969 (net)
                 11.91    0.22 1008.04 v u49729/C (AND3x1_ASAP7_75t_R)
     1    0.61    5.63   13.36 1021.39 v u49729/Y (AND3x1_ASAP7_75t_R)
                                         n37970 (net)
                  5.63    0.02 1021.41 v u49732/A (OR2x2_ASAP7_75t_R)
     3    3.56   13.97   19.88 1041.30 v u49732/Y (OR2x2_ASAP7_75t_R)
                                         n37973 (net)
                 14.11    0.77 1042.07 v u49733/C (AND3x1_ASAP7_75t_R)
     1    0.78    6.49   14.42 1056.49 v u49733/Y (AND3x1_ASAP7_75t_R)
                                         n37974 (net)
                  6.49    0.04 1056.53 v u49736/A (OR2x2_ASAP7_75t_R)
     3    2.49   10.71   18.72 1075.26 v u49736/Y (OR2x2_ASAP7_75t_R)
                                         n37977 (net)
                 10.72    0.10 1075.35 v u49750/A1 (AO32x1_ASAP7_75t_R)
     2    3.07   20.49   26.94 1102.30 v u49750/Y (AO32x1_ASAP7_75t_R)
                                         n37991 (net)
                 20.55    0.63 1102.93 v u49751/B2 (AO22x2_ASAP7_75t_R)
     2    2.61   11.41   24.69 1127.61 v u49751/Y (AO22x2_ASAP7_75t_R)
                                         n37992 (net)
                 11.42    0.16 1127.77 v u49753/B (MAJx2_ASAP7_75t_R)
     2    1.85    9.95   23.06 1150.83 v u49753/Y (MAJx2_ASAP7_75t_R)
                                         n37994 (net)
                  9.95    0.12 1150.95 v u49755/B1 (AO22x2_ASAP7_75t_R)
     2    2.73   11.68   22.41 1173.36 v u49755/Y (AO22x2_ASAP7_75t_R)
                                         n37996 (net)
                 11.69    0.20 1173.56 v u49757/B (MAJx2_ASAP7_75t_R)
     2    1.74    9.58   22.97 1196.53 v u49757/Y (MAJx2_ASAP7_75t_R)
                                         n37998 (net)
                  9.58    0.07 1196.59 v u49759/B1 (AO22x2_ASAP7_75t_R)
     2    2.61   11.39   22.12 1218.72 v u49759/Y (AO22x2_ASAP7_75t_R)
                                         n38000 (net)
                 11.40    0.16 1218.88 v u49761/B (MAJx2_ASAP7_75t_R)
     3    2.45   11.56   24.10 1242.98 v u49761/Y (MAJx2_ASAP7_75t_R)
                                         n38002 (net)
                 11.57    0.14 1243.12 v u49765/A3 (AO32x1_ASAP7_75t_R)
     3    2.61   17.95   29.10 1272.22 v u49765/Y (AO32x1_ASAP7_75t_R)
                                         n38006 (net)
                 17.95    0.15 1272.36 v u49779/A1 (AO32x1_ASAP7_75t_R)
     2    2.12   15.65   26.07 1298.44 v u49779/Y (AO32x1_ASAP7_75t_R)
                                         n38020 (net)
                 15.66    0.16 1298.60 v u49780/B2 (AO22x2_ASAP7_75t_R)
     2    2.60   11.35   23.23 1321.83 v u49780/Y (AO22x2_ASAP7_75t_R)
                                         n38021 (net)
                 11.35    0.12 1321.95 v u49782/B (MAJx2_ASAP7_75t_R)
     2    3.68   15.26   25.74 1347.69 v u49782/Y (MAJx2_ASAP7_75t_R)
                                         n38023 (net)
                 15.39    0.80 1348.49 v u49784/B (MAJx2_ASAP7_75t_R)
     2    2.62   11.94   25.55 1374.04 v u49784/Y (MAJx2_ASAP7_75t_R)
                                         n38025 (net)
                 11.94    0.15 1374.19 v u49786/B (MAJx2_ASAP7_75t_R)
     3    3.10   13.45   25.20 1399.39 v u49786/Y (MAJx2_ASAP7_75t_R)
                                         n38027 (net)
                 13.52    0.54 1399.92 v u49787/C (AND3x1_ASAP7_75t_R)
     1    0.64    5.81   13.89 1413.82 v u49787/Y (AND3x1_ASAP7_75t_R)
                                         n38028 (net)
                  5.81    0.02 1413.84 v u49790/A (OR2x2_ASAP7_75t_R)
     3    3.31   13.15   19.64 1433.48 v u49790/Y (OR2x2_ASAP7_75t_R)
                                         n38031 (net)
                 13.24    0.59 1434.07 v u49793/A (AND3x1_ASAP7_75t_R)
     2    3.02   17.82   18.25 1452.32 v u49793/Y (AND3x1_ASAP7_75t_R)
                                         n38034 (net)
                 17.85    0.38 1452.70 v u49794/B2 (OAI22x1_ASAP7_75t_R)
     2    2.88   27.07   18.51 1471.21 ^ u49794/Y (OAI22x1_ASAP7_75t_R)
                                         n38035 (net)
                 27.10    0.54 1471.75 ^ u49795/B (NOR2x1_ASAP7_75t_R)
     3    2.05   17.07   14.47 1486.22 v u49795/Y (NOR2x1_ASAP7_75t_R)
                                         n38036 (net)
                 17.07    0.07 1486.29 v u49801/A1 (AO21x1_ASAP7_75t_R)
     2    2.14   14.35   21.74 1508.04 v u49801/Y (AO21x1_ASAP7_75t_R)
                                         n38042 (net)
                 14.35    0.15 1508.19 v u49802/B2 (AO22x2_ASAP7_75t_R)
     2    2.76   11.78   23.07 1531.25 v u49802/Y (AO22x2_ASAP7_75t_R)
                                         n38043 (net)
                 11.79    0.22 1531.47 v u49804/B (MAJx2_ASAP7_75t_R)
     3    2.36   11.31   24.04 1555.51 v u49804/Y (MAJx2_ASAP7_75t_R)
                                         n38045 (net)
                 11.31    0.16 1555.67 v u49805/B2 (AO222x2_ASAP7_75t_R)
     1    0.70    9.19   30.27 1585.93 v u49805/Y (AO222x2_ASAP7_75t_R)
                                         n38046 (net)
                  9.19    0.03 1585.96 v u49806/B (OA21x2_ASAP7_75t_R)
     3    4.28   16.18   17.38 1603.34 v u49806/Y (OA21x2_ASAP7_75t_R)
                                         n38047 (net)
                 16.35    0.93 1604.27 v u49844/A (NAND3x1_ASAP7_75t_R)
     2    2.14   22.61   14.74 1619.01 ^ u49844/Y (NAND3x1_ASAP7_75t_R)
                                         n38085 (net)
                 22.61    0.19 1619.20 ^ u49858/A1 (AO32x1_ASAP7_75t_R)
     3    2.94   22.83   28.06 1647.26 ^ u49858/Y (AO32x1_ASAP7_75t_R)
                                         n38099 (net)
                 22.85    0.41 1647.67 ^ u49861/B (OA211x2_ASAP7_75t_R)
     2    3.85   18.21   27.71 1675.38 ^ u49861/Y (OA211x2_ASAP7_75t_R)
                                         n38102 (net)
                 18.44    1.11 1676.49 ^ u49862/C (NOR3x1_ASAP7_75t_R)
     3    2.18   20.89   17.30 1693.79 v u49862/Y (NOR3x1_ASAP7_75t_R)
                                         n38103 (net)
                 20.90    0.12 1693.91 v u49868/A1 (AO21x1_ASAP7_75t_R)
     3    3.36   20.74   25.66 1719.57 v u49868/Y (AO21x1_ASAP7_75t_R)
                                         n38109 (net)
                 20.81    0.69 1720.26 v u49869/C (AND3x1_ASAP7_75t_R)
     1    0.71    6.36   16.09 1736.36 v u49869/Y (AND3x1_ASAP7_75t_R)
                                         n38110 (net)
                  6.36    0.03 1736.39 v u49872/A (OR2x2_ASAP7_75t_R)
     3    3.50   13.75   19.99 1756.37 v u49872/Y (OR2x2_ASAP7_75t_R)
                                         n38113 (net)
                 13.87    0.71 1757.08 v u49907/A (AND3x1_ASAP7_75t_R)
     2    1.67   10.86   15.24 1772.32 v u49907/Y (AND3x1_ASAP7_75t_R)
                                         n38148 (net)
                 10.86    0.14 1772.46 v u49920/A (OR3x1_ASAP7_75t_R)
     2    1.58   13.02   22.40 1794.86 v u49920/Y (OR3x1_ASAP7_75t_R)
                                         n38161 (net)
                 13.03    0.14 1795.00 v u49924/A (AND2x2_ASAP7_75t_R)
     2    1.84    8.34   18.10 1813.10 v u49924/Y (AND2x2_ASAP7_75t_R)
                                         n38165 (net)
                  8.34    0.08 1813.18 v u49925/C (AND3x1_ASAP7_75t_R)
     1    1.34    9.13   14.17 1827.35 v u49925/Y (AND3x1_ASAP7_75t_R)
                                         n38166 (net)
                  9.13    0.08 1827.44 v u49928/A (OR2x6_ASAP7_75t_R)
     3    3.88    9.08   19.92 1847.35 v u49928/Y (OR2x6_ASAP7_75t_R)
                                         n38169 (net)
                  9.13    0.34 1847.70 v u49931/A (NOR2x1_ASAP7_75t_R)
     1    0.73    8.92    7.90 1855.60 ^ u49931/Y (NOR2x1_ASAP7_75t_R)
                                         n38172 (net)
                  8.92    0.03 1855.63 ^ u49932/B (AO21x1_ASAP7_75t_R)
     2    2.81   20.11   17.14 1872.77 ^ u49932/Y (AO21x1_ASAP7_75t_R)
                                         n38173 (net)
                 20.15    0.51 1873.28 ^ u49934/A (NOR2x1_ASAP7_75t_R)
     2    1.60   14.76   13.48 1886.76 v u49934/Y (NOR2x1_ASAP7_75t_R)
                                         n38175 (net)
                 14.76    0.07 1886.83 v u49935/B (AO21x1_ASAP7_75t_R)
     2    2.88   17.96   22.96 1909.79 v u49935/Y (AO21x1_ASAP7_75t_R)
                                         n38176 (net)
                 17.96    0.27 1910.06 v u49937/B (MAJx2_ASAP7_75t_R)
     2    2.55   11.79   26.16 1936.22 v u49937/Y (MAJx2_ASAP7_75t_R)
                                         n38178 (net)
                 11.81    0.21 1936.43 v u49938/B (NAND2x1_ASAP7_75t_R)
     3    3.48   26.20   16.05 1952.48 ^ u49938/Y (NAND2x1_ASAP7_75t_R)
                                         n38179 (net)
                 26.21    0.15 1952.63 ^ u49939/C (AND3x1_ASAP7_75t_R)
     1    0.69    9.00   19.41 1972.04 ^ u49939/Y (AND3x1_ASAP7_75t_R)
                                         n38180 (net)
                  9.00    0.03 1972.07 ^ u49940/B (OR2x2_ASAP7_75t_R)
     2    2.53   11.24   16.38 1988.45 ^ u49940/Y (OR2x2_ASAP7_75t_R)
                                         n38181 (net)
                 11.27    0.33 1988.78 ^ u49941/B (NOR2x1_ASAP7_75t_R)
     3    2.06   14.94   10.87 1999.64 v u49941/Y (NOR2x1_ASAP7_75t_R)
                                         n38182 (net)
                 14.95    0.09 1999.74 v u49947/A1 (AO21x1_ASAP7_75t_R)
     3    2.36   15.36   21.72 2021.45 v u49947/Y (AO21x1_ASAP7_75t_R)
                                         n38188 (net)
                 15.36    0.13 2021.58 v u49948/C (AND3x1_ASAP7_75t_R)
     1    0.64    5.88   14.43 2036.01 v u49948/Y (AND3x1_ASAP7_75t_R)
                                         n38189 (net)
                  5.88    0.02 2036.03 v u49951/A (OR2x2_ASAP7_75t_R)
     3    2.63   11.07   18.79 2054.82 v u49951/Y (OR2x2_ASAP7_75t_R)
                                         n38192 (net)
                 11.08    0.16 2054.98 v u49953/C1 (AO222x2_ASAP7_75t_R)
     1    0.76    9.32   28.13 2083.11 v u49953/Y (AO222x2_ASAP7_75t_R)
                                         n38194 (net)
                  9.32    0.04 2083.14 v u49954/B (OA21x2_ASAP7_75t_R)
     3    2.66   11.29   15.64 2098.79 v u49954/Y (OA21x2_ASAP7_75t_R)
                                         n38195 (net)
                 11.31    0.22 2099.00 v u49958/A3 (AO32x1_ASAP7_75t_R)
     3    2.97   19.76   29.96 2128.97 v u49958/Y (AO32x1_ASAP7_75t_R)
                                         n38199 (net)
                 19.78    0.39 2129.36 v u49993/A (AND3x1_ASAP7_75t_R)
     2    1.35    9.31   15.93 2145.29 v u49993/Y (AND3x1_ASAP7_75t_R)
                                         n38234 (net)
                  9.32    0.05 2145.33 v u50006/A (OR3x1_ASAP7_75t_R)
     1    1.28   11.37   21.02 2166.36 v u50006/Y (OR3x1_ASAP7_75t_R)
                                         n38247 (net)
                 11.37    0.07 2166.43 v u50010/A (AND2x4_ASAP7_75t_R)
     3    3.77    8.46   17.00 2183.43 v u50010/Y (AND2x4_ASAP7_75t_R)
                                         n38251 (net)
                  8.49    0.25 2183.67 v u50014/A (NOR2x1_ASAP7_75t_R)
     2    2.15   16.40   11.48 2195.16 ^ u50014/Y (NOR2x1_ASAP7_75t_R)
                                         n38255 (net)
                 16.41    0.14 2195.29 ^ u50015/C (NOR3x1_ASAP7_75t_R)
     3    2.11   19.84   16.50 2211.80 v u50015/Y (NOR3x1_ASAP7_75t_R)
                                         n38256 (net)
                 19.84    0.09 2211.88 v u50021/A1 (AO21x1_ASAP7_75t_R)
     3    2.61   16.75   23.75 2235.63 v u50021/Y (AO21x1_ASAP7_75t_R)
                                         n38262 (net)
                 16.76    0.23 2235.86 v u50022/C (AND3x1_ASAP7_75t_R)
     1    1.28    9.01   16.54 2252.40 v u50022/Y (AND3x1_ASAP7_75t_R)
                                         n38263 (net)
                  9.01    0.07 2252.47 v u50025/A (OR2x6_ASAP7_75t_R)
     3    4.37   10.10   19.96 2272.43 v u50025/Y (OR2x6_ASAP7_75t_R)
                                         n38266 (net)
                 10.61    1.19 2273.62 v u50028/A (AND3x1_ASAP7_75t_R)
     2    3.27   19.27   18.01 2291.63 v u50028/Y (AND3x1_ASAP7_75t_R)
                                         n38269 (net)
                 19.35    0.73 2292.36 v u50363/A (OR2x6_ASAP7_75t_R)
     3    3.21    8.25   22.72 2315.07 v u50363/Y (OR2x6_ASAP7_75t_R)
                                         n38598 (net)
                  8.26    0.09 2315.17 v u50364/A (AND3x1_ASAP7_75t_R)
     2    1.83   11.65   14.15 2329.32 v u50364/Y (AND3x1_ASAP7_75t_R)
                                         n38599 (net)
                 11.65    0.07 2329.39 v u50366/A (NOR2x1_ASAP7_75t_R)
     2    2.51   19.07   13.19 2342.57 ^ u50366/Y (NOR2x1_ASAP7_75t_R)
                                         n38601 (net)
                 19.07    0.11 2342.69 ^ u50369/A1 (OAI21x1_ASAP7_75t_R)
     4    5.24   29.72   17.25 2359.93 v u50369/Y (OAI21x1_ASAP7_75t_R)
                                         n38604 (net)
                 29.83    1.06 2360.99 v u50370/C (AND3x1_ASAP7_75t_R)
     1    0.65    6.33   17.75 2378.74 v u50370/Y (AND3x1_ASAP7_75t_R)
                                         n38605 (net)
                  6.33    0.02 2378.77 v u50371/B (OR2x2_ASAP7_75t_R)
     2    2.32   10.30   18.07 2396.84 v u50371/Y (OR2x2_ASAP7_75t_R)
                                         n38606 (net)
                 10.30    0.09 2396.93 v u50372/B (MAJx2_ASAP7_75t_R)
     1    1.07    7.72   21.39 2418.32 v u50372/Y (MAJx2_ASAP7_75t_R)
                                         n38607 (net)
                  7.72    0.05 2418.38 v u50373/B (XNOR2x2_ASAP7_75t_R)
     1    0.73    6.71   19.95 2438.33 ^ u50373/Y (XNOR2x2_ASAP7_75t_R)
                                         grp_uacc_section14_cost_core_fu_2333.uacc_section14_allocator_mul_16ns_114ns_129_7_1_U17.uacc_section14_allocator_uacc_section14_allocator_mul_16ns_114ns_129_7_1_Mul_DSP_4_U.tmp_product[123]* (net)
                  6.71    0.03 2438.36 ^ u39063/D (DFFHQNx1_ASAP7_75t_R)
                               2438.36   data arrival time

                  0.00 5000.00 5000.00   clock core_clock (rise edge)
                          0.00 5000.00   clock network delay (ideal)
                          0.00 5000.00   clock reconvergence pessimism
                               5000.00 ^ u39063/CLK (DFFHQNx1_ASAP7_75t_R)
                        -15.07 4984.93   library setup time
                               4984.93   data required time
-----------------------------------------------------------------------------
                               4984.93   data required time
                               -2438.36   data arrival time
-----------------------------------------------------------------------------
                               2546.57   slack (MET)



==========================================================================
detailed place report_check_types -max_slew -max_cap -max_fanout -violators
--------------------------------------------------------------------------

==========================================================================
detailed place max_slew_check_slack
--------------------------------------------------------------------------
29.060447692871094

==========================================================================
detailed place max_slew_check_limit
--------------------------------------------------------------------------
320.0

==========================================================================
detailed place max_slew_check_slack_limit
--------------------------------------------------------------------------
0.0908

==========================================================================
detailed place max_fanout_check_slack
--------------------------------------------------------------------------
1.0000000150474662e+30

==========================================================================
detailed place max_fanout_check_limit
--------------------------------------------------------------------------
1.0000000150474662e+30

==========================================================================
detailed place max_capacitance_check_slack
--------------------------------------------------------------------------
8.267151832580566

==========================================================================
detailed place max_capacitance_check_limit
--------------------------------------------------------------------------
23.040000915527344

==========================================================================
detailed place max_capacitance_check_slack_limit
--------------------------------------------------------------------------
0.3588

==========================================================================
detailed place max_slew_violation_count
--------------------------------------------------------------------------
max slew violation count 0

==========================================================================
detailed place max_fanout_violation_count
--------------------------------------------------------------------------
max fanout violation count 0

==========================================================================
detailed place max_cap_violation_count
--------------------------------------------------------------------------
max cap violation count 0

==========================================================================
detailed place setup_violation_count
--------------------------------------------------------------------------
setup violation count 0

==========================================================================
detailed place hold_violation_count
--------------------------------------------------------------------------
hold violation count 0

==========================================================================
detailed place report_checks -path_delay max reg to reg
--------------------------------------------------------------------------
Startpoint: u43378 (rising edge-triggered flip-flop clocked by core_clock)
Endpoint: u39063 (rising edge-triggered flip-flop clocked by core_clock)
Path Group: core_clock
Path Type: max

  Delay    Time   Description
---------------------------------------------------------
   0.00    0.00   clock core_clock (rise edge)
   0.00    0.00   clock network delay (ideal)
   0.00    0.00 ^ u43378/CLK (DFFHQNx2_ASAP7_75t_R)
  92.34   92.34 ^ u43378/QN (DFFHQNx2_ASAP7_75t_R)
  41.23  133.56 v u49327/Y (INVx2_ASAP7_75t_R)
  33.63  167.20 v u49531/Y (OR4x1_ASAP7_75t_R)
  17.51  184.70 v u49532/Y (AND2x2_ASAP7_75t_R)
  25.49  210.19 ^ u49533/Y (XOR2x2_ASAP7_75t_R)
  26.31  236.50 ^ u49577/Y (XOR2x2_ASAP7_75t_R)
  24.91  261.41 ^ u49578/Y (XOR2x2_ASAP7_75t_R)
  25.12  286.54 ^ u49581/Y (XOR2x2_ASAP7_75t_R)
  27.66  314.20 v u49582/Y (XNOR2x2_ASAP7_75t_R)
  11.79  325.98 ^ u49623/Y (NOR2x1_ASAP7_75t_R)
  18.48  344.47 ^ u49624/Y (AO21x1_ASAP7_75t_R)
  23.56  368.02 ^ u49626/Y (MAJx2_ASAP7_75t_R)
  19.59  387.62 ^ u49628/Y (AO22x2_ASAP7_75t_R)
  23.56  411.18 ^ u49630/Y (MAJx2_ASAP7_75t_R)
  13.40  424.58 ^ u49644/Y (AO21x1_ASAP7_75t_R)
  32.05  456.63 ^ u49646/Y (AND4x1_ASAP7_75t_R)
  13.96  470.59 v u49651/Y (NOR2x1_ASAP7_75t_R)
  20.24  490.84 v u49679/Y (AND2x2_ASAP7_75t_R)
  14.87  505.70 v u49680/Y (AND2x4_ASAP7_75t_R)
  16.85  522.55 ^ u49687/Y (NAND2x1_ASAP7_75t_R)
  18.75  541.30 v u49691/Y (NOR2x1_ASAP7_75t_R)
  27.24  568.54 v u49692/Y (AO22x2_ASAP7_75t_R)
  27.36  595.90 v u49695/Y (MAJx2_ASAP7_75t_R)
  30.82  626.72 v u49696/Y (AO222x2_ASAP7_75t_R)
  15.56  642.27 v u49697/Y (OA21x2_ASAP7_75t_R)
  23.98  666.26 v u49699/Y (AO22x2_ASAP7_75t_R)
  25.16  691.42 v u49701/Y (MAJx2_ASAP7_75t_R)
  23.91  715.32 v u49703/Y (AO22x2_ASAP7_75t_R)
  23.93  739.26 v u49705/Y (MAJx2_ASAP7_75t_R)
  22.90  762.16 v u49707/Y (AO22x2_ASAP7_75t_R)
  24.47  786.63 v u49709/Y (MAJx2_ASAP7_75t_R)
  23.68  810.31 v u49711/Y (AO22x2_ASAP7_75t_R)
  23.55  833.85 v u49713/Y (MAJx2_ASAP7_75t_R)
  22.08  855.94 v u49715/Y (AO22x2_ASAP7_75t_R)
  24.39  880.32 v u49717/Y (MAJx2_ASAP7_75t_R)
  28.71  909.03 v u49721/Y (AO32x1_ASAP7_75t_R)
  24.45  933.48 v u49722/Y (AO22x2_ASAP7_75t_R)
  25.16  958.65 v u49724/Y (MAJx2_ASAP7_75t_R)
  24.18  982.82 v u49726/Y (AO22x2_ASAP7_75t_R)
  24.99 1007.81 v u49728/Y (MAJx2_ASAP7_75t_R)
  13.58 1021.39 v u49729/Y (AND3x1_ASAP7_75t_R)
  19.90 1041.30 v u49732/Y (OR2x2_ASAP7_75t_R)
  15.19 1056.49 v u49733/Y (AND3x1_ASAP7_75t_R)
  18.77 1075.26 v u49736/Y (OR2x2_ASAP7_75t_R)
  27.04 1102.30 v u49750/Y (AO32x1_ASAP7_75t_R)
  25.32 1127.61 v u49751/Y (AO22x2_ASAP7_75t_R)
  23.21 1150.83 v u49753/Y (MAJx2_ASAP7_75t_R)
  22.53 1173.36 v u49755/Y (AO22x2_ASAP7_75t_R)
  23.17 1196.53 v u49757/Y (MAJx2_ASAP7_75t_R)
  22.19 1218.72 v u49759/Y (AO22x2_ASAP7_75t_R)
  24.26 1242.98 v u49761/Y (MAJx2_ASAP7_75t_R)
  29.24 1272.22 v u49765/Y (AO32x1_ASAP7_75t_R)
  26.22 1298.44 v u49779/Y (AO32x1_ASAP7_75t_R)
  23.39 1321.83 v u49780/Y (AO22x2_ASAP7_75t_R)
  25.86 1347.69 v u49782/Y (MAJx2_ASAP7_75t_R)
  26.35 1374.04 v u49784/Y (MAJx2_ASAP7_75t_R)
  25.35 1399.39 v u49786/Y (MAJx2_ASAP7_75t_R)
  14.43 1413.82 v u49787/Y (AND3x1_ASAP7_75t_R)
  19.66 1433.48 v u49790/Y (OR2x2_ASAP7_75t_R)
  18.84 1452.32 v u49793/Y (AND3x1_ASAP7_75t_R)
  18.89 1471.21 ^ u49794/Y (OAI22x1_ASAP7_75t_R)
  15.01 1486.22 v u49795/Y (NOR2x1_ASAP7_75t_R)
  21.81 1508.04 v u49801/Y (AO21x1_ASAP7_75t_R)
  23.22 1531.25 v u49802/Y (AO22x2_ASAP7_75t_R)
  24.26 1555.51 v u49804/Y (MAJx2_ASAP7_75t_R)
  30.43 1585.93 v u49805/Y (AO222x2_ASAP7_75t_R)
  17.41 1603.34 v u49806/Y (OA21x2_ASAP7_75t_R)
  15.67 1619.01 ^ u49844/Y (NAND3x1_ASAP7_75t_R)
  28.25 1647.26 ^ u49858/Y (AO32x1_ASAP7_75t_R)
  28.12 1675.38 ^ u49861/Y (OA211x2_ASAP7_75t_R)
  18.41 1693.79 v u49862/Y (NOR3x1_ASAP7_75t_R)
  25.78 1719.57 v u49868/Y (AO21x1_ASAP7_75t_R)
  16.78 1736.36 v u49869/Y (AND3x1_ASAP7_75t_R)
  20.02 1756.37 v u49872/Y (OR2x2_ASAP7_75t_R)
  15.94 1772.32 v u49907/Y (AND3x1_ASAP7_75t_R)
  22.54 1794.86 v u49920/Y (OR3x1_ASAP7_75t_R)
  18.24 1813.10 v u49924/Y (AND2x2_ASAP7_75t_R)
  14.26 1827.35 v u49925/Y (AND3x1_ASAP7_75t_R)
  20.00 1847.35 v u49928/Y (OR2x6_ASAP7_75t_R)
   8.24 1855.60 ^ u49931/Y (NOR2x1_ASAP7_75t_R)
  17.17 1872.77 ^ u49932/Y (AO21x1_ASAP7_75t_R)
  13.99 1886.76 v u49934/Y (NOR2x1_ASAP7_75t_R)
  23.03 1909.79 v u49935/Y (AO21x1_ASAP7_75t_R)
  26.43 1936.22 v u49937/Y (MAJx2_ASAP7_75t_R)
  16.26 1952.48 ^ u49938/Y (NAND2x1_ASAP7_75t_R)
  19.56 1972.04 ^ u49939/Y (AND3x1_ASAP7_75t_R)
  16.41 1988.45 ^ u49940/Y (OR2x2_ASAP7_75t_R)
  11.20 1999.64 v u49941/Y (NOR2x1_ASAP7_75t_R)
  21.81 2021.45 v u49947/Y (AO21x1_ASAP7_75t_R)
  14.55 2036.01 v u49948/Y (AND3x1_ASAP7_75t_R)
  18.81 2054.82 v u49951/Y (OR2x2_ASAP7_75t_R)
  28.29 2083.11 v u49953/Y (AO222x2_ASAP7_75t_R)
  15.68 2098.79 v u49954/Y (OA21x2_ASAP7_75t_R)
  30.18 2128.97 v u49958/Y (AO32x1_ASAP7_75t_R)
  16.32 2145.29 v u49993/Y (AND3x1_ASAP7_75t_R)
  21.07 2166.36 v u50006/Y (OR3x1_ASAP7_75t_R)
  17.07 2183.43 v u50010/Y (AND2x4_ASAP7_75t_R)
  11.73 2195.16 ^ u50014/Y (NOR2x1_ASAP7_75t_R)
  16.64 2211.80 v u50015/Y (NOR3x1_ASAP7_75t_R)
  23.84 2235.63 v u50021/Y (AO21x1_ASAP7_75t_R)
  16.77 2252.40 v u50022/Y (AND3x1_ASAP7_75t_R)
  20.03 2272.43 v u50025/Y (OR2x6_ASAP7_75t_R)
  19.19 2291.63 v u50028/Y (AND3x1_ASAP7_75t_R)
  23.45 2315.07 v u50363/Y (OR2x6_ASAP7_75t_R)
  14.24 2329.32 v u50364/Y (AND3x1_ASAP7_75t_R)
  13.26 2342.57 ^ u50366/Y (NOR2x1_ASAP7_75t_R)
  17.36 2359.93 v u50369/Y (OAI21x1_ASAP7_75t_R)
  18.81 2378.74 v u50370/Y (AND3x1_ASAP7_75t_R)
  18.10 2396.84 v u50371/Y (OR2x2_ASAP7_75t_R)
  21.48 2418.32 v u50372/Y (MAJx2_ASAP7_75t_R)
  20.00 2438.33 ^ u50373/Y (XNOR2x2_ASAP7_75t_R)
   0.03 2438.36 ^ u39063/D (DFFHQNx1_ASAP7_75t_R)
        2438.36   data arrival time

5000.00 5000.00   clock core_clock (rise edge)
   0.00 5000.00   clock network delay (ideal)
   0.00 5000.00   clock reconvergence pessimism
        5000.00 ^ u39063/CLK (DFFHQNx1_ASAP7_75t_R)
 -15.07 4984.93   library setup time
        4984.93   data required time
---------------------------------------------------------
        4984.93   data required time
        -2438.36   data arrival time
---------------------------------------------------------
        2546.57   slack (MET)



==========================================================================
detailed place report_checks -path_delay min reg to reg
--------------------------------------------------------------------------
Startpoint: u22956 (rising edge-triggered flip-flop clocked by core_clock)
Endpoint: u18196 (rising edge-triggered flip-flop clocked by core_clock)
Path Group: core_clock
Path Type: min

  Delay    Time   Description
---------------------------------------------------------
   0.00    0.00   clock core_clock (rise edge)
   0.00    0.00   clock network delay (ideal)
   0.00    0.00 ^ u22956/CLK (DFFHQNx1_ASAP7_75t_R)
  32.84   32.84 v u22956/QN (DFFHQNx1_ASAP7_75t_R)
   0.03   32.87 v u18196/D (DFFHQNx1_ASAP7_75t_R)
          32.87   data arrival time

   0.00    0.00   clock core_clock (rise edge)
   0.00    0.00   clock network delay (ideal)
   0.00    0.00   clock reconvergence pessimism
           0.00 ^ u18196/CLK (DFFHQNx1_ASAP7_75t_R)
   7.80    7.80   library hold time
           7.80   data required time
---------------------------------------------------------
           7.80   data required time
         -32.87   data arrival time
---------------------------------------------------------
          25.07   slack (MET)



==========================================================================
detailed place critical path target clock latency max path
--------------------------------------------------------------------------
0.0000

==========================================================================
detailed place critical path target clock latency min path
--------------------------------------------------------------------------
0.0000

==========================================================================
detailed place critical path source clock latency min path
--------------------------------------------------------------------------
0.0000

==========================================================================
detailed place critical path delay
--------------------------------------------------------------------------
2438.3567

==========================================================================
detailed place critical path slack
--------------------------------------------------------------------------
2546.5718

==========================================================================
detailed place slack div critical path delay
--------------------------------------------------------------------------
104.438034

==========================================================================
detailed place report_power
--------------------------------------------------------------------------
Group                  Internal  Switching    Leakage      Total
                          Power      Power      Power      Power (Watts)
----------------------------------------------------------------
Sequential             1.06e-02   4.34e-04   2.43e-06   1.10e-02   7.1%
Combinational          8.47e-02   6.05e-02   1.09e-05   1.45e-01  92.9%
Clock                  0.00e+00   0.00e+00   0.00e+00   0.00e+00   0.0%
Macro                  0.00e+00   0.00e+00   0.00e+00   0.00e+00   0.0%
Pad                    0.00e+00   0.00e+00   0.00e+00   0.00e+00   0.0%
----------------------------------------------------------------
Total                  9.53e-02   6.09e-02   1.33e-05   1.56e-01 100.0%
                          61.0%      39.0%       0.0%
