
==========================================================================
global place report_tns
--------------------------------------------------------------------------
tns max 0.00

==========================================================================
global place report_wns
--------------------------------------------------------------------------
wns max 0.00

==========================================================================
global place report_worst_slack
--------------------------------------------------------------------------
worst slack max 2524.02

==========================================================================
global place report_clock_min_period
--------------------------------------------------------------------------
core_clock period_min = 2475.98 fmax = 403.88

==========================================================================
global place report_checks -path_delay min
--------------------------------------------------------------------------
Startpoint: u22956 (rising edge-triggered flip-flop clocked by core_clock)
Endpoint: u18196 (rising edge-triggered flip-flop clocked by core_clock)
Path Group: core_clock
Path Type: min

Fanout     Cap    Slew   Delay    Time   Description
-----------------------------------------------------------------------------
                  0.00    0.00    0.00   clock core_clock (rise edge)
                          0.00    0.00   clock network delay (ideal)
                  0.00    0.00    0.00 ^ u22956/CLK (DFFHQNx1_ASAP7_75t_R)
     2    1.16   15.41   32.84   32.84 v u22956/QN (DFFHQNx1_ASAP7_75t_R)
                                         candidate_queue_cost_q_load_20_reg_5995[7] (net)
                 15.41    0.03   32.88 v u18196/D (DFFHQNx1_ASAP7_75t_R)
                                 32.88   data arrival time

                  0.00    0.00    0.00   clock core_clock (rise edge)
                          0.00    0.00   clock network delay (ideal)
                          0.00    0.00   clock reconvergence pessimism
                                  0.00 ^ u18196/CLK (DFFHQNx1_ASAP7_75t_R)
                          7.80    7.80   library hold time
                                  7.80   data required time
-----------------------------------------------------------------------------
                                  7.80   data required time
                                -32.88   data arrival time
-----------------------------------------------------------------------------
                                 25.07   slack (MET)



==========================================================================
global place report_checks -path_delay max
--------------------------------------------------------------------------
Startpoint: u43378 (rising edge-triggered flip-flop clocked by core_clock)
Endpoint: u39063 (rising edge-triggered flip-flop clocked by core_clock)
Path Group: core_clock
Path Type: max

Fanout     Cap    Slew   Delay    Time   Description
-----------------------------------------------------------------------------
                  0.00    0.00    0.00   clock core_clock (rise edge)
                          0.00    0.00   clock network delay (ideal)
                  0.00    0.00    0.00 ^ u43378/CLK (DFFHQNx2_ASAP7_75t_R)
    36   40.98  141.22   92.90   92.90 ^ u43378/QN (DFFHQNx2_ASAP7_75t_R)
                                         grp_uacc_section14_cost_core_fu_2333.uacc_section14_allocator_mul_16ns_114ns_129_7_1_U17.uacc_section14_allocator_uacc_section14_allocator_mul_16ns_114ns_129_7_1_Mul_DSP_4_U.a_reg0[4] (net)
                144.91   12.57  105.47 ^ u49327/A (INVx2_ASAP7_75t_R)
     8    5.86   40.94   28.96  134.43 v u49327/Y (INVx2_ASAP7_75t_R)
                                         n37568 (net)
                 40.94    0.20  134.64 v u49531/C (OR4x1_ASAP7_75t_R)
     1    1.48   14.50   33.80  168.43 v u49531/Y (OR4x1_ASAP7_75t_R)
                                         n37772 (net)
                 14.51    0.20  168.63 v u49532/A (AND2x2_ASAP7_75t_R)
     1    1.20    6.70   17.60  186.23 v u49532/Y (AND2x2_ASAP7_75t_R)
                                         n37773 (net)
                  6.70    0.07  186.30 v u49533/A (XOR2x2_ASAP7_75t_R)
     2    2.46   12.07   25.77  212.07 ^ u49533/Y (XOR2x2_ASAP7_75t_R)
                                         n37774 (net)
                 12.08    0.16  212.23 ^ u49577/A (XOR2x2_ASAP7_75t_R)
     2    2.19   11.40   26.83  239.06 ^ u49577/Y (XOR2x2_ASAP7_75t_R)
                                         n37818 (net)
                 11.41    0.12  239.18 ^ u49578/B (XOR2x2_ASAP7_75t_R)
     1    1.32    8.53   25.55  264.73 ^ u49578/Y (XOR2x2_ASAP7_75t_R)
                                         n37819 (net)
                  8.54    0.11  264.85 ^ u49581/A (XOR2x2_ASAP7_75t_R)
     2    2.00   10.70   25.52  290.37 ^ u49581/Y (XOR2x2_ASAP7_75t_R)
                                         n37822 (net)
                 10.70    0.09  290.46 ^ u49582/B (XNOR2x2_ASAP7_75t_R)
     2    2.66   11.74   28.04  318.50 v u49582/Y (XNOR2x2_ASAP7_75t_R)
                                         n37823 (net)
                 11.74    0.09  318.59 v u49623/A (NOR2x1_ASAP7_75t_R)
     2    2.24   17.32   12.47  331.05 ^ u49623/Y (NOR2x1_ASAP7_75t_R)
                                         n37864 (net)
                 17.33    0.15  331.20 ^ u49624/B (AO21x1_ASAP7_75t_R)
     2    2.79   20.07   19.14  350.34 ^ u49624/Y (AO21x1_ASAP7_75t_R)
                                         n37865 (net)
                 20.08    0.23  350.57 ^ u49626/B (MAJx2_ASAP7_75t_R)
     2    2.15   11.42   23.81  374.38 ^ u49626/Y (MAJx2_ASAP7_75t_R)
                                         n37867 (net)
                 11.43    0.18  374.56 ^ u49628/B1 (AO22x2_ASAP7_75t_R)
     2    2.87   13.37   19.50  394.06 ^ u49628/Y (AO22x2_ASAP7_75t_R)
                                         n37869 (net)
                 13.39    0.26  394.32 ^ u49630/B (MAJx2_ASAP7_75t_R)
     3    3.07   14.10   23.49  417.81 ^ u49630/Y (MAJx2_ASAP7_75t_R)
                                         n37871 (net)
                 14.12    0.27  418.08 ^ u49631/B (NAND2x1_ASAP7_75t_R)
     3    2.43   15.33   11.10  429.18 v u49631/Y (NAND2x1_ASAP7_75t_R)
                                         n37872 (net)
                 15.34    0.14  429.32 v u49632/C (AND3x1_ASAP7_75t_R)
     1    0.86    6.93   15.00  444.32 v u49632/Y (AND3x1_ASAP7_75t_R)
                                         n37873 (net)
                  6.93    0.05  444.37 v u49633/C (OR3x1_ASAP7_75t_R)
     3    4.00   25.40   29.63  474.00 v u49633/Y (OR3x1_ASAP7_75t_R)
                                         n37874 (net)
                 25.41    0.30  474.30 v u49636/B (NAND3x1_ASAP7_75t_R)
     1    1.18   19.86   16.72  491.02 ^ u49636/Y (NAND3x1_ASAP7_75t_R)
                                         n37877 (net)
                 19.86    0.11  491.14 ^ u49639/A (AND3x1_ASAP7_75t_R)
     2    1.60   14.52   22.88  514.02 ^ u49639/Y (AND3x1_ASAP7_75t_R)
                                         n37880 (net)
                 14.52    0.05  514.07 ^ u49690/B2 (AO32x1_ASAP7_75t_R)
     2    2.06   17.84   23.14  537.21 ^ u49690/Y (AO32x1_ASAP7_75t_R)
                                         n37931 (net)
                 17.84    0.07  537.28 ^ u49691/B (NOR2x1_ASAP7_75t_R)
     3    2.81   22.63   14.67  551.95 v u49691/Y (NOR2x1_ASAP7_75t_R)
                                         n37932 (net)
                 22.64    0.16  552.11 v u49692/B2 (AO22x2_ASAP7_75t_R)
     2    4.51   17.30   27.48  579.58 v u49692/Y (AO22x2_ASAP7_75t_R)
                                         n37933 (net)
                 17.66    1.39  580.97 v u49695/B (MAJx2_ASAP7_75t_R)
     3    2.64   12.07   26.18  607.15 v u49695/Y (MAJx2_ASAP7_75t_R)
                                         n37936 (net)
                 12.10    0.31  607.46 v u49696/B2 (AO222x2_ASAP7_75t_R)
     1    0.71    9.21   30.46  637.93 v u49696/Y (AO222x2_ASAP7_75t_R)
                                         n37937 (net)
                  9.21    0.03  637.95 v u49697/B (OA21x2_ASAP7_75t_R)
     2    2.59   11.28   15.40  653.36 v u49697/Y (OA21x2_ASAP7_75t_R)
                                         n37938 (net)
                 11.33    0.40  653.76 v u49699/B1 (AO22x2_ASAP7_75t_R)
     2    3.08   12.77   23.32  677.07 v u49699/Y (AO22x2_ASAP7_75t_R)
                                         n37940 (net)
                 12.82    0.43  677.50 v u49701/B (MAJx2_ASAP7_75t_R)
     2    2.60   12.10   24.66  702.16 v u49701/Y (MAJx2_ASAP7_75t_R)
                                         n37942 (net)
                 12.15    0.42  702.58 v u49703/B1 (AO22x2_ASAP7_75t_R)
     2    2.99   12.45   23.48  726.05 v u49703/Y (AO22x2_ASAP7_75t_R)
                                         n37944 (net)
                 12.49    0.36  726.42 v u49705/B (MAJx2_ASAP7_75t_R)
     2    2.14   10.78   23.84  750.26 v u49705/Y (MAJx2_ASAP7_75t_R)
                                         n37946 (net)
                 10.80    0.22  750.48 v u49707/B1 (AO22x2_ASAP7_75t_R)
     2    2.61   11.38   22.50  772.98 v u49707/Y (AO22x2_ASAP7_75t_R)
                                         n37948 (net)
                 11.39    0.12  773.10 v u49709/B (MAJx2_ASAP7_75t_R)
     2    2.75   12.49   24.48  797.58 v u49709/Y (MAJx2_ASAP7_75t_R)
                                         n37950 (net)
                 12.56    0.50  798.08 v u49711/B1 (AO22x2_ASAP7_75t_R)
     2    3.26   13.31   23.95  822.03 v u49711/Y (AO22x2_ASAP7_75t_R)
                                         n37952 (net)
                 13.37    0.50  822.53 v u49713/B (MAJx2_ASAP7_75t_R)
     2    1.98   10.33   23.85  846.38 v u49713/Y (MAJx2_ASAP7_75t_R)
                                         n37954 (net)
                 10.34    0.15  846.53 v u49715/B1 (AO22x2_ASAP7_75t_R)
     2    2.42   10.89   22.05  868.57 v u49715/Y (AO22x2_ASAP7_75t_R)
                                         n37956 (net)
                 10.89    0.06  868.64 v u49717/B (MAJx2_ASAP7_75t_R)
     3    2.47   11.58   23.97  892.61 v u49717/Y (MAJx2_ASAP7_75t_R)
                                         n37958 (net)
                 11.59    0.16  892.77 v u49721/A3 (AO32x1_ASAP7_75t_R)
     2    2.25   16.35   28.08  920.85 v u49721/Y (AO32x1_ASAP7_75t_R)
                                         n37962 (net)
                 16.36    0.20  921.05 v u49722/B2 (AO22x2_ASAP7_75t_R)
     2    3.09   12.80   24.10  945.15 v u49722/Y (AO22x2_ASAP7_75t_R)
                                         n37963 (net)
                 12.85    0.42  945.57 v u49724/B (MAJx2_ASAP7_75t_R)
     2    2.69   12.34   24.81  970.38 v u49724/Y (MAJx2_ASAP7_75t_R)
                                         n37965 (net)
                 12.39    0.45  970.83 v u49726/B1 (AO22x2_ASAP7_75t_R)
     2    2.98   12.48   23.53  994.36 v u49726/Y (AO22x2_ASAP7_75t_R)
                                         n37967 (net)
                 12.52    0.37  994.73 v u49728/B (MAJx2_ASAP7_75t_R)
     3    2.56   11.84   24.58 1019.31 v u49728/Y (MAJx2_ASAP7_75t_R)
                                         n37969 (net)
                 11.86    0.23 1019.55 v u49729/C (AND3x1_ASAP7_75t_R)
     1    0.61    5.60   13.33 1032.87 v u49729/Y (AND3x1_ASAP7_75t_R)
                                         n37970 (net)
                  5.60    0.02 1032.89 v u49732/A (OR2x2_ASAP7_75t_R)
     3    3.61   14.13   19.92 1052.82 v u49732/Y (OR2x2_ASAP7_75t_R)
                                         n37973 (net)
                 14.29    0.83 1053.65 v u49733/C (AND3x1_ASAP7_75t_R)
     1    0.77    6.45   14.45 1068.09 v u49733/Y (AND3x1_ASAP7_75t_R)
                                         n37974 (net)
                  6.45    0.04 1068.13 v u49736/A (OR2x2_ASAP7_75t_R)
     3    2.70   11.25   19.02 1087.16 v u49736/Y (OR2x2_ASAP7_75t_R)
                                         n37977 (net)
                 11.26    0.19 1087.34 v u49750/A1 (AO32x1_ASAP7_75t_R)
     2    3.08   20.56   27.09 1114.43 v u49750/Y (AO32x1_ASAP7_75t_R)
                                         n37991 (net)
                 20.63    0.64 1115.07 v u49751/B2 (AO22x2_ASAP7_75t_R)
     2    2.65   11.53   24.77 1139.85 v u49751/Y (AO22x2_ASAP7_75t_R)
                                         n37992 (net)
                 11.54    0.17 1140.02 v u49753/B (MAJx2_ASAP7_75t_R)
     2    1.93   10.21   23.24 1163.26 v u49753/Y (MAJx2_ASAP7_75t_R)
                                         n37994 (net)
                 10.22    0.14 1163.40 v u49755/B1 (AO22x2_ASAP7_75t_R)
     2    2.87   12.06   22.70 1186.11 v u49755/Y (AO22x2_ASAP7_75t_R)
                                         n37996 (net)
                 12.09    0.28 1186.39 v u49757/B (MAJx2_ASAP7_75t_R)
     2    1.79    9.76   23.17 1209.56 v u49757/Y (MAJx2_ASAP7_75t_R)
                                         n37998 (net)
                  9.76    0.08 1209.64 v u49759/B1 (AO22x2_ASAP7_75t_R)
     2    2.66   11.50   22.24 1231.88 v u49759/Y (AO22x2_ASAP7_75t_R)
                                         n38000 (net)
                 11.51    0.17 1232.06 v u49761/B (MAJx2_ASAP7_75t_R)
     3    2.38   11.37   24.01 1256.07 v u49761/Y (MAJx2_ASAP7_75t_R)
                                         n38002 (net)
                 11.37    0.11 1256.18 v u49765/A3 (AO32x1_ASAP7_75t_R)
     3    2.71   18.47   29.34 1285.52 v u49765/Y (AO32x1_ASAP7_75t_R)
                                         n38006 (net)
                 18.48    0.19 1285.71 v u49779/A1 (AO32x1_ASAP7_75t_R)
     2    2.11   15.58   26.19 1311.90 v u49779/Y (AO32x1_ASAP7_75t_R)
                                         n38020 (net)
                 15.59    0.11 1312.01 v u49780/B2 (AO22x2_ASAP7_75t_R)
     2    2.61   11.40   23.21 1335.22 v u49780/Y (AO22x2_ASAP7_75t_R)
                                         n38021 (net)
                 11.41    0.15 1335.37 v u49782/B (MAJx2_ASAP7_75t_R)
     2    3.93   16.08   26.04 1361.41 v u49782/Y (MAJx2_ASAP7_75t_R)
                                         n38023 (net)
                 16.28    0.98 1362.39 v u49784/B (MAJx2_ASAP7_75t_R)
     2    2.65   12.01   25.85 1388.25 v u49784/Y (MAJx2_ASAP7_75t_R)
                                         n38025 (net)
                 12.02    0.17 1388.42 v u49786/B (MAJx2_ASAP7_75t_R)
     3    3.02   13.19   25.11 1413.53 v u49786/Y (MAJx2_ASAP7_75t_R)
                                         n38027 (net)
                 13.25    0.47 1414.00 v u49787/C (AND3x1_ASAP7_75t_R)
     1    0.89    7.02   14.47 1428.47 v u49787/Y (AND3x1_ASAP7_75t_R)
                                         n38028 (net)
                  7.02    0.06 1428.53 v u49790/A (OR2x2_ASAP7_75t_R)
     3    3.22   12.86   19.83 1448.36 v u49790/Y (OR2x2_ASAP7_75t_R)
                                         n38031 (net)
                 12.93    0.52 1448.88 v u49793/A (AND3x1_ASAP7_75t_R)
     2    3.03   17.75   18.20 1467.08 v u49793/Y (AND3x1_ASAP7_75t_R)
                                         n38034 (net)
                 17.77    0.36 1467.45 v u49794/B2 (OAI22x1_ASAP7_75t_R)
     2    3.08   28.23   18.99 1486.43 ^ u49794/Y (OAI22x1_ASAP7_75t_R)
                                         n38035 (net)
                 28.27    0.63 1487.06 ^ u49795/B (NOR2x1_ASAP7_75t_R)
     3    2.27   18.33   15.39 1502.45 v u49795/Y (NOR2x1_ASAP7_75t_R)
                                         n38036 (net)
                 18.33    0.08 1502.53 v u49801/A1 (AO21x1_ASAP7_75t_R)
     2    2.18   14.57   22.20 1524.74 v u49801/Y (AO21x1_ASAP7_75t_R)
                                         n38042 (net)
                 14.58    0.17 1524.91 v u49802/B2 (AO22x2_ASAP7_75t_R)
     2    2.69   11.61   23.03 1547.94 v u49802/Y (AO22x2_ASAP7_75t_R)
                                         n38043 (net)
                 11.62    0.19 1548.13 v u49804/B (MAJx2_ASAP7_75t_R)
     3    2.35   11.31   23.99 1572.12 v u49804/Y (MAJx2_ASAP7_75t_R)
                                         n38045 (net)
                 11.32    0.17 1572.29 v u49805/B2 (AO222x2_ASAP7_75t_R)
     1    0.76    9.33   30.40 1602.69 v u49805/Y (AO222x2_ASAP7_75t_R)
                                         n38046 (net)
                  9.33    0.04 1602.72 v u49806/B (OA21x2_ASAP7_75t_R)
     3    4.35   16.42   17.49 1620.21 v u49806/Y (OA21x2_ASAP7_75t_R)
                                         n38047 (net)
                 16.60    0.98 1621.19 v u49844/A (NAND3x1_ASAP7_75t_R)
     2    2.14   22.55   14.83 1636.02 ^ u49844/Y (NAND3x1_ASAP7_75t_R)
                                         n38085 (net)
                 22.56    0.17 1636.19 ^ u49858/A1 (AO32x1_ASAP7_75t_R)
     3    2.93   22.78   28.02 1664.21 ^ u49858/Y (AO32x1_ASAP7_75t_R)
                                         n38099 (net)
                 22.79    0.41 1664.62 ^ u49861/B (OA211x2_ASAP7_75t_R)
     2    3.82   18.12   27.67 1692.29 ^ u49861/Y (OA211x2_ASAP7_75t_R)
                                         n38102 (net)
                 18.34    1.09 1693.38 ^ u49862/C (NOR3x1_ASAP7_75t_R)
     3    2.19   20.94   17.30 1710.68 v u49862/Y (NOR3x1_ASAP7_75t_R)
                                         n38103 (net)
                 20.94    0.13 1710.80 v u49868/A1 (AO21x1_ASAP7_75t_R)
     3    3.22   19.99   25.35 1736.16 v u49868/Y (AO21x1_ASAP7_75t_R)
                                         n38109 (net)
                 20.06    0.63 1736.79 v u49869/C (AND3x1_ASAP7_75t_R)
     1    0.82    6.89   16.25 1753.03 v u49869/Y (AND3x1_ASAP7_75t_R)
                                         n38110 (net)
                  6.89    0.05 1753.09 v u49872/A (OR2x2_ASAP7_75t_R)
     3    3.54   13.90   20.16 1773.25 v u49872/Y (OR2x2_ASAP7_75t_R)
                                         n38113 (net)
                 14.02    0.74 1773.99 v u49907/A (AND3x1_ASAP7_75t_R)
     2    1.80   11.53   15.58 1789.56 v u49907/Y (AND3x1_ASAP7_75t_R)
                                         n38148 (net)
                 11.54    0.17 1789.74 v u49920/A (OR3x1_ASAP7_75t_R)
     2    1.44   12.22   22.17 1811.90 v u49920/Y (OR3x1_ASAP7_75t_R)
                                         n38161 (net)
                 12.22    0.10 1812.00 v u49924/A (AND2x2_ASAP7_75t_R)
     2    1.81    8.25   17.78 1829.78 v u49924/Y (AND2x2_ASAP7_75t_R)
                                         n38165 (net)
                  8.25    0.08 1829.85 v u49925/C (AND3x1_ASAP7_75t_R)
     1    1.39    9.38   14.27 1844.13 v u49925/Y (AND3x1_ASAP7_75t_R)
                                         n38166 (net)
                  9.39    0.10 1844.23 v u49928/A (OR2x6_ASAP7_75t_R)
     3    3.90    9.12   20.01 1864.23 v u49928/Y (OR2x6_ASAP7_75t_R)
                                         n38169 (net)
                  9.18    0.36 1864.60 v u49931/A (NOR2x1_ASAP7_75t_R)
     1    0.89    9.67    8.33 1872.93 ^ u49931/Y (NOR2x1_ASAP7_75t_R)
                                         n38172 (net)
                  9.67    0.06 1872.98 ^ u49932/B (AO21x1_ASAP7_75t_R)
     2    2.86   20.41   17.50 1890.48 ^ u49932/Y (AO21x1_ASAP7_75t_R)
                                         n38173 (net)
                 20.44    0.50 1890.98 ^ u49934/A (NOR2x1_ASAP7_75t_R)
     2    1.60   14.87   13.55 1904.53 v u49934/Y (NOR2x1_ASAP7_75t_R)
                                         n38175 (net)
                 14.87    0.08 1904.61 v u49935/B (AO21x1_ASAP7_75t_R)
     2    2.94   18.19   23.10 1927.72 v u49935/Y (AO21x1_ASAP7_75t_R)
                                         n38176 (net)
                 18.20    0.32 1928.04 v u49937/B (MAJx2_ASAP7_75t_R)
     2    2.69   12.16   26.46 1954.50 v u49937/Y (MAJx2_ASAP7_75t_R)
                                         n38178 (net)
                 12.17    0.23 1954.72 v u49938/B (NAND2x1_ASAP7_75t_R)
     3    3.57   26.81   16.37 1971.09 ^ u49938/Y (NAND2x1_ASAP7_75t_R)
                                         n38179 (net)
                 26.81    0.22 1971.32 ^ u49939/C (AND3x1_ASAP7_75t_R)
     1    0.77    9.49   19.76 1991.08 ^ u49939/Y (AND3x1_ASAP7_75t_R)
                                         n38180 (net)
                  9.49    0.04 1991.12 ^ u49940/B (OR2x2_ASAP7_75t_R)
     2    2.47   11.00   16.45 2007.57 ^ u49940/Y (OR2x2_ASAP7_75t_R)
                                         n38181 (net)
                 11.02    0.28 2007.85 ^ u49941/B (NOR2x1_ASAP7_75t_R)
     3    2.19   15.70   11.12 2018.97 v u49941/Y (NOR2x1_ASAP7_75t_R)
                                         n38182 (net)
                 15.71    0.15 2019.12 v u49947/A1 (AO21x1_ASAP7_75t_R)
     3    2.37   15.44   21.97 2041.09 v u49947/Y (AO21x1_ASAP7_75t_R)
                                         n38188 (net)
                 15.44    0.14 2041.23 v u49948/C (AND3x1_ASAP7_75t_R)
     1    0.67    5.99   14.51 2055.73 v u49948/Y (AND3x1_ASAP7_75t_R)
                                         n38189 (net)
                  5.99    0.03 2055.76 v u49951/A (OR2x2_ASAP7_75t_R)
     3    2.48   10.74   18.57 2074.33 v u49951/Y (OR2x2_ASAP7_75t_R)
                                         n38192 (net)
                 10.74    0.14 2074.48 v u49953/C1 (AO222x2_ASAP7_75t_R)
     1    0.81    9.43   28.15 2102.63 v u49953/Y (AO222x2_ASAP7_75t_R)
                                         n38194 (net)
                  9.43    0.04 2102.68 v u49954/B (OA21x2_ASAP7_75t_R)
     3    2.76   11.53   15.84 2118.51 v u49954/Y (OA21x2_ASAP7_75t_R)
                                         n38195 (net)
                 11.55    0.23 2118.74 v u49958/A3 (AO32x1_ASAP7_75t_R)
     3    2.96   19.72   30.01 2148.75 v u49958/Y (AO32x1_ASAP7_75t_R)
                                         n38199 (net)
                 19.74    0.36 2149.12 v u49993/A (AND3x1_ASAP7_75t_R)
     2    1.51   10.14   16.35 2165.47 v u49993/Y (AND3x1_ASAP7_75t_R)
                                         n38234 (net)
                 10.14    0.05 2165.52 v u50006/A (OR3x1_ASAP7_75t_R)
     1    1.35   11.73   21.45 2186.97 v u50006/Y (OR3x1_ASAP7_75t_R)
                                         n38247 (net)
                 11.73    0.09 2187.06 v u50010/A (AND2x4_ASAP7_75t_R)
     3    3.79    8.47   17.14 2204.20 v u50010/Y (AND2x4_ASAP7_75t_R)
                                         n38251 (net)
                  8.49    0.26 2204.46 v u50014/A (NOR2x1_ASAP7_75t_R)
     2    2.18   16.52   11.56 2216.01 ^ u50014/Y (NOR2x1_ASAP7_75t_R)
                                         n38255 (net)
                 16.52    0.12 2216.14 ^ u50015/C (NOR3x1_ASAP7_75t_R)
     3    2.15   20.02   16.62 2232.75 v u50015/Y (NOR3x1_ASAP7_75t_R)
                                         n38256 (net)
                 20.02    0.11 2232.86 v u50021/A1 (AO21x1_ASAP7_75t_R)
     3    2.51   16.22   23.53 2256.39 v u50021/Y (AO21x1_ASAP7_75t_R)
                                         n38262 (net)
                 16.23    0.19 2256.58 v u50022/C (AND3x1_ASAP7_75t_R)
     1    1.43    9.76   16.79 2273.37 v u50022/Y (AND3x1_ASAP7_75t_R)
                                         n38263 (net)
                  9.76    0.11 2273.48 v u50025/A (OR2x6_ASAP7_75t_R)
     3    4.26    9.94   20.14 2293.62 v u50025/Y (OR2x6_ASAP7_75t_R)
                                         n38266 (net)
                 10.37    1.09 2294.71 v u50028/A (AND3x1_ASAP7_75t_R)
     2    3.27   19.31   17.96 2312.67 v u50028/Y (AND3x1_ASAP7_75t_R)
                                         n38269 (net)
                 19.40    0.76 2313.42 v u50363/A (OR2x6_ASAP7_75t_R)
     3    3.18    8.22   22.71 2336.14 v u50363/Y (OR2x6_ASAP7_75t_R)
                                         n38598 (net)
                  8.23    0.08 2336.22 v u50364/A (AND3x1_ASAP7_75t_R)
     2    1.95   12.23   14.41 2350.63 v u50364/Y (AND3x1_ASAP7_75t_R)
                                         n38599 (net)
                 12.23    0.09 2350.72 v u50366/A (NOR2x1_ASAP7_75t_R)
     2    2.63   19.88   13.62 2364.34 ^ u50366/Y (NOR2x1_ASAP7_75t_R)
                                         n38601 (net)
                 19.88    0.14 2364.48 ^ u50369/A1 (OAI21x1_ASAP7_75t_R)
     4    5.11   29.12   17.22 2381.70 v u50369/Y (OAI21x1_ASAP7_75t_R)
                                         n38604 (net)
                 29.19    0.86 2382.56 v u50370/C (AND3x1_ASAP7_75t_R)
     1    0.84    7.20   18.14 2400.70 v u50370/Y (AND3x1_ASAP7_75t_R)
                                         n38605 (net)
                  7.21    0.05 2400.76 v u50371/B (OR2x2_ASAP7_75t_R)
     2    2.40   10.50   18.48 2419.23 v u50371/Y (OR2x2_ASAP7_75t_R)
                                         n38606 (net)
                 10.50    0.10 2419.33 v u50372/B (MAJx2_ASAP7_75t_R)
     1    1.06    7.71   21.45 2440.78 v u50372/Y (MAJx2_ASAP7_75t_R)
                                         n38607 (net)
                  7.71    0.05 2440.83 v u50373/B (XNOR2x2_ASAP7_75t_R)
     1    0.78    6.84   20.02 2460.85 ^ u50373/Y (XNOR2x2_ASAP7_75t_R)
                                         grp_uacc_section14_cost_core_fu_2333.uacc_section14_allocator_mul_16ns_114ns_129_7_1_U17.uacc_section14_allocator_uacc_section14_allocator_mul_16ns_114ns_129_7_1_Mul_DSP_4_U.tmp_product[123]* (net)
                  6.84    0.04 2460.89 ^ u39063/D (DFFHQNx1_ASAP7_75t_R)
                               2460.89   data arrival time

                  0.00 5000.00 5000.00   clock core_clock (rise edge)
                          0.00 5000.00   clock network delay (ideal)
                          0.00 5000.00   clock reconvergence pessimism
                               5000.00 ^ u39063/CLK (DFFHQNx1_ASAP7_75t_R)
                        -15.09 4984.91   library setup time
                               4984.91   data required time
-----------------------------------------------------------------------------
                               4984.91   data required time
                               -2460.89   data arrival time
-----------------------------------------------------------------------------
                               2524.02   slack (MET)



==========================================================================
global place report_checks -unconstrained
--------------------------------------------------------------------------
Startpoint: u43378 (rising edge-triggered flip-flop clocked by core_clock)
Endpoint: u39063 (rising edge-triggered flip-flop clocked by core_clock)
Path Group: core_clock
Path Type: max

Fanout     Cap    Slew   Delay    Time   Description
-----------------------------------------------------------------------------
                  0.00    0.00    0.00   clock core_clock (rise edge)
                          0.00    0.00   clock network delay (ideal)
                  0.00    0.00    0.00 ^ u43378/CLK (DFFHQNx2_ASAP7_75t_R)
    36   40.98  141.22   92.90   92.90 ^ u43378/QN (DFFHQNx2_ASAP7_75t_R)
                                         grp_uacc_section14_cost_core_fu_2333.uacc_section14_allocator_mul_16ns_114ns_129_7_1_U17.uacc_section14_allocator_uacc_section14_allocator_mul_16ns_114ns_129_7_1_Mul_DSP_4_U.a_reg0[4] (net)
                144.91   12.57  105.47 ^ u49327/A (INVx2_ASAP7_75t_R)
     8    5.86   40.94   28.96  134.43 v u49327/Y (INVx2_ASAP7_75t_R)
                                         n37568 (net)
                 40.94    0.20  134.64 v u49531/C (OR4x1_ASAP7_75t_R)
     1    1.48   14.50   33.80  168.43 v u49531/Y (OR4x1_ASAP7_75t_R)
                                         n37772 (net)
                 14.51    0.20  168.63 v u49532/A (AND2x2_ASAP7_75t_R)
     1    1.20    6.70   17.60  186.23 v u49532/Y (AND2x2_ASAP7_75t_R)
                                         n37773 (net)
                  6.70    0.07  186.30 v u49533/A (XOR2x2_ASAP7_75t_R)
     2    2.46   12.07   25.77  212.07 ^ u49533/Y (XOR2x2_ASAP7_75t_R)
                                         n37774 (net)
                 12.08    0.16  212.23 ^ u49577/A (XOR2x2_ASAP7_75t_R)
     2    2.19   11.40   26.83  239.06 ^ u49577/Y (XOR2x2_ASAP7_75t_R)
                                         n37818 (net)
                 11.41    0.12  239.18 ^ u49578/B (XOR2x2_ASAP7_75t_R)
     1    1.32    8.53   25.55  264.73 ^ u49578/Y (XOR2x2_ASAP7_75t_R)
                                         n37819 (net)
                  8.54    0.11  264.85 ^ u49581/A (XOR2x2_ASAP7_75t_R)
     2    2.00   10.70   25.52  290.37 ^ u49581/Y (XOR2x2_ASAP7_75t_R)
                                         n37822 (net)
                 10.70    0.09  290.46 ^ u49582/B (XNOR2x2_ASAP7_75t_R)
     2    2.66   11.74   28.04  318.50 v u49582/Y (XNOR2x2_ASAP7_75t_R)
                                         n37823 (net)
                 11.74    0.09  318.59 v u49623/A (NOR2x1_ASAP7_75t_R)
     2    2.24   17.32   12.47  331.05 ^ u49623/Y (NOR2x1_ASAP7_75t_R)
                                         n37864 (net)
                 17.33    0.15  331.20 ^ u49624/B (AO21x1_ASAP7_75t_R)
     2    2.79   20.07   19.14  350.34 ^ u49624/Y (AO21x1_ASAP7_75t_R)
                                         n37865 (net)
                 20.08    0.23  350.57 ^ u49626/B (MAJx2_ASAP7_75t_R)
     2    2.15   11.42   23.81  374.38 ^ u49626/Y (MAJx2_ASAP7_75t_R)
                                         n37867 (net)
                 11.43    0.18  374.56 ^ u49628/B1 (AO22x2_ASAP7_75t_R)
     2    2.87   13.37   19.50  394.06 ^ u49628/Y (AO22x2_ASAP7_75t_R)
                                         n37869 (net)
                 13.39    0.26  394.32 ^ u49630/B (MAJx2_ASAP7_75t_R)
     3    3.07   14.10   23.49  417.81 ^ u49630/Y (MAJx2_ASAP7_75t_R)
                                         n37871 (net)
                 14.12    0.27  418.08 ^ u49631/B (NAND2x1_ASAP7_75t_R)
     3    2.43   15.33   11.10  429.18 v u49631/Y (NAND2x1_ASAP7_75t_R)
                                         n37872 (net)
                 15.34    0.14  429.32 v u49632/C (AND3x1_ASAP7_75t_R)
     1    0.86    6.93   15.00  444.32 v u49632/Y (AND3x1_ASAP7_75t_R)
                                         n37873 (net)
                  6.93    0.05  444.37 v u49633/C (OR3x1_ASAP7_75t_R)
     3    4.00   25.40   29.63  474.00 v u49633/Y (OR3x1_ASAP7_75t_R)
                                         n37874 (net)
                 25.41    0.30  474.30 v u49636/B (NAND3x1_ASAP7_75t_R)
     1    1.18   19.86   16.72  491.02 ^ u49636/Y (NAND3x1_ASAP7_75t_R)
                                         n37877 (net)
                 19.86    0.11  491.14 ^ u49639/A (AND3x1_ASAP7_75t_R)
     2    1.60   14.52   22.88  514.02 ^ u49639/Y (AND3x1_ASAP7_75t_R)
                                         n37880 (net)
                 14.52    0.05  514.07 ^ u49690/B2 (AO32x1_ASAP7_75t_R)
     2    2.06   17.84   23.14  537.21 ^ u49690/Y (AO32x1_ASAP7_75t_R)
                                         n37931 (net)
                 17.84    0.07  537.28 ^ u49691/B (NOR2x1_ASAP7_75t_R)
     3    2.81   22.63   14.67  551.95 v u49691/Y (NOR2x1_ASAP7_75t_R)
                                         n37932 (net)
                 22.64    0.16  552.11 v u49692/B2 (AO22x2_ASAP7_75t_R)
     2    4.51   17.30   27.48  579.58 v u49692/Y (AO22x2_ASAP7_75t_R)
                                         n37933 (net)
                 17.66    1.39  580.97 v u49695/B (MAJx2_ASAP7_75t_R)
     3    2.64   12.07   26.18  607.15 v u49695/Y (MAJx2_ASAP7_75t_R)
                                         n37936 (net)
                 12.10    0.31  607.46 v u49696/B2 (AO222x2_ASAP7_75t_R)
     1    0.71    9.21   30.46  637.93 v u49696/Y (AO222x2_ASAP7_75t_R)
                                         n37937 (net)
                  9.21    0.03  637.95 v u49697/B (OA21x2_ASAP7_75t_R)
     2    2.59   11.28   15.40  653.36 v u49697/Y (OA21x2_ASAP7_75t_R)
                                         n37938 (net)
                 11.33    0.40  653.76 v u49699/B1 (AO22x2_ASAP7_75t_R)
     2    3.08   12.77   23.32  677.07 v u49699/Y (AO22x2_ASAP7_75t_R)
                                         n37940 (net)
                 12.82    0.43  677.50 v u49701/B (MAJx2_ASAP7_75t_R)
     2    2.60   12.10   24.66  702.16 v u49701/Y (MAJx2_ASAP7_75t_R)
                                         n37942 (net)
                 12.15    0.42  702.58 v u49703/B1 (AO22x2_ASAP7_75t_R)
     2    2.99   12.45   23.48  726.05 v u49703/Y (AO22x2_ASAP7_75t_R)
                                         n37944 (net)
                 12.49    0.36  726.42 v u49705/B (MAJx2_ASAP7_75t_R)
     2    2.14   10.78   23.84  750.26 v u49705/Y (MAJx2_ASAP7_75t_R)
                                         n37946 (net)
                 10.80    0.22  750.48 v u49707/B1 (AO22x2_ASAP7_75t_R)
     2    2.61   11.38   22.50  772.98 v u49707/Y (AO22x2_ASAP7_75t_R)
                                         n37948 (net)
                 11.39    0.12  773.10 v u49709/B (MAJx2_ASAP7_75t_R)
     2    2.75   12.49   24.48  797.58 v u49709/Y (MAJx2_ASAP7_75t_R)
                                         n37950 (net)
                 12.56    0.50  798.08 v u49711/B1 (AO22x2_ASAP7_75t_R)
     2    3.26   13.31   23.95  822.03 v u49711/Y (AO22x2_ASAP7_75t_R)
                                         n37952 (net)
                 13.37    0.50  822.53 v u49713/B (MAJx2_ASAP7_75t_R)
     2    1.98   10.33   23.85  846.38 v u49713/Y (MAJx2_ASAP7_75t_R)
                                         n37954 (net)
                 10.34    0.15  846.53 v u49715/B1 (AO22x2_ASAP7_75t_R)
     2    2.42   10.89   22.05  868.57 v u49715/Y (AO22x2_ASAP7_75t_R)
                                         n37956 (net)
                 10.89    0.06  868.64 v u49717/B (MAJx2_ASAP7_75t_R)
     3    2.47   11.58   23.97  892.61 v u49717/Y (MAJx2_ASAP7_75t_R)
                                         n37958 (net)
                 11.59    0.16  892.77 v u49721/A3 (AO32x1_ASAP7_75t_R)
     2    2.25   16.35   28.08  920.85 v u49721/Y (AO32x1_ASAP7_75t_R)
                                         n37962 (net)
                 16.36    0.20  921.05 v u49722/B2 (AO22x2_ASAP7_75t_R)
     2    3.09   12.80   24.10  945.15 v u49722/Y (AO22x2_ASAP7_75t_R)
                                         n37963 (net)
                 12.85    0.42  945.57 v u49724/B (MAJx2_ASAP7_75t_R)
     2    2.69   12.34   24.81  970.38 v u49724/Y (MAJx2_ASAP7_75t_R)
                                         n37965 (net)
                 12.39    0.45  970.83 v u49726/B1 (AO22x2_ASAP7_75t_R)
     2    2.98   12.48   23.53  994.36 v u49726/Y (AO22x2_ASAP7_75t_R)
                                         n37967 (net)
                 12.52    0.37  994.73 v u49728/B (MAJx2_ASAP7_75t_R)
     3    2.56   11.84   24.58 1019.31 v u49728/Y (MAJx2_ASAP7_75t_R)
                                         n37969 (net)
                 11.86    0.23 1019.55 v u49729/C (AND3x1_ASAP7_75t_R)
     1    0.61    5.60   13.33 1032.87 v u49729/Y (AND3x1_ASAP7_75t_R)
                                         n37970 (net)
                  5.60    0.02 1032.89 v u49732/A (OR2x2_ASAP7_75t_R)
     3    3.61   14.13   19.92 1052.82 v u49732/Y (OR2x2_ASAP7_75t_R)
                                         n37973 (net)
                 14.29    0.83 1053.65 v u49733/C (AND3x1_ASAP7_75t_R)
     1    0.77    6.45   14.45 1068.09 v u49733/Y (AND3x1_ASAP7_75t_R)
                                         n37974 (net)
                  6.45    0.04 1068.13 v u49736/A (OR2x2_ASAP7_75t_R)
     3    2.70   11.25   19.02 1087.16 v u49736/Y (OR2x2_ASAP7_75t_R)
                                         n37977 (net)
                 11.26    0.19 1087.34 v u49750/A1 (AO32x1_ASAP7_75t_R)
     2    3.08   20.56   27.09 1114.43 v u49750/Y (AO32x1_ASAP7_75t_R)
                                         n37991 (net)
                 20.63    0.64 1115.07 v u49751/B2 (AO22x2_ASAP7_75t_R)
     2    2.65   11.53   24.77 1139.85 v u49751/Y (AO22x2_ASAP7_75t_R)
                                         n37992 (net)
                 11.54    0.17 1140.02 v u49753/B (MAJx2_ASAP7_75t_R)
     2    1.93   10.21   23.24 1163.26 v u49753/Y (MAJx2_ASAP7_75t_R)
                                         n37994 (net)
                 10.22    0.14 1163.40 v u49755/B1 (AO22x2_ASAP7_75t_R)
     2    2.87   12.06   22.70 1186.11 v u49755/Y (AO22x2_ASAP7_75t_R)
                                         n37996 (net)
                 12.09    0.28 1186.39 v u49757/B (MAJx2_ASAP7_75t_R)
     2    1.79    9.76   23.17 1209.56 v u49757/Y (MAJx2_ASAP7_75t_R)
                                         n37998 (net)
                  9.76    0.08 1209.64 v u49759/B1 (AO22x2_ASAP7_75t_R)
     2    2.66   11.50   22.24 1231.88 v u49759/Y (AO22x2_ASAP7_75t_R)
                                         n38000 (net)
                 11.51    0.17 1232.06 v u49761/B (MAJx2_ASAP7_75t_R)
     3    2.38   11.37   24.01 1256.07 v u49761/Y (MAJx2_ASAP7_75t_R)
                                         n38002 (net)
                 11.37    0.11 1256.18 v u49765/A3 (AO32x1_ASAP7_75t_R)
     3    2.71   18.47   29.34 1285.52 v u49765/Y (AO32x1_ASAP7_75t_R)
                                         n38006 (net)
                 18.48    0.19 1285.71 v u49779/A1 (AO32x1_ASAP7_75t_R)
     2    2.11   15.58   26.19 1311.90 v u49779/Y (AO32x1_ASAP7_75t_R)
                                         n38020 (net)
                 15.59    0.11 1312.01 v u49780/B2 (AO22x2_ASAP7_75t_R)
     2    2.61   11.40   23.21 1335.22 v u49780/Y (AO22x2_ASAP7_75t_R)
                                         n38021 (net)
                 11.41    0.15 1335.37 v u49782/B (MAJx2_ASAP7_75t_R)
     2    3.93   16.08   26.04 1361.41 v u49782/Y (MAJx2_ASAP7_75t_R)
                                         n38023 (net)
                 16.28    0.98 1362.39 v u49784/B (MAJx2_ASAP7_75t_R)
     2    2.65   12.01   25.85 1388.25 v u49784/Y (MAJx2_ASAP7_75t_R)
                                         n38025 (net)
                 12.02    0.17 1388.42 v u49786/B (MAJx2_ASAP7_75t_R)
     3    3.02   13.19   25.11 1413.53 v u49786/Y (MAJx2_ASAP7_75t_R)
                                         n38027 (net)
                 13.25    0.47 1414.00 v u49787/C (AND3x1_ASAP7_75t_R)
     1    0.89    7.02   14.47 1428.47 v u49787/Y (AND3x1_ASAP7_75t_R)
                                         n38028 (net)
                  7.02    0.06 1428.53 v u49790/A (OR2x2_ASAP7_75t_R)
     3    3.22   12.86   19.83 1448.36 v u49790/Y (OR2x2_ASAP7_75t_R)
                                         n38031 (net)
                 12.93    0.52 1448.88 v u49793/A (AND3x1_ASAP7_75t_R)
     2    3.03   17.75   18.20 1467.08 v u49793/Y (AND3x1_ASAP7_75t_R)
                                         n38034 (net)
                 17.77    0.36 1467.45 v u49794/B2 (OAI22x1_ASAP7_75t_R)
     2    3.08   28.23   18.99 1486.43 ^ u49794/Y (OAI22x1_ASAP7_75t_R)
                                         n38035 (net)
                 28.27    0.63 1487.06 ^ u49795/B (NOR2x1_ASAP7_75t_R)
     3    2.27   18.33   15.39 1502.45 v u49795/Y (NOR2x1_ASAP7_75t_R)
                                         n38036 (net)
                 18.33    0.08 1502.53 v u49801/A1 (AO21x1_ASAP7_75t_R)
     2    2.18   14.57   22.20 1524.74 v u49801/Y (AO21x1_ASAP7_75t_R)
                                         n38042 (net)
                 14.58    0.17 1524.91 v u49802/B2 (AO22x2_ASAP7_75t_R)
     2    2.69   11.61   23.03 1547.94 v u49802/Y (AO22x2_ASAP7_75t_R)
                                         n38043 (net)
                 11.62    0.19 1548.13 v u49804/B (MAJx2_ASAP7_75t_R)
     3    2.35   11.31   23.99 1572.12 v u49804/Y (MAJx2_ASAP7_75t_R)
                                         n38045 (net)
                 11.32    0.17 1572.29 v u49805/B2 (AO222x2_ASAP7_75t_R)
     1    0.76    9.33   30.40 1602.69 v u49805/Y (AO222x2_ASAP7_75t_R)
                                         n38046 (net)
                  9.33    0.04 1602.72 v u49806/B (OA21x2_ASAP7_75t_R)
     3    4.35   16.42   17.49 1620.21 v u49806/Y (OA21x2_ASAP7_75t_R)
                                         n38047 (net)
                 16.60    0.98 1621.19 v u49844/A (NAND3x1_ASAP7_75t_R)
     2    2.14   22.55   14.83 1636.02 ^ u49844/Y (NAND3x1_ASAP7_75t_R)
                                         n38085 (net)
                 22.56    0.17 1636.19 ^ u49858/A1 (AO32x1_ASAP7_75t_R)
     3    2.93   22.78   28.02 1664.21 ^ u49858/Y (AO32x1_ASAP7_75t_R)
                                         n38099 (net)
                 22.79    0.41 1664.62 ^ u49861/B (OA211x2_ASAP7_75t_R)
     2    3.82   18.12   27.67 1692.29 ^ u49861/Y (OA211x2_ASAP7_75t_R)
                                         n38102 (net)
                 18.34    1.09 1693.38 ^ u49862/C (NOR3x1_ASAP7_75t_R)
     3    2.19   20.94   17.30 1710.68 v u49862/Y (NOR3x1_ASAP7_75t_R)
                                         n38103 (net)
                 20.94    0.13 1710.80 v u49868/A1 (AO21x1_ASAP7_75t_R)
     3    3.22   19.99   25.35 1736.16 v u49868/Y (AO21x1_ASAP7_75t_R)
                                         n38109 (net)
                 20.06    0.63 1736.79 v u49869/C (AND3x1_ASAP7_75t_R)
     1    0.82    6.89   16.25 1753.03 v u49869/Y (AND3x1_ASAP7_75t_R)
                                         n38110 (net)
                  6.89    0.05 1753.09 v u49872/A (OR2x2_ASAP7_75t_R)
     3    3.54   13.90   20.16 1773.25 v u49872/Y (OR2x2_ASAP7_75t_R)
                                         n38113 (net)
                 14.02    0.74 1773.99 v u49907/A (AND3x1_ASAP7_75t_R)
     2    1.80   11.53   15.58 1789.56 v u49907/Y (AND3x1_ASAP7_75t_R)
                                         n38148 (net)
                 11.54    0.17 1789.74 v u49920/A (OR3x1_ASAP7_75t_R)
     2    1.44   12.22   22.17 1811.90 v u49920/Y (OR3x1_ASAP7_75t_R)
                                         n38161 (net)
                 12.22    0.10 1812.00 v u49924/A (AND2x2_ASAP7_75t_R)
     2    1.81    8.25   17.78 1829.78 v u49924/Y (AND2x2_ASAP7_75t_R)
                                         n38165 (net)
                  8.25    0.08 1829.85 v u49925/C (AND3x1_ASAP7_75t_R)
     1    1.39    9.38   14.27 1844.13 v u49925/Y (AND3x1_ASAP7_75t_R)
                                         n38166 (net)
                  9.39    0.10 1844.23 v u49928/A (OR2x6_ASAP7_75t_R)
     3    3.90    9.12   20.01 1864.23 v u49928/Y (OR2x6_ASAP7_75t_R)
                                         n38169 (net)
                  9.18    0.36 1864.60 v u49931/A (NOR2x1_ASAP7_75t_R)
     1    0.89    9.67    8.33 1872.93 ^ u49931/Y (NOR2x1_ASAP7_75t_R)
                                         n38172 (net)
                  9.67    0.06 1872.98 ^ u49932/B (AO21x1_ASAP7_75t_R)
     2    2.86   20.41   17.50 1890.48 ^ u49932/Y (AO21x1_ASAP7_75t_R)
                                         n38173 (net)
                 20.44    0.50 1890.98 ^ u49934/A (NOR2x1_ASAP7_75t_R)
     2    1.60   14.87   13.55 1904.53 v u49934/Y (NOR2x1_ASAP7_75t_R)
                                         n38175 (net)
                 14.87    0.08 1904.61 v u49935/B (AO21x1_ASAP7_75t_R)
     2    2.94   18.19   23.10 1927.72 v u49935/Y (AO21x1_ASAP7_75t_R)
                                         n38176 (net)
                 18.20    0.32 1928.04 v u49937/B (MAJx2_ASAP7_75t_R)
     2    2.69   12.16   26.46 1954.50 v u49937/Y (MAJx2_ASAP7_75t_R)
                                         n38178 (net)
                 12.17    0.23 1954.72 v u49938/B (NAND2x1_ASAP7_75t_R)
     3    3.57   26.81   16.37 1971.09 ^ u49938/Y (NAND2x1_ASAP7_75t_R)
                                         n38179 (net)
                 26.81    0.22 1971.32 ^ u49939/C (AND3x1_ASAP7_75t_R)
     1    0.77    9.49   19.76 1991.08 ^ u49939/Y (AND3x1_ASAP7_75t_R)
                                         n38180 (net)
                  9.49    0.04 1991.12 ^ u49940/B (OR2x2_ASAP7_75t_R)
     2    2.47   11.00   16.45 2007.57 ^ u49940/Y (OR2x2_ASAP7_75t_R)
                                         n38181 (net)
                 11.02    0.28 2007.85 ^ u49941/B (NOR2x1_ASAP7_75t_R)
     3    2.19   15.70   11.12 2018.97 v u49941/Y (NOR2x1_ASAP7_75t_R)
                                         n38182 (net)
                 15.71    0.15 2019.12 v u49947/A1 (AO21x1_ASAP7_75t_R)
     3    2.37   15.44   21.97 2041.09 v u49947/Y (AO21x1_ASAP7_75t_R)
                                         n38188 (net)
                 15.44    0.14 2041.23 v u49948/C (AND3x1_ASAP7_75t_R)
     1    0.67    5.99   14.51 2055.73 v u49948/Y (AND3x1_ASAP7_75t_R)
                                         n38189 (net)
                  5.99    0.03 2055.76 v u49951/A (OR2x2_ASAP7_75t_R)
     3    2.48   10.74   18.57 2074.33 v u49951/Y (OR2x2_ASAP7_75t_R)
                                         n38192 (net)
                 10.74    0.14 2074.48 v u49953/C1 (AO222x2_ASAP7_75t_R)
     1    0.81    9.43   28.15 2102.63 v u49953/Y (AO222x2_ASAP7_75t_R)
                                         n38194 (net)
                  9.43    0.04 2102.68 v u49954/B (OA21x2_ASAP7_75t_R)
     3    2.76   11.53   15.84 2118.51 v u49954/Y (OA21x2_ASAP7_75t_R)
                                         n38195 (net)
                 11.55    0.23 2118.74 v u49958/A3 (AO32x1_ASAP7_75t_R)
     3    2.96   19.72   30.01 2148.75 v u49958/Y (AO32x1_ASAP7_75t_R)
                                         n38199 (net)
                 19.74    0.36 2149.12 v u49993/A (AND3x1_ASAP7_75t_R)
     2    1.51   10.14   16.35 2165.47 v u49993/Y (AND3x1_ASAP7_75t_R)
                                         n38234 (net)
                 10.14    0.05 2165.52 v u50006/A (OR3x1_ASAP7_75t_R)
     1    1.35   11.73   21.45 2186.97 v u50006/Y (OR3x1_ASAP7_75t_R)
                                         n38247 (net)
                 11.73    0.09 2187.06 v u50010/A (AND2x4_ASAP7_75t_R)
     3    3.79    8.47   17.14 2204.20 v u50010/Y (AND2x4_ASAP7_75t_R)
                                         n38251 (net)
                  8.49    0.26 2204.46 v u50014/A (NOR2x1_ASAP7_75t_R)
     2    2.18   16.52   11.56 2216.01 ^ u50014/Y (NOR2x1_ASAP7_75t_R)
                                         n38255 (net)
                 16.52    0.12 2216.14 ^ u50015/C (NOR3x1_ASAP7_75t_R)
     3    2.15   20.02   16.62 2232.75 v u50015/Y (NOR3x1_ASAP7_75t_R)
                                         n38256 (net)
                 20.02    0.11 2232.86 v u50021/A1 (AO21x1_ASAP7_75t_R)
     3    2.51   16.22   23.53 2256.39 v u50021/Y (AO21x1_ASAP7_75t_R)
                                         n38262 (net)
                 16.23    0.19 2256.58 v u50022/C (AND3x1_ASAP7_75t_R)
     1    1.43    9.76   16.79 2273.37 v u50022/Y (AND3x1_ASAP7_75t_R)
                                         n38263 (net)
                  9.76    0.11 2273.48 v u50025/A (OR2x6_ASAP7_75t_R)
     3    4.26    9.94   20.14 2293.62 v u50025/Y (OR2x6_ASAP7_75t_R)
                                         n38266 (net)
                 10.37    1.09 2294.71 v u50028/A (AND3x1_ASAP7_75t_R)
     2    3.27   19.31   17.96 2312.67 v u50028/Y (AND3x1_ASAP7_75t_R)
                                         n38269 (net)
                 19.40    0.76 2313.42 v u50363/A (OR2x6_ASAP7_75t_R)
     3    3.18    8.22   22.71 2336.14 v u50363/Y (OR2x6_ASAP7_75t_R)
                                         n38598 (net)
                  8.23    0.08 2336.22 v u50364/A (AND3x1_ASAP7_75t_R)
     2    1.95   12.23   14.41 2350.63 v u50364/Y (AND3x1_ASAP7_75t_R)
                                         n38599 (net)
                 12.23    0.09 2350.72 v u50366/A (NOR2x1_ASAP7_75t_R)
     2    2.63   19.88   13.62 2364.34 ^ u50366/Y (NOR2x1_ASAP7_75t_R)
                                         n38601 (net)
                 19.88    0.14 2364.48 ^ u50369/A1 (OAI21x1_ASAP7_75t_R)
     4    5.11   29.12   17.22 2381.70 v u50369/Y (OAI21x1_ASAP7_75t_R)
                                         n38604 (net)
                 29.19    0.86 2382.56 v u50370/C (AND3x1_ASAP7_75t_R)
     1    0.84    7.20   18.14 2400.70 v u50370/Y (AND3x1_ASAP7_75t_R)
                                         n38605 (net)
                  7.21    0.05 2400.76 v u50371/B (OR2x2_ASAP7_75t_R)
     2    2.40   10.50   18.48 2419.23 v u50371/Y (OR2x2_ASAP7_75t_R)
                                         n38606 (net)
                 10.50    0.10 2419.33 v u50372/B (MAJx2_ASAP7_75t_R)
     1    1.06    7.71   21.45 2440.78 v u50372/Y (MAJx2_ASAP7_75t_R)
                                         n38607 (net)
                  7.71    0.05 2440.83 v u50373/B (XNOR2x2_ASAP7_75t_R)
     1    0.78    6.84   20.02 2460.85 ^ u50373/Y (XNOR2x2_ASAP7_75t_R)
                                         grp_uacc_section14_cost_core_fu_2333.uacc_section14_allocator_mul_16ns_114ns_129_7_1_U17.uacc_section14_allocator_uacc_section14_allocator_mul_16ns_114ns_129_7_1_Mul_DSP_4_U.tmp_product[123]* (net)
                  6.84    0.04 2460.89 ^ u39063/D (DFFHQNx1_ASAP7_75t_R)
                               2460.89   data arrival time

                  0.00 5000.00 5000.00   clock core_clock (rise edge)
                          0.00 5000.00   clock network delay (ideal)
                          0.00 5000.00   clock reconvergence pessimism
                               5000.00 ^ u39063/CLK (DFFHQNx1_ASAP7_75t_R)
                        -15.09 4984.91   library setup time
                               4984.91   data required time
-----------------------------------------------------------------------------
                               4984.91   data required time
                               -2460.89   data arrival time
-----------------------------------------------------------------------------
                               2524.02   slack (MET)



==========================================================================
global place report_power
--------------------------------------------------------------------------
Group                  Internal  Switching    Leakage      Total
                          Power      Power      Power      Power (Watts)
----------------------------------------------------------------
Sequential             1.06e-02   4.42e-04   2.43e-06   1.10e-02   7.1%
Combinational          8.46e-02   6.03e-02   1.09e-05   1.45e-01  92.9%
Clock                  0.00e+00   0.00e+00   0.00e+00   0.00e+00   0.0%
Macro                  0.00e+00   0.00e+00   0.00e+00   0.00e+00   0.0%
Pad                    0.00e+00   0.00e+00   0.00e+00   0.00e+00   0.0%
----------------------------------------------------------------
Total                  9.52e-02   6.07e-02   1.33e-05   1.56e-01 100.0%
                          61.1%      38.9%       0.0%
