
==========================================================================
cts final report_tns
--------------------------------------------------------------------------
tns max 0.00

==========================================================================
cts final report_wns
--------------------------------------------------------------------------
wns max 0.00

==========================================================================
cts final report_worst_slack
--------------------------------------------------------------------------
worst slack max 2568.85

==========================================================================
cts final report_clock_min_period
--------------------------------------------------------------------------
core_clock period_min = 2431.15 fmax = 411.33

==========================================================================
cts final report_clock_skew
--------------------------------------------------------------------------
Clock core_clock
 471.64 source latency u2696/CLK ^
-393.30 target latency u24715/CLK ^
  -6.77 CRPR
--------------
  71.57 setup skew


==========================================================================
cts final report_checks -path_delay min
--------------------------------------------------------------------------
Startpoint: u37615 (rising edge-triggered flip-flop clocked by core_clock)
Endpoint: u31910 (rising edge-triggered flip-flop clocked by core_clock)
Path Group: core_clock
Path Type: min

Fanout     Cap    Slew   Delay    Time   Description
-----------------------------------------------------------------------------
                          0.00    0.00   clock core_clock (rise edge)
                          0.00    0.00   clock source latency
     1   13.20    0.00    0.00    0.00 ^ ap_clk (in)
                                         ap_clk (net)
                 68.07   21.47   21.47 ^ wire11924/A (BUFx6f_ASAP7_75t_R)
     1   13.02   12.59   24.26   45.74 ^ wire11924/Y (BUFx6f_ASAP7_75t_R)
                                         net11895 (net)
                 71.48   22.08   67.82 ^ wire11923/A (BUFx12f_ASAP7_75t_R)
     1   18.70   10.80   23.81   91.63 ^ wire11923/Y (BUFx12f_ASAP7_75t_R)
                                         net11894 (net)
                140.40   44.21  135.84 ^ clkbuf_0_ap_clk/A (BUFx24_ASAP7_75t_R)
     2   14.30   14.91   39.98  175.82 ^ clkbuf_0_ap_clk/Y (BUFx24_ASAP7_75t_R)
                                         clknet_0_ap_clk (net)
                 28.38    8.00  183.82 ^ clkbuf_1_0_0_ap_clk/A (BUFx24_ASAP7_75t_R)
     2    9.32    8.56   22.91  206.73 ^ clkbuf_1_0_0_ap_clk/Y (BUFx24_ASAP7_75t_R)
                                         clknet_1_0_0_ap_clk (net)
                 28.69    8.64  215.37 ^ clkbuf_2_1_0_ap_clk/A (BUFx24_ASAP7_75t_R)
     1    8.60    8.61   23.06  238.43 ^ clkbuf_2_1_0_ap_clk/Y (BUFx24_ASAP7_75t_R)
                                         clknet_2_1_0_ap_clk (net)
                 30.53    9.32  247.75 ^ clkbuf_2_1_1_ap_clk/A (BUFx24_ASAP7_75t_R)
     2   13.25    9.01   23.52  271.27 ^ clkbuf_2_1_1_ap_clk/Y (BUFx24_ASAP7_75t_R)
                                         clknet_2_1_1_ap_clk (net)
                 36.51   11.07  282.34 ^ clkbuf_3_3_0_ap_clk/A (BUFx24_ASAP7_75t_R)
     4   17.52   11.28   25.89  308.23 ^ clkbuf_3_3_0_ap_clk/Y (BUFx24_ASAP7_75t_R)
                                         clknet_3_3_0_ap_clk (net)
                 36.34   10.85  319.07 ^ clkbuf_5_15_0_ap_clk/A (BUFx24_ASAP7_75t_R)
     2    9.25    9.13   24.91  343.99 ^ clkbuf_5_15_0_ap_clk/Y (BUFx24_ASAP7_75t_R)
                                         clknet_5_15_0_ap_clk (net)
                 21.21    6.03  350.02 ^ clkbuf_6_31__f_ap_clk/A (BUFx24_ASAP7_75t_R)
    13   44.73   25.16   25.57  375.59 ^ clkbuf_6_31__f_ap_clk/Y (BUFx24_ASAP7_75t_R)
                                         clknet_6_31__leaf_ap_clk (net)
                 29.36    5.01  380.60 ^ clkbuf_leaf_510_ap_clk/A (BUFx24_ASAP7_75t_R)
    20   12.77   11.51   24.58  405.18 ^ clkbuf_leaf_510_ap_clk/Y (BUFx24_ASAP7_75t_R)
                                         clknet_leaf_510_ap_clk (net)
                 11.61    0.51  405.68 ^ u37615/CLK (DFFHQNx1_ASAP7_75t_R)
     3    2.71   25.01   43.79  449.47 ^ u37615/QN (DFFHQNx1_ASAP7_75t_R)
                                         trunc_ln265_1_reg_5262[67] (net)
                 25.01    0.06  449.53 ^ u37616/A1 (AOI22x1_ASAP7_75t_R)
     1    0.62    9.75    7.85  457.39 v u37616/Y (AOI22x1_ASAP7_75t_R)
                                         n23836 (net)
                  9.75    0.02  457.41 v u31910/D (DFFHQNx1_ASAP7_75t_R)
                                457.41   data arrival time

                          0.00    0.00   clock core_clock (rise edge)
                          0.00    0.00   clock source latency
     1   13.48    0.00    0.00    0.00 ^ ap_clk (in)
                                         ap_clk (net)
                 70.74   22.32   22.32 ^ wire11924/A (BUFx6f_ASAP7_75t_R)
     1   13.55   12.70   24.58   46.90 ^ wire11924/Y (BUFx6f_ASAP7_75t_R)
                                         net11895 (net)
                 76.37   23.63   70.53 ^ wire11923/A (BUFx12f_ASAP7_75t_R)
     1   19.30   10.96   24.36   94.89 ^ wire11923/Y (BUFx12f_ASAP7_75t_R)
                                         net11894 (net)
                148.54   46.78  141.67 ^ clkbuf_0_ap_clk/A (BUFx24_ASAP7_75t_R)
     2   15.50   15.40   40.92  182.59 ^ clkbuf_0_ap_clk/Y (BUFx24_ASAP7_75t_R)
                                         clknet_0_ap_clk (net)
                 27.10    7.35  189.94 ^ clkbuf_1_1_0_ap_clk/A (BUFx24_ASAP7_75t_R)
     2   10.72    8.54   22.61  212.55 ^ clkbuf_1_1_0_ap_clk/Y (BUFx24_ASAP7_75t_R)
                                         clknet_1_1_0_ap_clk (net)
                 35.15   10.72  223.27 ^ clkbuf_2_3_0_ap_clk/A (BUFx24_ASAP7_75t_R)
     1    9.10    8.92   24.66  247.94 ^ clkbuf_2_3_0_ap_clk/Y (BUFx24_ASAP7_75t_R)
                                         clknet_2_3_0_ap_clk (net)
                 33.05   10.11  258.05 ^ clkbuf_2_3_1_ap_clk/A (BUFx24_ASAP7_75t_R)
     2   14.60    9.17   24.16  282.21 ^ clkbuf_2_3_1_ap_clk/Y (BUFx24_ASAP7_75t_R)
                                         clknet_2_3_1_ap_clk (net)
                 40.86   12.45  294.65 ^ clkbuf_3_7_0_ap_clk/A (BUFx24_ASAP7_75t_R)
     4   20.77   10.54   26.40  321.06 ^ clkbuf_3_7_0_ap_clk/Y (BUFx24_ASAP7_75t_R)
                                         clknet_3_7_0_ap_clk (net)
                 48.88   14.86  335.92 ^ clkbuf_5_30_0_ap_clk/A (BUFx24_ASAP7_75t_R)
     2   10.36    9.97   27.42  363.34 ^ clkbuf_5_30_0_ap_clk/Y (BUFx24_ASAP7_75t_R)
                                         clknet_5_30_0_ap_clk (net)
                 25.76    7.52  370.86 ^ clkbuf_6_60__f_ap_clk/A (BUFx24_ASAP7_75t_R)
    14   48.38   16.20   25.35  396.22 ^ clkbuf_6_60__f_ap_clk/Y (BUFx24_ASAP7_75t_R)
                                         clknet_6_60__leaf_ap_clk (net)
                114.43   36.07  432.29 ^ clkbuf_leaf_511_ap_clk/A (BUFx24_ASAP7_75t_R)
    23   16.25   15.73   38.28  470.57 ^ clkbuf_leaf_511_ap_clk/Y (BUFx24_ASAP7_75t_R)
                                         clknet_leaf_511_ap_clk (net)
                 15.79    0.41  470.98 ^ u31910/CLK (DFFHQNx1_ASAP7_75t_R)
                         -6.77  464.22   clock reconvergence pessimism
                         12.19  476.40   library hold time
                                476.40   data required time
-----------------------------------------------------------------------------
                                476.40   data required time
                               -457.41   data arrival time
-----------------------------------------------------------------------------
                                -18.99   slack (VIOLATED)



==========================================================================
cts final report_checks -path_delay max
--------------------------------------------------------------------------
Startpoint: u43378 (rising edge-triggered flip-flop clocked by core_clock)
Endpoint: u39063 (rising edge-triggered flip-flop clocked by core_clock)
Path Group: core_clock
Path Type: max

Fanout     Cap    Slew   Delay    Time   Description
-----------------------------------------------------------------------------
                          0.00    0.00   clock core_clock (rise edge)
                          0.00    0.00   clock source latency
     1   13.48    0.00    0.00    0.00 ^ ap_clk (in)
                                         ap_clk (net)
                 70.74   22.32   22.32 ^ wire11924/A (BUFx6f_ASAP7_75t_R)
     1   13.55   12.70   24.58   46.90 ^ wire11924/Y (BUFx6f_ASAP7_75t_R)
                                         net11895 (net)
                 76.37   23.63   70.53 ^ wire11923/A (BUFx12f_ASAP7_75t_R)
     1   19.30   10.96   24.36   94.89 ^ wire11923/Y (BUFx12f_ASAP7_75t_R)
                                         net11894 (net)
                148.54   46.78  141.67 ^ clkbuf_0_ap_clk/A (BUFx24_ASAP7_75t_R)
     2   15.50   15.40   40.92  182.59 ^ clkbuf_0_ap_clk/Y (BUFx24_ASAP7_75t_R)
                                         clknet_0_ap_clk (net)
                 31.26    8.85  191.44 ^ clkbuf_1_0_0_ap_clk/A (BUFx24_ASAP7_75t_R)
     2   10.52    8.74   23.64  215.08 ^ clkbuf_1_0_0_ap_clk/Y (BUFx24_ASAP7_75t_R)
                                         clknet_1_0_0_ap_clk (net)
                 33.15   10.05  225.13 ^ clkbuf_2_1_0_ap_clk/A (BUFx24_ASAP7_75t_R)
     1    9.20    8.84   24.17  249.30 ^ clkbuf_2_1_0_ap_clk/Y (BUFx24_ASAP7_75t_R)
                                         clknet_2_1_0_ap_clk (net)
                 33.73   10.34  259.64 ^ clkbuf_2_1_1_ap_clk/A (BUFx24_ASAP7_75t_R)
     2   14.45    9.20   24.33  283.96 ^ clkbuf_2_1_1_ap_clk/Y (BUFx24_ASAP7_75t_R)
                                         clknet_2_1_1_ap_clk (net)
                 41.42   12.66  296.62 ^ clkbuf_3_2_0_ap_clk/A (BUFx24_ASAP7_75t_R)
     4   20.69   11.87   27.11  323.73 ^ clkbuf_3_2_0_ap_clk/Y (BUFx24_ASAP7_75t_R)
                                         clknet_3_2_0_ap_clk (net)
                 28.35    7.65  331.38 ^ clkbuf_5_9_0_ap_clk/A (BUFx24_ASAP7_75t_R)
     2   10.02    9.53   23.41  354.79 ^ clkbuf_5_9_0_ap_clk/Y (BUFx24_ASAP7_75t_R)
                                         clknet_5_9_0_ap_clk (net)
                  9.59    0.50  355.29 ^ clkbuf_6_19__f_ap_clk/A (BUFx24_ASAP7_75t_R)
    12   39.51   24.13   21.84  377.12 ^ clkbuf_6_19__f_ap_clk/Y (BUFx24_ASAP7_75t_R)
                                         clknet_6_19__leaf_ap_clk (net)
                 30.01    6.08  383.20 ^ clkbuf_leaf_654_ap_clk/A (BUFx24_ASAP7_75t_R)
    15   19.46   14.45   25.80  409.00 ^ clkbuf_leaf_654_ap_clk/Y (BUFx24_ASAP7_75t_R)
                                         clknet_leaf_654_ap_clk (net)
                 14.78    1.10  410.10 ^ u43378/CLK (DFFHQNx2_ASAP7_75t_R)
    36   41.04  141.69   97.15  507.25 ^ u43378/QN (DFFHQNx2_ASAP7_75t_R)
                                         grp_uacc_section14_cost_core_fu_2333.uacc_section14_allocator_mul_16ns_114ns_129_7_1_U17.uacc_section14_allocator_uacc_section14_allocator_mul_16ns_114ns_129_7_1_Mul_DSP_4_U.a_reg0[4] (net)
                145.17   12.27  519.52 ^ u49327/A (INVx2_ASAP7_75t_R)
     8    5.90   41.11   29.07  548.59 v u49327/Y (INVx2_ASAP7_75t_R)
                                         n37568 (net)
                 41.11    0.28  548.87 v u49531/C (OR4x1_ASAP7_75t_R)
     1    1.41   14.13   33.58  582.45 v u49531/Y (OR4x1_ASAP7_75t_R)
                                         n37772 (net)
                 14.14    0.18  582.63 v u49532/A (AND2x2_ASAP7_75t_R)
     1    1.18    6.62   17.43  600.06 v u49532/Y (AND2x2_ASAP7_75t_R)
                                         n37773 (net)
                  6.62    0.07  600.13 v u49533/A (XOR2x2_ASAP7_75t_R)
     2    2.27   11.47   25.42  625.55 ^ u49533/Y (XOR2x2_ASAP7_75t_R)
                                         n37774 (net)
                 11.48    0.11  625.66 ^ u49577/A (XOR2x2_ASAP7_75t_R)
     2    1.92   10.56   26.20  651.87 ^ u49577/Y (XOR2x2_ASAP7_75t_R)
                                         n37818 (net)
                 10.57    0.06  651.93 ^ u49578/B (XOR2x2_ASAP7_75t_R)
     1    1.06    7.74   24.85  676.78 ^ u49578/Y (XOR2x2_ASAP7_75t_R)
                                         n37819 (net)
                  7.74    0.05  676.83 ^ u49581/A (XOR2x2_ASAP7_75t_R)
     2    1.89   10.35   25.07  701.90 ^ u49581/Y (XOR2x2_ASAP7_75t_R)
                                         n37822 (net)
                 10.36    0.10  702.00 ^ u49582/B (XNOR2x2_ASAP7_75t_R)
     2    2.42   11.13   27.56  729.56 v u49582/Y (XNOR2x2_ASAP7_75t_R)
                                         n37823 (net)
                 11.13    0.06  729.62 v u49623/A (NOR2x1_ASAP7_75t_R)
     2    1.99   15.81   11.72  741.35 ^ u49623/Y (NOR2x1_ASAP7_75t_R)
                                         n37864 (net)
                 15.81    0.06  741.41 ^ u49624/B (AO21x1_ASAP7_75t_R)
     2    2.64   19.14   18.42  759.83 ^ u49624/Y (AO21x1_ASAP7_75t_R)
                                         n37865 (net)
                 19.14    0.16  759.99 ^ u49626/B (MAJx2_ASAP7_75t_R)
     2    2.07   11.16   23.41  783.40 ^ u49626/Y (MAJx2_ASAP7_75t_R)
                                         n37867 (net)
                 11.17    0.19  783.59 ^ u49628/B1 (AO22x2_ASAP7_75t_R)
     2    2.85   13.28   19.42  803.01 ^ u49628/Y (AO22x2_ASAP7_75t_R)
                                         n37869 (net)
                 13.30    0.25  803.26 ^ u49630/B (MAJx2_ASAP7_75t_R)
     3    3.04   14.05   23.40  826.66 ^ u49630/Y (MAJx2_ASAP7_75t_R)
                                         n37871 (net)
                 14.08    0.35  827.01 ^ u49631/B (NAND2x1_ASAP7_75t_R)
     3    2.23   14.49   10.65  837.66 v u49631/Y (NAND2x1_ASAP7_75t_R)
                                         n37872 (net)
                 14.49    0.09  837.75 v u49632/C (AND3x1_ASAP7_75t_R)
     1    0.80    6.63   14.60  852.35 v u49632/Y (AND3x1_ASAP7_75t_R)
                                         n37873 (net)
                  6.63    0.04  852.39 v u49633/C (OR3x1_ASAP7_75t_R)
     3    4.06   25.75   29.74  882.13 v u49633/Y (OR3x1_ASAP7_75t_R)
                                         n37874 (net)
                 25.76    0.33  882.46 v u49636/B (NAND3x1_ASAP7_75t_R)
     1    1.07   19.34   16.42  898.88 ^ u49636/Y (NAND3x1_ASAP7_75t_R)
                                         n37877 (net)
                 19.34    0.09  898.97 ^ u49639/A (AND3x1_ASAP7_75t_R)
     2    1.42   13.40   22.19  921.16 ^ u49639/Y (AND3x1_ASAP7_75t_R)
                                         n37880 (net)
                 13.40    0.05  921.21 ^ u49690/B2 (AO32x1_ASAP7_75t_R)
     2    1.90   16.90   22.42  943.63 ^ u49690/Y (AO32x1_ASAP7_75t_R)
                                         n37931 (net)
                 16.90    0.08  943.71 ^ u49691/B (NOR2x1_ASAP7_75t_R)
     3    2.73   21.98   14.20  957.90 v u49691/Y (NOR2x1_ASAP7_75t_R)
                                         n37932 (net)
                 21.98    0.14  958.05 v u49692/B2 (AO22x2_ASAP7_75t_R)
     2    4.47   17.16   27.26  985.31 v u49692/Y (AO22x2_ASAP7_75t_R)
                                         n37933 (net)
                 17.51    1.36  986.66 v u49695/B (MAJx2_ASAP7_75t_R)
     3    2.64   12.07   26.14 1012.81 v u49695/Y (MAJx2_ASAP7_75t_R)
                                         n37936 (net)
                 12.10    0.31 1013.12 v u49696/B2 (AO222x2_ASAP7_75t_R)
     1    0.73    9.25   30.50 1043.62 v u49696/Y (AO222x2_ASAP7_75t_R)
                                         n37937 (net)
                  9.25    0.03 1043.65 v u49697/B (OA21x2_ASAP7_75t_R)
     2    2.68   11.52   15.53 1059.18 v u49697/Y (OA21x2_ASAP7_75t_R)
                                         n37938 (net)
                 11.58    0.45 1059.63 v u49699/B1 (AO22x2_ASAP7_75t_R)
     2    3.18   13.07   23.53 1083.16 v u49699/Y (AO22x2_ASAP7_75t_R)
                                         n37940 (net)
                 13.12    0.44 1083.60 v u49701/B (MAJx2_ASAP7_75t_R)
     2    2.58   12.06   24.72 1108.32 v u49701/Y (MAJx2_ASAP7_75t_R)
                                         n37942 (net)
                 12.11    0.41 1108.73 v u49703/B1 (AO22x2_ASAP7_75t_R)
     2    3.02   12.60   23.50 1132.23 v u49703/Y (AO22x2_ASAP7_75t_R)
                                         n37944 (net)
                 12.64    0.38 1132.61 v u49705/B (MAJx2_ASAP7_75t_R)
     2    1.93   10.20   23.55 1156.16 v u49705/Y (MAJx2_ASAP7_75t_R)
                                         n37946 (net)
                 10.21    0.15 1156.31 v u49707/B1 (AO22x2_ASAP7_75t_R)
     2    2.88   12.08   22.74 1179.06 v u49707/Y (AO22x2_ASAP7_75t_R)
                                         n37948 (net)
                 12.10    0.26 1179.32 v u49709/B (MAJx2_ASAP7_75t_R)
     2    2.51   11.80   24.32 1203.64 v u49709/Y (MAJx2_ASAP7_75t_R)
                                         n37950 (net)
                 11.84    0.37 1204.01 v u49711/B1 (AO22x2_ASAP7_75t_R)
     2    3.07   12.65   23.49 1227.50 v u49711/Y (AO22x2_ASAP7_75t_R)
                                         n37952 (net)
                 12.68    0.37 1227.87 v u49713/B (MAJx2_ASAP7_75t_R)
     2    1.82    9.86   23.39 1251.26 v u49713/Y (MAJx2_ASAP7_75t_R)
                                         n37954 (net)
                  9.87    0.10 1251.36 v u49715/B1 (AO22x2_ASAP7_75t_R)
     2    2.52   11.15   22.06 1273.43 v u49715/Y (AO22x2_ASAP7_75t_R)
                                         n37956 (net)
                 11.15    0.10 1273.52 v u49717/B (MAJx2_ASAP7_75t_R)
     3    2.63   12.01   24.29 1297.81 v u49717/Y (MAJx2_ASAP7_75t_R)
                                         n37958 (net)
                 12.02    0.22 1298.04 v u49721/A3 (AO32x1_ASAP7_75t_R)
     2    2.43   17.18   28.65 1326.68 v u49721/Y (AO32x1_ASAP7_75t_R)
                                         n37962 (net)
                 17.19    0.29 1326.98 v u49722/B2 (AO22x2_ASAP7_75t_R)
     2    2.99   12.43   24.25 1351.23 v u49722/Y (AO22x2_ASAP7_75t_R)
                                         n37963 (net)
                 12.46    0.31 1351.54 v u49724/B (MAJx2_ASAP7_75t_R)
     2    2.80   12.62   24.86 1376.40 v u49724/Y (MAJx2_ASAP7_75t_R)
                                         n37965 (net)
                 12.69    0.51 1376.91 v u49726/B1 (AO22x2_ASAP7_75t_R)
     2    3.00   12.49   23.67 1400.57 v u49726/Y (AO22x2_ASAP7_75t_R)
                                         n37967 (net)
                 12.52    0.35 1400.92 v u49728/B (MAJx2_ASAP7_75t_R)
     3    2.58   11.87   24.62 1425.55 v u49728/Y (MAJx2_ASAP7_75t_R)
                                         n37969 (net)
                 11.89    0.22 1425.77 v u49729/C (AND3x1_ASAP7_75t_R)
     1    0.67    5.88   13.49 1439.26 v u49729/Y (AND3x1_ASAP7_75t_R)
                                         n37970 (net)
                  5.88    0.03 1439.29 v u49732/A (OR2x2_ASAP7_75t_R)
     3    3.58   14.04   19.97 1459.25 v u49732/Y (OR2x2_ASAP7_75t_R)
                                         n37973 (net)
                 14.18    0.79 1460.04 v u49733/C (AND3x1_ASAP7_75t_R)
     1    0.82    6.69   14.55 1474.59 v u49733/Y (AND3x1_ASAP7_75t_R)
                                         n37974 (net)
                  6.69    0.05 1474.64 v u49736/A (OR2x2_ASAP7_75t_R)
     3    2.48   10.69   18.76 1493.40 v u49736/Y (OR2x2_ASAP7_75t_R)
                                         n37977 (net)
                 10.69    0.09 1493.49 v u49750/A1 (AO32x1_ASAP7_75t_R)
     2    3.13   20.82   27.07 1520.56 v u49750/Y (AO32x1_ASAP7_75t_R)
                                         n37991 (net)
                 20.89    0.66 1521.23 v u49751/B2 (AO22x2_ASAP7_75t_R)
     2    2.61   11.41   24.78 1546.00 v u49751/Y (AO22x2_ASAP7_75t_R)
                                         n37992 (net)
                 11.42    0.16 1546.16 v u49753/B (MAJx2_ASAP7_75t_R)
     2    1.85    9.95   23.06 1569.22 v u49753/Y (MAJx2_ASAP7_75t_R)
                                         n37994 (net)
                  9.95    0.12 1569.33 v u49755/B1 (AO22x2_ASAP7_75t_R)
     2    2.73   11.68   22.41 1591.75 v u49755/Y (AO22x2_ASAP7_75t_R)
                                         n37996 (net)
                 11.69    0.20 1591.94 v u49757/B (MAJx2_ASAP7_75t_R)
     2    1.79    9.74   23.05 1614.99 v u49757/Y (MAJx2_ASAP7_75t_R)
                                         n37998 (net)
                  9.74    0.09 1615.08 v u49759/B1 (AO22x2_ASAP7_75t_R)
     2    2.61   11.39   22.17 1637.25 v u49759/Y (AO22x2_ASAP7_75t_R)
                                         n38000 (net)
                 11.40    0.16 1637.41 v u49761/B (MAJx2_ASAP7_75t_R)
     3    2.44   11.53   24.09 1661.49 v u49761/Y (MAJx2_ASAP7_75t_R)
                                         n38002 (net)
                 11.54    0.13 1661.62 v u49765/A3 (AO32x1_ASAP7_75t_R)
     3    2.68   18.30   29.28 1690.90 v u49765/Y (AO32x1_ASAP7_75t_R)
                                         n38006 (net)
                 18.31    0.18 1691.08 v u49779/A1 (AO32x1_ASAP7_75t_R)
     2    2.09   15.52   26.09 1717.17 v u49779/Y (AO32x1_ASAP7_75t_R)
                                         n38020 (net)
                 15.52    0.14 1717.31 v u49780/B2 (AO22x2_ASAP7_75t_R)
     2    2.64   11.47   23.25 1740.56 v u49780/Y (AO22x2_ASAP7_75t_R)
                                         n38021 (net)
                 11.47    0.15 1740.71 v u49782/B (MAJx2_ASAP7_75t_R)
     2    3.68   15.26   25.77 1766.48 v u49782/Y (MAJx2_ASAP7_75t_R)
                                         n38023 (net)
                 15.39    0.80 1767.28 v u49784/B (MAJx2_ASAP7_75t_R)
     2    2.62   11.94   25.55 1792.83 v u49784/Y (MAJx2_ASAP7_75t_R)
                                         n38025 (net)
                 11.94    0.15 1792.99 v u49786/B (MAJx2_ASAP7_75t_R)
     3    3.10   13.45   25.20 1818.18 v u49786/Y (MAJx2_ASAP7_75t_R)
                                         n38027 (net)
                 13.52    0.54 1818.72 v u49787/C (AND3x1_ASAP7_75t_R)
     1    0.64    5.81   13.89 1832.61 v u49787/Y (AND3x1_ASAP7_75t_R)
                                         n38028 (net)
                  5.81    0.02 1832.64 v u49790/A (OR2x2_ASAP7_75t_R)
     3    3.28   13.07   19.60 1852.24 v u49790/Y (OR2x2_ASAP7_75t_R)
                                         n38031 (net)
                 13.16    0.58 1852.82 v u49793/A (AND3x1_ASAP7_75t_R)
     2    3.11   18.28   18.41 1871.23 v u49793/Y (AND3x1_ASAP7_75t_R)
                                         n38034 (net)
                 18.31    0.42 1871.65 v u49794/B2 (OAI22x1_ASAP7_75t_R)
     2    2.93   27.45   18.79 1890.44 ^ u49794/Y (OAI22x1_ASAP7_75t_R)
                                         n38035 (net)
                 27.48    0.56 1891.00 ^ u49795/B (NOR2x1_ASAP7_75t_R)
     3    2.10   17.35   14.68 1905.68 v u49795/Y (NOR2x1_ASAP7_75t_R)
                                         n38036 (net)
                 17.35    0.09 1905.76 v u49801/A1 (AO21x1_ASAP7_75t_R)
     2    2.18   14.55   21.92 1927.68 v u49801/Y (AO21x1_ASAP7_75t_R)
                                         n38042 (net)
                 14.56    0.17 1927.85 v u49802/B2 (AO22x2_ASAP7_75t_R)
     2    2.76   11.78   23.13 1950.98 v u49802/Y (AO22x2_ASAP7_75t_R)
                                         n38043 (net)
                 11.79    0.22 1951.20 v u49804/B (MAJx2_ASAP7_75t_R)
     3    2.40   11.43   24.12 1975.32 v u49804/Y (MAJx2_ASAP7_75t_R)
                                         n38045 (net)
                 11.44    0.17 1975.49 v u49805/B2 (AO222x2_ASAP7_75t_R)
     1    0.79    9.38   30.48 2005.96 v u49805/Y (AO222x2_ASAP7_75t_R)
                                         n38046 (net)
                  9.38    0.04 2006.00 v u49806/B (OA21x2_ASAP7_75t_R)
     3    4.30   16.25   17.47 2023.47 v u49806/Y (OA21x2_ASAP7_75t_R)
                                         n38047 (net)
                 16.43    0.94 2024.41 v u49844/A (NAND3x1_ASAP7_75t_R)
     2    2.19   22.93   14.92 2039.33 ^ u49844/Y (NAND3x1_ASAP7_75t_R)
                                         n38085 (net)
                 22.94    0.22 2039.55 ^ u49858/A1 (AO32x1_ASAP7_75t_R)
     3    3.00   23.21   28.27 2067.82 ^ u49858/Y (AO32x1_ASAP7_75t_R)
                                         n38099 (net)
                 23.23    0.44 2068.26 ^ u49861/B (OA211x2_ASAP7_75t_R)
     2    3.85   18.22   27.78 2096.04 ^ u49861/Y (OA211x2_ASAP7_75t_R)
                                         n38102 (net)
                 18.45    1.11 2097.15 ^ u49862/C (NOR3x1_ASAP7_75t_R)
     3    2.18   20.89   17.31 2114.46 v u49862/Y (NOR3x1_ASAP7_75t_R)
                                         n38103 (net)
                 20.90    0.12 2114.58 v u49868/A1 (AO21x1_ASAP7_75t_R)
     3    3.36   20.74   25.66 2140.24 v u49868/Y (AO21x1_ASAP7_75t_R)
                                         n38109 (net)
                 20.81    0.69 2140.93 v u49869/C (AND3x1_ASAP7_75t_R)
     1    0.71    6.36   16.09 2157.02 v u49869/Y (AND3x1_ASAP7_75t_R)
                                         n38110 (net)
                  6.36    0.03 2157.05 v u49872/A (OR2x2_ASAP7_75t_R)
     3    3.50   13.75   19.99 2177.04 v u49872/Y (OR2x2_ASAP7_75t_R)
                                         n38113 (net)
                 13.87    0.71 2177.74 v u49907/A (AND3x1_ASAP7_75t_R)
     2    1.67   10.86   15.24 2192.98 v u49907/Y (AND3x1_ASAP7_75t_R)
                                         n38148 (net)
                 10.86    0.14 2193.12 v u49920/A (OR3x1_ASAP7_75t_R)
     2    1.58   13.02   22.40 2215.52 v u49920/Y (OR3x1_ASAP7_75t_R)
                                         n38161 (net)
                 13.03    0.14 2215.66 v u49924/A (AND2x2_ASAP7_75t_R)
     2    1.84    8.34   18.10 2233.76 v u49924/Y (AND2x2_ASAP7_75t_R)
                                         n38165 (net)
                  8.34    0.08 2233.84 v u49925/C (AND3x1_ASAP7_75t_R)
     1    1.34    9.13   14.17 2248.02 v u49925/Y (AND3x1_ASAP7_75t_R)
                                         n38166 (net)
                  9.13    0.08 2248.10 v u49928/A (OR2x6_ASAP7_75t_R)
     3    3.88    9.08   19.92 2268.02 v u49928/Y (OR2x6_ASAP7_75t_R)
                                         n38169 (net)
                  9.13    0.34 2268.36 v u49931/A (NOR2x1_ASAP7_75t_R)
     1    0.74    8.97    7.92 2276.29 ^ u49931/Y (NOR2x1_ASAP7_75t_R)
                                         n38172 (net)
                  8.97    0.03 2276.32 ^ u49932/B (AO21x1_ASAP7_75t_R)
     2    2.77   19.88   17.06 2293.38 ^ u49932/Y (AO21x1_ASAP7_75t_R)
                                         n38173 (net)
                 19.91    0.49 2293.87 ^ u49934/A (NOR2x1_ASAP7_75t_R)
     2    1.59   14.67   13.40 2307.27 v u49934/Y (NOR2x1_ASAP7_75t_R)
                                         n38175 (net)
                 14.67    0.07 2307.34 v u49935/B (AO21x1_ASAP7_75t_R)
     2    2.92   18.16   23.03 2330.37 v u49935/Y (AO21x1_ASAP7_75t_R)
                                         n38176 (net)
                 18.17    0.29 2330.66 v u49937/B (MAJx2_ASAP7_75t_R)
     2    2.62   11.97   26.32 2356.98 v u49937/Y (MAJx2_ASAP7_75t_R)
                                         n38178 (net)
                 11.99    0.24 2357.22 v u49938/B (NAND2x1_ASAP7_75t_R)
     3    3.48   26.20   16.11 2373.33 ^ u49938/Y (NAND2x1_ASAP7_75t_R)
                                         n38179 (net)
                 26.21    0.15 2373.48 ^ u49939/C (AND3x1_ASAP7_75t_R)
     1    0.67    8.91   19.36 2392.83 ^ u49939/Y (AND3x1_ASAP7_75t_R)
                                         n38180 (net)
                  8.91    0.03 2392.86 ^ u49940/B (OR2x2_ASAP7_75t_R)
     2    2.56   11.33   16.39 2409.26 ^ u49940/Y (OR2x2_ASAP7_75t_R)
                                         n38181 (net)
                 11.37    0.35 2409.60 ^ u49941/B (NOR2x1_ASAP7_75t_R)
     3    2.07   15.03   10.93 2420.54 v u49941/Y (NOR2x1_ASAP7_75t_R)
                                         n38182 (net)
                 15.03    0.10 2420.64 v u49947/A1 (AO21x1_ASAP7_75t_R)
     3    2.35   15.30   21.72 2442.35 v u49947/Y (AO21x1_ASAP7_75t_R)
                                         n38188 (net)
                 15.30    0.12 2442.48 v u49948/C (AND3x1_ASAP7_75t_R)
     1    0.69    6.08   14.52 2457.00 v u49948/Y (AND3x1_ASAP7_75t_R)
                                         n38189 (net)
                  6.08    0.03 2457.03 v u49951/A (OR2x2_ASAP7_75t_R)
     3    2.63   11.07   18.84 2475.87 v u49951/Y (OR2x2_ASAP7_75t_R)
                                         n38192 (net)
                 11.08    0.16 2476.02 v u49953/C1 (AO222x2_ASAP7_75t_R)
     1    0.75    9.31   28.12 2504.15 v u49953/Y (AO222x2_ASAP7_75t_R)
                                         n38194 (net)
                  9.31    0.03 2504.18 v u49954/B (OA21x2_ASAP7_75t_R)
     3    2.73   11.49   15.74 2519.92 v u49954/Y (OA21x2_ASAP7_75t_R)
                                         n38195 (net)
                 11.51    0.25 2520.17 v u49958/A3 (AO32x1_ASAP7_75t_R)
     3    2.92   19.49   29.88 2550.05 v u49958/Y (AO32x1_ASAP7_75t_R)
                                         n38199 (net)
                 19.51    0.37 2550.42 v u49993/A (AND3x1_ASAP7_75t_R)
     2    1.38    9.48   15.96 2566.37 v u49993/Y (AND3x1_ASAP7_75t_R)
                                         n38234 (net)
                  9.49    0.06 2566.43 v u50006/A (OR3x1_ASAP7_75t_R)
     1    1.28   11.37   21.06 2587.49 v u50006/Y (OR3x1_ASAP7_75t_R)
                                         n38247 (net)
                 11.38    0.07 2587.56 v u50010/A (AND2x4_ASAP7_75t_R)
     3    3.77    8.46   17.00 2604.57 v u50010/Y (AND2x4_ASAP7_75t_R)
                                         n38251 (net)
                  8.49    0.25 2604.81 v u50014/A (NOR2x1_ASAP7_75t_R)
     2    2.15   16.40   11.48 2616.30 ^ u50014/Y (NOR2x1_ASAP7_75t_R)
                                         n38255 (net)
                 16.41    0.14 2616.43 ^ u50015/C (NOR3x1_ASAP7_75t_R)
     3    2.11   19.84   16.50 2632.93 v u50015/Y (NOR3x1_ASAP7_75t_R)
                                         n38256 (net)
                 19.84    0.09 2633.02 v u50021/A1 (AO21x1_ASAP7_75t_R)
     3    2.61   16.75   23.75 2656.77 v u50021/Y (AO21x1_ASAP7_75t_R)
                                         n38262 (net)
                 16.76    0.23 2657.00 v u50022/C (AND3x1_ASAP7_75t_R)
     1    1.28    9.01   16.54 2673.54 v u50022/Y (AND3x1_ASAP7_75t_R)
                                         n38263 (net)
                  9.01    0.07 2673.61 v u50025/A (OR2x6_ASAP7_75t_R)
     3    4.37   10.10   19.96 2693.57 v u50025/Y (OR2x6_ASAP7_75t_R)
                                         n38266 (net)
                 10.61    1.19 2694.76 v u50028/A (AND3x1_ASAP7_75t_R)
     2    3.27   19.27   18.01 2712.77 v u50028/Y (AND3x1_ASAP7_75t_R)
                                         n38269 (net)
                 19.35    0.73 2713.49 v u50363/A (OR2x6_ASAP7_75t_R)
     3    3.21    8.25   22.72 2736.21 v u50363/Y (OR2x6_ASAP7_75t_R)
                                         n38598 (net)
                  8.26    0.09 2736.30 v u50364/A (AND3x1_ASAP7_75t_R)
     2    1.83   11.65   14.15 2750.45 v u50364/Y (AND3x1_ASAP7_75t_R)
                                         n38599 (net)
                 11.65    0.07 2750.53 v u50366/A (NOR2x1_ASAP7_75t_R)
     2    2.51   19.07   13.19 2763.71 ^ u50366/Y (NOR2x1_ASAP7_75t_R)
                                         n38601 (net)
                 19.07    0.11 2763.82 ^ u50369/A1 (OAI21x1_ASAP7_75t_R)
     4    5.23   29.68   17.23 2781.05 v u50369/Y (OAI21x1_ASAP7_75t_R)
                                         n38604 (net)
                 29.79    1.06 2782.11 v u50370/C (AND3x1_ASAP7_75t_R)
     1    0.73    6.72   17.98 2800.09 v u50370/Y (AND3x1_ASAP7_75t_R)
                                         n38605 (net)
                  6.73    0.04 2800.12 v u50371/B (OR2x2_ASAP7_75t_R)
     2    2.35   10.39   18.23 2818.36 v u50371/Y (OR2x2_ASAP7_75t_R)
                                         n38606 (net)
                 10.39    0.11 2818.46 v u50372/B (MAJx2_ASAP7_75t_R)
     1    1.07    7.72   21.42 2839.88 v u50372/Y (MAJx2_ASAP7_75t_R)
                                         n38607 (net)
                  7.72    0.05 2839.93 v u50373/B (XNOR2x2_ASAP7_75t_R)
     1    0.73    6.71   19.95 2859.88 ^ u50373/Y (XNOR2x2_ASAP7_75t_R)
                                         grp_uacc_section14_cost_core_fu_2333.uacc_section14_allocator_mul_16ns_114ns_129_7_1_U17.uacc_section14_allocator_uacc_section14_allocator_mul_16ns_114ns_129_7_1_Mul_DSP_4_U.tmp_product[123]* (net)
                  6.71    0.03 2859.91 ^ u39063/D (DFFHQNx1_ASAP7_75t_R)
                               2859.91   data arrival time

                       5000.00 5000.00   clock core_clock (rise edge)
                          0.00 5000.00   clock source latency
     1   13.20    0.00    0.00 5000.00 ^ ap_clk (in)
                                         ap_clk (net)
                 68.07   21.47 5021.47 ^ wire11924/A (BUFx6f_ASAP7_75t_R)
     1   13.02   12.59   24.26 5045.74 ^ wire11924/Y (BUFx6f_ASAP7_75t_R)
                                         net11895 (net)
                 71.48   22.08 5067.82 ^ wire11923/A (BUFx12f_ASAP7_75t_R)
     1   18.70   10.80   23.81 5091.63 ^ wire11923/Y (BUFx12f_ASAP7_75t_R)
                                         net11894 (net)
                140.40   44.21 5135.84 ^ clkbuf_0_ap_clk/A (BUFx24_ASAP7_75t_R)
     2   14.30   14.91   39.98 5175.82 ^ clkbuf_0_ap_clk/Y (BUFx24_ASAP7_75t_R)
                                         clknet_0_ap_clk (net)
                 24.62    6.59 5182.41 ^ clkbuf_1_1_0_ap_clk/A (BUFx24_ASAP7_75t_R)
     2    9.52    8.39   21.99 5204.40 ^ clkbuf_1_1_0_ap_clk/Y (BUFx24_ASAP7_75t_R)
                                         clknet_1_1_0_ap_clk (net)
                 30.41    9.21 5213.61 ^ clkbuf_2_3_0_ap_clk/A (BUFx24_ASAP7_75t_R)
     1    8.50    8.68   23.48 5237.09 ^ clkbuf_2_3_0_ap_clk/Y (BUFx24_ASAP7_75t_R)
                                         clknet_2_3_0_ap_clk (net)
                 29.90    9.11 5246.20 ^ clkbuf_2_3_1_ap_clk/A (BUFx24_ASAP7_75t_R)
     2   13.40    8.98   23.36 5269.57 ^ clkbuf_2_3_1_ap_clk/Y (BUFx24_ASAP7_75t_R)
                                         clknet_2_3_1_ap_clk (net)
                 36.81   11.16 5280.73 ^ clkbuf_3_7_0_ap_clk/A (BUFx24_ASAP7_75t_R)
     4   18.37   10.27   25.44 5306.16 ^ clkbuf_3_7_0_ap_clk/Y (BUFx24_ASAP7_75t_R)
                                         clknet_3_7_0_ap_clk (net)
                 39.19   11.65 5317.81 ^ clkbuf_5_28_0_ap_clk/A (BUFx24_ASAP7_75t_R)
     2    8.99    9.33   25.64 5343.46 ^ clkbuf_5_28_0_ap_clk/Y (BUFx24_ASAP7_75t_R)
                                         clknet_5_28_0_ap_clk (net)
                 22.04    6.36 5349.82 ^ clkbuf_6_57__f_ap_clk/A (BUFx24_ASAP7_75t_R)
    13   38.83   12.43   21.69 5371.51 ^ clkbuf_6_57__f_ap_clk/Y (BUFx24_ASAP7_75t_R)
                                         clknet_6_57__leaf_ap_clk (net)
                 74.24   22.31 5393.82 ^ clkbuf_leaf_478_ap_clk/A (BUFx24_ASAP7_75t_R)
    20   11.90   12.76   32.82 5426.64 ^ clkbuf_leaf_478_ap_clk/Y (BUFx24_ASAP7_75t_R)
                                         clknet_leaf_478_ap_clk (net)
                 12.94    0.74 5427.38 ^ u39063/CLK (DFFHQNx1_ASAP7_75t_R)
                          6.77 5434.15   clock reconvergence pessimism
                         -5.39 5428.76   library setup time
                               5428.76   data required time
-----------------------------------------------------------------------------
                               5428.76   data required time
                               -2859.91   data arrival time
-----------------------------------------------------------------------------
                               2568.85   slack (MET)



==========================================================================
cts final report_checks -unconstrained
--------------------------------------------------------------------------
Startpoint: u43378 (rising edge-triggered flip-flop clocked by core_clock)
Endpoint: u39063 (rising edge-triggered flip-flop clocked by core_clock)
Path Group: core_clock
Path Type: max

Fanout     Cap    Slew   Delay    Time   Description
-----------------------------------------------------------------------------
                          0.00    0.00   clock core_clock (rise edge)
                          0.00    0.00   clock source latency
     1   13.48    0.00    0.00    0.00 ^ ap_clk (in)
                                         ap_clk (net)
                 70.74   22.32   22.32 ^ wire11924/A (BUFx6f_ASAP7_75t_R)
     1   13.55   12.70   24.58   46.90 ^ wire11924/Y (BUFx6f_ASAP7_75t_R)
                                         net11895 (net)
                 76.37   23.63   70.53 ^ wire11923/A (BUFx12f_ASAP7_75t_R)
     1   19.30   10.96   24.36   94.89 ^ wire11923/Y (BUFx12f_ASAP7_75t_R)
                                         net11894 (net)
                148.54   46.78  141.67 ^ clkbuf_0_ap_clk/A (BUFx24_ASAP7_75t_R)
     2   15.50   15.40   40.92  182.59 ^ clkbuf_0_ap_clk/Y (BUFx24_ASAP7_75t_R)
                                         clknet_0_ap_clk (net)
                 31.26    8.85  191.44 ^ clkbuf_1_0_0_ap_clk/A (BUFx24_ASAP7_75t_R)
     2   10.52    8.74   23.64  215.08 ^ clkbuf_1_0_0_ap_clk/Y (BUFx24_ASAP7_75t_R)
                                         clknet_1_0_0_ap_clk (net)
                 33.15   10.05  225.13 ^ clkbuf_2_1_0_ap_clk/A (BUFx24_ASAP7_75t_R)
     1    9.20    8.84   24.17  249.30 ^ clkbuf_2_1_0_ap_clk/Y (BUFx24_ASAP7_75t_R)
                                         clknet_2_1_0_ap_clk (net)
                 33.73   10.34  259.64 ^ clkbuf_2_1_1_ap_clk/A (BUFx24_ASAP7_75t_R)
     2   14.45    9.20   24.33  283.96 ^ clkbuf_2_1_1_ap_clk/Y (BUFx24_ASAP7_75t_R)
                                         clknet_2_1_1_ap_clk (net)
                 41.42   12.66  296.62 ^ clkbuf_3_2_0_ap_clk/A (BUFx24_ASAP7_75t_R)
     4   20.69   11.87   27.11  323.73 ^ clkbuf_3_2_0_ap_clk/Y (BUFx24_ASAP7_75t_R)
                                         clknet_3_2_0_ap_clk (net)
                 28.35    7.65  331.38 ^ clkbuf_5_9_0_ap_clk/A (BUFx24_ASAP7_75t_R)
     2   10.02    9.53   23.41  354.79 ^ clkbuf_5_9_0_ap_clk/Y (BUFx24_ASAP7_75t_R)
                                         clknet_5_9_0_ap_clk (net)
                  9.59    0.50  355.29 ^ clkbuf_6_19__f_ap_clk/A (BUFx24_ASAP7_75t_R)
    12   39.51   24.13   21.84  377.12 ^ clkbuf_6_19__f_ap_clk/Y (BUFx24_ASAP7_75t_R)
                                         clknet_6_19__leaf_ap_clk (net)
                 30.01    6.08  383.20 ^ clkbuf_leaf_654_ap_clk/A (BUFx24_ASAP7_75t_R)
    15   19.46   14.45   25.80  409.00 ^ clkbuf_leaf_654_ap_clk/Y (BUFx24_ASAP7_75t_R)
                                         clknet_leaf_654_ap_clk (net)
                 14.78    1.10  410.10 ^ u43378/CLK (DFFHQNx2_ASAP7_75t_R)
    36   41.04  141.69   97.15  507.25 ^ u43378/QN (DFFHQNx2_ASAP7_75t_R)
                                         grp_uacc_section14_cost_core_fu_2333.uacc_section14_allocator_mul_16ns_114ns_129_7_1_U17.uacc_section14_allocator_uacc_section14_allocator_mul_16ns_114ns_129_7_1_Mul_DSP_4_U.a_reg0[4] (net)
                145.17   12.27  519.52 ^ u49327/A (INVx2_ASAP7_75t_R)
     8    5.90   41.11   29.07  548.59 v u49327/Y (INVx2_ASAP7_75t_R)
                                         n37568 (net)
                 41.11    0.28  548.87 v u49531/C (OR4x1_ASAP7_75t_R)
     1    1.41   14.13   33.58  582.45 v u49531/Y (OR4x1_ASAP7_75t_R)
                                         n37772 (net)
                 14.14    0.18  582.63 v u49532/A (AND2x2_ASAP7_75t_R)
     1    1.18    6.62   17.43  600.06 v u49532/Y (AND2x2_ASAP7_75t_R)
                                         n37773 (net)
                  6.62    0.07  600.13 v u49533/A (XOR2x2_ASAP7_75t_R)
     2    2.27   11.47   25.42  625.55 ^ u49533/Y (XOR2x2_ASAP7_75t_R)
                                         n37774 (net)
                 11.48    0.11  625.66 ^ u49577/A (XOR2x2_ASAP7_75t_R)
     2    1.92   10.56   26.20  651.87 ^ u49577/Y (XOR2x2_ASAP7_75t_R)
                                         n37818 (net)
                 10.57    0.06  651.93 ^ u49578/B (XOR2x2_ASAP7_75t_R)
     1    1.06    7.74   24.85  676.78 ^ u49578/Y (XOR2x2_ASAP7_75t_R)
                                         n37819 (net)
                  7.74    0.05  676.83 ^ u49581/A (XOR2x2_ASAP7_75t_R)
     2    1.89   10.35   25.07  701.90 ^ u49581/Y (XOR2x2_ASAP7_75t_R)
                                         n37822 (net)
                 10.36    0.10  702.00 ^ u49582/B (XNOR2x2_ASAP7_75t_R)
     2    2.42   11.13   27.56  729.56 v u49582/Y (XNOR2x2_ASAP7_75t_R)
                                         n37823 (net)
                 11.13    0.06  729.62 v u49623/A (NOR2x1_ASAP7_75t_R)
     2    1.99   15.81   11.72  741.35 ^ u49623/Y (NOR2x1_ASAP7_75t_R)
                                         n37864 (net)
                 15.81    0.06  741.41 ^ u49624/B (AO21x1_ASAP7_75t_R)
     2    2.64   19.14   18.42  759.83 ^ u49624/Y (AO21x1_ASAP7_75t_R)
                                         n37865 (net)
                 19.14    0.16  759.99 ^ u49626/B (MAJx2_ASAP7_75t_R)
     2    2.07   11.16   23.41  783.40 ^ u49626/Y (MAJx2_ASAP7_75t_R)
                                         n37867 (net)
                 11.17    0.19  783.59 ^ u49628/B1 (AO22x2_ASAP7_75t_R)
     2    2.85   13.28   19.42  803.01 ^ u49628/Y (AO22x2_ASAP7_75t_R)
                                         n37869 (net)
                 13.30    0.25  803.26 ^ u49630/B (MAJx2_ASAP7_75t_R)
     3    3.04   14.05   23.40  826.66 ^ u49630/Y (MAJx2_ASAP7_75t_R)
                                         n37871 (net)
                 14.08    0.35  827.01 ^ u49631/B (NAND2x1_ASAP7_75t_R)
     3    2.23   14.49   10.65  837.66 v u49631/Y (NAND2x1_ASAP7_75t_R)
                                         n37872 (net)
                 14.49    0.09  837.75 v u49632/C (AND3x1_ASAP7_75t_R)
     1    0.80    6.63   14.60  852.35 v u49632/Y (AND3x1_ASAP7_75t_R)
                                         n37873 (net)
                  6.63    0.04  852.39 v u49633/C (OR3x1_ASAP7_75t_R)
     3    4.06   25.75   29.74  882.13 v u49633/Y (OR3x1_ASAP7_75t_R)
                                         n37874 (net)
                 25.76    0.33  882.46 v u49636/B (NAND3x1_ASAP7_75t_R)
     1    1.07   19.34   16.42  898.88 ^ u49636/Y (NAND3x1_ASAP7_75t_R)
                                         n37877 (net)
                 19.34    0.09  898.97 ^ u49639/A (AND3x1_ASAP7_75t_R)
     2    1.42   13.40   22.19  921.16 ^ u49639/Y (AND3x1_ASAP7_75t_R)
                                         n37880 (net)
                 13.40    0.05  921.21 ^ u49690/B2 (AO32x1_ASAP7_75t_R)
     2    1.90   16.90   22.42  943.63 ^ u49690/Y (AO32x1_ASAP7_75t_R)
                                         n37931 (net)
                 16.90    0.08  943.71 ^ u49691/B (NOR2x1_ASAP7_75t_R)
     3    2.73   21.98   14.20  957.90 v u49691/Y (NOR2x1_ASAP7_75t_R)
                                         n37932 (net)
                 21.98    0.14  958.05 v u49692/B2 (AO22x2_ASAP7_75t_R)
     2    4.47   17.16   27.26  985.31 v u49692/Y (AO22x2_ASAP7_75t_R)
                                         n37933 (net)
                 17.51    1.36  986.66 v u49695/B (MAJx2_ASAP7_75t_R)
     3    2.64   12.07   26.14 1012.81 v u49695/Y (MAJx2_ASAP7_75t_R)
                                         n37936 (net)
                 12.10    0.31 1013.12 v u49696/B2 (AO222x2_ASAP7_75t_R)
     1    0.73    9.25   30.50 1043.62 v u49696/Y (AO222x2_ASAP7_75t_R)
                                         n37937 (net)
                  9.25    0.03 1043.65 v u49697/B (OA21x2_ASAP7_75t_R)
     2    2.68   11.52   15.53 1059.18 v u49697/Y (OA21x2_ASAP7_75t_R)
                                         n37938 (net)
                 11.58    0.45 1059.63 v u49699/B1 (AO22x2_ASAP7_75t_R)
     2    3.18   13.07   23.53 1083.16 v u49699/Y (AO22x2_ASAP7_75t_R)
                                         n37940 (net)
                 13.12    0.44 1083.60 v u49701/B (MAJx2_ASAP7_75t_R)
     2    2.58   12.06   24.72 1108.32 v u49701/Y (MAJx2_ASAP7_75t_R)
                                         n37942 (net)
                 12.11    0.41 1108.73 v u49703/B1 (AO22x2_ASAP7_75t_R)
     2    3.02   12.60   23.50 1132.23 v u49703/Y (AO22x2_ASAP7_75t_R)
                                         n37944 (net)
                 12.64    0.38 1132.61 v u49705/B (MAJx2_ASAP7_75t_R)
     2    1.93   10.20   23.55 1156.16 v u49705/Y (MAJx2_ASAP7_75t_R)
                                         n37946 (net)
                 10.21    0.15 1156.31 v u49707/B1 (AO22x2_ASAP7_75t_R)
     2    2.88   12.08   22.74 1179.06 v u49707/Y (AO22x2_ASAP7_75t_R)
                                         n37948 (net)
                 12.10    0.26 1179.32 v u49709/B (MAJx2_ASAP7_75t_R)
     2    2.51   11.80   24.32 1203.64 v u49709/Y (MAJx2_ASAP7_75t_R)
                                         n37950 (net)
                 11.84    0.37 1204.01 v u49711/B1 (AO22x2_ASAP7_75t_R)
     2    3.07   12.65   23.49 1227.50 v u49711/Y (AO22x2_ASAP7_75t_R)
                                         n37952 (net)
                 12.68    0.37 1227.87 v u49713/B (MAJx2_ASAP7_75t_R)
     2    1.82    9.86   23.39 1251.26 v u49713/Y (MAJx2_ASAP7_75t_R)
                                         n37954 (net)
                  9.87    0.10 1251.36 v u49715/B1 (AO22x2_ASAP7_75t_R)
     2    2.52   11.15   22.06 1273.43 v u49715/Y (AO22x2_ASAP7_75t_R)
                                         n37956 (net)
                 11.15    0.10 1273.52 v u49717/B (MAJx2_ASAP7_75t_R)
     3    2.63   12.01   24.29 1297.81 v u49717/Y (MAJx2_ASAP7_75t_R)
                                         n37958 (net)
                 12.02    0.22 1298.04 v u49721/A3 (AO32x1_ASAP7_75t_R)
     2    2.43   17.18   28.65 1326.68 v u49721/Y (AO32x1_ASAP7_75t_R)
                                         n37962 (net)
                 17.19    0.29 1326.98 v u49722/B2 (AO22x2_ASAP7_75t_R)
     2    2.99   12.43   24.25 1351.23 v u49722/Y (AO22x2_ASAP7_75t_R)
                                         n37963 (net)
                 12.46    0.31 1351.54 v u49724/B (MAJx2_ASAP7_75t_R)
     2    2.80   12.62   24.86 1376.40 v u49724/Y (MAJx2_ASAP7_75t_R)
                                         n37965 (net)
                 12.69    0.51 1376.91 v u49726/B1 (AO22x2_ASAP7_75t_R)
     2    3.00   12.49   23.67 1400.57 v u49726/Y (AO22x2_ASAP7_75t_R)
                                         n37967 (net)
                 12.52    0.35 1400.92 v u49728/B (MAJx2_ASAP7_75t_R)
     3    2.58   11.87   24.62 1425.55 v u49728/Y (MAJx2_ASAP7_75t_R)
                                         n37969 (net)
                 11.89    0.22 1425.77 v u49729/C (AND3x1_ASAP7_75t_R)
     1    0.67    5.88   13.49 1439.26 v u49729/Y (AND3x1_ASAP7_75t_R)
                                         n37970 (net)
                  5.88    0.03 1439.29 v u49732/A (OR2x2_ASAP7_75t_R)
     3    3.58   14.04   19.97 1459.25 v u49732/Y (OR2x2_ASAP7_75t_R)
                                         n37973 (net)
                 14.18    0.79 1460.04 v u49733/C (AND3x1_ASAP7_75t_R)
     1    0.82    6.69   14.55 1474.59 v u49733/Y (AND3x1_ASAP7_75t_R)
                                         n37974 (net)
                  6.69    0.05 1474.64 v u49736/A (OR2x2_ASAP7_75t_R)
     3    2.48   10.69   18.76 1493.40 v u49736/Y (OR2x2_ASAP7_75t_R)
                                         n37977 (net)
                 10.69    0.09 1493.49 v u49750/A1 (AO32x1_ASAP7_75t_R)
     2    3.13   20.82   27.07 1520.56 v u49750/Y (AO32x1_ASAP7_75t_R)
                                         n37991 (net)
                 20.89    0.66 1521.23 v u49751/B2 (AO22x2_ASAP7_75t_R)
     2    2.61   11.41   24.78 1546.00 v u49751/Y (AO22x2_ASAP7_75t_R)
                                         n37992 (net)
                 11.42    0.16 1546.16 v u49753/B (MAJx2_ASAP7_75t_R)
     2    1.85    9.95   23.06 1569.22 v u49753/Y (MAJx2_ASAP7_75t_R)
                                         n37994 (net)
                  9.95    0.12 1569.33 v u49755/B1 (AO22x2_ASAP7_75t_R)
     2    2.73   11.68   22.41 1591.75 v u49755/Y (AO22x2_ASAP7_75t_R)
                                         n37996 (net)
                 11.69    0.20 1591.94 v u49757/B (MAJx2_ASAP7_75t_R)
     2    1.79    9.74   23.05 1614.99 v u49757/Y (MAJx2_ASAP7_75t_R)
                                         n37998 (net)
                  9.74    0.09 1615.08 v u49759/B1 (AO22x2_ASAP7_75t_R)
     2    2.61   11.39   22.17 1637.25 v u49759/Y (AO22x2_ASAP7_75t_R)
                                         n38000 (net)
                 11.40    0.16 1637.41 v u49761/B (MAJx2_ASAP7_75t_R)
     3    2.44   11.53   24.09 1661.49 v u49761/Y (MAJx2_ASAP7_75t_R)
                                         n38002 (net)
                 11.54    0.13 1661.62 v u49765/A3 (AO32x1_ASAP7_75t_R)
     3    2.68   18.30   29.28 1690.90 v u49765/Y (AO32x1_ASAP7_75t_R)
                                         n38006 (net)
                 18.31    0.18 1691.08 v u49779/A1 (AO32x1_ASAP7_75t_R)
     2    2.09   15.52   26.09 1717.17 v u49779/Y (AO32x1_ASAP7_75t_R)
                                         n38020 (net)
                 15.52    0.14 1717.31 v u49780/B2 (AO22x2_ASAP7_75t_R)
     2    2.64   11.47   23.25 1740.56 v u49780/Y (AO22x2_ASAP7_75t_R)
                                         n38021 (net)
                 11.47    0.15 1740.71 v u49782/B (MAJx2_ASAP7_75t_R)
     2    3.68   15.26   25.77 1766.48 v u49782/Y (MAJx2_ASAP7_75t_R)
                                         n38023 (net)
                 15.39    0.80 1767.28 v u49784/B (MAJx2_ASAP7_75t_R)
     2    2.62   11.94   25.55 1792.83 v u49784/Y (MAJx2_ASAP7_75t_R)
                                         n38025 (net)
                 11.94    0.15 1792.99 v u49786/B (MAJx2_ASAP7_75t_R)
     3    3.10   13.45   25.20 1818.18 v u49786/Y (MAJx2_ASAP7_75t_R)
                                         n38027 (net)
                 13.52    0.54 1818.72 v u49787/C (AND3x1_ASAP7_75t_R)
     1    0.64    5.81   13.89 1832.61 v u49787/Y (AND3x1_ASAP7_75t_R)
                                         n38028 (net)
                  5.81    0.02 1832.64 v u49790/A (OR2x2_ASAP7_75t_R)
     3    3.28   13.07   19.60 1852.24 v u49790/Y (OR2x2_ASAP7_75t_R)
                                         n38031 (net)
                 13.16    0.58 1852.82 v u49793/A (AND3x1_ASAP7_75t_R)
     2    3.11   18.28   18.41 1871.23 v u49793/Y (AND3x1_ASAP7_75t_R)
                                         n38034 (net)
                 18.31    0.42 1871.65 v u49794/B2 (OAI22x1_ASAP7_75t_R)
     2    2.93   27.45   18.79 1890.44 ^ u49794/Y (OAI22x1_ASAP7_75t_R)
                                         n38035 (net)
                 27.48    0.56 1891.00 ^ u49795/B (NOR2x1_ASAP7_75t_R)
     3    2.10   17.35   14.68 1905.68 v u49795/Y (NOR2x1_ASAP7_75t_R)
                                         n38036 (net)
                 17.35    0.09 1905.76 v u49801/A1 (AO21x1_ASAP7_75t_R)
     2    2.18   14.55   21.92 1927.68 v u49801/Y (AO21x1_ASAP7_75t_R)
                                         n38042 (net)
                 14.56    0.17 1927.85 v u49802/B2 (AO22x2_ASAP7_75t_R)
     2    2.76   11.78   23.13 1950.98 v u49802/Y (AO22x2_ASAP7_75t_R)
                                         n38043 (net)
                 11.79    0.22 1951.20 v u49804/B (MAJx2_ASAP7_75t_R)
     3    2.40   11.43   24.12 1975.32 v u49804/Y (MAJx2_ASAP7_75t_R)
                                         n38045 (net)
                 11.44    0.17 1975.49 v u49805/B2 (AO222x2_ASAP7_75t_R)
     1    0.79    9.38   30.48 2005.96 v u49805/Y (AO222x2_ASAP7_75t_R)
                                         n38046 (net)
                  9.38    0.04 2006.00 v u49806/B (OA21x2_ASAP7_75t_R)
     3    4.30   16.25   17.47 2023.47 v u49806/Y (OA21x2_ASAP7_75t_R)
                                         n38047 (net)
                 16.43    0.94 2024.41 v u49844/A (NAND3x1_ASAP7_75t_R)
     2    2.19   22.93   14.92 2039.33 ^ u49844/Y (NAND3x1_ASAP7_75t_R)
                                         n38085 (net)
                 22.94    0.22 2039.55 ^ u49858/A1 (AO32x1_ASAP7_75t_R)
     3    3.00   23.21   28.27 2067.82 ^ u49858/Y (AO32x1_ASAP7_75t_R)
                                         n38099 (net)
                 23.23    0.44 2068.26 ^ u49861/B (OA211x2_ASAP7_75t_R)
     2    3.85   18.22   27.78 2096.04 ^ u49861/Y (OA211x2_ASAP7_75t_R)
                                         n38102 (net)
                 18.45    1.11 2097.15 ^ u49862/C (NOR3x1_ASAP7_75t_R)
     3    2.18   20.89   17.31 2114.46 v u49862/Y (NOR3x1_ASAP7_75t_R)
                                         n38103 (net)
                 20.90    0.12 2114.58 v u49868/A1 (AO21x1_ASAP7_75t_R)
     3    3.36   20.74   25.66 2140.24 v u49868/Y (AO21x1_ASAP7_75t_R)
                                         n38109 (net)
                 20.81    0.69 2140.93 v u49869/C (AND3x1_ASAP7_75t_R)
     1    0.71    6.36   16.09 2157.02 v u49869/Y (AND3x1_ASAP7_75t_R)
                                         n38110 (net)
                  6.36    0.03 2157.05 v u49872/A (OR2x2_ASAP7_75t_R)
     3    3.50   13.75   19.99 2177.04 v u49872/Y (OR2x2_ASAP7_75t_R)
                                         n38113 (net)
                 13.87    0.71 2177.74 v u49907/A (AND3x1_ASAP7_75t_R)
     2    1.67   10.86   15.24 2192.98 v u49907/Y (AND3x1_ASAP7_75t_R)
                                         n38148 (net)
                 10.86    0.14 2193.12 v u49920/A (OR3x1_ASAP7_75t_R)
     2    1.58   13.02   22.40 2215.52 v u49920/Y (OR3x1_ASAP7_75t_R)
                                         n38161 (net)
                 13.03    0.14 2215.66 v u49924/A (AND2x2_ASAP7_75t_R)
     2    1.84    8.34   18.10 2233.76 v u49924/Y (AND2x2_ASAP7_75t_R)
                                         n38165 (net)
                  8.34    0.08 2233.84 v u49925/C (AND3x1_ASAP7_75t_R)
     1    1.34    9.13   14.17 2248.02 v u49925/Y (AND3x1_ASAP7_75t_R)
                                         n38166 (net)
                  9.13    0.08 2248.10 v u49928/A (OR2x6_ASAP7_75t_R)
     3    3.88    9.08   19.92 2268.02 v u49928/Y (OR2x6_ASAP7_75t_R)
                                         n38169 (net)
                  9.13    0.34 2268.36 v u49931/A (NOR2x1_ASAP7_75t_R)
     1    0.74    8.97    7.92 2276.29 ^ u49931/Y (NOR2x1_ASAP7_75t_R)
                                         n38172 (net)
                  8.97    0.03 2276.32 ^ u49932/B (AO21x1_ASAP7_75t_R)
     2    2.77   19.88   17.06 2293.38 ^ u49932/Y (AO21x1_ASAP7_75t_R)
                                         n38173 (net)
                 19.91    0.49 2293.87 ^ u49934/A (NOR2x1_ASAP7_75t_R)
     2    1.59   14.67   13.40 2307.27 v u49934/Y (NOR2x1_ASAP7_75t_R)
                                         n38175 (net)
                 14.67    0.07 2307.34 v u49935/B (AO21x1_ASAP7_75t_R)
     2    2.92   18.16   23.03 2330.37 v u49935/Y (AO21x1_ASAP7_75t_R)
                                         n38176 (net)
                 18.17    0.29 2330.66 v u49937/B (MAJx2_ASAP7_75t_R)
     2    2.62   11.97   26.32 2356.98 v u49937/Y (MAJx2_ASAP7_75t_R)
                                         n38178 (net)
                 11.99    0.24 2357.22 v u49938/B (NAND2x1_ASAP7_75t_R)
     3    3.48   26.20   16.11 2373.33 ^ u49938/Y (NAND2x1_ASAP7_75t_R)
                                         n38179 (net)
                 26.21    0.15 2373.48 ^ u49939/C (AND3x1_ASAP7_75t_R)
     1    0.67    8.91   19.36 2392.83 ^ u49939/Y (AND3x1_ASAP7_75t_R)
                                         n38180 (net)
                  8.91    0.03 2392.86 ^ u49940/B (OR2x2_ASAP7_75t_R)
     2    2.56   11.33   16.39 2409.26 ^ u49940/Y (OR2x2_ASAP7_75t_R)
                                         n38181 (net)
                 11.37    0.35 2409.60 ^ u49941/B (NOR2x1_ASAP7_75t_R)
     3    2.07   15.03   10.93 2420.54 v u49941/Y (NOR2x1_ASAP7_75t_R)
                                         n38182 (net)
                 15.03    0.10 2420.64 v u49947/A1 (AO21x1_ASAP7_75t_R)
     3    2.35   15.30   21.72 2442.35 v u49947/Y (AO21x1_ASAP7_75t_R)
                                         n38188 (net)
                 15.30    0.12 2442.48 v u49948/C (AND3x1_ASAP7_75t_R)
     1    0.69    6.08   14.52 2457.00 v u49948/Y (AND3x1_ASAP7_75t_R)
                                         n38189 (net)
                  6.08    0.03 2457.03 v u49951/A (OR2x2_ASAP7_75t_R)
     3    2.63   11.07   18.84 2475.87 v u49951/Y (OR2x2_ASAP7_75t_R)
                                         n38192 (net)
                 11.08    0.16 2476.02 v u49953/C1 (AO222x2_ASAP7_75t_R)
     1    0.75    9.31   28.12 2504.15 v u49953/Y (AO222x2_ASAP7_75t_R)
                                         n38194 (net)
                  9.31    0.03 2504.18 v u49954/B (OA21x2_ASAP7_75t_R)
     3    2.73   11.49   15.74 2519.92 v u49954/Y (OA21x2_ASAP7_75t_R)
                                         n38195 (net)
                 11.51    0.25 2520.17 v u49958/A3 (AO32x1_ASAP7_75t_R)
     3    2.92   19.49   29.88 2550.05 v u49958/Y (AO32x1_ASAP7_75t_R)
                                         n38199 (net)
                 19.51    0.37 2550.42 v u49993/A (AND3x1_ASAP7_75t_R)
     2    1.38    9.48   15.96 2566.37 v u49993/Y (AND3x1_ASAP7_75t_R)
                                         n38234 (net)
                  9.49    0.06 2566.43 v u50006/A (OR3x1_ASAP7_75t_R)
     1    1.28   11.37   21.06 2587.49 v u50006/Y (OR3x1_ASAP7_75t_R)
                                         n38247 (net)
                 11.38    0.07 2587.56 v u50010/A (AND2x4_ASAP7_75t_R)
     3    3.77    8.46   17.00 2604.57 v u50010/Y (AND2x4_ASAP7_75t_R)
                                         n38251 (net)
                  8.49    0.25 2604.81 v u50014/A (NOR2x1_ASAP7_75t_R)
     2    2.15   16.40   11.48 2616.30 ^ u50014/Y (NOR2x1_ASAP7_75t_R)
                                         n38255 (net)
                 16.41    0.14 2616.43 ^ u50015/C (NOR3x1_ASAP7_75t_R)
     3    2.11   19.84   16.50 2632.93 v u50015/Y (NOR3x1_ASAP7_75t_R)
                                         n38256 (net)
                 19.84    0.09 2633.02 v u50021/A1 (AO21x1_ASAP7_75t_R)
     3    2.61   16.75   23.75 2656.77 v u50021/Y (AO21x1_ASAP7_75t_R)
                                         n38262 (net)
                 16.76    0.23 2657.00 v u50022/C (AND3x1_ASAP7_75t_R)
     1    1.28    9.01   16.54 2673.54 v u50022/Y (AND3x1_ASAP7_75t_R)
                                         n38263 (net)
                  9.01    0.07 2673.61 v u50025/A (OR2x6_ASAP7_75t_R)
     3    4.37   10.10   19.96 2693.57 v u50025/Y (OR2x6_ASAP7_75t_R)
                                         n38266 (net)
                 10.61    1.19 2694.76 v u50028/A (AND3x1_ASAP7_75t_R)
     2    3.27   19.27   18.01 2712.77 v u50028/Y (AND3x1_ASAP7_75t_R)
                                         n38269 (net)
                 19.35    0.73 2713.49 v u50363/A (OR2x6_ASAP7_75t_R)
     3    3.21    8.25   22.72 2736.21 v u50363/Y (OR2x6_ASAP7_75t_R)
                                         n38598 (net)
                  8.26    0.09 2736.30 v u50364/A (AND3x1_ASAP7_75t_R)
     2    1.83   11.65   14.15 2750.45 v u50364/Y (AND3x1_ASAP7_75t_R)
                                         n38599 (net)
                 11.65    0.07 2750.53 v u50366/A (NOR2x1_ASAP7_75t_R)
     2    2.51   19.07   13.19 2763.71 ^ u50366/Y (NOR2x1_ASAP7_75t_R)
                                         n38601 (net)
                 19.07    0.11 2763.82 ^ u50369/A1 (OAI21x1_ASAP7_75t_R)
     4    5.23   29.68   17.23 2781.05 v u50369/Y (OAI21x1_ASAP7_75t_R)
                                         n38604 (net)
                 29.79    1.06 2782.11 v u50370/C (AND3x1_ASAP7_75t_R)
     1    0.73    6.72   17.98 2800.09 v u50370/Y (AND3x1_ASAP7_75t_R)
                                         n38605 (net)
                  6.73    0.04 2800.12 v u50371/B (OR2x2_ASAP7_75t_R)
     2    2.35   10.39   18.23 2818.36 v u50371/Y (OR2x2_ASAP7_75t_R)
                                         n38606 (net)
                 10.39    0.11 2818.46 v u50372/B (MAJx2_ASAP7_75t_R)
     1    1.07    7.72   21.42 2839.88 v u50372/Y (MAJx2_ASAP7_75t_R)
                                         n38607 (net)
                  7.72    0.05 2839.93 v u50373/B (XNOR2x2_ASAP7_75t_R)
     1    0.73    6.71   19.95 2859.88 ^ u50373/Y (XNOR2x2_ASAP7_75t_R)
                                         grp_uacc_section14_cost_core_fu_2333.uacc_section14_allocator_mul_16ns_114ns_129_7_1_U17.uacc_section14_allocator_uacc_section14_allocator_mul_16ns_114ns_129_7_1_Mul_DSP_4_U.tmp_product[123]* (net)
                  6.71    0.03 2859.91 ^ u39063/D (DFFHQNx1_ASAP7_75t_R)
                               2859.91   data arrival time

                       5000.00 5000.00   clock core_clock (rise edge)
                          0.00 5000.00   clock source latency
     1   13.20    0.00    0.00 5000.00 ^ ap_clk (in)
                                         ap_clk (net)
                 68.07   21.47 5021.47 ^ wire11924/A (BUFx6f_ASAP7_75t_R)
     1   13.02   12.59   24.26 5045.74 ^ wire11924/Y (BUFx6f_ASAP7_75t_R)
                                         net11895 (net)
                 71.48   22.08 5067.82 ^ wire11923/A (BUFx12f_ASAP7_75t_R)
     1   18.70   10.80   23.81 5091.63 ^ wire11923/Y (BUFx12f_ASAP7_75t_R)
                                         net11894 (net)
                140.40   44.21 5135.84 ^ clkbuf_0_ap_clk/A (BUFx24_ASAP7_75t_R)
     2   14.30   14.91   39.98 5175.82 ^ clkbuf_0_ap_clk/Y (BUFx24_ASAP7_75t_R)
                                         clknet_0_ap_clk (net)
                 24.62    6.59 5182.41 ^ clkbuf_1_1_0_ap_clk/A (BUFx24_ASAP7_75t_R)
     2    9.52    8.39   21.99 5204.40 ^ clkbuf_1_1_0_ap_clk/Y (BUFx24_ASAP7_75t_R)
                                         clknet_1_1_0_ap_clk (net)
                 30.41    9.21 5213.61 ^ clkbuf_2_3_0_ap_clk/A (BUFx24_ASAP7_75t_R)
     1    8.50    8.68   23.48 5237.09 ^ clkbuf_2_3_0_ap_clk/Y (BUFx24_ASAP7_75t_R)
                                         clknet_2_3_0_ap_clk (net)
                 29.90    9.11 5246.20 ^ clkbuf_2_3_1_ap_clk/A (BUFx24_ASAP7_75t_R)
     2   13.40    8.98   23.36 5269.57 ^ clkbuf_2_3_1_ap_clk/Y (BUFx24_ASAP7_75t_R)
                                         clknet_2_3_1_ap_clk (net)
                 36.81   11.16 5280.73 ^ clkbuf_3_7_0_ap_clk/A (BUFx24_ASAP7_75t_R)
     4   18.37   10.27   25.44 5306.16 ^ clkbuf_3_7_0_ap_clk/Y (BUFx24_ASAP7_75t_R)
                                         clknet_3_7_0_ap_clk (net)
                 39.19   11.65 5317.81 ^ clkbuf_5_28_0_ap_clk/A (BUFx24_ASAP7_75t_R)
     2    8.99    9.33   25.64 5343.46 ^ clkbuf_5_28_0_ap_clk/Y (BUFx24_ASAP7_75t_R)
                                         clknet_5_28_0_ap_clk (net)
                 22.04    6.36 5349.82 ^ clkbuf_6_57__f_ap_clk/A (BUFx24_ASAP7_75t_R)
    13   38.83   12.43   21.69 5371.51 ^ clkbuf_6_57__f_ap_clk/Y (BUFx24_ASAP7_75t_R)
                                         clknet_6_57__leaf_ap_clk (net)
                 74.24   22.31 5393.82 ^ clkbuf_leaf_478_ap_clk/A (BUFx24_ASAP7_75t_R)
    20   11.90   12.76   32.82 5426.64 ^ clkbuf_leaf_478_ap_clk/Y (BUFx24_ASAP7_75t_R)
                                         clknet_leaf_478_ap_clk (net)
                 12.94    0.74 5427.38 ^ u39063/CLK (DFFHQNx1_ASAP7_75t_R)
                          6.77 5434.15   clock reconvergence pessimism
                         -5.39 5428.76   library setup time
                               5428.76   data required time
-----------------------------------------------------------------------------
                               5428.76   data required time
                               -2859.91   data arrival time
-----------------------------------------------------------------------------
                               2568.85   slack (MET)



==========================================================================
cts final report_check_types -max_slew -max_cap -max_fanout -violators
--------------------------------------------------------------------------

==========================================================================
cts final max_slew_check_slack
--------------------------------------------------------------------------
35.3691520690918

==========================================================================
cts final max_slew_check_limit
--------------------------------------------------------------------------
320.0

==========================================================================
cts final max_slew_check_slack_limit
--------------------------------------------------------------------------
0.1105

==========================================================================
cts final max_fanout_check_slack
--------------------------------------------------------------------------
1.0000000150474662e+30

==========================================================================
cts final max_fanout_check_limit
--------------------------------------------------------------------------
1.0000000150474662e+30

==========================================================================
cts final max_capacitance_check_slack
--------------------------------------------------------------------------
8.510668754577637

==========================================================================
cts final max_capacitance_check_limit
--------------------------------------------------------------------------
23.040000915527344

==========================================================================
cts final max_capacitance_check_slack_limit
--------------------------------------------------------------------------
0.3694

==========================================================================
cts final max_slew_violation_count
--------------------------------------------------------------------------
max slew violation count 0

==========================================================================
cts final max_fanout_violation_count
--------------------------------------------------------------------------
max fanout violation count 0

==========================================================================
cts final max_cap_violation_count
--------------------------------------------------------------------------
max cap violation count 0

==========================================================================
cts final setup_violation_count
--------------------------------------------------------------------------
setup violation count 0

==========================================================================
cts final hold_violation_count
--------------------------------------------------------------------------
hold violation count 77

==========================================================================
cts final report_checks -path_delay max reg to reg
--------------------------------------------------------------------------
Startpoint: u43378 (rising edge-triggered flip-flop clocked by core_clock)
Endpoint: u39063 (rising edge-triggered flip-flop clocked by core_clock)
Path Group: core_clock
Path Type: max

  Delay    Time   Description
---------------------------------------------------------
   0.00    0.00   clock core_clock (rise edge)
   0.00    0.00   clock source latency
   0.00    0.00 ^ ap_clk (in)
  46.90   46.90 ^ wire11924/Y (BUFx6f_ASAP7_75t_R)
  47.99   94.89 ^ wire11923/Y (BUFx12f_ASAP7_75t_R)
  87.70  182.59 ^ clkbuf_0_ap_clk/Y (BUFx24_ASAP7_75t_R)
  32.49  215.08 ^ clkbuf_1_0_0_ap_clk/Y (BUFx24_ASAP7_75t_R)
  34.22  249.30 ^ clkbuf_2_1_0_ap_clk/Y (BUFx24_ASAP7_75t_R)
  34.66  283.96 ^ clkbuf_2_1_1_ap_clk/Y (BUFx24_ASAP7_75t_R)
  39.76  323.73 ^ clkbuf_3_2_0_ap_clk/Y (BUFx24_ASAP7_75t_R)
  31.06  354.79 ^ clkbuf_5_9_0_ap_clk/Y (BUFx24_ASAP7_75t_R)
  22.33  377.12 ^ clkbuf_6_19__f_ap_clk/Y (BUFx24_ASAP7_75t_R)
  31.88  409.00 ^ clkbuf_leaf_654_ap_clk/Y (BUFx24_ASAP7_75t_R)
   1.10  410.10 ^ u43378/CLK (DFFHQNx2_ASAP7_75t_R)
  97.15  507.25 ^ u43378/QN (DFFHQNx2_ASAP7_75t_R)
  41.34  548.59 v u49327/Y (INVx2_ASAP7_75t_R)
  33.85  582.45 v u49531/Y (OR4x1_ASAP7_75t_R)
  17.62  600.06 v u49532/Y (AND2x2_ASAP7_75t_R)
  25.49  625.55 ^ u49533/Y (XOR2x2_ASAP7_75t_R)
  26.31  651.87 ^ u49577/Y (XOR2x2_ASAP7_75t_R)
  24.91  676.78 ^ u49578/Y (XOR2x2_ASAP7_75t_R)
  25.12  701.90 ^ u49581/Y (XOR2x2_ASAP7_75t_R)
  27.66  729.56 v u49582/Y (XNOR2x2_ASAP7_75t_R)
  11.79  741.35 ^ u49623/Y (NOR2x1_ASAP7_75t_R)
  18.48  759.83 ^ u49624/Y (AO21x1_ASAP7_75t_R)
  23.58  783.40 ^ u49626/Y (MAJx2_ASAP7_75t_R)
  19.61  803.01 ^ u49628/Y (AO22x2_ASAP7_75t_R)
  23.65  826.66 ^ u49630/Y (MAJx2_ASAP7_75t_R)
  11.00  837.66 v u49631/Y (NAND2x1_ASAP7_75t_R)
  14.69  852.35 v u49632/Y (AND3x1_ASAP7_75t_R)
  29.78  882.13 v u49633/Y (OR3x1_ASAP7_75t_R)
  16.75  898.88 ^ u49636/Y (NAND3x1_ASAP7_75t_R)
  22.28  921.16 ^ u49639/Y (AND3x1_ASAP7_75t_R)
  22.47  943.63 ^ u49690/Y (AO32x1_ASAP7_75t_R)
  14.28  957.90 v u49691/Y (NOR2x1_ASAP7_75t_R)
  27.40  985.31 v u49692/Y (AO22x2_ASAP7_75t_R)
  27.50 1012.81 v u49695/Y (MAJx2_ASAP7_75t_R)
  30.82 1043.62 v u49696/Y (AO222x2_ASAP7_75t_R)
  15.56 1059.18 v u49697/Y (OA21x2_ASAP7_75t_R)
  23.98 1083.16 v u49699/Y (AO22x2_ASAP7_75t_R)
  25.16 1108.32 v u49701/Y (MAJx2_ASAP7_75t_R)
  23.91 1132.23 v u49703/Y (AO22x2_ASAP7_75t_R)
  23.93 1156.16 v u49705/Y (MAJx2_ASAP7_75t_R)
  22.90 1179.06 v u49707/Y (AO22x2_ASAP7_75t_R)
  24.58 1203.64 v u49709/Y (MAJx2_ASAP7_75t_R)
  23.86 1227.50 v u49711/Y (AO22x2_ASAP7_75t_R)
  23.76 1251.26 v u49713/Y (MAJx2_ASAP7_75t_R)
  22.17 1273.43 v u49715/Y (AO22x2_ASAP7_75t_R)
  24.39 1297.81 v u49717/Y (MAJx2_ASAP7_75t_R)
  28.87 1326.68 v u49721/Y (AO32x1_ASAP7_75t_R)
  24.55 1351.23 v u49722/Y (AO22x2_ASAP7_75t_R)
  25.16 1376.40 v u49724/Y (MAJx2_ASAP7_75t_R)
  24.18 1400.57 v u49726/Y (AO22x2_ASAP7_75t_R)
  24.98 1425.55 v u49728/Y (MAJx2_ASAP7_75t_R)
  13.71 1439.26 v u49729/Y (AND3x1_ASAP7_75t_R)
  19.99 1459.25 v u49732/Y (OR2x2_ASAP7_75t_R)
  15.34 1474.59 v u49733/Y (AND3x1_ASAP7_75t_R)
  18.81 1493.40 v u49736/Y (OR2x2_ASAP7_75t_R)
  27.16 1520.56 v u49750/Y (AO32x1_ASAP7_75t_R)
  25.44 1546.00 v u49751/Y (AO22x2_ASAP7_75t_R)
  23.21 1569.22 v u49753/Y (MAJx2_ASAP7_75t_R)
  22.53 1591.75 v u49755/Y (AO22x2_ASAP7_75t_R)
  23.25 1614.99 v u49757/Y (MAJx2_ASAP7_75t_R)
  22.26 1637.25 v u49759/Y (AO22x2_ASAP7_75t_R)
  24.25 1661.49 v u49761/Y (MAJx2_ASAP7_75t_R)
  29.41 1690.90 v u49765/Y (AO32x1_ASAP7_75t_R)
  26.27 1717.17 v u49779/Y (AO32x1_ASAP7_75t_R)
  23.39 1740.56 v u49780/Y (AO22x2_ASAP7_75t_R)
  25.92 1766.48 v u49782/Y (MAJx2_ASAP7_75t_R)
  26.35 1792.83 v u49784/Y (MAJx2_ASAP7_75t_R)
  25.35 1818.18 v u49786/Y (MAJx2_ASAP7_75t_R)
  14.43 1832.61 v u49787/Y (AND3x1_ASAP7_75t_R)
  19.63 1852.24 v u49790/Y (OR2x2_ASAP7_75t_R)
  18.99 1871.23 v u49793/Y (AND3x1_ASAP7_75t_R)
  19.21 1890.44 ^ u49794/Y (OAI22x1_ASAP7_75t_R)
  15.24 1905.68 v u49795/Y (NOR2x1_ASAP7_75t_R)
  22.01 1927.68 v u49801/Y (AO21x1_ASAP7_75t_R)
  23.29 1950.98 v u49802/Y (AO22x2_ASAP7_75t_R)
  24.34 1975.32 v u49804/Y (MAJx2_ASAP7_75t_R)
  30.65 2005.96 v u49805/Y (AO222x2_ASAP7_75t_R)
  17.51 2023.47 v u49806/Y (OA21x2_ASAP7_75t_R)
  15.86 2039.33 ^ u49844/Y (NAND3x1_ASAP7_75t_R)
  28.49 2067.82 ^ u49858/Y (AO32x1_ASAP7_75t_R)
  28.22 2096.04 ^ u49861/Y (OA211x2_ASAP7_75t_R)
  18.42 2114.46 v u49862/Y (NOR3x1_ASAP7_75t_R)
  25.78 2140.24 v u49868/Y (AO21x1_ASAP7_75t_R)
  16.78 2157.02 v u49869/Y (AND3x1_ASAP7_75t_R)
  20.02 2177.04 v u49872/Y (OR2x2_ASAP7_75t_R)
  15.94 2192.98 v u49907/Y (AND3x1_ASAP7_75t_R)
  22.54 2215.52 v u49920/Y (OR3x1_ASAP7_75t_R)
  18.24 2233.76 v u49924/Y (AND2x2_ASAP7_75t_R)
  14.26 2248.02 v u49925/Y (AND3x1_ASAP7_75t_R)
  20.00 2268.02 v u49928/Y (OR2x6_ASAP7_75t_R)
   8.27 2276.29 ^ u49931/Y (NOR2x1_ASAP7_75t_R)
  17.09 2293.38 ^ u49932/Y (AO21x1_ASAP7_75t_R)
  13.89 2307.27 v u49934/Y (NOR2x1_ASAP7_75t_R)
  23.10 2330.37 v u49935/Y (AO21x1_ASAP7_75t_R)
  26.61 2356.98 v u49937/Y (MAJx2_ASAP7_75t_R)
  16.35 2373.33 ^ u49938/Y (NAND2x1_ASAP7_75t_R)
  19.51 2392.83 ^ u49939/Y (AND3x1_ASAP7_75t_R)
  16.42 2409.26 ^ u49940/Y (OR2x2_ASAP7_75t_R)
  11.28 2420.54 v u49941/Y (NOR2x1_ASAP7_75t_R)
  21.82 2442.35 v u49947/Y (AO21x1_ASAP7_75t_R)
  14.65 2457.00 v u49948/Y (AND3x1_ASAP7_75t_R)
  18.87 2475.87 v u49951/Y (OR2x2_ASAP7_75t_R)
  28.28 2504.15 v u49953/Y (AO222x2_ASAP7_75t_R)
  15.77 2519.92 v u49954/Y (OA21x2_ASAP7_75t_R)
  30.13 2550.05 v u49958/Y (AO32x1_ASAP7_75t_R)
  16.32 2566.37 v u49993/Y (AND3x1_ASAP7_75t_R)
  21.12 2587.49 v u50006/Y (OR3x1_ASAP7_75t_R)
  17.07 2604.57 v u50010/Y (AND2x4_ASAP7_75t_R)
  11.73 2616.30 ^ u50014/Y (NOR2x1_ASAP7_75t_R)
  16.64 2632.93 v u50015/Y (NOR3x1_ASAP7_75t_R)
  23.84 2656.77 v u50021/Y (AO21x1_ASAP7_75t_R)
  16.77 2673.54 v u50022/Y (AND3x1_ASAP7_75t_R)
  20.03 2693.57 v u50025/Y (OR2x6_ASAP7_75t_R)
  19.19 2712.77 v u50028/Y (AND3x1_ASAP7_75t_R)
  23.45 2736.21 v u50363/Y (OR2x6_ASAP7_75t_R)
  14.24 2750.45 v u50364/Y (AND3x1_ASAP7_75t_R)
  13.26 2763.71 ^ u50366/Y (NOR2x1_ASAP7_75t_R)
  17.34 2781.05 v u50369/Y (OAI21x1_ASAP7_75t_R)
  19.03 2800.09 v u50370/Y (AND3x1_ASAP7_75t_R)
  18.27 2818.36 v u50371/Y (OR2x2_ASAP7_75t_R)
  21.52 2839.88 v u50372/Y (MAJx2_ASAP7_75t_R)
  20.00 2859.88 ^ u50373/Y (XNOR2x2_ASAP7_75t_R)
   0.03 2859.91 ^ u39063/D (DFFHQNx1_ASAP7_75t_R)
        2859.91   data arrival time

5000.00 5000.00   clock core_clock (rise edge)
   0.00 5000.00   clock source latency
   0.00 5000.00 ^ ap_clk (in)
  45.74 5045.74 ^ wire11924/Y (BUFx6f_ASAP7_75t_R)
  45.89 5091.63 ^ wire11923/Y (BUFx12f_ASAP7_75t_R)
  84.20 5175.82 ^ clkbuf_0_ap_clk/Y (BUFx24_ASAP7_75t_R)
  28.57 5204.40 ^ clkbuf_1_1_0_ap_clk/Y (BUFx24_ASAP7_75t_R)
  32.69 5237.09 ^ clkbuf_2_3_0_ap_clk/Y (BUFx24_ASAP7_75t_R)
  32.48 5269.57 ^ clkbuf_2_3_1_ap_clk/Y (BUFx24_ASAP7_75t_R)
  36.60 5306.16 ^ clkbuf_3_7_0_ap_clk/Y (BUFx24_ASAP7_75t_R)
  37.29 5343.46 ^ clkbuf_5_28_0_ap_clk/Y (BUFx24_ASAP7_75t_R)
  28.05 5371.51 ^ clkbuf_6_57__f_ap_clk/Y (BUFx24_ASAP7_75t_R)
  55.13 5426.64 ^ clkbuf_leaf_478_ap_clk/Y (BUFx24_ASAP7_75t_R)
   0.74 5427.38 ^ u39063/CLK (DFFHQNx1_ASAP7_75t_R)
   6.77 5434.15   clock reconvergence pessimism
  -5.39 5428.76   library setup time
        5428.76   data required time
---------------------------------------------------------
        5428.76   data required time
        -2859.91   data arrival time
---------------------------------------------------------
        2568.85   slack (MET)



==========================================================================
cts final report_checks -path_delay min reg to reg
--------------------------------------------------------------------------
Startpoint: u37615 (rising edge-triggered flip-flop clocked by core_clock)
Endpoint: u31910 (rising edge-triggered flip-flop clocked by core_clock)
Path Group: core_clock
Path Type: min

  Delay    Time   Description
---------------------------------------------------------
   0.00    0.00   clock core_clock (rise edge)
   0.00    0.00   clock source latency
   0.00    0.00 ^ ap_clk (in)
  45.74   45.74 ^ wire11924/Y (BUFx6f_ASAP7_75t_R)
  45.89   91.63 ^ wire11923/Y (BUFx12f_ASAP7_75t_R)
  84.20  175.82 ^ clkbuf_0_ap_clk/Y (BUFx24_ASAP7_75t_R)
  30.91  206.73 ^ clkbuf_1_0_0_ap_clk/Y (BUFx24_ASAP7_75t_R)
  31.70  238.43 ^ clkbuf_2_1_0_ap_clk/Y (BUFx24_ASAP7_75t_R)
  32.84  271.27 ^ clkbuf_2_1_1_ap_clk/Y (BUFx24_ASAP7_75t_R)
  36.96  308.23 ^ clkbuf_3_3_0_ap_clk/Y (BUFx24_ASAP7_75t_R)
  35.76  343.99 ^ clkbuf_5_15_0_ap_clk/Y (BUFx24_ASAP7_75t_R)
  31.60  375.59 ^ clkbuf_6_31__f_ap_clk/Y (BUFx24_ASAP7_75t_R)
  29.59  405.18 ^ clkbuf_leaf_510_ap_clk/Y (BUFx24_ASAP7_75t_R)
   0.51  405.68 ^ u37615/CLK (DFFHQNx1_ASAP7_75t_R)
  43.79  449.47 ^ u37615/QN (DFFHQNx1_ASAP7_75t_R)
   7.91  457.39 v u37616/Y (AOI22x1_ASAP7_75t_R)
   0.02  457.41 v u31910/D (DFFHQNx1_ASAP7_75t_R)
         457.41   data arrival time

   0.00    0.00   clock core_clock (rise edge)
   0.00    0.00   clock source latency
   0.00    0.00 ^ ap_clk (in)
  46.90   46.90 ^ wire11924/Y (BUFx6f_ASAP7_75t_R)
  47.99   94.89 ^ wire11923/Y (BUFx12f_ASAP7_75t_R)
  87.70  182.59 ^ clkbuf_0_ap_clk/Y (BUFx24_ASAP7_75t_R)
  29.96  212.55 ^ clkbuf_1_1_0_ap_clk/Y (BUFx24_ASAP7_75t_R)
  35.39  247.94 ^ clkbuf_2_3_0_ap_clk/Y (BUFx24_ASAP7_75t_R)
  34.27  282.21 ^ clkbuf_2_3_1_ap_clk/Y (BUFx24_ASAP7_75t_R)
  38.85  321.06 ^ clkbuf_3_7_0_ap_clk/Y (BUFx24_ASAP7_75t_R)
  42.28  363.34 ^ clkbuf_5_30_0_ap_clk/Y (BUFx24_ASAP7_75t_R)
  32.88  396.22 ^ clkbuf_6_60__f_ap_clk/Y (BUFx24_ASAP7_75t_R)
  74.35  470.57 ^ clkbuf_leaf_511_ap_clk/Y (BUFx24_ASAP7_75t_R)
   0.41  470.98 ^ u31910/CLK (DFFHQNx1_ASAP7_75t_R)
  -6.77  464.22   clock reconvergence pessimism
  12.19  476.40   library hold time
         476.40   data required time
---------------------------------------------------------
         476.40   data required time
        -457.41   data arrival time
---------------------------------------------------------
         -18.99   slack (VIOLATED)



==========================================================================
cts final critical path target clock latency max path
--------------------------------------------------------------------------
393.7084

==========================================================================
cts final critical path target clock latency min path
--------------------------------------------------------------------------
471.8563

==========================================================================
cts final critical path source clock latency min path
--------------------------------------------------------------------------
0.0000

==========================================================================
cts final critical path delay
--------------------------------------------------------------------------
2859.9143

==========================================================================
cts final critical path slack
--------------------------------------------------------------------------
2568.8477

==========================================================================
cts final slack div critical path delay
--------------------------------------------------------------------------
89.822541

==========================================================================
cts final report_power
--------------------------------------------------------------------------
Group                  Internal  Switching    Leakage      Total
                          Power      Power      Power      Power (Watts)
----------------------------------------------------------------
Sequential             1.04e-02   4.38e-04   2.43e-06   1.09e-02   6.7%
Combinational          8.46e-02   6.08e-02   1.09e-05   1.45e-01  90.0%
Clock                  3.20e-03   2.10e-03   5.65e-07   5.30e-03   3.3%
Macro                  0.00e+00   0.00e+00   0.00e+00   0.00e+00   0.0%
Pad                    0.00e+00   0.00e+00   0.00e+00   0.00e+00   0.0%
----------------------------------------------------------------
Total                  9.83e-02   6.34e-02   1.39e-05   1.62e-01 100.0%
                          60.8%      39.2%       0.0%
