
==========================================================================
global route report_tns
--------------------------------------------------------------------------
tns max 0.00

==========================================================================
global route report_wns
--------------------------------------------------------------------------
wns max 0.00

==========================================================================
global route report_worst_slack
--------------------------------------------------------------------------
worst slack max 2481.14

==========================================================================
global route report_clock_min_period
--------------------------------------------------------------------------
core_clock period_min = 2518.86 fmax = 397.01

==========================================================================
global route report_clock_skew
--------------------------------------------------------------------------
Clock core_clock
 303.42 source latency u2068/CLK ^
-269.02 target latency u37127/CLK ^
  -2.47 CRPR
--------------
  31.93 setup skew


==========================================================================
global route report_checks -path_delay min
--------------------------------------------------------------------------
Startpoint: u114915 (rising edge-triggered flip-flop clocked by core_clock)
Endpoint: u113338 (rising edge-triggered flip-flop clocked by core_clock)
Path Group: core_clock
Path Type: min

Fanout     Cap    Slew   Delay    Time   Description
-----------------------------------------------------------------------------
                          0.00    0.00   clock core_clock (rise edge)
                          0.00    0.00   clock source latency
     1   14.68    0.00    0.00    0.00 ^ ap_clk (in)
                                         ap_clk (net)
                 17.59    5.55    5.55 ^ wire11924/A (BUFx6f_ASAP7_75t_R)
     1   14.50   20.18   17.41   22.96 ^ wire11924/Y (BUFx6f_ASAP7_75t_R)
                                         net11895 (net)
                 31.92    8.29   31.25 ^ wire11923/A (BUFx12f_ASAP7_75t_R)
     1   20.69   15.54   18.51   49.76 ^ wire11923/Y (BUFx12f_ASAP7_75t_R)
                                         net11894 (net)
                 48.62   14.79   64.55 ^ clkbuf_0_ap_clk/A (BUFx24_ASAP7_75t_R)
     2   15.48   13.46   28.59   93.14 ^ clkbuf_0_ap_clk/Y (BUFx24_ASAP7_75t_R)
                                         clknet_0_ap_clk (net)
                 17.43    3.77   96.91 ^ clkbuf_1_0_0_ap_clk/A (BUFx24_ASAP7_75t_R)
     2    9.84    9.33   20.52  117.43 ^ clkbuf_1_0_0_ap_clk/Y (BUFx24_ASAP7_75t_R)
                                         clknet_1_0_0_ap_clk (net)
                 14.47    3.63  121.06 ^ clkbuf_2_1_0_ap_clk/A (BUFx24_ASAP7_75t_R)
     1    9.95    9.33   19.65  140.71 ^ clkbuf_2_1_0_ap_clk/Y (BUFx24_ASAP7_75t_R)
                                         clknet_2_1_0_ap_clk (net)
                 15.41    4.02  144.72 ^ clkbuf_2_1_1_ap_clk/A (BUFx24_ASAP7_75t_R)
     2   14.94   11.85   20.29  165.01 ^ clkbuf_2_1_1_ap_clk/Y (BUFx24_ASAP7_75t_R)
                                         clknet_2_1_1_ap_clk (net)
                 19.83    5.10  170.11 ^ clkbuf_3_2_0_ap_clk/A (BUFx24_ASAP7_75t_R)
     4   19.38   14.28   22.30  192.41 ^ clkbuf_3_2_0_ap_clk/Y (BUFx24_ASAP7_75t_R)
                                         clknet_3_2_0_ap_clk (net)
                 18.94    4.12  196.53 ^ clkbuf_5_9_0_ap_clk/A (BUFx24_ASAP7_75t_R)
     2    9.53    9.53   21.10  217.63 ^ clkbuf_5_9_0_ap_clk/Y (BUFx24_ASAP7_75t_R)
                                         clknet_5_9_0_ap_clk (net)
                 12.88    2.95  220.58 ^ clkbuf_6_18__f_ap_clk/A (BUFx24_ASAP7_75t_R)
    10   33.92   21.72   22.17  242.75 ^ clkbuf_6_18__f_ap_clk/Y (BUFx24_ASAP7_75t_R)
                                         clknet_6_18__leaf_ap_clk (net)
                 24.18    3.80  246.54 ^ clkbuf_leaf_682_ap_clk/A (BUFx24_ASAP7_75t_R)
    23   15.50   12.69   23.57  270.12 ^ clkbuf_leaf_682_ap_clk/Y (BUFx24_ASAP7_75t_R)
                                         clknet_leaf_682_ap_clk (net)
                 13.44    1.55  271.67 ^ u114915/CLK (DFFHQNx1_ASAP7_75t_R)
     1    0.57   11.32   35.51  307.18 ^ u114915/QN (DFFHQNx1_ASAP7_75t_R)
                                         grp_uacc_section14_cost_core_fu_2333.mul_ln164_1_reg_2333[39] (net)
                 11.32    0.02  307.20 ^ u114916/A (INVx1_ASAP7_75t_R)
     2    1.47   10.19    8.28  315.49 v u114916/Y (INVx1_ASAP7_75t_R)
                                         n96393 (net)
                 10.20    0.11  315.59 v u113338/D (DFFHQNx1_ASAP7_75t_R)
                                315.59   data arrival time

                          0.00    0.00   clock core_clock (rise edge)
                          0.00    0.00   clock source latency
     1   14.96    0.00    0.00    0.00 ^ ap_clk (in)
                                         ap_clk (net)
                 18.29    5.77    5.77 ^ wire11924/A (BUFx6f_ASAP7_75t_R)
     1   15.04   20.82   17.63   23.40 ^ wire11924/Y (BUFx6f_ASAP7_75t_R)
                                         net11895 (net)
                 33.50    8.80   32.20 ^ wire11923/A (BUFx12f_ASAP7_75t_R)
     1   21.30   15.79   18.79   50.99 ^ wire11923/Y (BUFx12f_ASAP7_75t_R)
                                         net11894 (net)
                 50.91   15.53   66.52 ^ clkbuf_0_ap_clk/A (BUFx24_ASAP7_75t_R)
     2   16.68   14.10   29.08   95.60 ^ clkbuf_0_ap_clk/Y (BUFx24_ASAP7_75t_R)
                                         clknet_0_ap_clk (net)
                 18.03    3.80   99.40 ^ clkbuf_1_1_0_ap_clk/A (BUFx24_ASAP7_75t_R)
     2   11.30    9.63   20.75  120.16 ^ clkbuf_1_1_0_ap_clk/Y (BUFx24_ASAP7_75t_R)
                                         clknet_1_1_0_ap_clk (net)
                 17.02    4.46  124.62 ^ clkbuf_2_3_0_ap_clk/A (BUFx24_ASAP7_75t_R)
     1   10.17    9.33   20.37  144.99 ^ clkbuf_2_3_0_ap_clk/Y (BUFx24_ASAP7_75t_R)
                                         clknet_2_3_0_ap_clk (net)
                 16.23    4.30  149.29 ^ clkbuf_2_3_1_ap_clk/A (BUFx24_ASAP7_75t_R)
     2   16.52   12.54   20.59  169.88 ^ clkbuf_2_3_1_ap_clk/Y (BUFx24_ASAP7_75t_R)
                                         clknet_2_3_1_ap_clk (net)
                 22.07    5.78  175.67 ^ clkbuf_3_6_0_ap_clk/A (BUFx24_ASAP7_75t_R)
     4   20.79   15.11   22.90  198.57 ^ clkbuf_3_6_0_ap_clk/Y (BUFx24_ASAP7_75t_R)
                                         clknet_3_6_0_ap_clk (net)
                 23.38    5.83  204.40 ^ clkbuf_5_24_0_ap_clk/A (BUFx24_ASAP7_75t_R)
     2   12.54   11.10   22.46  226.86 ^ clkbuf_5_24_0_ap_clk/Y (BUFx24_ASAP7_75t_R)
                                         clknet_5_24_0_ap_clk (net)
                 15.48    3.58  230.45 ^ clkbuf_6_48__f_ap_clk/A (BUFx24_ASAP7_75t_R)
    15   63.24   33.88   24.28  254.73 ^ clkbuf_6_48__f_ap_clk/Y (BUFx24_ASAP7_75t_R)
                                         clknet_6_48__leaf_ap_clk (net)
                 56.13   14.99  269.73 ^ clkbuf_leaf_683_ap_clk/A (BUFx24_ASAP7_75t_R)
    23   18.42   15.23   30.44  300.16 ^ clkbuf_leaf_683_ap_clk/Y (BUFx24_ASAP7_75t_R)
                                         clknet_leaf_683_ap_clk (net)
                 17.21    2.79  302.96 ^ u113338/CLK (DFFHQNx1_ASAP7_75t_R)
                         -2.47  300.49   clock reconvergence pessimism
                         12.49  312.98   library hold time
                                312.98   data required time
-----------------------------------------------------------------------------
                                312.98   data required time
                               -315.59   data arrival time
-----------------------------------------------------------------------------
                                  2.61   slack (MET)



==========================================================================
global route report_checks -path_delay max
--------------------------------------------------------------------------
Startpoint: u43378 (rising edge-triggered flip-flop clocked by core_clock)
Endpoint: u39063 (rising edge-triggered flip-flop clocked by core_clock)
Path Group: core_clock
Path Type: max

Fanout     Cap    Slew   Delay    Time   Description
-----------------------------------------------------------------------------
                          0.00    0.00   clock core_clock (rise edge)
                          0.00    0.00   clock source latency
     1   14.96    0.00    0.00    0.00 ^ ap_clk (in)
                                         ap_clk (net)
                 18.29    5.77    5.77 ^ wire11924/A (BUFx6f_ASAP7_75t_R)
     1   15.04   20.82   17.63   23.40 ^ wire11924/Y (BUFx6f_ASAP7_75t_R)
                                         net11895 (net)
                 33.50    8.80   32.20 ^ wire11923/A (BUFx12f_ASAP7_75t_R)
     1   21.30   15.79   18.79   50.99 ^ wire11923/Y (BUFx12f_ASAP7_75t_R)
                                         net11894 (net)
                 50.91   15.53   66.52 ^ clkbuf_0_ap_clk/A (BUFx24_ASAP7_75t_R)
     2   16.68   14.10   29.08   95.60 ^ clkbuf_0_ap_clk/Y (BUFx24_ASAP7_75t_R)
                                         clknet_0_ap_clk (net)
                 18.65    4.14   99.74 ^ clkbuf_1_0_0_ap_clk/A (BUFx24_ASAP7_75t_R)
     2   11.04    9.65   20.95  120.70 ^ clkbuf_1_0_0_ap_clk/Y (BUFx24_ASAP7_75t_R)
                                         clknet_1_0_0_ap_clk (net)
                 16.05    4.12  124.82 ^ clkbuf_2_1_0_ap_clk/A (BUFx24_ASAP7_75t_R)
     1   10.56    9.48   20.15  144.96 ^ clkbuf_2_1_0_ap_clk/Y (BUFx24_ASAP7_75t_R)
                                         clknet_2_1_0_ap_clk (net)
                 16.43    4.34  149.30 ^ clkbuf_2_1_1_ap_clk/A (BUFx24_ASAP7_75t_R)
     2   16.14   12.40   20.65  169.95 ^ clkbuf_2_1_1_ap_clk/Y (BUFx24_ASAP7_75t_R)
                                         clknet_2_1_1_ap_clk (net)
                 21.41    5.57  175.52 ^ clkbuf_3_2_0_ap_clk/A (BUFx24_ASAP7_75t_R)
     4   21.78   15.51   22.86  198.38 ^ clkbuf_3_2_0_ap_clk/Y (BUFx24_ASAP7_75t_R)
                                         clknet_3_2_0_ap_clk (net)
                 21.08    4.70  203.07 ^ clkbuf_5_9_0_ap_clk/A (BUFx24_ASAP7_75t_R)
     2   10.73   10.02   21.82  224.89 ^ clkbuf_5_9_0_ap_clk/Y (BUFx24_ASAP7_75t_R)
                                         clknet_5_9_0_ap_clk (net)
                 11.32    1.59  226.48 ^ clkbuf_6_19__f_ap_clk/A (BUFx24_ASAP7_75t_R)
    12   41.49   25.49   22.24  248.72 ^ clkbuf_6_19__f_ap_clk/Y (BUFx24_ASAP7_75t_R)
                                         clknet_6_19__leaf_ap_clk (net)
                 31.65    6.41  255.13 ^ clkbuf_leaf_654_ap_clk/A (BUFx24_ASAP7_75t_R)
    15   19.57   15.05   25.66  280.79 ^ clkbuf_leaf_654_ap_clk/Y (BUFx24_ASAP7_75t_R)
                                         clknet_leaf_654_ap_clk (net)
                 17.15    2.86  283.65 ^ u43378/CLK (DFFHQNx2_ASAP7_75t_R)
    36   42.61  147.56   98.78  382.43 ^ u43378/QN (DFFHQNx2_ASAP7_75t_R)
                                         grp_uacc_section14_cost_core_fu_2333.uacc_section14_allocator_mul_16ns_114ns_129_7_1_U17.uacc_section14_allocator_uacc_section14_allocator_mul_16ns_114ns_129_7_1_Mul_DSP_4_U.a_reg0[4] (net)
                151.57   13.42  395.85 ^ u49327/A (INVx2_ASAP7_75t_R)
     8    6.40   44.06   30.87  426.71 v u49327/Y (INVx2_ASAP7_75t_R)
                                         n37568 (net)
                 44.07    0.32  427.04 v u49531/C (OR4x1_ASAP7_75t_R)
     1    1.57   15.09   34.47  461.51 v u49531/Y (OR4x1_ASAP7_75t_R)
                                         n37772 (net)
                 15.11    0.24  461.75 v u49532/A (AND2x2_ASAP7_75t_R)
     1    1.31    7.01   17.94  479.69 v u49532/Y (AND2x2_ASAP7_75t_R)
                                         n37773 (net)
                  7.02    0.14  479.83 v u49533/A (XOR2x2_ASAP7_75t_R)
     2    2.47   12.11   25.86  505.68 ^ u49533/Y (XOR2x2_ASAP7_75t_R)
                                         n37774 (net)
                 12.13    0.23  505.92 ^ u49577/A (XOR2x2_ASAP7_75t_R)
     2    2.07   11.07   26.63  532.54 ^ u49577/Y (XOR2x2_ASAP7_75t_R)
                                         n37818 (net)
                 11.07    0.08  532.62 ^ u49578/B (XOR2x2_ASAP7_75t_R)
     1    1.24    8.30   25.30  557.92 ^ u49578/Y (XOR2x2_ASAP7_75t_R)
                                         n37819 (net)
                  8.31    0.14  558.06 ^ u49581/A (XOR2x2_ASAP7_75t_R)
     2    2.10   11.06   25.56  583.62 ^ u49581/Y (XOR2x2_ASAP7_75t_R)
                                         n37822 (net)
                 11.08    0.24  583.86 ^ u49582/B (XNOR2x2_ASAP7_75t_R)
     2    2.46   11.25   27.76  611.63 v u49582/Y (XNOR2x2_ASAP7_75t_R)
                                         n37823 (net)
                 11.26    0.08  611.71 v u49623/A (NOR2x1_ASAP7_75t_R)
     2    2.32   17.86   12.60  624.31 ^ u49623/Y (NOR2x1_ASAP7_75t_R)
                                         n37864 (net)
                 17.86    0.15  624.46 ^ u49624/B (AO21x1_ASAP7_75t_R)
     2    2.78   20.00   19.18  643.64 ^ u49624/Y (AO21x1_ASAP7_75t_R)
                                         n37865 (net)
                 20.02    0.32  643.96 ^ u49626/B (MAJx2_ASAP7_75t_R)
     2    2.36   12.15   24.11  668.07 ^ u49626/Y (MAJx2_ASAP7_75t_R)
                                         n37867 (net)
                 12.19    0.36  668.44 ^ u49628/B1 (AO22x2_ASAP7_75t_R)
     2    3.14   14.26   20.00  688.44 ^ u49628/Y (AO22x2_ASAP7_75t_R)
                                         n37869 (net)
                 14.31    0.43  688.87 ^ u49630/B (MAJx2_ASAP7_75t_R)
     3    3.31   15.02   24.04  712.90 ^ u49630/Y (MAJx2_ASAP7_75t_R)
                                         n37871 (net)
                 15.07    0.47  713.38 ^ u49644/B (AO21x1_ASAP7_75t_R)
     1    0.98    9.27   13.64  727.02 ^ u49644/Y (AO21x1_ASAP7_75t_R)
                                         n37885 (net)
                  9.27    0.11  727.13 ^ u49646/C (AND4x1_ASAP7_75t_R)
     3    3.95   30.12   32.58  759.71 ^ u49646/Y (AND4x1_ASAP7_75t_R)
                                         n37887 (net)
                 30.14    0.34  760.05 ^ u49651/B (NOR2x1_ASAP7_75t_R)
     2    2.05   17.87   14.98  775.03 v u49651/Y (NOR2x1_ASAP7_75t_R)
                                         n37892 (net)
                 17.87    0.10  775.13 v u49679/A (AND2x2_ASAP7_75t_R)
     2    2.62   10.34   20.89  796.02 v u49679/Y (AND2x2_ASAP7_75t_R)
                                         n37920 (net)
                 10.35    0.16  796.18 v u49680/B (AND2x4_ASAP7_75t_R)
     2    2.71    7.00   14.96  811.14 v u49680/Y (AND2x4_ASAP7_75t_R)
                                         n37921 (net)
                  7.03    0.24  811.38 v u49687/A (NAND2x1_ASAP7_75t_R)
     3    4.11   29.95   17.39  828.77 ^ u49687/Y (NAND2x1_ASAP7_75t_R)
                                         n37928 (net)
                 29.99    0.57  829.34 ^ u49691/A (NOR2x1_ASAP7_75t_R)
     3    2.97   23.39   19.51  848.85 v u49691/Y (NOR2x1_ASAP7_75t_R)
                                         n37932 (net)
                 23.40    0.26  849.11 v u49692/B2 (AO22x2_ASAP7_75t_R)
     2    4.55   17.56   27.64  876.74 v u49692/Y (AO22x2_ASAP7_75t_R)
                                         n37933 (net)
                 18.00    1.53  878.28 v u49695/B (MAJx2_ASAP7_75t_R)
     3    3.06   13.31   26.90  905.18 v u49695/Y (MAJx2_ASAP7_75t_R)
                                         n37936 (net)
                 13.36    0.46  905.64 v u49696/B2 (AO222x2_ASAP7_75t_R)
     1    0.76    9.32   30.85  936.49 v u49696/Y (AO222x2_ASAP7_75t_R)
                                         n37937 (net)
                  9.33    0.07  936.56 v u49697/B (OA21x2_ASAP7_75t_R)
     2    2.82   11.91   15.73  952.29 v u49697/Y (OA21x2_ASAP7_75t_R)
                                         n37938 (net)
                 11.99    0.54  952.83 v u49699/B1 (AO22x2_ASAP7_75t_R)
     2    3.45   13.90   23.97  976.80 v u49699/Y (AO22x2_ASAP7_75t_R)
                                         n37940 (net)
                 13.99    0.62  977.42 v u49701/B (MAJx2_ASAP7_75t_R)
     2    2.98   13.14   25.59 1003.02 v u49701/Y (MAJx2_ASAP7_75t_R)
                                         n37942 (net)
                 13.23    0.58 1003.59 v u49703/B1 (AO22x2_ASAP7_75t_R)
     2    3.16   13.10   23.99 1027.58 v u49703/Y (AO22x2_ASAP7_75t_R)
                                         n37944 (net)
                 13.18    0.56 1028.14 v u49705/B (MAJx2_ASAP7_75t_R)
     2    2.03   10.56   23.85 1051.99 v u49705/Y (MAJx2_ASAP7_75t_R)
                                         n37946 (net)
                 10.58    0.26 1052.25 v u49707/B1 (AO22x2_ASAP7_75t_R)
     2    3.07   12.75   23.08 1075.32 v u49707/Y (AO22x2_ASAP7_75t_R)
                                         n37948 (net)
                 12.80    0.43 1075.75 v u49709/B (MAJx2_ASAP7_75t_R)
     2    2.55   11.99   24.56 1100.30 v u49709/Y (MAJx2_ASAP7_75t_R)
                                         n37950 (net)
                 12.04    0.43 1100.73 v u49711/B1 (AO22x2_ASAP7_75t_R)
     2    3.29   13.34   23.85 1124.59 v u49711/Y (AO22x2_ASAP7_75t_R)
                                         n37952 (net)
                 13.38    0.40 1124.99 v u49713/B (MAJx2_ASAP7_75t_R)
     2    1.95   10.28   23.78 1148.77 v u49713/Y (MAJx2_ASAP7_75t_R)
                                         n37954 (net)
                 10.29    0.19 1148.96 v u49715/B1 (AO22x2_ASAP7_75t_R)
     2    2.56   11.29   22.25 1171.22 v u49715/Y (AO22x2_ASAP7_75t_R)
                                         n37956 (net)
                 11.29    0.13 1171.35 v u49717/B (MAJx2_ASAP7_75t_R)
     3    2.71   12.30   24.43 1195.78 v u49717/Y (MAJx2_ASAP7_75t_R)
                                         n37958 (net)
                 12.33    0.32 1196.10 v u49721/A3 (AO32x1_ASAP7_75t_R)
     2    2.46   17.35   28.78 1224.88 v u49721/Y (AO32x1_ASAP7_75t_R)
                                         n37962 (net)
                 17.38    0.35 1225.23 v u49722/B2 (AO22x2_ASAP7_75t_R)
     2    3.31   13.36   24.71 1249.94 v u49722/Y (AO22x2_ASAP7_75t_R)
                                         n37963 (net)
                 13.38    0.33 1250.28 v u49724/B (MAJx2_ASAP7_75t_R)
     2    3.19   13.78   25.69 1275.97 v u49724/Y (MAJx2_ASAP7_75t_R)
                                         n37965 (net)
                 13.89    0.68 1276.65 v u49726/B1 (AO22x2_ASAP7_75t_R)
     2    3.22   13.24   24.30 1300.96 v u49726/Y (AO22x2_ASAP7_75t_R)
                                         n37967 (net)
                 13.30    0.50 1301.45 v u49728/B (MAJx2_ASAP7_75t_R)
     3    2.84   12.59   25.25 1326.70 v u49728/Y (MAJx2_ASAP7_75t_R)
                                         n37969 (net)
                 12.62    0.34 1327.04 v u49729/C (AND3x1_ASAP7_75t_R)
     1    0.77    6.41   13.97 1341.02 v u49729/Y (AND3x1_ASAP7_75t_R)
                                         n37970 (net)
                  6.41    0.04 1341.06 v u49732/A (OR2x2_ASAP7_75t_R)
     3    4.00   15.24   20.64 1361.69 v u49732/Y (OR2x2_ASAP7_75t_R)
                                         n37973 (net)
                 15.41    0.88 1362.58 v u49733/C (AND3x1_ASAP7_75t_R)
     1    1.00    7.61   15.38 1377.96 v u49733/Y (AND3x1_ASAP7_75t_R)
                                         n37974 (net)
                  7.62    0.08 1378.04 v u49736/A (OR2x2_ASAP7_75t_R)
     3    2.72   11.30   19.35 1397.39 v u49736/Y (OR2x2_ASAP7_75t_R)
                                         n37977 (net)
                 11.31    0.15 1397.54 v u49750/A1 (AO32x1_ASAP7_75t_R)
     2    3.46   22.61   27.97 1425.51 v u49750/Y (AO32x1_ASAP7_75t_R)
                                         n37991 (net)
                 22.70    0.80 1426.30 v u49751/B2 (AO22x2_ASAP7_75t_R)
     2    2.73   11.81   25.40 1451.70 v u49751/Y (AO22x2_ASAP7_75t_R)
                                         n37992 (net)
                 11.83    0.30 1452.00 v u49753/B (MAJx2_ASAP7_75t_R)
     2    2.09   10.65   23.56 1475.56 v u49753/Y (MAJx2_ASAP7_75t_R)
                                         n37994 (net)
                 10.66    0.20 1475.76 v u49755/B1 (AO22x2_ASAP7_75t_R)
     2    2.91   12.21   22.88 1498.64 v u49755/Y (AO22x2_ASAP7_75t_R)
                                         n37996 (net)
                 12.24    0.33 1498.97 v u49757/B (MAJx2_ASAP7_75t_R)
     2    1.87    9.99   23.34 1522.32 v u49757/Y (MAJx2_ASAP7_75t_R)
                                         n37998 (net)
                 10.00    0.11 1522.43 v u49759/B1 (AO22x2_ASAP7_75t_R)
     2    2.78   11.89   22.45 1544.88 v u49759/Y (AO22x2_ASAP7_75t_R)
                                         n38000 (net)
                 11.92    0.31 1545.19 v u49761/B (MAJx2_ASAP7_75t_R)
     3    2.66   12.17   24.57 1569.76 v u49761/Y (MAJx2_ASAP7_75t_R)
                                         n38002 (net)
                 12.19    0.23 1569.99 v u49765/A3 (AO32x1_ASAP7_75t_R)
     3    2.88   19.25   29.93 1599.92 v u49765/Y (AO32x1_ASAP7_75t_R)
                                         n38006 (net)
                 19.28    0.34 1600.26 v u49779/A1 (AO32x1_ASAP7_75t_R)
     2    2.39   16.97   27.05 1627.32 v u49779/Y (AO32x1_ASAP7_75t_R)
                                         n38020 (net)
                 16.98    0.29 1627.60 v u49780/B2 (AO22x2_ASAP7_75t_R)
     2    2.76   11.76   23.86 1651.46 v u49780/Y (AO22x2_ASAP7_75t_R)
                                         n38021 (net)
                 11.78    0.24 1651.70 v u49782/B (MAJx2_ASAP7_75t_R)
     2    3.67   15.33   25.78 1677.48 v u49782/Y (MAJx2_ASAP7_75t_R)
                                         n38023 (net)
                 15.52    0.94 1678.42 v u49784/B (MAJx2_ASAP7_75t_R)
     2    3.03   13.09   26.19 1704.61 v u49784/Y (MAJx2_ASAP7_75t_R)
                                         n38025 (net)
                 13.13    0.38 1704.99 v u49786/B (MAJx2_ASAP7_75t_R)
     3    3.24   13.94   25.68 1730.67 v u49786/Y (MAJx2_ASAP7_75t_R)
                                         n38027 (net)
                 14.05    0.69 1731.36 v u49787/C (AND3x1_ASAP7_75t_R)
     1    0.66    5.94   14.10 1745.46 v u49787/Y (AND3x1_ASAP7_75t_R)
                                         n38028 (net)
                  5.94    0.03 1745.49 v u49790/A (OR2x2_ASAP7_75t_R)
     3    3.51   13.83   19.88 1765.37 v u49790/Y (OR2x2_ASAP7_75t_R)
                                         n38031 (net)
                 13.96    0.74 1766.11 v u49793/A (AND3x1_ASAP7_75t_R)
     2    3.13   18.48   18.61 1784.72 v u49793/Y (AND3x1_ASAP7_75t_R)
                                         n38034 (net)
                 18.51    0.52 1785.24 v u49794/B2 (OAI22x1_ASAP7_75t_R)
     2    3.47   30.54   20.16 1805.40 ^ u49794/Y (OAI22x1_ASAP7_75t_R)
                                         n38035 (net)
                 30.59    0.73 1806.13 ^ u49795/B (NOR2x1_ASAP7_75t_R)
     3    2.26   18.85   15.76 1821.90 v u49795/Y (NOR2x1_ASAP7_75t_R)
                                         n38036 (net)
                 18.86    0.14 1822.03 v u49801/A1 (AO21x1_ASAP7_75t_R)
     2    2.36   15.49   22.78 1844.82 v u49801/Y (AO21x1_ASAP7_75t_R)
                                         n38042 (net)
                 15.51    0.29 1845.11 v u49802/B2 (AO22x2_ASAP7_75t_R)
     2    2.92   12.22   23.63 1868.73 v u49802/Y (AO22x2_ASAP7_75t_R)
                                         n38043 (net)
                 12.26    0.33 1869.07 v u49804/B (MAJx2_ASAP7_75t_R)
     3    2.58   11.91   24.51 1893.57 v u49804/Y (MAJx2_ASAP7_75t_R)
                                         n38045 (net)
                 11.93    0.28 1893.85 v u49805/B2 (AO222x2_ASAP7_75t_R)
     1    0.95    9.78   30.93 1924.78 v u49805/Y (AO222x2_ASAP7_75t_R)
                                         n38046 (net)
                  9.78    0.10 1924.88 v u49806/B (OA21x2_ASAP7_75t_R)
     3    4.51   17.00   17.77 1942.65 v u49806/Y (OA21x2_ASAP7_75t_R)
                                         n38047 (net)
                 17.24    1.12 1943.77 v u49844/A (NAND3x1_ASAP7_75t_R)
     2    2.36   23.97   15.62 1959.39 ^ u49844/Y (NAND3x1_ASAP7_75t_R)
                                         n38085 (net)
                 23.99    0.31 1959.70 ^ u49858/A1 (AO32x1_ASAP7_75t_R)
     3    3.18   24.38   28.91 1988.62 ^ u49858/Y (AO32x1_ASAP7_75t_R)
                                         n38099 (net)
                 24.41    0.56 1989.18 ^ u49861/B (OA211x2_ASAP7_75t_R)
     2    4.17   19.37   28.43 2017.60 ^ u49861/Y (OA211x2_ASAP7_75t_R)
                                         n38102 (net)
                 19.66    1.29 2018.90 ^ u49862/C (NOR3x1_ASAP7_75t_R)
     3    2.42   22.42   18.26 2037.16 v u49862/Y (NOR3x1_ASAP7_75t_R)
                                         n38103 (net)
                 22.42    0.16 2037.32 v u49868/A1 (AO21x1_ASAP7_75t_R)
     3    3.51   21.53   26.34 2063.66 v u49868/Y (AO21x1_ASAP7_75t_R)
                                         n38109 (net)
                 21.61    0.71 2064.38 v u49869/C (AND3x1_ASAP7_75t_R)
     1    0.73    6.50   16.31 2080.68 v u49869/Y (AND3x1_ASAP7_75t_R)
                                         n38110 (net)
                  6.50    0.06 2080.74 v u49872/A (OR2x2_ASAP7_75t_R)
     3    3.65   14.23   20.19 2100.94 v u49872/Y (OR2x2_ASAP7_75t_R)
                                         n38113 (net)
                 14.39    0.82 2101.76 v u49907/A (AND3x1_ASAP7_75t_R)
     2    1.87   11.92   15.83 2117.58 v u49907/Y (AND3x1_ASAP7_75t_R)
                                         n38148 (net)
                 11.93    0.23 2117.81 v u49920/A (OR3x1_ASAP7_75t_R)
     2    1.59   13.08   22.70 2140.52 v u49920/Y (OR3x1_ASAP7_75t_R)
                                         n38161 (net)
                 13.09    0.17 2140.69 v u49924/A (AND2x2_ASAP7_75t_R)
     2    2.12    9.11   18.51 2159.21 v u49924/Y (AND2x2_ASAP7_75t_R)
                                         n38165 (net)
                  9.13    0.21 2159.41 v u49925/C (AND3x1_ASAP7_75t_R)
     1    1.54   10.16   14.91 2174.33 v u49925/Y (AND3x1_ASAP7_75t_R)
                                         n38166 (net)
                 10.17    0.19 2174.52 v u49928/A (OR2x6_ASAP7_75t_R)
     3    3.92    9.24   20.21 2194.73 v u49928/Y (OR2x6_ASAP7_75t_R)
                                         n38169 (net)
                  9.33    0.47 2195.20 v u49931/A (NOR2x1_ASAP7_75t_R)
     1    0.91   10.02    8.42 2203.62 ^ u49931/Y (NOR2x1_ASAP7_75t_R)
                                         n38172 (net)
                 10.02    0.09 2203.71 ^ u49932/B (AO21x1_ASAP7_75t_R)
     2    2.91   20.86   17.67 2221.39 ^ u49932/Y (AO21x1_ASAP7_75t_R)
                                         n38173 (net)
                 20.91    0.62 2222.01 ^ u49934/A (NOR2x1_ASAP7_75t_R)
     2    1.73   15.57   13.96 2235.96 v u49934/Y (NOR2x1_ASAP7_75t_R)
                                         n38175 (net)
                 15.58    0.14 2236.11 v u49935/B (AO21x1_ASAP7_75t_R)
     2    3.10   19.08   23.58 2259.69 v u49935/Y (AO21x1_ASAP7_75t_R)
                                         n38176 (net)
                 19.10    0.43 2260.12 v u49937/B (MAJx2_ASAP7_75t_R)
     2    2.65   12.13   26.59 2286.71 v u49937/Y (MAJx2_ASAP7_75t_R)
                                         n38178 (net)
                 12.16    0.35 2287.06 v u49938/B (NAND2x1_ASAP7_75t_R)
     3    3.68   27.56   16.68 2303.73 ^ u49938/Y (NAND2x1_ASAP7_75t_R)
                                         n38179 (net)
                 27.57    0.24 2303.98 ^ u49939/C (AND3x1_ASAP7_75t_R)
     1    0.78    9.57   19.85 2323.83 ^ u49939/Y (AND3x1_ASAP7_75t_R)
                                         n38180 (net)
                  9.57    0.07 2323.90 ^ u49940/B (OR2x2_ASAP7_75t_R)
     2    2.79   12.04   16.91 2340.81 ^ u49940/Y (OR2x2_ASAP7_75t_R)
                                         n38181 (net)
                 12.10    0.47 2341.28 ^ u49941/B (NOR2x1_ASAP7_75t_R)
     3    2.45   17.07   12.00 2353.28 v u49941/Y (NOR2x1_ASAP7_75t_R)
                                         n38182 (net)
                 17.08    0.27 2353.55 v u49947/A1 (AO21x1_ASAP7_75t_R)
     3    2.51   16.18   22.68 2376.23 v u49947/Y (AO21x1_ASAP7_75t_R)
                                         n38188 (net)
                 16.19    0.22 2376.45 v u49948/C (AND3x1_ASAP7_75t_R)
     1    0.77    6.51   15.00 2391.45 v u49948/Y (AND3x1_ASAP7_75t_R)
                                         n38189 (net)
                  6.51    0.04 2391.49 v u49951/A (OR2x2_ASAP7_75t_R)
     3    2.94   11.95   19.37 2410.86 v u49951/Y (OR2x2_ASAP7_75t_R)
                                         n38192 (net)
                 11.98    0.30 2411.15 v u49953/C1 (AO222x2_ASAP7_75t_R)
     1    0.80    9.42   28.44 2439.60 v u49953/Y (AO222x2_ASAP7_75t_R)
                                         n38194 (net)
                  9.42    0.07 2439.67 v u49954/B (OA21x2_ASAP7_75t_R)
     3    2.91   11.98   15.97 2455.64 v u49954/Y (OA21x2_ASAP7_75t_R)
                                         n38195 (net)
                 12.02    0.36 2456.00 v u49958/A3 (AO32x1_ASAP7_75t_R)
     3    2.97   19.81   30.10 2486.10 v u49958/Y (AO32x1_ASAP7_75t_R)
                                         n38199 (net)
                 19.85    0.46 2486.56 v u49993/A (AND3x1_ASAP7_75t_R)
     2    1.52   10.19   16.38 2502.94 v u49993/Y (AND3x1_ASAP7_75t_R)
                                         n38234 (net)
                 10.20    0.11 2503.05 v u50006/A (OR3x1_ASAP7_75t_R)
     1    1.41   12.09   21.66 2524.71 v u50006/Y (OR3x1_ASAP7_75t_R)
                                         n38247 (net)
                 12.10    0.15 2524.86 v u50010/A (AND2x4_ASAP7_75t_R)
     3    4.11    9.04   17.45 2542.31 v u50010/Y (AND2x4_ASAP7_75t_R)
                                         n38251 (net)
                  9.10    0.40 2542.71 v u50014/A (NOR2x1_ASAP7_75t_R)
     2    2.31   17.32   12.00 2554.71 ^ u50014/Y (NOR2x1_ASAP7_75t_R)
                                         n38255 (net)
                 17.34    0.26 2554.97 ^ u50015/C (NOR3x1_ASAP7_75t_R)
     3    2.27   20.71   17.17 2572.13 v u50015/Y (NOR3x1_ASAP7_75t_R)
                                         n38256 (net)
                 20.71    0.12 2572.25 v u50021/A1 (AO21x1_ASAP7_75t_R)
     3    2.68   17.03   24.09 2596.34 v u50021/Y (AO21x1_ASAP7_75t_R)
                                         n38262 (net)
                 17.06    0.34 2596.67 v u50022/C (AND3x1_ASAP7_75t_R)
     1    1.43    9.79   17.02 2613.69 v u50022/Y (AND3x1_ASAP7_75t_R)
                                         n38263 (net)
                  9.80    0.16 2613.85 v u50025/A (OR2x6_ASAP7_75t_R)
     3    4.46   10.33   20.20 2634.04 v u50025/Y (OR2x6_ASAP7_75t_R)
                                         n38266 (net)
                 10.96    1.34 2635.38 v u50028/A (AND3x1_ASAP7_75t_R)
     2    3.53   20.66   18.68 2654.06 v u50028/Y (AND3x1_ASAP7_75t_R)
                                         n38269 (net)
                 20.74    0.76 2654.82 v u50363/A (OR2x6_ASAP7_75t_R)
     3    3.53    8.80   23.26 2678.08 v u50363/Y (OR2x6_ASAP7_75t_R)
                                         n38598 (net)
                  8.85    0.34 2678.42 v u50364/A (AND3x1_ASAP7_75t_R)
     2    1.93   12.14   14.54 2692.97 v u50364/Y (AND3x1_ASAP7_75t_R)
                                         n38599 (net)
                 12.14    0.10 2693.07 v u50366/A (NOR2x1_ASAP7_75t_R)
     2    2.70   20.23   13.78 2706.85 ^ u50366/Y (NOR2x1_ASAP7_75t_R)
                                         n38601 (net)
                 20.24    0.15 2707.00 ^ u50369/A1 (OAI21x1_ASAP7_75t_R)
     4    5.31   30.28   17.53 2724.53 v u50369/Y (OAI21x1_ASAP7_75t_R)
                                         n38604 (net)
                 30.43    1.19 2725.72 v u50370/C (AND3x1_ASAP7_75t_R)
     1    0.76    6.88   18.18 2743.90 v u50370/Y (AND3x1_ASAP7_75t_R)
                                         n38605 (net)
                  6.88    0.04 2743.95 v u50371/B (OR2x2_ASAP7_75t_R)
     2    2.57   11.00   18.59 2762.54 v u50371/Y (OR2x2_ASAP7_75t_R)
                                         n38606 (net)
                 11.01    0.22 2762.76 v u50372/B (MAJx2_ASAP7_75t_R)
     1    1.13    7.90   21.71 2784.48 v u50372/Y (MAJx2_ASAP7_75t_R)
                                         n38607 (net)
                  7.91    0.07 2784.55 v u50373/B (XNOR2x2_ASAP7_75t_R)
     1    0.80    6.92   20.11 2804.66 ^ u50373/Y (XNOR2x2_ASAP7_75t_R)
                                         grp_uacc_section14_cost_core_fu_2333.uacc_section14_allocator_mul_16ns_114ns_129_7_1_U17.uacc_section14_allocator_uacc_section14_allocator_mul_16ns_114ns_129_7_1_Mul_DSP_4_U.tmp_product[123]* (net)
                  6.93    0.07 2804.73 ^ u39063/D (DFFHQNx1_ASAP7_75t_R)
                               2804.73   data arrival time

                       5000.00 5000.00   clock core_clock (rise edge)
                          0.00 5000.00   clock source latency
     1   14.68    0.00    0.00 5000.00 ^ ap_clk (in)
                                         ap_clk (net)
                 17.59    5.55 5005.55 ^ wire11924/A (BUFx6f_ASAP7_75t_R)
     1   14.50   20.18   17.41 5022.96 ^ wire11924/Y (BUFx6f_ASAP7_75t_R)
                                         net11895 (net)
                 31.92    8.29 5031.25 ^ wire11923/A (BUFx12f_ASAP7_75t_R)
     1   20.69   15.54   18.51 5049.76 ^ wire11923/Y (BUFx12f_ASAP7_75t_R)
                                         net11894 (net)
                 48.62   14.79 5064.55 ^ clkbuf_0_ap_clk/A (BUFx24_ASAP7_75t_R)
     2   15.48   13.46   28.59 5093.14 ^ clkbuf_0_ap_clk/Y (BUFx24_ASAP7_75t_R)
                                         clknet_0_ap_clk (net)
                 16.86    3.45 5096.58 ^ clkbuf_1_1_0_ap_clk/A (BUFx24_ASAP7_75t_R)
     2   10.10    9.33   20.34 5116.92 ^ clkbuf_1_1_0_ap_clk/Y (BUFx24_ASAP7_75t_R)
                                         clknet_1_1_0_ap_clk (net)
                 15.31    3.95 5120.87 ^ clkbuf_2_3_0_ap_clk/A (BUFx24_ASAP7_75t_R)
     1    9.57    9.18   19.84 5140.71 ^ clkbuf_2_3_0_ap_clk/Y (BUFx24_ASAP7_75t_R)
                                         clknet_2_3_0_ap_clk (net)
                 15.20    3.97 5144.68 ^ clkbuf_2_3_1_ap_clk/A (BUFx24_ASAP7_75t_R)
     2   15.32   12.01   20.24 5164.92 ^ clkbuf_2_3_1_ap_clk/Y (BUFx24_ASAP7_75t_R)
                                         clknet_2_3_1_ap_clk (net)
                 20.00    5.11 5170.03 ^ clkbuf_3_7_0_ap_clk/A (BUFx24_ASAP7_75t_R)
     4   20.75   14.97   22.17 5192.20 ^ clkbuf_3_7_0_ap_clk/Y (BUFx24_ASAP7_75t_R)
                                         clknet_3_7_0_ap_clk (net)
                 23.41    5.80 5198.00 ^ clkbuf_5_28_0_ap_clk/A (BUFx24_ASAP7_75t_R)
     2    9.81    9.77   22.25 5220.25 ^ clkbuf_5_28_0_ap_clk/Y (BUFx24_ASAP7_75t_R)
                                         clknet_5_28_0_ap_clk (net)
                 13.02    2.87 5223.13 ^ clkbuf_6_57__f_ap_clk/A (BUFx24_ASAP7_75t_R)
    13   39.95   22.95   20.27 5243.39 ^ clkbuf_6_57__f_ap_clk/Y (BUFx24_ASAP7_75t_R)
                                         clknet_6_57__leaf_ap_clk (net)
                 51.87   14.92 5258.31 ^ clkbuf_leaf_478_ap_clk/A (BUFx24_ASAP7_75t_R)
    20   12.60   12.30   29.03 5287.34 ^ clkbuf_leaf_478_ap_clk/Y (BUFx24_ASAP7_75t_R)
                                         clknet_leaf_478_ap_clk (net)
                 13.03    1.47 5288.81 ^ u39063/CLK (DFFHQNx1_ASAP7_75t_R)
                          2.47 5291.27   clock reconvergence pessimism
                         -5.40 5285.87   library setup time
                               5285.87   data required time
-----------------------------------------------------------------------------
                               5285.87   data required time
                               -2804.73   data arrival time
-----------------------------------------------------------------------------
                               2481.14   slack (MET)



==========================================================================
global route report_checks -unconstrained
--------------------------------------------------------------------------
Startpoint: u43378 (rising edge-triggered flip-flop clocked by core_clock)
Endpoint: u39063 (rising edge-triggered flip-flop clocked by core_clock)
Path Group: core_clock
Path Type: max

Fanout     Cap    Slew   Delay    Time   Description
-----------------------------------------------------------------------------
                          0.00    0.00   clock core_clock (rise edge)
                          0.00    0.00   clock source latency
     1   14.96    0.00    0.00    0.00 ^ ap_clk (in)
                                         ap_clk (net)
                 18.29    5.77    5.77 ^ wire11924/A (BUFx6f_ASAP7_75t_R)
     1   15.04   20.82   17.63   23.40 ^ wire11924/Y (BUFx6f_ASAP7_75t_R)
                                         net11895 (net)
                 33.50    8.80   32.20 ^ wire11923/A (BUFx12f_ASAP7_75t_R)
     1   21.30   15.79   18.79   50.99 ^ wire11923/Y (BUFx12f_ASAP7_75t_R)
                                         net11894 (net)
                 50.91   15.53   66.52 ^ clkbuf_0_ap_clk/A (BUFx24_ASAP7_75t_R)
     2   16.68   14.10   29.08   95.60 ^ clkbuf_0_ap_clk/Y (BUFx24_ASAP7_75t_R)
                                         clknet_0_ap_clk (net)
                 18.65    4.14   99.74 ^ clkbuf_1_0_0_ap_clk/A (BUFx24_ASAP7_75t_R)
     2   11.04    9.65   20.95  120.70 ^ clkbuf_1_0_0_ap_clk/Y (BUFx24_ASAP7_75t_R)
                                         clknet_1_0_0_ap_clk (net)
                 16.05    4.12  124.82 ^ clkbuf_2_1_0_ap_clk/A (BUFx24_ASAP7_75t_R)
     1   10.56    9.48   20.15  144.96 ^ clkbuf_2_1_0_ap_clk/Y (BUFx24_ASAP7_75t_R)
                                         clknet_2_1_0_ap_clk (net)
                 16.43    4.34  149.30 ^ clkbuf_2_1_1_ap_clk/A (BUFx24_ASAP7_75t_R)
     2   16.14   12.40   20.65  169.95 ^ clkbuf_2_1_1_ap_clk/Y (BUFx24_ASAP7_75t_R)
                                         clknet_2_1_1_ap_clk (net)
                 21.41    5.57  175.52 ^ clkbuf_3_2_0_ap_clk/A (BUFx24_ASAP7_75t_R)
     4   21.78   15.51   22.86  198.38 ^ clkbuf_3_2_0_ap_clk/Y (BUFx24_ASAP7_75t_R)
                                         clknet_3_2_0_ap_clk (net)
                 21.08    4.70  203.07 ^ clkbuf_5_9_0_ap_clk/A (BUFx24_ASAP7_75t_R)
     2   10.73   10.02   21.82  224.89 ^ clkbuf_5_9_0_ap_clk/Y (BUFx24_ASAP7_75t_R)
                                         clknet_5_9_0_ap_clk (net)
                 11.32    1.59  226.48 ^ clkbuf_6_19__f_ap_clk/A (BUFx24_ASAP7_75t_R)
    12   41.49   25.49   22.24  248.72 ^ clkbuf_6_19__f_ap_clk/Y (BUFx24_ASAP7_75t_R)
                                         clknet_6_19__leaf_ap_clk (net)
                 31.65    6.41  255.13 ^ clkbuf_leaf_654_ap_clk/A (BUFx24_ASAP7_75t_R)
    15   19.57   15.05   25.66  280.79 ^ clkbuf_leaf_654_ap_clk/Y (BUFx24_ASAP7_75t_R)
                                         clknet_leaf_654_ap_clk (net)
                 17.15    2.86  283.65 ^ u43378/CLK (DFFHQNx2_ASAP7_75t_R)
    36   42.61  147.56   98.78  382.43 ^ u43378/QN (DFFHQNx2_ASAP7_75t_R)
                                         grp_uacc_section14_cost_core_fu_2333.uacc_section14_allocator_mul_16ns_114ns_129_7_1_U17.uacc_section14_allocator_uacc_section14_allocator_mul_16ns_114ns_129_7_1_Mul_DSP_4_U.a_reg0[4] (net)
                151.57   13.42  395.85 ^ u49327/A (INVx2_ASAP7_75t_R)
     8    6.40   44.06   30.87  426.71 v u49327/Y (INVx2_ASAP7_75t_R)
                                         n37568 (net)
                 44.07    0.32  427.04 v u49531/C (OR4x1_ASAP7_75t_R)
     1    1.57   15.09   34.47  461.51 v u49531/Y (OR4x1_ASAP7_75t_R)
                                         n37772 (net)
                 15.11    0.24  461.75 v u49532/A (AND2x2_ASAP7_75t_R)
     1    1.31    7.01   17.94  479.69 v u49532/Y (AND2x2_ASAP7_75t_R)
                                         n37773 (net)
                  7.02    0.14  479.83 v u49533/A (XOR2x2_ASAP7_75t_R)
     2    2.47   12.11   25.86  505.68 ^ u49533/Y (XOR2x2_ASAP7_75t_R)
                                         n37774 (net)
                 12.13    0.23  505.92 ^ u49577/A (XOR2x2_ASAP7_75t_R)
     2    2.07   11.07   26.63  532.54 ^ u49577/Y (XOR2x2_ASAP7_75t_R)
                                         n37818 (net)
                 11.07    0.08  532.62 ^ u49578/B (XOR2x2_ASAP7_75t_R)
     1    1.24    8.30   25.30  557.92 ^ u49578/Y (XOR2x2_ASAP7_75t_R)
                                         n37819 (net)
                  8.31    0.14  558.06 ^ u49581/A (XOR2x2_ASAP7_75t_R)
     2    2.10   11.06   25.56  583.62 ^ u49581/Y (XOR2x2_ASAP7_75t_R)
                                         n37822 (net)
                 11.08    0.24  583.86 ^ u49582/B (XNOR2x2_ASAP7_75t_R)
     2    2.46   11.25   27.76  611.63 v u49582/Y (XNOR2x2_ASAP7_75t_R)
                                         n37823 (net)
                 11.26    0.08  611.71 v u49623/A (NOR2x1_ASAP7_75t_R)
     2    2.32   17.86   12.60  624.31 ^ u49623/Y (NOR2x1_ASAP7_75t_R)
                                         n37864 (net)
                 17.86    0.15  624.46 ^ u49624/B (AO21x1_ASAP7_75t_R)
     2    2.78   20.00   19.18  643.64 ^ u49624/Y (AO21x1_ASAP7_75t_R)
                                         n37865 (net)
                 20.02    0.32  643.96 ^ u49626/B (MAJx2_ASAP7_75t_R)
     2    2.36   12.15   24.11  668.07 ^ u49626/Y (MAJx2_ASAP7_75t_R)
                                         n37867 (net)
                 12.19    0.36  668.44 ^ u49628/B1 (AO22x2_ASAP7_75t_R)
     2    3.14   14.26   20.00  688.44 ^ u49628/Y (AO22x2_ASAP7_75t_R)
                                         n37869 (net)
                 14.31    0.43  688.87 ^ u49630/B (MAJx2_ASAP7_75t_R)
     3    3.31   15.02   24.04  712.90 ^ u49630/Y (MAJx2_ASAP7_75t_R)
                                         n37871 (net)
                 15.07    0.47  713.38 ^ u49644/B (AO21x1_ASAP7_75t_R)
     1    0.98    9.27   13.64  727.02 ^ u49644/Y (AO21x1_ASAP7_75t_R)
                                         n37885 (net)
                  9.27    0.11  727.13 ^ u49646/C (AND4x1_ASAP7_75t_R)
     3    3.95   30.12   32.58  759.71 ^ u49646/Y (AND4x1_ASAP7_75t_R)
                                         n37887 (net)
                 30.14    0.34  760.05 ^ u49651/B (NOR2x1_ASAP7_75t_R)
     2    2.05   17.87   14.98  775.03 v u49651/Y (NOR2x1_ASAP7_75t_R)
                                         n37892 (net)
                 17.87    0.10  775.13 v u49679/A (AND2x2_ASAP7_75t_R)
     2    2.62   10.34   20.89  796.02 v u49679/Y (AND2x2_ASAP7_75t_R)
                                         n37920 (net)
                 10.35    0.16  796.18 v u49680/B (AND2x4_ASAP7_75t_R)
     2    2.71    7.00   14.96  811.14 v u49680/Y (AND2x4_ASAP7_75t_R)
                                         n37921 (net)
                  7.03    0.24  811.38 v u49687/A (NAND2x1_ASAP7_75t_R)
     3    4.11   29.95   17.39  828.77 ^ u49687/Y (NAND2x1_ASAP7_75t_R)
                                         n37928 (net)
                 29.99    0.57  829.34 ^ u49691/A (NOR2x1_ASAP7_75t_R)
     3    2.97   23.39   19.51  848.85 v u49691/Y (NOR2x1_ASAP7_75t_R)
                                         n37932 (net)
                 23.40    0.26  849.11 v u49692/B2 (AO22x2_ASAP7_75t_R)
     2    4.55   17.56   27.64  876.74 v u49692/Y (AO22x2_ASAP7_75t_R)
                                         n37933 (net)
                 18.00    1.53  878.28 v u49695/B (MAJx2_ASAP7_75t_R)
     3    3.06   13.31   26.90  905.18 v u49695/Y (MAJx2_ASAP7_75t_R)
                                         n37936 (net)
                 13.36    0.46  905.64 v u49696/B2 (AO222x2_ASAP7_75t_R)
     1    0.76    9.32   30.85  936.49 v u49696/Y (AO222x2_ASAP7_75t_R)
                                         n37937 (net)
                  9.33    0.07  936.56 v u49697/B (OA21x2_ASAP7_75t_R)
     2    2.82   11.91   15.73  952.29 v u49697/Y (OA21x2_ASAP7_75t_R)
                                         n37938 (net)
                 11.99    0.54  952.83 v u49699/B1 (AO22x2_ASAP7_75t_R)
     2    3.45   13.90   23.97  976.80 v u49699/Y (AO22x2_ASAP7_75t_R)
                                         n37940 (net)
                 13.99    0.62  977.42 v u49701/B (MAJx2_ASAP7_75t_R)
     2    2.98   13.14   25.59 1003.02 v u49701/Y (MAJx2_ASAP7_75t_R)
                                         n37942 (net)
                 13.23    0.58 1003.59 v u49703/B1 (AO22x2_ASAP7_75t_R)
     2    3.16   13.10   23.99 1027.58 v u49703/Y (AO22x2_ASAP7_75t_R)
                                         n37944 (net)
                 13.18    0.56 1028.14 v u49705/B (MAJx2_ASAP7_75t_R)
     2    2.03   10.56   23.85 1051.99 v u49705/Y (MAJx2_ASAP7_75t_R)
                                         n37946 (net)
                 10.58    0.26 1052.25 v u49707/B1 (AO22x2_ASAP7_75t_R)
     2    3.07   12.75   23.08 1075.32 v u49707/Y (AO22x2_ASAP7_75t_R)
                                         n37948 (net)
                 12.80    0.43 1075.75 v u49709/B (MAJx2_ASAP7_75t_R)
     2    2.55   11.99   24.56 1100.30 v u49709/Y (MAJx2_ASAP7_75t_R)
                                         n37950 (net)
                 12.04    0.43 1100.73 v u49711/B1 (AO22x2_ASAP7_75t_R)
     2    3.29   13.34   23.85 1124.59 v u49711/Y (AO22x2_ASAP7_75t_R)
                                         n37952 (net)
                 13.38    0.40 1124.99 v u49713/B (MAJx2_ASAP7_75t_R)
     2    1.95   10.28   23.78 1148.77 v u49713/Y (MAJx2_ASAP7_75t_R)
                                         n37954 (net)
                 10.29    0.19 1148.96 v u49715/B1 (AO22x2_ASAP7_75t_R)
     2    2.56   11.29   22.25 1171.22 v u49715/Y (AO22x2_ASAP7_75t_R)
                                         n37956 (net)
                 11.29    0.13 1171.35 v u49717/B (MAJx2_ASAP7_75t_R)
     3    2.71   12.30   24.43 1195.78 v u49717/Y (MAJx2_ASAP7_75t_R)
                                         n37958 (net)
                 12.33    0.32 1196.10 v u49721/A3 (AO32x1_ASAP7_75t_R)
     2    2.46   17.35   28.78 1224.88 v u49721/Y (AO32x1_ASAP7_75t_R)
                                         n37962 (net)
                 17.38    0.35 1225.23 v u49722/B2 (AO22x2_ASAP7_75t_R)
     2    3.31   13.36   24.71 1249.94 v u49722/Y (AO22x2_ASAP7_75t_R)
                                         n37963 (net)
                 13.38    0.33 1250.28 v u49724/B (MAJx2_ASAP7_75t_R)
     2    3.19   13.78   25.69 1275.97 v u49724/Y (MAJx2_ASAP7_75t_R)
                                         n37965 (net)
                 13.89    0.68 1276.65 v u49726/B1 (AO22x2_ASAP7_75t_R)
     2    3.22   13.24   24.30 1300.96 v u49726/Y (AO22x2_ASAP7_75t_R)
                                         n37967 (net)
                 13.30    0.50 1301.45 v u49728/B (MAJx2_ASAP7_75t_R)
     3    2.84   12.59   25.25 1326.70 v u49728/Y (MAJx2_ASAP7_75t_R)
                                         n37969 (net)
                 12.62    0.34 1327.04 v u49729/C (AND3x1_ASAP7_75t_R)
     1    0.77    6.41   13.97 1341.02 v u49729/Y (AND3x1_ASAP7_75t_R)
                                         n37970 (net)
                  6.41    0.04 1341.06 v u49732/A (OR2x2_ASAP7_75t_R)
     3    4.00   15.24   20.64 1361.69 v u49732/Y (OR2x2_ASAP7_75t_R)
                                         n37973 (net)
                 15.41    0.88 1362.58 v u49733/C (AND3x1_ASAP7_75t_R)
     1    1.00    7.61   15.38 1377.96 v u49733/Y (AND3x1_ASAP7_75t_R)
                                         n37974 (net)
                  7.62    0.08 1378.04 v u49736/A (OR2x2_ASAP7_75t_R)
     3    2.72   11.30   19.35 1397.39 v u49736/Y (OR2x2_ASAP7_75t_R)
                                         n37977 (net)
                 11.31    0.15 1397.54 v u49750/A1 (AO32x1_ASAP7_75t_R)
     2    3.46   22.61   27.97 1425.51 v u49750/Y (AO32x1_ASAP7_75t_R)
                                         n37991 (net)
                 22.70    0.80 1426.30 v u49751/B2 (AO22x2_ASAP7_75t_R)
     2    2.73   11.81   25.40 1451.70 v u49751/Y (AO22x2_ASAP7_75t_R)
                                         n37992 (net)
                 11.83    0.30 1452.00 v u49753/B (MAJx2_ASAP7_75t_R)
     2    2.09   10.65   23.56 1475.56 v u49753/Y (MAJx2_ASAP7_75t_R)
                                         n37994 (net)
                 10.66    0.20 1475.76 v u49755/B1 (AO22x2_ASAP7_75t_R)
     2    2.91   12.21   22.88 1498.64 v u49755/Y (AO22x2_ASAP7_75t_R)
                                         n37996 (net)
                 12.24    0.33 1498.97 v u49757/B (MAJx2_ASAP7_75t_R)
     2    1.87    9.99   23.34 1522.32 v u49757/Y (MAJx2_ASAP7_75t_R)
                                         n37998 (net)
                 10.00    0.11 1522.43 v u49759/B1 (AO22x2_ASAP7_75t_R)
     2    2.78   11.89   22.45 1544.88 v u49759/Y (AO22x2_ASAP7_75t_R)
                                         n38000 (net)
                 11.92    0.31 1545.19 v u49761/B (MAJx2_ASAP7_75t_R)
     3    2.66   12.17   24.57 1569.76 v u49761/Y (MAJx2_ASAP7_75t_R)
                                         n38002 (net)
                 12.19    0.23 1569.99 v u49765/A3 (AO32x1_ASAP7_75t_R)
     3    2.88   19.25   29.93 1599.92 v u49765/Y (AO32x1_ASAP7_75t_R)
                                         n38006 (net)
                 19.28    0.34 1600.26 v u49779/A1 (AO32x1_ASAP7_75t_R)
     2    2.39   16.97   27.05 1627.32 v u49779/Y (AO32x1_ASAP7_75t_R)
                                         n38020 (net)
                 16.98    0.29 1627.60 v u49780/B2 (AO22x2_ASAP7_75t_R)
     2    2.76   11.76   23.86 1651.46 v u49780/Y (AO22x2_ASAP7_75t_R)
                                         n38021 (net)
                 11.78    0.24 1651.70 v u49782/B (MAJx2_ASAP7_75t_R)
     2    3.67   15.33   25.78 1677.48 v u49782/Y (MAJx2_ASAP7_75t_R)
                                         n38023 (net)
                 15.52    0.94 1678.42 v u49784/B (MAJx2_ASAP7_75t_R)
     2    3.03   13.09   26.19 1704.61 v u49784/Y (MAJx2_ASAP7_75t_R)
                                         n38025 (net)
                 13.13    0.38 1704.99 v u49786/B (MAJx2_ASAP7_75t_R)
     3    3.24   13.94   25.68 1730.67 v u49786/Y (MAJx2_ASAP7_75t_R)
                                         n38027 (net)
                 14.05    0.69 1731.36 v u49787/C (AND3x1_ASAP7_75t_R)
     1    0.66    5.94   14.10 1745.46 v u49787/Y (AND3x1_ASAP7_75t_R)
                                         n38028 (net)
                  5.94    0.03 1745.49 v u49790/A (OR2x2_ASAP7_75t_R)
     3    3.51   13.83   19.88 1765.37 v u49790/Y (OR2x2_ASAP7_75t_R)
                                         n38031 (net)
                 13.96    0.74 1766.11 v u49793/A (AND3x1_ASAP7_75t_R)
     2    3.13   18.48   18.61 1784.72 v u49793/Y (AND3x1_ASAP7_75t_R)
                                         n38034 (net)
                 18.51    0.52 1785.24 v u49794/B2 (OAI22x1_ASAP7_75t_R)
     2    3.47   30.54   20.16 1805.40 ^ u49794/Y (OAI22x1_ASAP7_75t_R)
                                         n38035 (net)
                 30.59    0.73 1806.13 ^ u49795/B (NOR2x1_ASAP7_75t_R)
     3    2.26   18.85   15.76 1821.90 v u49795/Y (NOR2x1_ASAP7_75t_R)
                                         n38036 (net)
                 18.86    0.14 1822.03 v u49801/A1 (AO21x1_ASAP7_75t_R)
     2    2.36   15.49   22.78 1844.82 v u49801/Y (AO21x1_ASAP7_75t_R)
                                         n38042 (net)
                 15.51    0.29 1845.11 v u49802/B2 (AO22x2_ASAP7_75t_R)
     2    2.92   12.22   23.63 1868.73 v u49802/Y (AO22x2_ASAP7_75t_R)
                                         n38043 (net)
                 12.26    0.33 1869.07 v u49804/B (MAJx2_ASAP7_75t_R)
     3    2.58   11.91   24.51 1893.57 v u49804/Y (MAJx2_ASAP7_75t_R)
                                         n38045 (net)
                 11.93    0.28 1893.85 v u49805/B2 (AO222x2_ASAP7_75t_R)
     1    0.95    9.78   30.93 1924.78 v u49805/Y (AO222x2_ASAP7_75t_R)
                                         n38046 (net)
                  9.78    0.10 1924.88 v u49806/B (OA21x2_ASAP7_75t_R)
     3    4.51   17.00   17.77 1942.65 v u49806/Y (OA21x2_ASAP7_75t_R)
                                         n38047 (net)
                 17.24    1.12 1943.77 v u49844/A (NAND3x1_ASAP7_75t_R)
     2    2.36   23.97   15.62 1959.39 ^ u49844/Y (NAND3x1_ASAP7_75t_R)
                                         n38085 (net)
                 23.99    0.31 1959.70 ^ u49858/A1 (AO32x1_ASAP7_75t_R)
     3    3.18   24.38   28.91 1988.62 ^ u49858/Y (AO32x1_ASAP7_75t_R)
                                         n38099 (net)
                 24.41    0.56 1989.18 ^ u49861/B (OA211x2_ASAP7_75t_R)
     2    4.17   19.37   28.43 2017.60 ^ u49861/Y (OA211x2_ASAP7_75t_R)
                                         n38102 (net)
                 19.66    1.29 2018.90 ^ u49862/C (NOR3x1_ASAP7_75t_R)
     3    2.42   22.42   18.26 2037.16 v u49862/Y (NOR3x1_ASAP7_75t_R)
                                         n38103 (net)
                 22.42    0.16 2037.32 v u49868/A1 (AO21x1_ASAP7_75t_R)
     3    3.51   21.53   26.34 2063.66 v u49868/Y (AO21x1_ASAP7_75t_R)
                                         n38109 (net)
                 21.61    0.71 2064.38 v u49869/C (AND3x1_ASAP7_75t_R)
     1    0.73    6.50   16.31 2080.68 v u49869/Y (AND3x1_ASAP7_75t_R)
                                         n38110 (net)
                  6.50    0.06 2080.74 v u49872/A (OR2x2_ASAP7_75t_R)
     3    3.65   14.23   20.19 2100.94 v u49872/Y (OR2x2_ASAP7_75t_R)
                                         n38113 (net)
                 14.39    0.82 2101.76 v u49907/A (AND3x1_ASAP7_75t_R)
     2    1.87   11.92   15.83 2117.58 v u49907/Y (AND3x1_ASAP7_75t_R)
                                         n38148 (net)
                 11.93    0.23 2117.81 v u49920/A (OR3x1_ASAP7_75t_R)
     2    1.59   13.08   22.70 2140.52 v u49920/Y (OR3x1_ASAP7_75t_R)
                                         n38161 (net)
                 13.09    0.17 2140.69 v u49924/A (AND2x2_ASAP7_75t_R)
     2    2.12    9.11   18.51 2159.21 v u49924/Y (AND2x2_ASAP7_75t_R)
                                         n38165 (net)
                  9.13    0.21 2159.41 v u49925/C (AND3x1_ASAP7_75t_R)
     1    1.54   10.16   14.91 2174.33 v u49925/Y (AND3x1_ASAP7_75t_R)
                                         n38166 (net)
                 10.17    0.19 2174.52 v u49928/A (OR2x6_ASAP7_75t_R)
     3    3.92    9.24   20.21 2194.73 v u49928/Y (OR2x6_ASAP7_75t_R)
                                         n38169 (net)
                  9.33    0.47 2195.20 v u49931/A (NOR2x1_ASAP7_75t_R)
     1    0.91   10.02    8.42 2203.62 ^ u49931/Y (NOR2x1_ASAP7_75t_R)
                                         n38172 (net)
                 10.02    0.09 2203.71 ^ u49932/B (AO21x1_ASAP7_75t_R)
     2    2.91   20.86   17.67 2221.39 ^ u49932/Y (AO21x1_ASAP7_75t_R)
                                         n38173 (net)
                 20.91    0.62 2222.01 ^ u49934/A (NOR2x1_ASAP7_75t_R)
     2    1.73   15.57   13.96 2235.96 v u49934/Y (NOR2x1_ASAP7_75t_R)
                                         n38175 (net)
                 15.58    0.14 2236.11 v u49935/B (AO21x1_ASAP7_75t_R)
     2    3.10   19.08   23.58 2259.69 v u49935/Y (AO21x1_ASAP7_75t_R)
                                         n38176 (net)
                 19.10    0.43 2260.12 v u49937/B (MAJx2_ASAP7_75t_R)
     2    2.65   12.13   26.59 2286.71 v u49937/Y (MAJx2_ASAP7_75t_R)
                                         n38178 (net)
                 12.16    0.35 2287.06 v u49938/B (NAND2x1_ASAP7_75t_R)
     3    3.68   27.56   16.68 2303.73 ^ u49938/Y (NAND2x1_ASAP7_75t_R)
                                         n38179 (net)
                 27.57    0.24 2303.98 ^ u49939/C (AND3x1_ASAP7_75t_R)
     1    0.78    9.57   19.85 2323.83 ^ u49939/Y (AND3x1_ASAP7_75t_R)
                                         n38180 (net)
                  9.57    0.07 2323.90 ^ u49940/B (OR2x2_ASAP7_75t_R)
     2    2.79   12.04   16.91 2340.81 ^ u49940/Y (OR2x2_ASAP7_75t_R)
                                         n38181 (net)
                 12.10    0.47 2341.28 ^ u49941/B (NOR2x1_ASAP7_75t_R)
     3    2.45   17.07   12.00 2353.28 v u49941/Y (NOR2x1_ASAP7_75t_R)
                                         n38182 (net)
                 17.08    0.27 2353.55 v u49947/A1 (AO21x1_ASAP7_75t_R)
     3    2.51   16.18   22.68 2376.23 v u49947/Y (AO21x1_ASAP7_75t_R)
                                         n38188 (net)
                 16.19    0.22 2376.45 v u49948/C (AND3x1_ASAP7_75t_R)
     1    0.77    6.51   15.00 2391.45 v u49948/Y (AND3x1_ASAP7_75t_R)
                                         n38189 (net)
                  6.51    0.04 2391.49 v u49951/A (OR2x2_ASAP7_75t_R)
     3    2.94   11.95   19.37 2410.86 v u49951/Y (OR2x2_ASAP7_75t_R)
                                         n38192 (net)
                 11.98    0.30 2411.15 v u49953/C1 (AO222x2_ASAP7_75t_R)
     1    0.80    9.42   28.44 2439.60 v u49953/Y (AO222x2_ASAP7_75t_R)
                                         n38194 (net)
                  9.42    0.07 2439.67 v u49954/B (OA21x2_ASAP7_75t_R)
     3    2.91   11.98   15.97 2455.64 v u49954/Y (OA21x2_ASAP7_75t_R)
                                         n38195 (net)
                 12.02    0.36 2456.00 v u49958/A3 (AO32x1_ASAP7_75t_R)
     3    2.97   19.81   30.10 2486.10 v u49958/Y (AO32x1_ASAP7_75t_R)
                                         n38199 (net)
                 19.85    0.46 2486.56 v u49993/A (AND3x1_ASAP7_75t_R)
     2    1.52   10.19   16.38 2502.94 v u49993/Y (AND3x1_ASAP7_75t_R)
                                         n38234 (net)
                 10.20    0.11 2503.05 v u50006/A (OR3x1_ASAP7_75t_R)
     1    1.41   12.09   21.66 2524.71 v u50006/Y (OR3x1_ASAP7_75t_R)
                                         n38247 (net)
                 12.10    0.15 2524.86 v u50010/A (AND2x4_ASAP7_75t_R)
     3    4.11    9.04   17.45 2542.31 v u50010/Y (AND2x4_ASAP7_75t_R)
                                         n38251 (net)
                  9.10    0.40 2542.71 v u50014/A (NOR2x1_ASAP7_75t_R)
     2    2.31   17.32   12.00 2554.71 ^ u50014/Y (NOR2x1_ASAP7_75t_R)
                                         n38255 (net)
                 17.34    0.26 2554.97 ^ u50015/C (NOR3x1_ASAP7_75t_R)
     3    2.27   20.71   17.17 2572.13 v u50015/Y (NOR3x1_ASAP7_75t_R)
                                         n38256 (net)
                 20.71    0.12 2572.25 v u50021/A1 (AO21x1_ASAP7_75t_R)
     3    2.68   17.03   24.09 2596.34 v u50021/Y (AO21x1_ASAP7_75t_R)
                                         n38262 (net)
                 17.06    0.34 2596.67 v u50022/C (AND3x1_ASAP7_75t_R)
     1    1.43    9.79   17.02 2613.69 v u50022/Y (AND3x1_ASAP7_75t_R)
                                         n38263 (net)
                  9.80    0.16 2613.85 v u50025/A (OR2x6_ASAP7_75t_R)
     3    4.46   10.33   20.20 2634.04 v u50025/Y (OR2x6_ASAP7_75t_R)
                                         n38266 (net)
                 10.96    1.34 2635.38 v u50028/A (AND3x1_ASAP7_75t_R)
     2    3.53   20.66   18.68 2654.06 v u50028/Y (AND3x1_ASAP7_75t_R)
                                         n38269 (net)
                 20.74    0.76 2654.82 v u50363/A (OR2x6_ASAP7_75t_R)
     3    3.53    8.80   23.26 2678.08 v u50363/Y (OR2x6_ASAP7_75t_R)
                                         n38598 (net)
                  8.85    0.34 2678.42 v u50364/A (AND3x1_ASAP7_75t_R)
     2    1.93   12.14   14.54 2692.97 v u50364/Y (AND3x1_ASAP7_75t_R)
                                         n38599 (net)
                 12.14    0.10 2693.07 v u50366/A (NOR2x1_ASAP7_75t_R)
     2    2.70   20.23   13.78 2706.85 ^ u50366/Y (NOR2x1_ASAP7_75t_R)
                                         n38601 (net)
                 20.24    0.15 2707.00 ^ u50369/A1 (OAI21x1_ASAP7_75t_R)
     4    5.31   30.28   17.53 2724.53 v u50369/Y (OAI21x1_ASAP7_75t_R)
                                         n38604 (net)
                 30.43    1.19 2725.72 v u50370/C (AND3x1_ASAP7_75t_R)
     1    0.76    6.88   18.18 2743.90 v u50370/Y (AND3x1_ASAP7_75t_R)
                                         n38605 (net)
                  6.88    0.04 2743.95 v u50371/B (OR2x2_ASAP7_75t_R)
     2    2.57   11.00   18.59 2762.54 v u50371/Y (OR2x2_ASAP7_75t_R)
                                         n38606 (net)
                 11.01    0.22 2762.76 v u50372/B (MAJx2_ASAP7_75t_R)
     1    1.13    7.90   21.71 2784.48 v u50372/Y (MAJx2_ASAP7_75t_R)
                                         n38607 (net)
                  7.91    0.07 2784.55 v u50373/B (XNOR2x2_ASAP7_75t_R)
     1    0.80    6.92   20.11 2804.66 ^ u50373/Y (XNOR2x2_ASAP7_75t_R)
                                         grp_uacc_section14_cost_core_fu_2333.uacc_section14_allocator_mul_16ns_114ns_129_7_1_U17.uacc_section14_allocator_uacc_section14_allocator_mul_16ns_114ns_129_7_1_Mul_DSP_4_U.tmp_product[123]* (net)
                  6.93    0.07 2804.73 ^ u39063/D (DFFHQNx1_ASAP7_75t_R)
                               2804.73   data arrival time

                       5000.00 5000.00   clock core_clock (rise edge)
                          0.00 5000.00   clock source latency
     1   14.68    0.00    0.00 5000.00 ^ ap_clk (in)
                                         ap_clk (net)
                 17.59    5.55 5005.55 ^ wire11924/A (BUFx6f_ASAP7_75t_R)
     1   14.50   20.18   17.41 5022.96 ^ wire11924/Y (BUFx6f_ASAP7_75t_R)
                                         net11895 (net)
                 31.92    8.29 5031.25 ^ wire11923/A (BUFx12f_ASAP7_75t_R)
     1   20.69   15.54   18.51 5049.76 ^ wire11923/Y (BUFx12f_ASAP7_75t_R)
                                         net11894 (net)
                 48.62   14.79 5064.55 ^ clkbuf_0_ap_clk/A (BUFx24_ASAP7_75t_R)
     2   15.48   13.46   28.59 5093.14 ^ clkbuf_0_ap_clk/Y (BUFx24_ASAP7_75t_R)
                                         clknet_0_ap_clk (net)
                 16.86    3.45 5096.58 ^ clkbuf_1_1_0_ap_clk/A (BUFx24_ASAP7_75t_R)
     2   10.10    9.33   20.34 5116.92 ^ clkbuf_1_1_0_ap_clk/Y (BUFx24_ASAP7_75t_R)
                                         clknet_1_1_0_ap_clk (net)
                 15.31    3.95 5120.87 ^ clkbuf_2_3_0_ap_clk/A (BUFx24_ASAP7_75t_R)
     1    9.57    9.18   19.84 5140.71 ^ clkbuf_2_3_0_ap_clk/Y (BUFx24_ASAP7_75t_R)
                                         clknet_2_3_0_ap_clk (net)
                 15.20    3.97 5144.68 ^ clkbuf_2_3_1_ap_clk/A (BUFx24_ASAP7_75t_R)
     2   15.32   12.01   20.24 5164.92 ^ clkbuf_2_3_1_ap_clk/Y (BUFx24_ASAP7_75t_R)
                                         clknet_2_3_1_ap_clk (net)
                 20.00    5.11 5170.03 ^ clkbuf_3_7_0_ap_clk/A (BUFx24_ASAP7_75t_R)
     4   20.75   14.97   22.17 5192.20 ^ clkbuf_3_7_0_ap_clk/Y (BUFx24_ASAP7_75t_R)
                                         clknet_3_7_0_ap_clk (net)
                 23.41    5.80 5198.00 ^ clkbuf_5_28_0_ap_clk/A (BUFx24_ASAP7_75t_R)
     2    9.81    9.77   22.25 5220.25 ^ clkbuf_5_28_0_ap_clk/Y (BUFx24_ASAP7_75t_R)
                                         clknet_5_28_0_ap_clk (net)
                 13.02    2.87 5223.13 ^ clkbuf_6_57__f_ap_clk/A (BUFx24_ASAP7_75t_R)
    13   39.95   22.95   20.27 5243.39 ^ clkbuf_6_57__f_ap_clk/Y (BUFx24_ASAP7_75t_R)
                                         clknet_6_57__leaf_ap_clk (net)
                 51.87   14.92 5258.31 ^ clkbuf_leaf_478_ap_clk/A (BUFx24_ASAP7_75t_R)
    20   12.60   12.30   29.03 5287.34 ^ clkbuf_leaf_478_ap_clk/Y (BUFx24_ASAP7_75t_R)
                                         clknet_leaf_478_ap_clk (net)
                 13.03    1.47 5288.81 ^ u39063/CLK (DFFHQNx1_ASAP7_75t_R)
                          2.47 5291.27   clock reconvergence pessimism
                         -5.40 5285.87   library setup time
                               5285.87   data required time
-----------------------------------------------------------------------------
                               5285.87   data required time
                               -2804.73   data arrival time
-----------------------------------------------------------------------------
                               2481.14   slack (MET)



==========================================================================
global route report_check_types -max_slew -max_cap -max_fanout -violators
--------------------------------------------------------------------------

==========================================================================
global route max_slew_check_slack
--------------------------------------------------------------------------
27.299245834350586

==========================================================================
global route max_slew_check_limit
--------------------------------------------------------------------------
320.0

==========================================================================
global route max_slew_check_slack_limit
--------------------------------------------------------------------------
0.0853

==========================================================================
global route max_fanout_check_slack
--------------------------------------------------------------------------
1.0000000150474662e+30

==========================================================================
global route max_fanout_check_limit
--------------------------------------------------------------------------
1.0000000150474662e+30

==========================================================================
global route max_capacitance_check_slack
--------------------------------------------------------------------------
8.31165599822998

==========================================================================
global route max_capacitance_check_limit
--------------------------------------------------------------------------
23.040000915527344

==========================================================================
global route max_capacitance_check_slack_limit
--------------------------------------------------------------------------
0.3607

==========================================================================
global route max_slew_violation_count
--------------------------------------------------------------------------
max slew violation count 0

==========================================================================
global route max_fanout_violation_count
--------------------------------------------------------------------------
max fanout violation count 0

==========================================================================
global route max_cap_violation_count
--------------------------------------------------------------------------
max cap violation count 0

==========================================================================
global route setup_violation_count
--------------------------------------------------------------------------
setup violation count 0

==========================================================================
global route hold_violation_count
--------------------------------------------------------------------------
hold violation count 0

==========================================================================
global route report_checks -path_delay max reg to reg
--------------------------------------------------------------------------
Startpoint: u43378 (rising edge-triggered flip-flop clocked by core_clock)
Endpoint: u39063 (rising edge-triggered flip-flop clocked by core_clock)
Path Group: core_clock
Path Type: max

  Delay    Time   Description
---------------------------------------------------------
   0.00    0.00   clock core_clock (rise edge)
   0.00    0.00   clock source latency
   0.00    0.00 ^ ap_clk (in)
  23.40   23.40 ^ wire11924/Y (BUFx6f_ASAP7_75t_R)
  27.59   50.99 ^ wire11923/Y (BUFx12f_ASAP7_75t_R)
  44.61   95.60 ^ clkbuf_0_ap_clk/Y (BUFx24_ASAP7_75t_R)
  25.10  120.70 ^ clkbuf_1_0_0_ap_clk/Y (BUFx24_ASAP7_75t_R)
  24.27  144.96 ^ clkbuf_2_1_0_ap_clk/Y (BUFx24_ASAP7_75t_R)
  24.99  169.95 ^ clkbuf_2_1_1_ap_clk/Y (BUFx24_ASAP7_75t_R)
  28.43  198.38 ^ clkbuf_3_2_0_ap_clk/Y (BUFx24_ASAP7_75t_R)
  26.51  224.89 ^ clkbuf_5_9_0_ap_clk/Y (BUFx24_ASAP7_75t_R)
  23.83  248.72 ^ clkbuf_6_19__f_ap_clk/Y (BUFx24_ASAP7_75t_R)
  32.07  280.79 ^ clkbuf_leaf_654_ap_clk/Y (BUFx24_ASAP7_75t_R)
   2.86  283.65 ^ u43378/CLK (DFFHQNx2_ASAP7_75t_R)
  98.78  382.43 ^ u43378/QN (DFFHQNx2_ASAP7_75t_R)
  44.29  426.71 v u49327/Y (INVx2_ASAP7_75t_R)
  34.79  461.51 v u49531/Y (OR4x1_ASAP7_75t_R)
  18.18  479.69 v u49532/Y (AND2x2_ASAP7_75t_R)
  26.00  505.68 ^ u49533/Y (XOR2x2_ASAP7_75t_R)
  26.86  532.54 ^ u49577/Y (XOR2x2_ASAP7_75t_R)
  25.38  557.92 ^ u49578/Y (XOR2x2_ASAP7_75t_R)
  25.70  583.62 ^ u49581/Y (XOR2x2_ASAP7_75t_R)
  28.01  611.63 v u49582/Y (XNOR2x2_ASAP7_75t_R)
  12.68  624.31 ^ u49623/Y (NOR2x1_ASAP7_75t_R)
  19.34  643.64 ^ u49624/Y (AO21x1_ASAP7_75t_R)
  24.43  668.07 ^ u49626/Y (MAJx2_ASAP7_75t_R)
  20.36  688.44 ^ u49628/Y (AO22x2_ASAP7_75t_R)
  24.47  712.90 ^ u49630/Y (MAJx2_ASAP7_75t_R)
  14.12  727.02 ^ u49644/Y (AO21x1_ASAP7_75t_R)
  32.69  759.71 ^ u49646/Y (AND4x1_ASAP7_75t_R)
  15.32  775.03 v u49651/Y (NOR2x1_ASAP7_75t_R)
  20.99  796.02 v u49679/Y (AND2x2_ASAP7_75t_R)
  15.12  811.14 v u49680/Y (AND2x4_ASAP7_75t_R)
  17.62  828.77 ^ u49687/Y (NAND2x1_ASAP7_75t_R)
  20.08  848.85 v u49691/Y (NOR2x1_ASAP7_75t_R)
  27.90  876.74 v u49692/Y (AO22x2_ASAP7_75t_R)
  28.44  905.18 v u49695/Y (MAJx2_ASAP7_75t_R)
  31.31  936.49 v u49696/Y (AO222x2_ASAP7_75t_R)
  15.80  952.29 v u49697/Y (OA21x2_ASAP7_75t_R)
  24.51  976.80 v u49699/Y (AO22x2_ASAP7_75t_R)
  26.22 1003.02 v u49701/Y (MAJx2_ASAP7_75t_R)
  24.57 1027.58 v u49703/Y (AO22x2_ASAP7_75t_R)
  24.40 1051.99 v u49705/Y (MAJx2_ASAP7_75t_R)
  23.33 1075.32 v u49707/Y (AO22x2_ASAP7_75t_R)
  24.98 1100.30 v u49709/Y (MAJx2_ASAP7_75t_R)
  24.28 1124.59 v u49711/Y (AO22x2_ASAP7_75t_R)
  24.18 1148.77 v u49713/Y (MAJx2_ASAP7_75t_R)
  22.45 1171.22 v u49715/Y (AO22x2_ASAP7_75t_R)
  24.56 1195.78 v u49717/Y (MAJx2_ASAP7_75t_R)
  29.10 1224.88 v u49721/Y (AO32x1_ASAP7_75t_R)
  25.07 1249.94 v u49722/Y (AO22x2_ASAP7_75t_R)
  26.03 1275.97 v u49724/Y (MAJx2_ASAP7_75t_R)
  24.98 1300.96 v u49726/Y (AO22x2_ASAP7_75t_R)
  25.74 1326.70 v u49728/Y (MAJx2_ASAP7_75t_R)
  14.32 1341.02 v u49729/Y (AND3x1_ASAP7_75t_R)
  20.68 1361.69 v u49732/Y (OR2x2_ASAP7_75t_R)
  16.26 1377.96 v u49733/Y (AND3x1_ASAP7_75t_R)
  19.43 1397.39 v u49736/Y (OR2x2_ASAP7_75t_R)
  28.12 1425.51 v u49750/Y (AO32x1_ASAP7_75t_R)
  26.20 1451.70 v u49751/Y (AO22x2_ASAP7_75t_R)
  23.86 1475.56 v u49753/Y (MAJx2_ASAP7_75t_R)
  23.08 1498.64 v u49755/Y (AO22x2_ASAP7_75t_R)
  23.67 1522.32 v u49757/Y (MAJx2_ASAP7_75t_R)
  22.57 1544.88 v u49759/Y (AO22x2_ASAP7_75t_R)
  24.88 1569.76 v u49761/Y (MAJx2_ASAP7_75t_R)
  30.16 1599.92 v u49765/Y (AO32x1_ASAP7_75t_R)
  27.40 1627.32 v u49779/Y (AO32x1_ASAP7_75t_R)
  24.14 1651.46 v u49780/Y (AO22x2_ASAP7_75t_R)
  26.02 1677.48 v u49782/Y (MAJx2_ASAP7_75t_R)
  27.13 1704.61 v u49784/Y (MAJx2_ASAP7_75t_R)
  26.05 1730.67 v u49786/Y (MAJx2_ASAP7_75t_R)
  14.80 1745.46 v u49787/Y (AND3x1_ASAP7_75t_R)
  19.91 1765.37 v u49790/Y (OR2x2_ASAP7_75t_R)
  19.34 1784.72 v u49793/Y (AND3x1_ASAP7_75t_R)
  20.68 1805.40 ^ u49794/Y (OAI22x1_ASAP7_75t_R)
  16.50 1821.90 v u49795/Y (NOR2x1_ASAP7_75t_R)
  22.92 1844.82 v u49801/Y (AO21x1_ASAP7_75t_R)
  23.91 1868.73 v u49802/Y (AO22x2_ASAP7_75t_R)
  24.84 1893.57 v u49804/Y (MAJx2_ASAP7_75t_R)
  31.21 1924.78 v u49805/Y (AO222x2_ASAP7_75t_R)
  17.87 1942.65 v u49806/Y (OA21x2_ASAP7_75t_R)
  16.74 1959.39 ^ u49844/Y (NAND3x1_ASAP7_75t_R)
  29.23 1988.62 ^ u49858/Y (AO32x1_ASAP7_75t_R)
  28.99 2017.60 ^ u49861/Y (OA211x2_ASAP7_75t_R)
  19.56 2037.16 v u49862/Y (NOR3x1_ASAP7_75t_R)
  26.50 2063.66 v u49868/Y (AO21x1_ASAP7_75t_R)
  17.02 2080.68 v u49869/Y (AND3x1_ASAP7_75t_R)
  20.26 2100.94 v u49872/Y (OR2x2_ASAP7_75t_R)
  16.65 2117.58 v u49907/Y (AND3x1_ASAP7_75t_R)
  22.94 2140.52 v u49920/Y (OR3x1_ASAP7_75t_R)
  18.69 2159.21 v u49924/Y (AND2x2_ASAP7_75t_R)
  15.12 2174.33 v u49925/Y (AND3x1_ASAP7_75t_R)
  20.41 2194.73 v u49928/Y (OR2x6_ASAP7_75t_R)
   8.89 2203.62 ^ u49931/Y (NOR2x1_ASAP7_75t_R)
  17.76 2221.39 ^ u49932/Y (AO21x1_ASAP7_75t_R)
  14.58 2235.96 v u49934/Y (NOR2x1_ASAP7_75t_R)
  23.72 2259.69 v u49935/Y (AO21x1_ASAP7_75t_R)
  27.02 2286.71 v u49937/Y (MAJx2_ASAP7_75t_R)
  17.03 2303.73 ^ u49938/Y (NAND2x1_ASAP7_75t_R)
  20.09 2323.83 ^ u49939/Y (AND3x1_ASAP7_75t_R)
  16.98 2340.81 ^ u49940/Y (OR2x2_ASAP7_75t_R)
  12.47 2353.28 v u49941/Y (NOR2x1_ASAP7_75t_R)
  22.95 2376.23 v u49947/Y (AO21x1_ASAP7_75t_R)
  15.22 2391.45 v u49948/Y (AND3x1_ASAP7_75t_R)
  19.41 2410.86 v u49951/Y (OR2x2_ASAP7_75t_R)
  28.74 2439.60 v u49953/Y (AO222x2_ASAP7_75t_R)
  16.04 2455.64 v u49954/Y (OA21x2_ASAP7_75t_R)
  30.46 2486.10 v u49958/Y (AO32x1_ASAP7_75t_R)
  16.84 2502.94 v u49993/Y (AND3x1_ASAP7_75t_R)
  21.77 2524.71 v u50006/Y (OR3x1_ASAP7_75t_R)
  17.60 2542.31 v u50010/Y (AND2x4_ASAP7_75t_R)
  12.40 2554.71 ^ u50014/Y (NOR2x1_ASAP7_75t_R)
  17.43 2572.13 v u50015/Y (NOR3x1_ASAP7_75t_R)
  24.21 2596.34 v u50021/Y (AO21x1_ASAP7_75t_R)
  17.35 2613.69 v u50022/Y (AND3x1_ASAP7_75t_R)
  20.35 2634.04 v u50025/Y (OR2x6_ASAP7_75t_R)
  20.02 2654.06 v u50028/Y (AND3x1_ASAP7_75t_R)
  24.02 2678.08 v u50363/Y (OR2x6_ASAP7_75t_R)
  14.88 2692.97 v u50364/Y (AND3x1_ASAP7_75t_R)
  13.89 2706.85 ^ u50366/Y (NOR2x1_ASAP7_75t_R)
  17.68 2724.53 v u50369/Y (OAI21x1_ASAP7_75t_R)
  19.38 2743.90 v u50370/Y (AND3x1_ASAP7_75t_R)
  18.64 2762.54 v u50371/Y (OR2x2_ASAP7_75t_R)
  21.94 2784.48 v u50372/Y (MAJx2_ASAP7_75t_R)
  20.18 2804.66 ^ u50373/Y (XNOR2x2_ASAP7_75t_R)
   0.07 2804.73 ^ u39063/D (DFFHQNx1_ASAP7_75t_R)
        2804.73   data arrival time

5000.00 5000.00   clock core_clock (rise edge)
   0.00 5000.00   clock source latency
   0.00 5000.00 ^ ap_clk (in)
  22.96 5022.96 ^ wire11924/Y (BUFx6f_ASAP7_75t_R)
  26.80 5049.76 ^ wire11923/Y (BUFx12f_ASAP7_75t_R)
  43.38 5093.14 ^ clkbuf_0_ap_clk/Y (BUFx24_ASAP7_75t_R)
  23.79 5116.92 ^ clkbuf_1_1_0_ap_clk/Y (BUFx24_ASAP7_75t_R)
  23.78 5140.71 ^ clkbuf_2_3_0_ap_clk/Y (BUFx24_ASAP7_75t_R)
  24.22 5164.92 ^ clkbuf_2_3_1_ap_clk/Y (BUFx24_ASAP7_75t_R)
  27.28 5192.20 ^ clkbuf_3_7_0_ap_clk/Y (BUFx24_ASAP7_75t_R)
  28.05 5220.25 ^ clkbuf_5_28_0_ap_clk/Y (BUFx24_ASAP7_75t_R)
  23.14 5243.39 ^ clkbuf_6_57__f_ap_clk/Y (BUFx24_ASAP7_75t_R)
  43.95 5287.34 ^ clkbuf_leaf_478_ap_clk/Y (BUFx24_ASAP7_75t_R)
   1.47 5288.81 ^ u39063/CLK (DFFHQNx1_ASAP7_75t_R)
   2.47 5291.27   clock reconvergence pessimism
  -5.40 5285.87   library setup time
        5285.87   data required time
---------------------------------------------------------
        5285.87   data required time
        -2804.73   data arrival time
---------------------------------------------------------
        2481.14   slack (MET)



==========================================================================
global route report_checks -path_delay min reg to reg
--------------------------------------------------------------------------
Startpoint: u114915 (rising edge-triggered flip-flop clocked by core_clock)
Endpoint: u113338 (rising edge-triggered flip-flop clocked by core_clock)
Path Group: core_clock
Path Type: min

  Delay    Time   Description
---------------------------------------------------------
   0.00    0.00   clock core_clock (rise edge)
   0.00    0.00   clock source latency
   0.00    0.00 ^ ap_clk (in)
  22.96   22.96 ^ wire11924/Y (BUFx6f_ASAP7_75t_R)
  26.80   49.76 ^ wire11923/Y (BUFx12f_ASAP7_75t_R)
  43.38   93.14 ^ clkbuf_0_ap_clk/Y (BUFx24_ASAP7_75t_R)
  24.29  117.43 ^ clkbuf_1_0_0_ap_clk/Y (BUFx24_ASAP7_75t_R)
  23.28  140.71 ^ clkbuf_2_1_0_ap_clk/Y (BUFx24_ASAP7_75t_R)
  24.31  165.01 ^ clkbuf_2_1_1_ap_clk/Y (BUFx24_ASAP7_75t_R)
  27.39  192.41 ^ clkbuf_3_2_0_ap_clk/Y (BUFx24_ASAP7_75t_R)
  25.22  217.63 ^ clkbuf_5_9_0_ap_clk/Y (BUFx24_ASAP7_75t_R)
  25.12  242.75 ^ clkbuf_6_18__f_ap_clk/Y (BUFx24_ASAP7_75t_R)
  27.37  270.12 ^ clkbuf_leaf_682_ap_clk/Y (BUFx24_ASAP7_75t_R)
   1.55  271.67 ^ u114915/CLK (DFFHQNx1_ASAP7_75t_R)
  35.51  307.18 ^ u114915/QN (DFFHQNx1_ASAP7_75t_R)
   8.31  315.49 v u114916/Y (INVx1_ASAP7_75t_R)
   0.11  315.59 v u113338/D (DFFHQNx1_ASAP7_75t_R)
         315.59   data arrival time

   0.00    0.00   clock core_clock (rise edge)
   0.00    0.00   clock source latency
   0.00    0.00 ^ ap_clk (in)
  23.40   23.40 ^ wire11924/Y (BUFx6f_ASAP7_75t_R)
  27.59   50.99 ^ wire11923/Y (BUFx12f_ASAP7_75t_R)
  44.61   95.60 ^ clkbuf_0_ap_clk/Y (BUFx24_ASAP7_75t_R)
  24.56  120.16 ^ clkbuf_1_1_0_ap_clk/Y (BUFx24_ASAP7_75t_R)
  24.83  144.99 ^ clkbuf_2_3_0_ap_clk/Y (BUFx24_ASAP7_75t_R)
  24.89  169.88 ^ clkbuf_2_3_1_ap_clk/Y (BUFx24_ASAP7_75t_R)
  28.69  198.57 ^ clkbuf_3_6_0_ap_clk/Y (BUFx24_ASAP7_75t_R)
  28.29  226.86 ^ clkbuf_5_24_0_ap_clk/Y (BUFx24_ASAP7_75t_R)
  27.87  254.73 ^ clkbuf_6_48__f_ap_clk/Y (BUFx24_ASAP7_75t_R)
  45.43  300.16 ^ clkbuf_leaf_683_ap_clk/Y (BUFx24_ASAP7_75t_R)
   2.79  302.96 ^ u113338/CLK (DFFHQNx1_ASAP7_75t_R)
  -2.47  300.49   clock reconvergence pessimism
  12.49  312.98   library hold time
         312.98   data required time
---------------------------------------------------------
         312.98   data required time
        -315.59   data arrival time
---------------------------------------------------------
           2.61   slack (MET)



==========================================================================
global route critical path target clock latency max path
--------------------------------------------------------------------------
274.4894

==========================================================================
global route critical path target clock latency min path
--------------------------------------------------------------------------
305.3878

==========================================================================
global route critical path source clock latency min path
--------------------------------------------------------------------------
0.0000

==========================================================================
global route critical path delay
--------------------------------------------------------------------------
2804.7288

==========================================================================
global route critical path slack
--------------------------------------------------------------------------
2481.1440

==========================================================================
global route slack div critical path delay
--------------------------------------------------------------------------
88.462885

==========================================================================
global route report_power
--------------------------------------------------------------------------
Group                  Internal  Switching    Leakage      Total
                          Power      Power      Power      Power (Watts)
----------------------------------------------------------------
Sequential             1.04e-02   4.69e-04   2.43e-06   1.09e-02   6.6%
Combinational          8.44e-02   6.48e-02   1.09e-05   1.49e-01  90.2%
Clock                  3.19e-03   2.22e-03   5.65e-07   5.41e-03   3.3%
Macro                  0.00e+00   0.00e+00   0.00e+00   0.00e+00   0.0%
Pad                    0.00e+00   0.00e+00   0.00e+00   0.00e+00   0.0%
----------------------------------------------------------------
Total                  9.80e-02   6.75e-02   1.39e-05   1.66e-01 100.0%
                          59.2%      40.8%       0.0%
