
==========================================================================
detailed place report_tns
--------------------------------------------------------------------------
tns max 0.00

==========================================================================
detailed place report_wns
--------------------------------------------------------------------------
wns max 0.00

==========================================================================
detailed place report_worst_slack
--------------------------------------------------------------------------
worst slack max 2679.46

==========================================================================
detailed place report_clock_min_period
--------------------------------------------------------------------------
core_clock period_min = 2320.54 fmax = 430.93

==========================================================================
detailed place report_checks -path_delay min
--------------------------------------------------------------------------
Startpoint: u18977 (rising edge-triggered flip-flop clocked by core_clock)
Endpoint: u14687 (rising edge-triggered flip-flop clocked by core_clock)
Path Group: core_clock
Path Type: min

Fanout     Cap    Slew   Delay    Time   Description
-----------------------------------------------------------------------------
                  0.00    0.00    0.00   clock core_clock (rise edge)
                          0.00    0.00   clock network delay (ideal)
                  0.00    0.00    0.00 ^ u18977/CLK (DFFHQNx1_ASAP7_75t_R)
     2    1.12   15.16   32.66   32.66 v u18977/QN (DFFHQNx1_ASAP7_75t_R)
                                         candidate_queue_cost_q_load_20_reg_5349[5] (net)
                 15.16    0.03   32.69 v u14687/D (DFFHQNx1_ASAP7_75t_R)
                                 32.69   data arrival time

                  0.00    0.00    0.00   clock core_clock (rise edge)
                          0.00    0.00   clock network delay (ideal)
                          0.00    0.00   clock reconvergence pessimism
                                  0.00 ^ u14687/CLK (DFFHQNx1_ASAP7_75t_R)
                          7.83    7.83   library hold time
                                  7.83   data required time
-----------------------------------------------------------------------------
                                  7.83   data required time
                                -32.69   data arrival time
-----------------------------------------------------------------------------
                                 24.86   slack (MET)



==========================================================================
detailed place report_checks -path_delay max
--------------------------------------------------------------------------
Startpoint: u75715 (rising edge-triggered flip-flop clocked by core_clock)
Endpoint: u67951 (rising edge-triggered flip-flop clocked by core_clock)
Path Group: core_clock
Path Type: max

Fanout     Cap    Slew   Delay    Time   Description
-----------------------------------------------------------------------------
                  0.00    0.00    0.00   clock core_clock (rise edge)
                          0.00    0.00   clock network delay (ideal)
                  0.00    0.00    0.00 ^ u75715/CLK (DFFHQNx2_ASAP7_75t_R)
    10   17.13   60.80   64.77   64.77 v u75715/QN (DFFHQNx2_ASAP7_75t_R)
                                         uacc_section14_allocator_mul_64ns_64ns_128_7_1_U57.uacc_section14_allocator_uacc_section14_allocator_mul_64ns_64ns_128_7_1_Mul_DSP_8_U.a_reg0[0] (net)
                 61.67    4.03   68.80 v place10617/A (BUFx3_ASAP7_75t_R)
    15   24.44   50.73   35.15  103.96 v place10617/Y (BUFx3_ASAP7_75t_R)
                                         net10588 (net)
                 67.69   14.86  118.82 v place10616/A (BUFx3_ASAP7_75t_R)
    25   28.39   58.81   38.70  157.53 v place10616/Y (BUFx3_ASAP7_75t_R)
                                         net10587 (net)
                 87.94   22.53  180.05 v u83869/B (AND2x2_ASAP7_75t_R)
     2    1.56   10.04   31.54  211.60 v u83869/Y (AND2x2_ASAP7_75t_R)
                                         n69758 (net)
                 10.04    0.06  211.65 v u83871/A (XOR2x2_ASAP7_75t_R)
     2    1.57    9.31   25.20  236.85 ^ u83871/Y (XOR2x2_ASAP7_75t_R)
                                         n69760 (net)
                  9.31    0.06  236.91 ^ u83882/A (XOR2x2_ASAP7_75t_R)
     3    2.70   12.72   27.00  263.91 ^ u83882/Y (XOR2x2_ASAP7_75t_R)
                                         n69771 (net)
                 12.72    0.12  264.03 ^ u83885/A1 (OAI21x1_ASAP7_75t_R)
     3    3.30   20.24   12.44  276.47 v u83885/Y (OAI21x1_ASAP7_75t_R)
                                         n69774 (net)
                 20.24    0.08  276.54 v u83886/B (OA21x2_ASAP7_75t_R)
     1    0.75    6.29   16.23  292.77 v u83886/Y (OA21x2_ASAP7_75t_R)
                                         n69775 (net)
                  6.29    0.03  292.80 v u83887/B (AO21x1_ASAP7_75t_R)
     3    3.15   19.20   21.83  314.63 v u83887/Y (AO21x1_ASAP7_75t_R)
                                         n69776 (net)
                 19.20    0.08  314.71 v u83892/B (OR2x2_ASAP7_75t_R)
     1    1.29    7.68   20.23  334.95 v u83892/Y (OR2x2_ASAP7_75t_R)
                                         n69781 (net)
                  7.69    0.07  335.02 v u83903/B1 (AOI22x1_ASAP7_75t_R)
     2    2.39   23.16   14.25  349.27 ^ u83903/Y (AOI22x1_ASAP7_75t_R)
                                         n69792 (net)
                 23.17    0.25  349.52 ^ u83905/A (MAJx2_ASAP7_75t_R)
     2    2.50   12.51   23.58  373.10 ^ u83905/Y (MAJx2_ASAP7_75t_R)
                                         n69794 (net)
                 12.52    0.16  373.26 ^ u83906/C (MAJx2_ASAP7_75t_R)
     2    2.31   11.68   20.26  393.51 ^ u83906/Y (MAJx2_ASAP7_75t_R)
                                         n69795 (net)
                 11.68    0.07  393.58 ^ u83907/B (NOR2x1_ASAP7_75t_R)
     2    2.12   15.55   11.14  404.72 v u83907/Y (NOR2x1_ASAP7_75t_R)
                                         n69796 (net)
                 15.55    0.06  404.78 v u83908/B (AO21x1_ASAP7_75t_R)
     2    1.85   12.83   20.51  425.29 v u83908/Y (AO21x1_ASAP7_75t_R)
                                         n69797 (net)
                 12.84    0.05  425.34 v u83911/A (MAJx2_ASAP7_75t_R)
     2    1.86    9.99   21.77  447.12 v u83911/Y (MAJx2_ASAP7_75t_R)
                                         n69800 (net)
                  9.99    0.12  447.24 v u83913/B1 (AO22x1_ASAP7_75t_R)
     2    2.06   14.86   23.33  470.57 v u83913/Y (AO22x1_ASAP7_75t_R)
                                         n69802 (net)
                 14.86    0.13  470.70 v u83916/A (MAJx2_ASAP7_75t_R)
     2    1.85    9.96   22.39  493.10 v u83916/Y (MAJx2_ASAP7_75t_R)
                                         n69805 (net)
                  9.96    0.10  493.20 v u83918/B1 (AO22x2_ASAP7_75t_R)
     2    2.65   11.52   22.27  515.46 v u83918/Y (AO22x2_ASAP7_75t_R)
                                         n69807 (net)
                 11.53    0.22  515.68 v u83924/B (MAJx2_ASAP7_75t_R)
     2    2.10   10.63   23.52  539.19 v u83924/Y (MAJx2_ASAP7_75t_R)
                                         n69813 (net)
                 10.64    0.15  539.34 v u83927/A (MAJx2_ASAP7_75t_R)
     2    2.99   12.96   22.96  562.30 v u83927/Y (MAJx2_ASAP7_75t_R)
                                         n69816 (net)
                 13.00    0.38  562.69 v u83934/B (MAJx2_ASAP7_75t_R)
     2    3.71   15.45   26.21  588.90 v u83934/Y (MAJx2_ASAP7_75t_R)
                                         n69823 (net)
                 15.67    1.02  589.92 v u83938/A (MAJx2_ASAP7_75t_R)
     2    1.79    9.76   22.54  612.46 v u83938/Y (MAJx2_ASAP7_75t_R)
                                         n69827 (net)
                  9.76    0.06  612.52 v u83939/A2 (AO21x1_ASAP7_75t_R)
     2    2.12   14.24   18.70  631.22 v u83939/Y (AO21x1_ASAP7_75t_R)
                                         n69828 (net)
                 14.25    0.16  631.38 v u83946/A (MAJx2_ASAP7_75t_R)
     2    1.96   10.23   22.41  653.78 v u83946/Y (MAJx2_ASAP7_75t_R)
                                         n69835 (net)
                 10.23    0.07  653.85 v u83949/A (MAJx2_ASAP7_75t_R)
     2    2.72   12.19   22.43  676.29 v u83949/Y (MAJx2_ASAP7_75t_R)
                                         n69838 (net)
                 12.21    0.25  676.53 v u83951/B (MAJx2_ASAP7_75t_R)
     2    2.68   12.10   24.71  701.25 v u83951/Y (MAJx2_ASAP7_75t_R)
                                         n69840 (net)
                 12.12    0.21  701.45 v u83958/B (MAJx2_ASAP7_75t_R)
     2    2.32   11.24   24.04  725.50 v u83958/Y (MAJx2_ASAP7_75t_R)
                                         n69847 (net)
                 11.25    0.22  725.72 v u83961/A (MAJx2_ASAP7_75t_R)
     2    2.53   11.69   22.46  748.18 v u83961/Y (MAJx2_ASAP7_75t_R)
                                         n69850 (net)
                 11.70    0.14  748.32 v u83963/B (MAJx2_ASAP7_75t_R)
     2    2.61   11.93   24.45  772.77 v u83963/Y (MAJx2_ASAP7_75t_R)
                                         n69852 (net)
                 11.94    0.19  772.96 v u83965/B (MAJx2_ASAP7_75t_R)
     4    3.95   15.58   26.50  799.46 v u83965/Y (MAJx2_ASAP7_75t_R)
                                         n69854 (net)
                 15.60    0.35  799.81 v u83969/A2 (AO21x1_ASAP7_75t_R)
     1    1.25    9.99   17.92  817.72 v u83969/Y (AO21x1_ASAP7_75t_R)
                                         n69858 (net)
                 10.00    0.07  817.79 v u83970/B (NAND2x1_ASAP7_75t_R)
     2    1.74   15.60   10.70  828.49 ^ u83970/Y (NAND2x1_ASAP7_75t_R)
                                         n69859 (net)
                 15.60    0.11  828.60 ^ u83973/A (MAJx2_ASAP7_75t_R)
     2    2.46   12.21   21.59  850.19 ^ u83973/Y (MAJx2_ASAP7_75t_R)
                                         n69862 (net)
                 12.22    0.12  850.31 ^ u83974/C (MAJx2_ASAP7_75t_R)
     2    2.72   13.07   20.85  871.16 ^ u83974/Y (MAJx2_ASAP7_75t_R)
                                         n69863 (net)
                 13.10    0.28  871.44 ^ u83975/C (MAJx2_ASAP7_75t_R)
     2    2.37   11.98   20.41  891.85 ^ u83975/Y (MAJx2_ASAP7_75t_R)
                                         n69864 (net)
                 12.01    0.27  892.13 ^ u83976/B (NOR2x1_ASAP7_75t_R)
     3    1.97   14.44   10.83  902.96 v u83976/Y (NOR2x1_ASAP7_75t_R)
                                         n69865 (net)
                 14.44    0.12  903.08 v u83984/A1 (OA211x2_ASAP7_75t_R)
     2    2.50   13.91   26.34  929.42 v u83984/Y (OA211x2_ASAP7_75t_R)
                                         n69873 (net)
                 13.92    0.14  929.56 v u83985/B (AO21x1_ASAP7_75t_R)
     2    2.01   13.60   20.57  950.13 v u83985/Y (AO21x1_ASAP7_75t_R)
                                         n69874 (net)
                 13.60    0.08  950.21 v u83988/A (MAJx2_ASAP7_75t_R)
     2    1.83    9.86   21.97  972.18 v u83988/Y (MAJx2_ASAP7_75t_R)
                                         n69877 (net)
                  9.86    0.06  972.24 v u83989/B (AO21x1_ASAP7_75t_R)
     1    1.45   10.94   18.25  990.49 v u83989/Y (AO21x1_ASAP7_75t_R)
                                         n69878 (net)
                 10.94    0.06  990.55 v u83990/B (OAI21x1_ASAP7_75t_R)
     2    4.62   34.91   11.58 1002.13 ^ u83990/Y (OAI21x1_ASAP7_75t_R)
                                         n69879 (net)
                 35.04    1.21 1003.34 ^ u83991/B (NAND2x1_ASAP7_75t_R)
     2    1.89   17.64   13.12 1016.46 v u83991/Y (NAND2x1_ASAP7_75t_R)
                                         n69880 (net)
                 17.65    0.15 1016.61 v u83993/A (AND2x2_ASAP7_75t_R)
     3    2.31    9.56   20.36 1036.97 v u83993/Y (AND2x2_ASAP7_75t_R)
                                         n69882 (net)
                  9.57    0.09 1037.05 v u83995/A2 (AO221x1_ASAP7_75t_R)
     1    0.78    8.92   22.24 1059.29 v u83995/Y (AO221x1_ASAP7_75t_R)
                                         n69884 (net)
                  8.92    0.04 1059.33 v u83996/B (OA21x2_ASAP7_75t_R)
     2    3.99   15.42   16.90 1076.23 v u83996/Y (OA21x2_ASAP7_75t_R)
                                         n69885 (net)
                 15.65    1.05 1077.29 v u84002/B (MAJx2_ASAP7_75t_R)
     2    2.08   10.62   24.69 1101.97 v u84002/Y (MAJx2_ASAP7_75t_R)
                                         n69891 (net)
                 10.63    0.15 1102.12 v u84005/A (MAJx2_ASAP7_75t_R)
     3    3.69   15.02   23.93 1126.05 v u84005/Y (MAJx2_ASAP7_75t_R)
                                         n69894 (net)
                 15.07    0.46 1126.52 v u84007/B (MAJx2_ASAP7_75t_R)
     3    2.30   11.08   24.94 1151.46 v u84007/Y (MAJx2_ASAP7_75t_R)
                                         n69896 (net)
                 11.08    0.07 1151.53 v u84011/A3 (AO32x1_ASAP7_75t_R)
     2    3.95   25.39   32.04 1183.57 v u84011/Y (AO32x1_ASAP7_75t_R)
                                         n69900 (net)
                 25.56    1.19 1184.75 v u84014/A (MAJx2_ASAP7_75t_R)
     2    3.22   13.87   27.59 1212.35 v u84014/Y (MAJx2_ASAP7_75t_R)
                                         n69903 (net)
                 13.92    0.46 1212.80 v u84016/B (MAJx2_ASAP7_75t_R)
     3    2.92   12.74   25.59 1238.40 v u84016/Y (MAJx2_ASAP7_75t_R)
                                         n69905 (net)
                 12.76    0.27 1238.67 v u84017/B (NAND2x1_ASAP7_75t_R)
     3    2.50   20.05   13.71 1252.38 ^ u84017/Y (NAND2x1_ASAP7_75t_R)
                                         n69906 (net)
                 20.05    0.08 1252.46 ^ u84018/A3 (AO33x2_ASAP7_75t_R)
     2    1.93   13.24   26.10 1278.56 ^ u84018/Y (AO33x2_ASAP7_75t_R)
                                         n69907 (net)
                 13.24    0.15 1278.70 ^ u84020/A2 (AO21x1_ASAP7_75t_R)
     2    2.12   16.04   18.63 1297.33 ^ u84020/Y (AO21x1_ASAP7_75t_R)
                                         n69909 (net)
                 16.04    0.13 1297.46 ^ u84029/A (MAJx2_ASAP7_75t_R)
     2    2.10   11.40   21.07 1318.53 ^ u84029/Y (MAJx2_ASAP7_75t_R)
                                         n69918 (net)
                 11.41    0.15 1318.68 ^ u84032/A (MAJx2_ASAP7_75t_R)
     2    2.67   12.83   20.70 1339.38 ^ u84032/Y (MAJx2_ASAP7_75t_R)
                                         n69921 (net)
                 12.85    0.25 1339.63 ^ u84033/B (NOR2x1_ASAP7_75t_R)
     4    3.98   24.97   15.96 1355.59 v u84033/Y (NOR2x1_ASAP7_75t_R)
                                         n69922 (net)
                 24.98    0.21 1355.79 v u84034/B (AO21x1_ASAP7_75t_R)
     2    1.70   12.28   21.88 1377.67 v u84034/Y (AO21x1_ASAP7_75t_R)
                                         n69923 (net)
                 12.29    0.08 1377.75 v u84037/A3 (AO32x1_ASAP7_75t_R)
     2    3.12   20.75   30.46 1408.21 v u84037/Y (AO32x1_ASAP7_75t_R)
                                         n69926 (net)
                 20.82    0.67 1408.88 v u84039/A (NAND2x1_ASAP7_75t_R)
     2    1.81   18.27   15.95 1424.83 ^ u84039/Y (NAND2x1_ASAP7_75t_R)
                                         n69928 (net)
                 18.27    0.05 1424.88 ^ u84040/B (NAND2x1_ASAP7_75t_R)
     2    3.73   22.15   14.81 1439.70 v u84040/Y (NAND2x1_ASAP7_75t_R)
                                         n69929 (net)
                 22.25    0.85 1440.55 v u84046/B (MAJx2_ASAP7_75t_R)
     2    2.93   12.92   27.92 1468.47 v u84046/Y (MAJx2_ASAP7_75t_R)
                                         n69935 (net)
                 12.96    0.43 1468.89 v u84051/A (AND2x4_ASAP7_75t_R)
     4    3.28    7.74   17.18 1486.08 v u84051/Y (AND2x4_ASAP7_75t_R)
                                         n69940 (net)
                  7.77    0.23 1486.31 v u84053/A2 (AO222x2_ASAP7_75t_R)
     1    0.68    9.13   30.19 1516.49 v u84053/Y (AO222x2_ASAP7_75t_R)
                                         n69942 (net)
                  9.13    0.02 1516.52 v u84054/B (OA21x2_ASAP7_75t_R)
     2    2.55   10.99   15.42 1531.94 v u84054/Y (OA21x2_ASAP7_75t_R)
                                         n69943 (net)
                 11.00    0.17 1532.11 v u84056/B (MAJx2_ASAP7_75t_R)
     2    2.43   11.48   23.96 1556.07 v u84056/Y (MAJx2_ASAP7_75t_R)
                                         n69945 (net)
                 11.48    0.12 1556.19 v u84058/B (MAJx2_ASAP7_75t_R)
     3    4.06   16.31   26.33 1582.52 v u84058/Y (MAJx2_ASAP7_75t_R)
                                         n69947 (net)
                 16.41    0.73 1583.25 v u84060/B (MAJx2_ASAP7_75t_R)
     3    2.30   11.08   25.32 1608.57 v u84060/Y (MAJx2_ASAP7_75t_R)
                                         n69949 (net)
                 11.08    0.08 1608.64 v u84062/A2 (AO221x1_ASAP7_75t_R)
     1    0.72    8.63   22.33 1630.97 v u84062/Y (AO221x1_ASAP7_75t_R)
                                         n69951 (net)
                  8.63    0.03 1631.00 v u84063/B (OA21x2_ASAP7_75t_R)
     2    4.68   17.64   17.46 1648.46 v u84063/Y (OA21x2_ASAP7_75t_R)
                                         n69952 (net)
                 18.12    1.59 1650.04 v u84069/B (MAJx2_ASAP7_75t_R)
     2    1.95   10.42   25.21 1675.25 v u84069/Y (MAJx2_ASAP7_75t_R)
                                         n69958 (net)
                 10.42    0.09 1675.34 v u84072/A (MAJx2_ASAP7_75t_R)
     2    2.65   12.00   22.41 1697.75 v u84072/Y (MAJx2_ASAP7_75t_R)
                                         n69961 (net)
                 12.01    0.15 1697.90 v u84073/B (XOR2x2_ASAP7_75t_R)
     2    2.23   11.33   27.40 1725.30 ^ u84073/Y (XOR2x2_ASAP7_75t_R)
                                         n69962 (net)
                 11.34    0.06 1725.35 ^ u84289/A (AND2x4_ASAP7_75t_R)
     2    2.64    7.89   15.10 1740.45 ^ u84289/Y (AND2x4_ASAP7_75t_R)
                                         n70178 (net)
                  7.90    0.17 1740.63 ^ u84291/B (MAJx2_ASAP7_75t_R)
     3    5.43   22.18   24.79 1765.42 ^ u84291/Y (MAJx2_ASAP7_75t_R)
                                         n70180 (net)
                 22.98    2.29 1767.71 ^ u84292/C (AND3x1_ASAP7_75t_R)
     1    0.65    8.70   18.99 1786.70 ^ u84292/Y (AND3x1_ASAP7_75t_R)
                                         n70181 (net)
                  8.70    0.03 1786.72 ^ u84295/A (OR2x2_ASAP7_75t_R)
     2    2.26   10.32   16.70 1803.42 ^ u84295/Y (OR2x2_ASAP7_75t_R)
                                         n70184 (net)
                 10.34    0.21 1803.62 ^ u84296/B2 (AO22x2_ASAP7_75t_R)
     2    3.32   15.00   20.59 1824.21 ^ u84296/Y (AO22x2_ASAP7_75t_R)
                                         n70185 (net)
                 15.06    0.53 1824.74 ^ u84298/B (MAJx2_ASAP7_75t_R)
     2    2.17   11.43   22.43 1847.18 ^ u84298/Y (MAJx2_ASAP7_75t_R)
                                         n70187 (net)
                 11.44    0.17 1847.35 ^ u84300/B1 (AO22x2_ASAP7_75t_R)
     2    3.96   17.29   20.91 1868.27 ^ u84300/Y (AO22x2_ASAP7_75t_R)
                                         n70189 (net)
                 17.48    1.00 1869.26 ^ u84302/B (MAJx2_ASAP7_75t_R)
     2    2.87   13.65   24.23 1893.49 ^ u84302/Y (MAJx2_ASAP7_75t_R)
                                         n70191 (net)
                 13.73    0.55 1894.04 ^ u84304/B1 (AO22x2_ASAP7_75t_R)
     2    2.65   12.71   19.56 1913.59 ^ u84304/Y (AO22x2_ASAP7_75t_R)
                                         n70193 (net)
                 12.71    0.15 1913.74 ^ u84310/B (MAJx2_ASAP7_75t_R)
     2    1.77   10.12   21.10 1934.84 ^ u84310/Y (MAJx2_ASAP7_75t_R)
                                         n70199 (net)
                 10.12    0.07 1934.91 ^ u84314/A (AND2x2_ASAP7_75t_R)
     2    3.39   14.76   18.62 1953.53 ^ u84314/Y (AND2x2_ASAP7_75t_R)
                                         n70203 (net)
                 14.97    0.97 1954.51 ^ u84315/B (AND2x2_ASAP7_75t_R)
     2    3.86   16.30   20.88 1975.39 ^ u84315/Y (AND2x2_ASAP7_75t_R)
                                         n70204 (net)
                 16.62    1.28 1976.67 ^ u84316/B (AND2x2_ASAP7_75t_R)
     2    1.59    8.96   18.00 1994.66 ^ u84316/Y (AND2x2_ASAP7_75t_R)
                                         n70205 (net)
                  8.96    0.12 1994.78 ^ u84363/A (AND3x1_ASAP7_75t_R)
     3    2.67   20.55   23.33 2018.11 ^ u84363/Y (AND3x1_ASAP7_75t_R)
                                         n70252 (net)
                 20.56    0.20 2018.31 ^ u84375/A (OR2x2_ASAP7_75t_R)
     2    1.88    9.36   19.59 2037.90 ^ u84375/Y (OR2x2_ASAP7_75t_R)
                                         n70264 (net)
                  9.36    0.10 2038.00 ^ u84377/A2 (AO21x1_ASAP7_75t_R)
     1    2.38   17.54   18.34 2056.33 ^ u84377/Y (AO21x1_ASAP7_75t_R)
                                         n70266 (net)
                 17.60    0.53 2056.86 ^ u84380/A2 (AO21x1_ASAP7_75t_R)
     3    3.48   24.26   23.30 2080.16 ^ u84380/Y (AO21x1_ASAP7_75t_R)
                                         n70269 (net)
                 24.27    0.30 2080.47 ^ u84384/A (AND3x1_ASAP7_75t_R)
     2    7.63   52.57   38.80 2119.27 ^ u84384/Y (AND3x1_ASAP7_75t_R)
                                         n70273 (net)
                 54.24    5.12 2124.39 ^ u85803/B (OR2x6_ASAP7_75t_R)
     3    3.25    9.19   27.40 2151.80 ^ u85803/Y (OR2x6_ASAP7_75t_R)
                                         n71688 (net)
                  9.19    0.10 2151.89 ^ u85804/A2 (AO21x1_ASAP7_75t_R)
     1    0.78    7.99   13.74 2165.63 ^ u85804/Y (AO21x1_ASAP7_75t_R)
                                         n71689 (net)
                  7.99    0.04 2165.67 ^ u85805/A2 (AO21x1_ASAP7_75t_R)
     3    4.11   28.12   22.68 2188.35 ^ u85805/Y (AO21x1_ASAP7_75t_R)
                                         n71690 (net)
                 28.13    0.12 2188.48 ^ u85806/B2 (AO221x1_ASAP7_75t_R)
     4    5.85   40.08   35.44 2223.92 ^ u85806/Y (AO221x1_ASAP7_75t_R)
                                         n71691 (net)
                 40.17    1.19 2225.10 ^ u85842/B (AND3x1_ASAP7_75t_R)
     1    0.61    8.93   21.89 2247.00 ^ u85842/Y (AND3x1_ASAP7_75t_R)
                                         n71720 (net)
                  8.93    0.02 2247.02 ^ u85843/B (OR2x2_ASAP7_75t_R)
     2    3.36   13.82   17.51 2264.53 ^ u85843/Y (OR2x2_ASAP7_75t_R)
                                         n71721 (net)
                 13.91    0.61 2265.14 ^ u85844/B (MAJx2_ASAP7_75t_R)
     1    1.12    8.11   20.29 2285.43 ^ u85844/Y (MAJx2_ASAP7_75t_R)
                                         n71722 (net)
                  8.11    0.05 2285.48 ^ u85845/B (XNOR2x2_ASAP7_75t_R)
     1    0.67    6.60   19.98 2305.46 ^ u85845/Y (XNOR2x2_ASAP7_75t_R)
                                         uacc_section14_allocator_mul_64ns_64ns_128_7_1_U57.uacc_section14_allocator_uacc_section14_allocator_mul_64ns_64ns_128_7_1_Mul_DSP_8_U.tmp_product[115]* (net)
                  6.60    0.02 2305.48 ^ u67951/D (DFFHQNx1_ASAP7_75t_R)
                               2305.48   data arrival time

                  0.00 5000.00 5000.00   clock core_clock (rise edge)
                          0.00 5000.00   clock network delay (ideal)
                          0.00 5000.00   clock reconvergence pessimism
                               5000.00 ^ u67951/CLK (DFFHQNx1_ASAP7_75t_R)
                        -15.06 4984.94   library setup time
                               4984.94   data required time
-----------------------------------------------------------------------------
                               4984.94   data required time
                               -2305.48   data arrival time
-----------------------------------------------------------------------------
                               2679.46   slack (MET)



==========================================================================
detailed place report_checks -unconstrained
--------------------------------------------------------------------------
Startpoint: u75715 (rising edge-triggered flip-flop clocked by core_clock)
Endpoint: u67951 (rising edge-triggered flip-flop clocked by core_clock)
Path Group: core_clock
Path Type: max

Fanout     Cap    Slew   Delay    Time   Description
-----------------------------------------------------------------------------
                  0.00    0.00    0.00   clock core_clock (rise edge)
                          0.00    0.00   clock network delay (ideal)
                  0.00    0.00    0.00 ^ u75715/CLK (DFFHQNx2_ASAP7_75t_R)
    10   17.13   60.80   64.77   64.77 v u75715/QN (DFFHQNx2_ASAP7_75t_R)
                                         uacc_section14_allocator_mul_64ns_64ns_128_7_1_U57.uacc_section14_allocator_uacc_section14_allocator_mul_64ns_64ns_128_7_1_Mul_DSP_8_U.a_reg0[0] (net)
                 61.67    4.03   68.80 v place10617/A (BUFx3_ASAP7_75t_R)
    15   24.44   50.73   35.15  103.96 v place10617/Y (BUFx3_ASAP7_75t_R)
                                         net10588 (net)
                 67.69   14.86  118.82 v place10616/A (BUFx3_ASAP7_75t_R)
    25   28.39   58.81   38.70  157.53 v place10616/Y (BUFx3_ASAP7_75t_R)
                                         net10587 (net)
                 87.94   22.53  180.05 v u83869/B (AND2x2_ASAP7_75t_R)
     2    1.56   10.04   31.54  211.60 v u83869/Y (AND2x2_ASAP7_75t_R)
                                         n69758 (net)
                 10.04    0.06  211.65 v u83871/A (XOR2x2_ASAP7_75t_R)
     2    1.57    9.31   25.20  236.85 ^ u83871/Y (XOR2x2_ASAP7_75t_R)
                                         n69760 (net)
                  9.31    0.06  236.91 ^ u83882/A (XOR2x2_ASAP7_75t_R)
     3    2.70   12.72   27.00  263.91 ^ u83882/Y (XOR2x2_ASAP7_75t_R)
                                         n69771 (net)
                 12.72    0.12  264.03 ^ u83885/A1 (OAI21x1_ASAP7_75t_R)
     3    3.30   20.24   12.44  276.47 v u83885/Y (OAI21x1_ASAP7_75t_R)
                                         n69774 (net)
                 20.24    0.08  276.54 v u83886/B (OA21x2_ASAP7_75t_R)
     1    0.75    6.29   16.23  292.77 v u83886/Y (OA21x2_ASAP7_75t_R)
                                         n69775 (net)
                  6.29    0.03  292.80 v u83887/B (AO21x1_ASAP7_75t_R)
     3    3.15   19.20   21.83  314.63 v u83887/Y (AO21x1_ASAP7_75t_R)
                                         n69776 (net)
                 19.20    0.08  314.71 v u83892/B (OR2x2_ASAP7_75t_R)
     1    1.29    7.68   20.23  334.95 v u83892/Y (OR2x2_ASAP7_75t_R)
                                         n69781 (net)
                  7.69    0.07  335.02 v u83903/B1 (AOI22x1_ASAP7_75t_R)
     2    2.39   23.16   14.25  349.27 ^ u83903/Y (AOI22x1_ASAP7_75t_R)
                                         n69792 (net)
                 23.17    0.25  349.52 ^ u83905/A (MAJx2_ASAP7_75t_R)
     2    2.50   12.51   23.58  373.10 ^ u83905/Y (MAJx2_ASAP7_75t_R)
                                         n69794 (net)
                 12.52    0.16  373.26 ^ u83906/C (MAJx2_ASAP7_75t_R)
     2    2.31   11.68   20.26  393.51 ^ u83906/Y (MAJx2_ASAP7_75t_R)
                                         n69795 (net)
                 11.68    0.07  393.58 ^ u83907/B (NOR2x1_ASAP7_75t_R)
     2    2.12   15.55   11.14  404.72 v u83907/Y (NOR2x1_ASAP7_75t_R)
                                         n69796 (net)
                 15.55    0.06  404.78 v u83908/B (AO21x1_ASAP7_75t_R)
     2    1.85   12.83   20.51  425.29 v u83908/Y (AO21x1_ASAP7_75t_R)
                                         n69797 (net)
                 12.84    0.05  425.34 v u83911/A (MAJx2_ASAP7_75t_R)
     2    1.86    9.99   21.77  447.12 v u83911/Y (MAJx2_ASAP7_75t_R)
                                         n69800 (net)
                  9.99    0.12  447.24 v u83913/B1 (AO22x1_ASAP7_75t_R)
     2    2.06   14.86   23.33  470.57 v u83913/Y (AO22x1_ASAP7_75t_R)
                                         n69802 (net)
                 14.86    0.13  470.70 v u83916/A (MAJx2_ASAP7_75t_R)
     2    1.85    9.96   22.39  493.10 v u83916/Y (MAJx2_ASAP7_75t_R)
                                         n69805 (net)
                  9.96    0.10  493.20 v u83918/B1 (AO22x2_ASAP7_75t_R)
     2    2.65   11.52   22.27  515.46 v u83918/Y (AO22x2_ASAP7_75t_R)
                                         n69807 (net)
                 11.53    0.22  515.68 v u83924/B (MAJx2_ASAP7_75t_R)
     2    2.10   10.63   23.52  539.19 v u83924/Y (MAJx2_ASAP7_75t_R)
                                         n69813 (net)
                 10.64    0.15  539.34 v u83927/A (MAJx2_ASAP7_75t_R)
     2    2.99   12.96   22.96  562.30 v u83927/Y (MAJx2_ASAP7_75t_R)
                                         n69816 (net)
                 13.00    0.38  562.69 v u83934/B (MAJx2_ASAP7_75t_R)
     2    3.71   15.45   26.21  588.90 v u83934/Y (MAJx2_ASAP7_75t_R)
                                         n69823 (net)
                 15.67    1.02  589.92 v u83938/A (MAJx2_ASAP7_75t_R)
     2    1.79    9.76   22.54  612.46 v u83938/Y (MAJx2_ASAP7_75t_R)
                                         n69827 (net)
                  9.76    0.06  612.52 v u83939/A2 (AO21x1_ASAP7_75t_R)
     2    2.12   14.24   18.70  631.22 v u83939/Y (AO21x1_ASAP7_75t_R)
                                         n69828 (net)
                 14.25    0.16  631.38 v u83946/A (MAJx2_ASAP7_75t_R)
     2    1.96   10.23   22.41  653.78 v u83946/Y (MAJx2_ASAP7_75t_R)
                                         n69835 (net)
                 10.23    0.07  653.85 v u83949/A (MAJx2_ASAP7_75t_R)
     2    2.72   12.19   22.43  676.29 v u83949/Y (MAJx2_ASAP7_75t_R)
                                         n69838 (net)
                 12.21    0.25  676.53 v u83951/B (MAJx2_ASAP7_75t_R)
     2    2.68   12.10   24.71  701.25 v u83951/Y (MAJx2_ASAP7_75t_R)
                                         n69840 (net)
                 12.12    0.21  701.45 v u83958/B (MAJx2_ASAP7_75t_R)
     2    2.32   11.24   24.04  725.50 v u83958/Y (MAJx2_ASAP7_75t_R)
                                         n69847 (net)
                 11.25    0.22  725.72 v u83961/A (MAJx2_ASAP7_75t_R)
     2    2.53   11.69   22.46  748.18 v u83961/Y (MAJx2_ASAP7_75t_R)
                                         n69850 (net)
                 11.70    0.14  748.32 v u83963/B (MAJx2_ASAP7_75t_R)
     2    2.61   11.93   24.45  772.77 v u83963/Y (MAJx2_ASAP7_75t_R)
                                         n69852 (net)
                 11.94    0.19  772.96 v u83965/B (MAJx2_ASAP7_75t_R)
     4    3.95   15.58   26.50  799.46 v u83965/Y (MAJx2_ASAP7_75t_R)
                                         n69854 (net)
                 15.60    0.35  799.81 v u83969/A2 (AO21x1_ASAP7_75t_R)
     1    1.25    9.99   17.92  817.72 v u83969/Y (AO21x1_ASAP7_75t_R)
                                         n69858 (net)
                 10.00    0.07  817.79 v u83970/B (NAND2x1_ASAP7_75t_R)
     2    1.74   15.60   10.70  828.49 ^ u83970/Y (NAND2x1_ASAP7_75t_R)
                                         n69859 (net)
                 15.60    0.11  828.60 ^ u83973/A (MAJx2_ASAP7_75t_R)
     2    2.46   12.21   21.59  850.19 ^ u83973/Y (MAJx2_ASAP7_75t_R)
                                         n69862 (net)
                 12.22    0.12  850.31 ^ u83974/C (MAJx2_ASAP7_75t_R)
     2    2.72   13.07   20.85  871.16 ^ u83974/Y (MAJx2_ASAP7_75t_R)
                                         n69863 (net)
                 13.10    0.28  871.44 ^ u83975/C (MAJx2_ASAP7_75t_R)
     2    2.37   11.98   20.41  891.85 ^ u83975/Y (MAJx2_ASAP7_75t_R)
                                         n69864 (net)
                 12.01    0.27  892.13 ^ u83976/B (NOR2x1_ASAP7_75t_R)
     3    1.97   14.44   10.83  902.96 v u83976/Y (NOR2x1_ASAP7_75t_R)
                                         n69865 (net)
                 14.44    0.12  903.08 v u83984/A1 (OA211x2_ASAP7_75t_R)
     2    2.50   13.91   26.34  929.42 v u83984/Y (OA211x2_ASAP7_75t_R)
                                         n69873 (net)
                 13.92    0.14  929.56 v u83985/B (AO21x1_ASAP7_75t_R)
     2    2.01   13.60   20.57  950.13 v u83985/Y (AO21x1_ASAP7_75t_R)
                                         n69874 (net)
                 13.60    0.08  950.21 v u83988/A (MAJx2_ASAP7_75t_R)
     2    1.83    9.86   21.97  972.18 v u83988/Y (MAJx2_ASAP7_75t_R)
                                         n69877 (net)
                  9.86    0.06  972.24 v u83989/B (AO21x1_ASAP7_75t_R)
     1    1.45   10.94   18.25  990.49 v u83989/Y (AO21x1_ASAP7_75t_R)
                                         n69878 (net)
                 10.94    0.06  990.55 v u83990/B (OAI21x1_ASAP7_75t_R)
     2    4.62   34.91   11.58 1002.13 ^ u83990/Y (OAI21x1_ASAP7_75t_R)
                                         n69879 (net)
                 35.04    1.21 1003.34 ^ u83991/B (NAND2x1_ASAP7_75t_R)
     2    1.89   17.64   13.12 1016.46 v u83991/Y (NAND2x1_ASAP7_75t_R)
                                         n69880 (net)
                 17.65    0.15 1016.61 v u83993/A (AND2x2_ASAP7_75t_R)
     3    2.31    9.56   20.36 1036.97 v u83993/Y (AND2x2_ASAP7_75t_R)
                                         n69882 (net)
                  9.57    0.09 1037.05 v u83995/A2 (AO221x1_ASAP7_75t_R)
     1    0.78    8.92   22.24 1059.29 v u83995/Y (AO221x1_ASAP7_75t_R)
                                         n69884 (net)
                  8.92    0.04 1059.33 v u83996/B (OA21x2_ASAP7_75t_R)
     2    3.99   15.42   16.90 1076.23 v u83996/Y (OA21x2_ASAP7_75t_R)
                                         n69885 (net)
                 15.65    1.05 1077.29 v u84002/B (MAJx2_ASAP7_75t_R)
     2    2.08   10.62   24.69 1101.97 v u84002/Y (MAJx2_ASAP7_75t_R)
                                         n69891 (net)
                 10.63    0.15 1102.12 v u84005/A (MAJx2_ASAP7_75t_R)
     3    3.69   15.02   23.93 1126.05 v u84005/Y (MAJx2_ASAP7_75t_R)
                                         n69894 (net)
                 15.07    0.46 1126.52 v u84007/B (MAJx2_ASAP7_75t_R)
     3    2.30   11.08   24.94 1151.46 v u84007/Y (MAJx2_ASAP7_75t_R)
                                         n69896 (net)
                 11.08    0.07 1151.53 v u84011/A3 (AO32x1_ASAP7_75t_R)
     2    3.95   25.39   32.04 1183.57 v u84011/Y (AO32x1_ASAP7_75t_R)
                                         n69900 (net)
                 25.56    1.19 1184.75 v u84014/A (MAJx2_ASAP7_75t_R)
     2    3.22   13.87   27.59 1212.35 v u84014/Y (MAJx2_ASAP7_75t_R)
                                         n69903 (net)
                 13.92    0.46 1212.80 v u84016/B (MAJx2_ASAP7_75t_R)
     3    2.92   12.74   25.59 1238.40 v u84016/Y (MAJx2_ASAP7_75t_R)
                                         n69905 (net)
                 12.76    0.27 1238.67 v u84017/B (NAND2x1_ASAP7_75t_R)
     3    2.50   20.05   13.71 1252.38 ^ u84017/Y (NAND2x1_ASAP7_75t_R)
                                         n69906 (net)
                 20.05    0.08 1252.46 ^ u84018/A3 (AO33x2_ASAP7_75t_R)
     2    1.93   13.24   26.10 1278.56 ^ u84018/Y (AO33x2_ASAP7_75t_R)
                                         n69907 (net)
                 13.24    0.15 1278.70 ^ u84020/A2 (AO21x1_ASAP7_75t_R)
     2    2.12   16.04   18.63 1297.33 ^ u84020/Y (AO21x1_ASAP7_75t_R)
                                         n69909 (net)
                 16.04    0.13 1297.46 ^ u84029/A (MAJx2_ASAP7_75t_R)
     2    2.10   11.40   21.07 1318.53 ^ u84029/Y (MAJx2_ASAP7_75t_R)
                                         n69918 (net)
                 11.41    0.15 1318.68 ^ u84032/A (MAJx2_ASAP7_75t_R)
     2    2.67   12.83   20.70 1339.38 ^ u84032/Y (MAJx2_ASAP7_75t_R)
                                         n69921 (net)
                 12.85    0.25 1339.63 ^ u84033/B (NOR2x1_ASAP7_75t_R)
     4    3.98   24.97   15.96 1355.59 v u84033/Y (NOR2x1_ASAP7_75t_R)
                                         n69922 (net)
                 24.98    0.21 1355.79 v u84034/B (AO21x1_ASAP7_75t_R)
     2    1.70   12.28   21.88 1377.67 v u84034/Y (AO21x1_ASAP7_75t_R)
                                         n69923 (net)
                 12.29    0.08 1377.75 v u84037/A3 (AO32x1_ASAP7_75t_R)
     2    3.12   20.75   30.46 1408.21 v u84037/Y (AO32x1_ASAP7_75t_R)
                                         n69926 (net)
                 20.82    0.67 1408.88 v u84039/A (NAND2x1_ASAP7_75t_R)
     2    1.81   18.27   15.95 1424.83 ^ u84039/Y (NAND2x1_ASAP7_75t_R)
                                         n69928 (net)
                 18.27    0.05 1424.88 ^ u84040/B (NAND2x1_ASAP7_75t_R)
     2    3.73   22.15   14.81 1439.70 v u84040/Y (NAND2x1_ASAP7_75t_R)
                                         n69929 (net)
                 22.25    0.85 1440.55 v u84046/B (MAJx2_ASAP7_75t_R)
     2    2.93   12.92   27.92 1468.47 v u84046/Y (MAJx2_ASAP7_75t_R)
                                         n69935 (net)
                 12.96    0.43 1468.89 v u84051/A (AND2x4_ASAP7_75t_R)
     4    3.28    7.74   17.18 1486.08 v u84051/Y (AND2x4_ASAP7_75t_R)
                                         n69940 (net)
                  7.77    0.23 1486.31 v u84053/A2 (AO222x2_ASAP7_75t_R)
     1    0.68    9.13   30.19 1516.49 v u84053/Y (AO222x2_ASAP7_75t_R)
                                         n69942 (net)
                  9.13    0.02 1516.52 v u84054/B (OA21x2_ASAP7_75t_R)
     2    2.55   10.99   15.42 1531.94 v u84054/Y (OA21x2_ASAP7_75t_R)
                                         n69943 (net)
                 11.00    0.17 1532.11 v u84056/B (MAJx2_ASAP7_75t_R)
     2    2.43   11.48   23.96 1556.07 v u84056/Y (MAJx2_ASAP7_75t_R)
                                         n69945 (net)
                 11.48    0.12 1556.19 v u84058/B (MAJx2_ASAP7_75t_R)
     3    4.06   16.31   26.33 1582.52 v u84058/Y (MAJx2_ASAP7_75t_R)
                                         n69947 (net)
                 16.41    0.73 1583.25 v u84060/B (MAJx2_ASAP7_75t_R)
     3    2.30   11.08   25.32 1608.57 v u84060/Y (MAJx2_ASAP7_75t_R)
                                         n69949 (net)
                 11.08    0.08 1608.64 v u84062/A2 (AO221x1_ASAP7_75t_R)
     1    0.72    8.63   22.33 1630.97 v u84062/Y (AO221x1_ASAP7_75t_R)
                                         n69951 (net)
                  8.63    0.03 1631.00 v u84063/B (OA21x2_ASAP7_75t_R)
     2    4.68   17.64   17.46 1648.46 v u84063/Y (OA21x2_ASAP7_75t_R)
                                         n69952 (net)
                 18.12    1.59 1650.04 v u84069/B (MAJx2_ASAP7_75t_R)
     2    1.95   10.42   25.21 1675.25 v u84069/Y (MAJx2_ASAP7_75t_R)
                                         n69958 (net)
                 10.42    0.09 1675.34 v u84072/A (MAJx2_ASAP7_75t_R)
     2    2.65   12.00   22.41 1697.75 v u84072/Y (MAJx2_ASAP7_75t_R)
                                         n69961 (net)
                 12.01    0.15 1697.90 v u84073/B (XOR2x2_ASAP7_75t_R)
     2    2.23   11.33   27.40 1725.30 ^ u84073/Y (XOR2x2_ASAP7_75t_R)
                                         n69962 (net)
                 11.34    0.06 1725.35 ^ u84289/A (AND2x4_ASAP7_75t_R)
     2    2.64    7.89   15.10 1740.45 ^ u84289/Y (AND2x4_ASAP7_75t_R)
                                         n70178 (net)
                  7.90    0.17 1740.63 ^ u84291/B (MAJx2_ASAP7_75t_R)
     3    5.43   22.18   24.79 1765.42 ^ u84291/Y (MAJx2_ASAP7_75t_R)
                                         n70180 (net)
                 22.98    2.29 1767.71 ^ u84292/C (AND3x1_ASAP7_75t_R)
     1    0.65    8.70   18.99 1786.70 ^ u84292/Y (AND3x1_ASAP7_75t_R)
                                         n70181 (net)
                  8.70    0.03 1786.72 ^ u84295/A (OR2x2_ASAP7_75t_R)
     2    2.26   10.32   16.70 1803.42 ^ u84295/Y (OR2x2_ASAP7_75t_R)
                                         n70184 (net)
                 10.34    0.21 1803.62 ^ u84296/B2 (AO22x2_ASAP7_75t_R)
     2    3.32   15.00   20.59 1824.21 ^ u84296/Y (AO22x2_ASAP7_75t_R)
                                         n70185 (net)
                 15.06    0.53 1824.74 ^ u84298/B (MAJx2_ASAP7_75t_R)
     2    2.17   11.43   22.43 1847.18 ^ u84298/Y (MAJx2_ASAP7_75t_R)
                                         n70187 (net)
                 11.44    0.17 1847.35 ^ u84300/B1 (AO22x2_ASAP7_75t_R)
     2    3.96   17.29   20.91 1868.27 ^ u84300/Y (AO22x2_ASAP7_75t_R)
                                         n70189 (net)
                 17.48    1.00 1869.26 ^ u84302/B (MAJx2_ASAP7_75t_R)
     2    2.87   13.65   24.23 1893.49 ^ u84302/Y (MAJx2_ASAP7_75t_R)
                                         n70191 (net)
                 13.73    0.55 1894.04 ^ u84304/B1 (AO22x2_ASAP7_75t_R)
     2    2.65   12.71   19.56 1913.59 ^ u84304/Y (AO22x2_ASAP7_75t_R)
                                         n70193 (net)
                 12.71    0.15 1913.74 ^ u84310/B (MAJx2_ASAP7_75t_R)
     2    1.77   10.12   21.10 1934.84 ^ u84310/Y (MAJx2_ASAP7_75t_R)
                                         n70199 (net)
                 10.12    0.07 1934.91 ^ u84314/A (AND2x2_ASAP7_75t_R)
     2    3.39   14.76   18.62 1953.53 ^ u84314/Y (AND2x2_ASAP7_75t_R)
                                         n70203 (net)
                 14.97    0.97 1954.51 ^ u84315/B (AND2x2_ASAP7_75t_R)
     2    3.86   16.30   20.88 1975.39 ^ u84315/Y (AND2x2_ASAP7_75t_R)
                                         n70204 (net)
                 16.62    1.28 1976.67 ^ u84316/B (AND2x2_ASAP7_75t_R)
     2    1.59    8.96   18.00 1994.66 ^ u84316/Y (AND2x2_ASAP7_75t_R)
                                         n70205 (net)
                  8.96    0.12 1994.78 ^ u84363/A (AND3x1_ASAP7_75t_R)
     3    2.67   20.55   23.33 2018.11 ^ u84363/Y (AND3x1_ASAP7_75t_R)
                                         n70252 (net)
                 20.56    0.20 2018.31 ^ u84375/A (OR2x2_ASAP7_75t_R)
     2    1.88    9.36   19.59 2037.90 ^ u84375/Y (OR2x2_ASAP7_75t_R)
                                         n70264 (net)
                  9.36    0.10 2038.00 ^ u84377/A2 (AO21x1_ASAP7_75t_R)
     1    2.38   17.54   18.34 2056.33 ^ u84377/Y (AO21x1_ASAP7_75t_R)
                                         n70266 (net)
                 17.60    0.53 2056.86 ^ u84380/A2 (AO21x1_ASAP7_75t_R)
     3    3.48   24.26   23.30 2080.16 ^ u84380/Y (AO21x1_ASAP7_75t_R)
                                         n70269 (net)
                 24.27    0.30 2080.47 ^ u84384/A (AND3x1_ASAP7_75t_R)
     2    7.63   52.57   38.80 2119.27 ^ u84384/Y (AND3x1_ASAP7_75t_R)
                                         n70273 (net)
                 54.24    5.12 2124.39 ^ u85803/B (OR2x6_ASAP7_75t_R)
     3    3.25    9.19   27.40 2151.80 ^ u85803/Y (OR2x6_ASAP7_75t_R)
                                         n71688 (net)
                  9.19    0.10 2151.89 ^ u85804/A2 (AO21x1_ASAP7_75t_R)
     1    0.78    7.99   13.74 2165.63 ^ u85804/Y (AO21x1_ASAP7_75t_R)
                                         n71689 (net)
                  7.99    0.04 2165.67 ^ u85805/A2 (AO21x1_ASAP7_75t_R)
     3    4.11   28.12   22.68 2188.35 ^ u85805/Y (AO21x1_ASAP7_75t_R)
                                         n71690 (net)
                 28.13    0.12 2188.48 ^ u85806/B2 (AO221x1_ASAP7_75t_R)
     4    5.85   40.08   35.44 2223.92 ^ u85806/Y (AO221x1_ASAP7_75t_R)
                                         n71691 (net)
                 40.17    1.19 2225.10 ^ u85842/B (AND3x1_ASAP7_75t_R)
     1    0.61    8.93   21.89 2247.00 ^ u85842/Y (AND3x1_ASAP7_75t_R)
                                         n71720 (net)
                  8.93    0.02 2247.02 ^ u85843/B (OR2x2_ASAP7_75t_R)
     2    3.36   13.82   17.51 2264.53 ^ u85843/Y (OR2x2_ASAP7_75t_R)
                                         n71721 (net)
                 13.91    0.61 2265.14 ^ u85844/B (MAJx2_ASAP7_75t_R)
     1    1.12    8.11   20.29 2285.43 ^ u85844/Y (MAJx2_ASAP7_75t_R)
                                         n71722 (net)
                  8.11    0.05 2285.48 ^ u85845/B (XNOR2x2_ASAP7_75t_R)
     1    0.67    6.60   19.98 2305.46 ^ u85845/Y (XNOR2x2_ASAP7_75t_R)
                                         uacc_section14_allocator_mul_64ns_64ns_128_7_1_U57.uacc_section14_allocator_uacc_section14_allocator_mul_64ns_64ns_128_7_1_Mul_DSP_8_U.tmp_product[115]* (net)
                  6.60    0.02 2305.48 ^ u67951/D (DFFHQNx1_ASAP7_75t_R)
                               2305.48   data arrival time

                  0.00 5000.00 5000.00   clock core_clock (rise edge)
                          0.00 5000.00   clock network delay (ideal)
                          0.00 5000.00   clock reconvergence pessimism
                               5000.00 ^ u67951/CLK (DFFHQNx1_ASAP7_75t_R)
                        -15.06 4984.94   library setup time
                               4984.94   data required time
-----------------------------------------------------------------------------
                               4984.94   data required time
                               -2305.48   data arrival time
-----------------------------------------------------------------------------
                               2679.46   slack (MET)



==========================================================================
detailed place report_check_types -max_slew -max_cap -max_fanout -violators
--------------------------------------------------------------------------

==========================================================================
detailed place max_slew_check_slack
--------------------------------------------------------------------------
43.84284591674805

==========================================================================
detailed place max_slew_check_limit
--------------------------------------------------------------------------
320.0

==========================================================================
detailed place max_slew_check_slack_limit
--------------------------------------------------------------------------
0.1370

==========================================================================
detailed place max_fanout_check_slack
--------------------------------------------------------------------------
1.0000000150474662e+30

==========================================================================
detailed place max_fanout_check_limit
--------------------------------------------------------------------------
1.0000000150474662e+30

==========================================================================
detailed place max_capacitance_check_slack
--------------------------------------------------------------------------
4.2224016189575195

==========================================================================
detailed place max_capacitance_check_limit
--------------------------------------------------------------------------
23.040000915527344

==========================================================================
detailed place max_capacitance_check_slack_limit
--------------------------------------------------------------------------
0.1833

==========================================================================
detailed place max_slew_violation_count
--------------------------------------------------------------------------
max slew violation count 0

==========================================================================
detailed place max_fanout_violation_count
--------------------------------------------------------------------------
max fanout violation count 0

==========================================================================
detailed place max_cap_violation_count
--------------------------------------------------------------------------
max cap violation count 0

==========================================================================
detailed place setup_violation_count
--------------------------------------------------------------------------
setup violation count 0

==========================================================================
detailed place hold_violation_count
--------------------------------------------------------------------------
hold violation count 0

==========================================================================
detailed place report_checks -path_delay max reg to reg
--------------------------------------------------------------------------
Startpoint: u75715 (rising edge-triggered flip-flop clocked by core_clock)
Endpoint: u67951 (rising edge-triggered flip-flop clocked by core_clock)
Path Group: core_clock
Path Type: max

  Delay    Time   Description
---------------------------------------------------------
   0.00    0.00   clock core_clock (rise edge)
   0.00    0.00   clock network delay (ideal)
   0.00    0.00 ^ u75715/CLK (DFFHQNx2_ASAP7_75t_R)
  64.77   64.77 v u75715/QN (DFFHQNx2_ASAP7_75t_R)
  39.19  103.96 v place10617/Y (BUFx3_ASAP7_75t_R)
  53.57  157.53 v place10616/Y (BUFx3_ASAP7_75t_R)
  54.07  211.60 v u83869/Y (AND2x2_ASAP7_75t_R)
  25.26  236.85 ^ u83871/Y (XOR2x2_ASAP7_75t_R)
  27.05  263.91 ^ u83882/Y (XOR2x2_ASAP7_75t_R)
  12.56  276.47 v u83885/Y (OAI21x1_ASAP7_75t_R)
  16.31  292.77 v u83886/Y (OA21x2_ASAP7_75t_R)
  21.86  314.63 v u83887/Y (AO21x1_ASAP7_75t_R)
  20.31  334.95 v u83892/Y (OR2x2_ASAP7_75t_R)
  14.32  349.27 ^ u83903/Y (AOI22x1_ASAP7_75t_R)
  23.83  373.10 ^ u83905/Y (MAJx2_ASAP7_75t_R)
  20.41  393.51 ^ u83906/Y (MAJx2_ASAP7_75t_R)
  11.21  404.72 v u83907/Y (NOR2x1_ASAP7_75t_R)
  20.57  425.29 v u83908/Y (AO21x1_ASAP7_75t_R)
  21.82  447.12 v u83911/Y (MAJx2_ASAP7_75t_R)
  23.45  470.57 v u83913/Y (AO22x1_ASAP7_75t_R)
  22.53  493.10 v u83916/Y (MAJx2_ASAP7_75t_R)
  22.36  515.46 v u83918/Y (AO22x2_ASAP7_75t_R)
  23.73  539.19 v u83924/Y (MAJx2_ASAP7_75t_R)
  23.11  562.30 v u83927/Y (MAJx2_ASAP7_75t_R)
  26.60  588.90 v u83934/Y (MAJx2_ASAP7_75t_R)
  23.56  612.46 v u83938/Y (MAJx2_ASAP7_75t_R)
  18.76  631.22 v u83939/Y (AO21x1_ASAP7_75t_R)
  22.57  653.78 v u83946/Y (MAJx2_ASAP7_75t_R)
  22.51  676.29 v u83949/Y (MAJx2_ASAP7_75t_R)
  24.96  701.25 v u83951/Y (MAJx2_ASAP7_75t_R)
  24.25  725.50 v u83958/Y (MAJx2_ASAP7_75t_R)
  22.68  748.18 v u83961/Y (MAJx2_ASAP7_75t_R)
  24.59  772.77 v u83963/Y (MAJx2_ASAP7_75t_R)
  26.69  799.46 v u83965/Y (MAJx2_ASAP7_75t_R)
  18.26  817.72 v u83969/Y (AO21x1_ASAP7_75t_R)
  10.76  828.49 ^ u83970/Y (NAND2x1_ASAP7_75t_R)
  21.70  850.19 ^ u83973/Y (MAJx2_ASAP7_75t_R)
  20.97  871.16 ^ u83974/Y (MAJx2_ASAP7_75t_R)
  20.70  891.85 ^ u83975/Y (MAJx2_ASAP7_75t_R)
  11.10  902.96 v u83976/Y (NOR2x1_ASAP7_75t_R)
  26.46  929.42 v u83984/Y (OA211x2_ASAP7_75t_R)
  20.71  950.13 v u83985/Y (AO21x1_ASAP7_75t_R)
  22.05  972.18 v u83988/Y (MAJx2_ASAP7_75t_R)
  18.31  990.49 v u83989/Y (AO21x1_ASAP7_75t_R)
  11.64 1002.13 ^ u83990/Y (OAI21x1_ASAP7_75t_R)
  14.33 1016.46 v u83991/Y (NAND2x1_ASAP7_75t_R)
  20.50 1036.97 v u83993/Y (AND2x2_ASAP7_75t_R)
  22.33 1059.29 v u83995/Y (AO221x1_ASAP7_75t_R)
  16.94 1076.23 v u83996/Y (OA21x2_ASAP7_75t_R)
  25.74 1101.97 v u84002/Y (MAJx2_ASAP7_75t_R)
  24.08 1126.05 v u84005/Y (MAJx2_ASAP7_75t_R)
  25.41 1151.46 v u84007/Y (MAJx2_ASAP7_75t_R)
  32.11 1183.57 v u84011/Y (AO32x1_ASAP7_75t_R)
  28.78 1212.35 v u84014/Y (MAJx2_ASAP7_75t_R)
  26.05 1238.40 v u84016/Y (MAJx2_ASAP7_75t_R)
  13.98 1252.38 ^ u84017/Y (NAND2x1_ASAP7_75t_R)
  26.18 1278.56 ^ u84018/Y (AO33x2_ASAP7_75t_R)
  18.78 1297.33 ^ u84020/Y (AO21x1_ASAP7_75t_R)
  21.20 1318.53 ^ u84029/Y (MAJx2_ASAP7_75t_R)
  20.85 1339.38 ^ u84032/Y (MAJx2_ASAP7_75t_R)
  16.21 1355.59 v u84033/Y (NOR2x1_ASAP7_75t_R)
  22.09 1377.67 v u84034/Y (AO21x1_ASAP7_75t_R)
  30.53 1408.21 v u84037/Y (AO32x1_ASAP7_75t_R)
  16.63 1424.83 ^ u84039/Y (NAND2x1_ASAP7_75t_R)
  14.86 1439.70 v u84040/Y (NAND2x1_ASAP7_75t_R)
  28.77 1468.47 v u84046/Y (MAJx2_ASAP7_75t_R)
  17.61 1486.08 v u84051/Y (AND2x4_ASAP7_75t_R)
  30.42 1516.49 v u84053/Y (AO222x2_ASAP7_75t_R)
  15.44 1531.94 v u84054/Y (OA21x2_ASAP7_75t_R)
  24.13 1556.07 v u84056/Y (MAJx2_ASAP7_75t_R)
  26.45 1582.52 v u84058/Y (MAJx2_ASAP7_75t_R)
  26.05 1608.57 v u84060/Y (MAJx2_ASAP7_75t_R)
  22.40 1630.97 v u84062/Y (AO221x1_ASAP7_75t_R)
  17.49 1648.46 v u84063/Y (OA21x2_ASAP7_75t_R)
  26.80 1675.25 v u84069/Y (MAJx2_ASAP7_75t_R)
  22.49 1697.75 v u84072/Y (MAJx2_ASAP7_75t_R)
  27.55 1725.30 ^ u84073/Y (XOR2x2_ASAP7_75t_R)
  15.16 1740.45 ^ u84289/Y (AND2x4_ASAP7_75t_R)
  24.96 1765.42 ^ u84291/Y (MAJx2_ASAP7_75t_R)
  21.28 1786.70 ^ u84292/Y (AND3x1_ASAP7_75t_R)
  16.72 1803.42 ^ u84295/Y (OR2x2_ASAP7_75t_R)
  20.80 1824.21 ^ u84296/Y (AO22x2_ASAP7_75t_R)
  22.97 1847.18 ^ u84298/Y (MAJx2_ASAP7_75t_R)
  21.09 1868.27 ^ u84300/Y (AO22x2_ASAP7_75t_R)
  25.22 1893.49 ^ u84302/Y (MAJx2_ASAP7_75t_R)
  20.10 1913.59 ^ u84304/Y (AO22x2_ASAP7_75t_R)
  21.25 1934.84 ^ u84310/Y (MAJx2_ASAP7_75t_R)
  18.69 1953.53 ^ u84314/Y (AND2x2_ASAP7_75t_R)
  21.86 1975.39 ^ u84315/Y (AND2x2_ASAP7_75t_R)
  19.27 1994.66 ^ u84316/Y (AND2x2_ASAP7_75t_R)
  23.45 2018.11 ^ u84363/Y (AND3x1_ASAP7_75t_R)
  19.79 2037.90 ^ u84375/Y (OR2x2_ASAP7_75t_R)
  18.43 2056.33 ^ u84377/Y (AO21x1_ASAP7_75t_R)
  23.83 2080.16 ^ u84380/Y (AO21x1_ASAP7_75t_R)
  39.11 2119.27 ^ u84384/Y (AND3x1_ASAP7_75t_R)
  32.52 2151.80 ^ u85803/Y (OR2x6_ASAP7_75t_R)
  13.84 2165.63 ^ u85804/Y (AO21x1_ASAP7_75t_R)
  22.72 2188.35 ^ u85805/Y (AO21x1_ASAP7_75t_R)
  35.56 2223.92 ^ u85806/Y (AO221x1_ASAP7_75t_R)
  23.08 2247.00 ^ u85842/Y (AND3x1_ASAP7_75t_R)
  17.53 2264.53 ^ u85843/Y (OR2x2_ASAP7_75t_R)
  20.90 2285.43 ^ u85844/Y (MAJx2_ASAP7_75t_R)
  20.03 2305.46 ^ u85845/Y (XNOR2x2_ASAP7_75t_R)
   0.02 2305.48 ^ u67951/D (DFFHQNx1_ASAP7_75t_R)
        2305.48   data arrival time

5000.00 5000.00   clock core_clock (rise edge)
   0.00 5000.00   clock network delay (ideal)
   0.00 5000.00   clock reconvergence pessimism
        5000.00 ^ u67951/CLK (DFFHQNx1_ASAP7_75t_R)
 -15.06 4984.94   library setup time
        4984.94   data required time
---------------------------------------------------------
        4984.94   data required time
        -2305.48   data arrival time
---------------------------------------------------------
        2679.46   slack (MET)



==========================================================================
detailed place report_checks -path_delay min reg to reg
--------------------------------------------------------------------------
Startpoint: u18977 (rising edge-triggered flip-flop clocked by core_clock)
Endpoint: u14687 (rising edge-triggered flip-flop clocked by core_clock)
Path Group: core_clock
Path Type: min

  Delay    Time   Description
---------------------------------------------------------
   0.00    0.00   clock core_clock (rise edge)
   0.00    0.00   clock network delay (ideal)
   0.00    0.00 ^ u18977/CLK (DFFHQNx1_ASAP7_75t_R)
  32.66   32.66 v u18977/QN (DFFHQNx1_ASAP7_75t_R)
   0.03   32.69 v u14687/D (DFFHQNx1_ASAP7_75t_R)
          32.69   data arrival time

   0.00    0.00   clock core_clock (rise edge)
   0.00    0.00   clock network delay (ideal)
   0.00    0.00   clock reconvergence pessimism
           0.00 ^ u14687/CLK (DFFHQNx1_ASAP7_75t_R)
   7.83    7.83   library hold time
           7.83   data required time
---------------------------------------------------------
           7.83   data required time
         -32.69   data arrival time
---------------------------------------------------------
          24.86   slack (MET)



==========================================================================
detailed place critical path target clock latency max path
--------------------------------------------------------------------------
0.0000

==========================================================================
detailed place critical path target clock latency min path
--------------------------------------------------------------------------
0.0000

==========================================================================
detailed place critical path source clock latency min path
--------------------------------------------------------------------------
0.0000

==========================================================================
detailed place critical path delay
--------------------------------------------------------------------------
2305.4846

==========================================================================
detailed place critical path slack
--------------------------------------------------------------------------
2679.4563

==========================================================================
detailed place slack div critical path delay
--------------------------------------------------------------------------
116.220958

==========================================================================
detailed place report_power
--------------------------------------------------------------------------
Group                  Internal  Switching    Leakage      Total
                          Power      Power      Power      Power (Watts)
----------------------------------------------------------------
Sequential             1.04e-02   5.10e-04   2.27e-06   1.09e-02   7.5%
Combinational          7.93e-02   5.53e-02   1.13e-05   1.35e-01  92.5%
Clock                  0.00e+00   0.00e+00   0.00e+00   0.00e+00   0.0%
Macro                  0.00e+00   0.00e+00   0.00e+00   0.00e+00   0.0%
Pad                    0.00e+00   0.00e+00   0.00e+00   0.00e+00   0.0%
----------------------------------------------------------------
Total                  8.97e-02   5.58e-02   1.35e-05   1.46e-01 100.0%
                          61.7%      38.3%       0.0%
