
==========================================================================
resizer report_tns
--------------------------------------------------------------------------
tns max 0.00

==========================================================================
resizer report_wns
--------------------------------------------------------------------------
wns max 0.00

==========================================================================
resizer report_worst_slack
--------------------------------------------------------------------------
worst slack max 2656.20

==========================================================================
resizer report_clock_min_period
--------------------------------------------------------------------------
core_clock period_min = 2343.80 fmax = 426.66

==========================================================================
resizer report_checks -path_delay min
--------------------------------------------------------------------------
Startpoint: u18959 (rising edge-triggered flip-flop clocked by core_clock)
Endpoint: u14654 (rising edge-triggered flip-flop clocked by core_clock)
Path Group: core_clock
Path Type: min

Fanout     Cap    Slew   Delay    Time   Description
-----------------------------------------------------------------------------
                  0.00    0.00    0.00   clock core_clock (rise edge)
                          0.00    0.00   clock network delay (ideal)
                  0.00    0.00    0.00 ^ u18959/CLK (DFFHQNx1_ASAP7_75t_R)
     2    1.17   15.52   32.92   32.92 v u18959/QN (DFFHQNx1_ASAP7_75t_R)
                                         candidate_queue_cost_q_load_20_reg_5349[4] (net)
                 15.52    0.04   32.95 v u14654/D (DFFHQNx1_ASAP7_75t_R)
                                 32.95   data arrival time

                  0.00    0.00    0.00   clock core_clock (rise edge)
                          0.00    0.00   clock network delay (ideal)
                          0.00    0.00   clock reconvergence pessimism
                                  0.00 ^ u14654/CLK (DFFHQNx1_ASAP7_75t_R)
                          7.79    7.79   library hold time
                                  7.79   data required time
-----------------------------------------------------------------------------
                                  7.79   data required time
                                -32.95   data arrival time
-----------------------------------------------------------------------------
                                 25.16   slack (MET)



==========================================================================
resizer report_checks -path_delay max
--------------------------------------------------------------------------
Startpoint: u75715 (rising edge-triggered flip-flop clocked by core_clock)
Endpoint: u67951 (rising edge-triggered flip-flop clocked by core_clock)
Path Group: core_clock
Path Type: max

Fanout     Cap    Slew   Delay    Time   Description
-----------------------------------------------------------------------------
                  0.00    0.00    0.00   clock core_clock (rise edge)
                          0.00    0.00   clock network delay (ideal)
                  0.00    0.00    0.00 ^ u75715/CLK (DFFHQNx2_ASAP7_75t_R)
    10   18.23   63.98   66.08   66.08 v u75715/QN (DFFHQNx2_ASAP7_75t_R)
                                         uacc_section14_allocator_mul_64ns_64ns_128_7_1_U57.uacc_section14_allocator_uacc_section14_allocator_mul_64ns_64ns_128_7_1_Mul_DSP_8_U.a_reg0[0] (net)
                 65.21    4.86   70.94 v place10617/A (BUFx3_ASAP7_75t_R)
    15   24.22   50.38   35.80  106.75 v place10617/Y (BUFx3_ASAP7_75t_R)
                                         net10588 (net)
                 66.91   14.61  121.36 v place10616/A (BUFx3_ASAP7_75t_R)
    25   28.40   58.74   38.69  160.05 v place10616/Y (BUFx3_ASAP7_75t_R)
                                         net10587 (net)
                 87.86   22.49  182.55 v u83869/B (AND2x2_ASAP7_75t_R)
     2    1.71   10.44   31.80  214.34 v u83869/Y (AND2x2_ASAP7_75t_R)
                                         n69758 (net)
                 10.44    0.10  214.44 v u83871/A (XOR2x2_ASAP7_75t_R)
     2    1.74    9.86   25.59  240.03 ^ u83871/Y (XOR2x2_ASAP7_75t_R)
                                         n69760 (net)
                  9.86    0.11  240.14 ^ u83882/A (XOR2x2_ASAP7_75t_R)
     3    2.97   13.50   27.63  267.77 ^ u83882/Y (XOR2x2_ASAP7_75t_R)
                                         n69771 (net)
                 13.50    0.14  267.91 ^ u83885/A1 (OAI21x1_ASAP7_75t_R)
     3    3.42   20.87   12.79  280.70 v u83885/Y (OAI21x1_ASAP7_75t_R)
                                         n69774 (net)
                 20.88    0.20  280.90 v u83886/B (OA21x2_ASAP7_75t_R)
     1    1.06    7.07   16.83  297.72 v u83886/Y (OA21x2_ASAP7_75t_R)
                                         n69775 (net)
                  7.07    0.09  297.82 v u83887/B (AO21x1_ASAP7_75t_R)
     3    3.16   19.27   22.01  319.82 v u83887/Y (AO21x1_ASAP7_75t_R)
                                         n69776 (net)
                 19.28    0.11  319.93 v u83892/B (OR2x2_ASAP7_75t_R)
     1    1.37    7.88   20.37  340.30 v u83892/Y (OR2x2_ASAP7_75t_R)
                                         n69781 (net)
                  7.89    0.09  340.40 v u83903/B1 (AOI22x1_ASAP7_75t_R)
     2    2.42   23.29   14.35  354.75 ^ u83903/Y (AOI22x1_ASAP7_75t_R)
                                         n69792 (net)
                 23.30    0.26  355.01 ^ u83905/A (MAJx2_ASAP7_75t_R)
     2    2.44   12.33   23.50  378.51 ^ u83905/Y (MAJx2_ASAP7_75t_R)
                                         n69794 (net)
                 12.34    0.13  378.64 ^ u83906/C (MAJx2_ASAP7_75t_R)
     2    2.54   12.39   20.63  399.27 ^ u83906/Y (MAJx2_ASAP7_75t_R)
                                         n69795 (net)
                 12.39    0.08  399.34 ^ u83907/B (NOR2x1_ASAP7_75t_R)
     2    2.32   16.67   11.81  411.15 v u83907/Y (NOR2x1_ASAP7_75t_R)
                                         n69796 (net)
                 16.67    0.11  411.26 v u83908/B (AO21x1_ASAP7_75t_R)
     2    2.06   13.92   21.26  432.53 v u83908/Y (AO21x1_ASAP7_75t_R)
                                         n69797 (net)
                 13.92    0.09  432.61 v u83911/A (MAJx2_ASAP7_75t_R)
     2    1.81    9.83   22.04  454.65 v u83911/Y (MAJx2_ASAP7_75t_R)
                                         n69800 (net)
                  9.83    0.10  454.75 v u83913/B1 (AO22x1_ASAP7_75t_R)
     2    2.22   15.66   23.71  478.46 v u83913/Y (AO22x1_ASAP7_75t_R)
                                         n69802 (net)
                 15.67    0.18  478.64 v u83916/A (MAJx2_ASAP7_75t_R)
     2    1.93   10.20   22.76  501.40 v u83916/Y (MAJx2_ASAP7_75t_R)
                                         n69805 (net)
                 10.20    0.12  501.53 v u83918/B1 (AO22x2_ASAP7_75t_R)
     2    2.84   12.02   22.64  524.17 v u83918/Y (AO22x2_ASAP7_75t_R)
                                         n69807 (net)
                 12.04    0.30  524.47 v u83924/B (MAJx2_ASAP7_75t_R)
     2    2.14   10.74   23.75  548.22 v u83924/Y (MAJx2_ASAP7_75t_R)
                                         n69813 (net)
                 10.75    0.15  548.36 v u83927/A (MAJx2_ASAP7_75t_R)
     2    3.04   13.13   23.06  571.42 v u83927/Y (MAJx2_ASAP7_75t_R)
                                         n69816 (net)
                 13.17    0.42  571.84 v u83934/B (MAJx2_ASAP7_75t_R)
     2    3.83   15.83   26.40  598.24 v u83934/Y (MAJx2_ASAP7_75t_R)
                                         n69823 (net)
                 16.08    1.11  599.35 v u83938/A (MAJx2_ASAP7_75t_R)
     2    1.89   10.03   22.84  622.19 v u83938/Y (MAJx2_ASAP7_75t_R)
                                         n69827 (net)
                 10.03    0.05  622.24 v u83939/A2 (AO21x1_ASAP7_75t_R)
     2    2.32   15.29   19.27  641.51 v u83939/Y (AO21x1_ASAP7_75t_R)
                                         n69828 (net)
                 15.30    0.23  641.74 v u83946/A (MAJx2_ASAP7_75t_R)
     2    2.10   10.62   22.95  664.69 v u83946/Y (MAJx2_ASAP7_75t_R)
                                         n69835 (net)
                 10.62    0.11  664.80 v u83949/A (MAJx2_ASAP7_75t_R)
     2    2.89   12.66   22.81  687.61 v u83949/Y (MAJx2_ASAP7_75t_R)
                                         n69838 (net)
                 12.69    0.33  687.94 v u83951/B (MAJx2_ASAP7_75t_R)
     2    2.63   11.96   24.78  712.72 v u83951/Y (MAJx2_ASAP7_75t_R)
                                         n69840 (net)
                 11.97    0.19  712.91 v u83958/B (MAJx2_ASAP7_75t_R)
     2    2.61   12.03   24.45  737.36 v u83958/Y (MAJx2_ASAP7_75t_R)
                                         n69847 (net)
                 12.06    0.36  737.72 v u83961/A (MAJx2_ASAP7_75t_R)
     2    2.78   12.34   23.10  760.82 v u83961/Y (MAJx2_ASAP7_75t_R)
                                         n69850 (net)
                 12.36    0.26  761.07 v u83963/B (MAJx2_ASAP7_75t_R)
     2    2.76   12.32   24.88  785.96 v u83963/Y (MAJx2_ASAP7_75t_R)
                                         n69852 (net)
                 12.34    0.24  786.20 v u83965/B (MAJx2_ASAP7_75t_R)
     4    3.96   15.62   26.63  812.83 v u83965/Y (MAJx2_ASAP7_75t_R)
                                         n69854 (net)
                 15.65    0.34  813.17 v u83969/A2 (AO21x1_ASAP7_75t_R)
     1    1.46   11.07   18.55  831.72 v u83969/Y (AO21x1_ASAP7_75t_R)
                                         n69858 (net)
                 11.07    0.12  831.85 v u83970/B (NAND2x1_ASAP7_75t_R)
     2    1.78   15.87   11.14  842.99 ^ u83970/Y (NAND2x1_ASAP7_75t_R)
                                         n69859 (net)
                 15.87    0.10  843.09 ^ u83973/A (MAJx2_ASAP7_75t_R)
     2    2.48   12.32   21.71  864.80 ^ u83973/Y (MAJx2_ASAP7_75t_R)
                                         n69862 (net)
                 12.33    0.14  864.94 ^ u83974/C (MAJx2_ASAP7_75t_R)
     2    2.93   13.82   21.21  886.15 ^ u83974/Y (MAJx2_ASAP7_75t_R)
                                         n69863 (net)
                 13.85    0.40  886.55 ^ u83975/C (MAJx2_ASAP7_75t_R)
     2    2.38   12.00   20.57  907.11 ^ u83975/Y (MAJx2_ASAP7_75t_R)
                                         n69864 (net)
                 12.02    0.27  907.39 ^ u83976/B (NOR2x1_ASAP7_75t_R)
     3    1.91   14.14   10.72  918.11 v u83976/Y (NOR2x1_ASAP7_75t_R)
                                         n69865 (net)
                 14.14    0.07  918.17 v u83984/A1 (OA211x2_ASAP7_75t_R)
     2    2.38   13.61   26.05  944.22 v u83984/Y (OA211x2_ASAP7_75t_R)
                                         n69873 (net)
                 13.62    0.16  944.38 v u83985/B (AO21x1_ASAP7_75t_R)
     2    2.02   13.67   20.53  964.91 v u83985/Y (AO21x1_ASAP7_75t_R)
                                         n69874 (net)
                 13.67    0.09  965.00 v u83988/A (MAJx2_ASAP7_75t_R)
     2    1.89   10.07   22.09  987.10 v u83988/Y (MAJx2_ASAP7_75t_R)
                                         n69877 (net)
                 10.07    0.10  987.20 v u83989/B (AO21x1_ASAP7_75t_R)
     1    1.57   11.62   18.61 1005.80 v u83989/Y (AO21x1_ASAP7_75t_R)
                                         n69878 (net)
                 11.62    0.09 1005.90 v u83990/B (OAI21x1_ASAP7_75t_R)
     2    4.71   35.53   11.93 1017.82 ^ u83990/Y (OAI21x1_ASAP7_75t_R)
                                         n69879 (net)
                 35.67    1.24 1019.07 ^ u83991/B (NAND2x1_ASAP7_75t_R)
     2    1.79   17.21   12.90 1031.96 v u83991/Y (NAND2x1_ASAP7_75t_R)
                                         n69880 (net)
                 17.21    0.10 1032.06 v u83993/A (AND2x2_ASAP7_75t_R)
     3    2.36    9.69   20.28 1052.34 v u83993/Y (AND2x2_ASAP7_75t_R)
                                         n69882 (net)
                  9.70    0.11 1052.45 v u83995/A2 (AO221x1_ASAP7_75t_R)
     1    0.82    9.15   22.41 1074.86 v u83995/Y (AO221x1_ASAP7_75t_R)
                                         n69884 (net)
                  9.15    0.04 1074.90 v u83996/B (OA21x2_ASAP7_75t_R)
     2    3.90   15.15   16.90 1091.81 v u83996/Y (OA21x2_ASAP7_75t_R)
                                         n69885 (net)
                 15.35    0.97 1092.78 v u84002/B (MAJx2_ASAP7_75t_R)
     2    2.14   10.78   24.71 1117.49 v u84002/Y (MAJx2_ASAP7_75t_R)
                                         n69891 (net)
                 10.79    0.15 1117.64 v u84005/A (MAJx2_ASAP7_75t_R)
     3    3.70   15.03   24.01 1141.65 v u84005/Y (MAJx2_ASAP7_75t_R)
                                         n69894 (net)
                 15.07    0.42 1142.07 v u84007/B (MAJx2_ASAP7_75t_R)
     3    2.40   11.35   25.11 1167.18 v u84007/Y (MAJx2_ASAP7_75t_R)
                                         n69896 (net)
                 11.35    0.09 1167.27 v u84011/A3 (AO32x1_ASAP7_75t_R)
     2    3.94   25.34   32.09 1199.36 v u84011/Y (AO32x1_ASAP7_75t_R)
                                         n69900 (net)
                 25.51    1.17 1200.52 v u84014/A (MAJx2_ASAP7_75t_R)
     2    3.24   13.94   27.60 1228.13 v u84014/Y (MAJx2_ASAP7_75t_R)
                                         n69903 (net)
                 13.99    0.47 1228.60 v u84016/B (MAJx2_ASAP7_75t_R)
     3    3.05   13.12   25.79 1254.39 v u84016/Y (MAJx2_ASAP7_75t_R)
                                         n69905 (net)
                 13.15    0.32 1254.71 v u84017/B (NAND2x1_ASAP7_75t_R)
     3    2.49   20.00   13.79 1268.50 ^ u84017/Y (NAND2x1_ASAP7_75t_R)
                                         n69906 (net)
                 20.00    0.10 1268.60 ^ u84018/A3 (AO33x2_ASAP7_75t_R)
     2    2.05   13.64   26.35 1294.95 ^ u84018/Y (AO33x2_ASAP7_75t_R)
                                         n69907 (net)
                 13.65    0.18 1295.12 ^ u84020/A2 (AO21x1_ASAP7_75t_R)
     2    2.10   15.93   18.65 1313.77 ^ u84020/Y (AO21x1_ASAP7_75t_R)
                                         n69909 (net)
                 15.94    0.14 1313.92 ^ u84029/A (MAJx2_ASAP7_75t_R)
     2    2.02   11.17   20.91 1334.82 ^ u84029/Y (MAJx2_ASAP7_75t_R)
                                         n69918 (net)
                 11.18    0.13 1334.95 ^ u84032/A (MAJx2_ASAP7_75t_R)
     2    2.83   13.31   20.90 1355.85 ^ u84032/Y (MAJx2_ASAP7_75t_R)
                                         n69921 (net)
                 13.34    0.31 1356.17 ^ u84033/B (NOR2x1_ASAP7_75t_R)
     4    3.89   24.53   15.92 1372.08 v u84033/Y (NOR2x1_ASAP7_75t_R)
                                         n69922 (net)
                 24.53    0.15 1372.23 v u84034/B (AO21x1_ASAP7_75t_R)
     2    1.73   12.37   21.87 1394.11 v u84034/Y (AO21x1_ASAP7_75t_R)
                                         n69923 (net)
                 12.37    0.06 1394.17 v u84037/A3 (AO32x1_ASAP7_75t_R)
     2    3.29   21.69   30.88 1425.05 v u84037/Y (AO32x1_ASAP7_75t_R)
                                         n69926 (net)
                 21.76    0.70 1425.75 v u84039/A (NAND2x1_ASAP7_75t_R)
     2    1.97   19.37   16.63 1442.38 ^ u84039/Y (NAND2x1_ASAP7_75t_R)
                                         n69928 (net)
                 19.37    0.08 1442.46 ^ u84040/B (NAND2x1_ASAP7_75t_R)
     2    3.77   22.56   15.21 1457.68 v u84040/Y (NAND2x1_ASAP7_75t_R)
                                         n69929 (net)
                 22.66    0.87 1458.54 v u84046/B (MAJx2_ASAP7_75t_R)
     2    2.95   12.98   28.06 1486.60 v u84046/Y (MAJx2_ASAP7_75t_R)
                                         n69935 (net)
                 13.03    0.42 1487.03 v u84051/A (AND2x4_ASAP7_75t_R)
     4    3.27    7.82   17.17 1504.20 v u84051/Y (AND2x4_ASAP7_75t_R)
                                         n69940 (net)
                  7.85    0.29 1504.49 v u84053/A2 (AO222x2_ASAP7_75t_R)
     1    0.82    9.46   30.51 1535.00 v u84053/Y (AO222x2_ASAP7_75t_R)
                                         n69942 (net)
                  9.46    0.05 1535.04 v u84054/B (OA21x2_ASAP7_75t_R)
     2    2.56   11.03   15.55 1550.59 v u84054/Y (OA21x2_ASAP7_75t_R)
                                         n69943 (net)
                 11.04    0.17 1550.76 v u84056/B (MAJx2_ASAP7_75t_R)
     2    2.46   11.55   24.02 1574.78 v u84056/Y (MAJx2_ASAP7_75t_R)
                                         n69945 (net)
                 11.55    0.13 1574.91 v u84058/B (MAJx2_ASAP7_75t_R)
     3    4.12   16.50   26.43 1601.34 v u84058/Y (MAJx2_ASAP7_75t_R)
                                         n69947 (net)
                 16.60    0.74 1602.07 v u84060/B (MAJx2_ASAP7_75t_R)
     3    2.24   10.96   25.28 1627.35 v u84060/Y (MAJx2_ASAP7_75t_R)
                                         n69949 (net)
                 10.97    0.10 1627.45 v u84062/A2 (AO221x1_ASAP7_75t_R)
     1    0.75    8.80   22.42 1649.87 v u84062/Y (AO221x1_ASAP7_75t_R)
                                         n69951 (net)
                  8.80    0.03 1649.90 v u84063/B (OA21x2_ASAP7_75t_R)
     2    4.69   17.67   17.52 1667.42 v u84063/Y (OA21x2_ASAP7_75t_R)
                                         n69952 (net)
                 18.16    1.61 1669.03 v u84069/B (MAJx2_ASAP7_75t_R)
     2    2.07   10.79   25.41 1694.44 v u84069/Y (MAJx2_ASAP7_75t_R)
                                         n69958 (net)
                 10.79    0.15 1694.58 v u84072/A (MAJx2_ASAP7_75t_R)
     2    2.63   11.96   22.49 1717.07 v u84072/Y (MAJx2_ASAP7_75t_R)
                                         n69961 (net)
                 11.97    0.17 1717.24 v u84073/B (XOR2x2_ASAP7_75t_R)
     2    2.32   11.62   27.56 1744.79 ^ u84073/Y (XOR2x2_ASAP7_75t_R)
                                         n69962 (net)
                 11.62    0.07 1744.86 ^ u84289/A (AND2x4_ASAP7_75t_R)
     2    2.61    7.86   15.12 1759.98 ^ u84289/Y (AND2x4_ASAP7_75t_R)
                                         n70178 (net)
                  7.88    0.17 1760.15 ^ u84291/B (MAJx2_ASAP7_75t_R)
     3    5.47   22.29   24.83 1784.99 ^ u84291/Y (MAJx2_ASAP7_75t_R)
                                         n70180 (net)
                 23.14    2.35 1787.34 ^ u84292/C (AND3x1_ASAP7_75t_R)
     1    0.88   10.09   19.84 1807.17 ^ u84292/Y (AND3x1_ASAP7_75t_R)
                                         n70181 (net)
                 10.09    0.06 1807.24 ^ u84295/A (OR2x2_ASAP7_75t_R)
     2    2.24   10.27   17.10 1824.33 ^ u84295/Y (OR2x2_ASAP7_75t_R)
                                         n70184 (net)
                 10.28    0.20 1824.54 ^ u84296/B2 (AO22x2_ASAP7_75t_R)
     2    3.29   14.90   20.52 1845.06 ^ u84296/Y (AO22x2_ASAP7_75t_R)
                                         n70185 (net)
                 14.97    0.56 1845.62 ^ u84298/B (MAJx2_ASAP7_75t_R)
     2    2.05   11.06   22.21 1867.83 ^ u84298/Y (MAJx2_ASAP7_75t_R)
                                         n70187 (net)
                 11.06    0.15 1867.98 ^ u84300/B1 (AO22x2_ASAP7_75t_R)
     2    4.00   17.41   20.89 1888.87 ^ u84300/Y (AO22x2_ASAP7_75t_R)
                                         n70189 (net)
                 17.60    1.01 1889.88 ^ u84302/B (MAJx2_ASAP7_75t_R)
     2    2.81   13.48   24.18 1914.06 ^ u84302/Y (MAJx2_ASAP7_75t_R)
                                         n70191 (net)
                 13.55    0.51 1914.57 ^ u84304/B1 (AO22x2_ASAP7_75t_R)
     2    2.71   12.87   19.62 1934.19 ^ u84304/Y (AO22x2_ASAP7_75t_R)
                                         n70193 (net)
                 12.88    0.19 1934.37 ^ u84310/B (MAJx2_ASAP7_75t_R)
     2    1.86   10.42   21.32 1955.69 ^ u84310/Y (MAJx2_ASAP7_75t_R)
                                         n70199 (net)
                 10.42    0.07 1955.76 ^ u84314/A (AND2x2_ASAP7_75t_R)
     2    3.49   15.10   18.80 1974.56 ^ u84314/Y (AND2x2_ASAP7_75t_R)
                                         n70203 (net)
                 15.34    1.04 1975.59 ^ u84315/B (AND2x2_ASAP7_75t_R)
     2    3.95   16.68   21.09 1996.69 ^ u84315/Y (AND2x2_ASAP7_75t_R)
                                         n70204 (net)
                 17.05    1.35 1998.04 ^ u84316/B (AND2x2_ASAP7_75t_R)
     2    1.58    8.94   18.10 2016.13 ^ u84316/Y (AND2x2_ASAP7_75t_R)
                                         n70205 (net)
                  8.94    0.11 2016.24 ^ u84363/A (AND3x1_ASAP7_75t_R)
     3    2.76   21.13   23.62 2039.85 ^ u84363/Y (AND3x1_ASAP7_75t_R)
                                         n70252 (net)
                 21.13    0.22 2040.08 ^ u84375/A (OR2x2_ASAP7_75t_R)
     2    1.80    9.12   19.60 2059.68 ^ u84375/Y (OR2x2_ASAP7_75t_R)
                                         n70264 (net)
                  9.12    0.05 2059.73 ^ u84377/A2 (AO21x1_ASAP7_75t_R)
     1    2.47   18.12   18.53 2078.26 ^ u84377/Y (AO21x1_ASAP7_75t_R)
                                         n70266 (net)
                 18.18    0.57 2078.83 ^ u84380/A2 (AO21x1_ASAP7_75t_R)
     3    3.40   23.77   23.25 2102.08 ^ u84380/Y (AO21x1_ASAP7_75t_R)
                                         n70269 (net)
                 23.78    0.28 2102.36 ^ u84384/A (AND3x1_ASAP7_75t_R)
     2    7.49   51.62   38.41 2140.77 ^ u84384/Y (AND3x1_ASAP7_75t_R)
                                         n70273 (net)
                 53.20    4.94 2145.70 ^ u85803/B (OR2x6_ASAP7_75t_R)
     3    3.19    9.09   27.19 2172.90 ^ u85803/Y (OR2x6_ASAP7_75t_R)
                                         n71688 (net)
                  9.09    0.08 2172.98 ^ u85804/A2 (AO21x1_ASAP7_75t_R)
     1    0.83    8.26   13.86 2186.83 ^ u85804/Y (AO21x1_ASAP7_75t_R)
                                         n71689 (net)
                  8.26    0.05 2186.88 ^ u85805/A2 (AO21x1_ASAP7_75t_R)
     3    4.16   28.48   22.88 2209.75 ^ u85805/Y (AO21x1_ASAP7_75t_R)
                                         n71690 (net)
                 28.48    0.11 2209.87 ^ u85806/B2 (AO221x1_ASAP7_75t_R)
     4    6.02   41.44   35.85 2245.72 ^ u85806/Y (AO221x1_ASAP7_75t_R)
                                         n71691 (net)
                 41.57    1.36 2247.08 ^ u85842/B (AND3x1_ASAP7_75t_R)
     1    0.73    9.62   22.46 2269.54 ^ u85842/Y (AND3x1_ASAP7_75t_R)
                                         n71720 (net)
                  9.62    0.04 2269.58 ^ u85843/B (OR2x2_ASAP7_75t_R)
     2    3.41   13.97   17.80 2287.38 ^ u85843/Y (OR2x2_ASAP7_75t_R)
                                         n71721 (net)
                 14.06    0.61 2287.98 ^ u85844/B (MAJx2_ASAP7_75t_R)
     1    1.23    8.47   20.53 2308.51 ^ u85844/Y (MAJx2_ASAP7_75t_R)
                                         n71722 (net)
                  8.47    0.08 2308.59 ^ u85845/B (XNOR2x2_ASAP7_75t_R)
     1    0.69    6.64   20.12 2328.71 ^ u85845/Y (XNOR2x2_ASAP7_75t_R)
                                         uacc_section14_allocator_mul_64ns_64ns_128_7_1_U57.uacc_section14_allocator_uacc_section14_allocator_mul_64ns_64ns_128_7_1_Mul_DSP_8_U.tmp_product[115]* (net)
                  6.64    0.03 2328.73 ^ u67951/D (DFFHQNx1_ASAP7_75t_R)
                               2328.73   data arrival time

                  0.00 5000.00 5000.00   clock core_clock (rise edge)
                          0.00 5000.00   clock network delay (ideal)
                          0.00 5000.00   clock reconvergence pessimism
                               5000.00 ^ u67951/CLK (DFFHQNx1_ASAP7_75t_R)
                        -15.06 4984.94   library setup time
                               4984.94   data required time
-----------------------------------------------------------------------------
                               4984.94   data required time
                               -2328.73   data arrival time
-----------------------------------------------------------------------------
                               2656.20   slack (MET)



==========================================================================
resizer report_checks -unconstrained
--------------------------------------------------------------------------
Startpoint: u75715 (rising edge-triggered flip-flop clocked by core_clock)
Endpoint: u67951 (rising edge-triggered flip-flop clocked by core_clock)
Path Group: core_clock
Path Type: max

Fanout     Cap    Slew   Delay    Time   Description
-----------------------------------------------------------------------------
                  0.00    0.00    0.00   clock core_clock (rise edge)
                          0.00    0.00   clock network delay (ideal)
                  0.00    0.00    0.00 ^ u75715/CLK (DFFHQNx2_ASAP7_75t_R)
    10   18.23   63.98   66.08   66.08 v u75715/QN (DFFHQNx2_ASAP7_75t_R)
                                         uacc_section14_allocator_mul_64ns_64ns_128_7_1_U57.uacc_section14_allocator_uacc_section14_allocator_mul_64ns_64ns_128_7_1_Mul_DSP_8_U.a_reg0[0] (net)
                 65.21    4.86   70.94 v place10617/A (BUFx3_ASAP7_75t_R)
    15   24.22   50.38   35.80  106.75 v place10617/Y (BUFx3_ASAP7_75t_R)
                                         net10588 (net)
                 66.91   14.61  121.36 v place10616/A (BUFx3_ASAP7_75t_R)
    25   28.40   58.74   38.69  160.05 v place10616/Y (BUFx3_ASAP7_75t_R)
                                         net10587 (net)
                 87.86   22.49  182.55 v u83869/B (AND2x2_ASAP7_75t_R)
     2    1.71   10.44   31.80  214.34 v u83869/Y (AND2x2_ASAP7_75t_R)
                                         n69758 (net)
                 10.44    0.10  214.44 v u83871/A (XOR2x2_ASAP7_75t_R)
     2    1.74    9.86   25.59  240.03 ^ u83871/Y (XOR2x2_ASAP7_75t_R)
                                         n69760 (net)
                  9.86    0.11  240.14 ^ u83882/A (XOR2x2_ASAP7_75t_R)
     3    2.97   13.50   27.63  267.77 ^ u83882/Y (XOR2x2_ASAP7_75t_R)
                                         n69771 (net)
                 13.50    0.14  267.91 ^ u83885/A1 (OAI21x1_ASAP7_75t_R)
     3    3.42   20.87   12.79  280.70 v u83885/Y (OAI21x1_ASAP7_75t_R)
                                         n69774 (net)
                 20.88    0.20  280.90 v u83886/B (OA21x2_ASAP7_75t_R)
     1    1.06    7.07   16.83  297.72 v u83886/Y (OA21x2_ASAP7_75t_R)
                                         n69775 (net)
                  7.07    0.09  297.82 v u83887/B (AO21x1_ASAP7_75t_R)
     3    3.16   19.27   22.01  319.82 v u83887/Y (AO21x1_ASAP7_75t_R)
                                         n69776 (net)
                 19.28    0.11  319.93 v u83892/B (OR2x2_ASAP7_75t_R)
     1    1.37    7.88   20.37  340.30 v u83892/Y (OR2x2_ASAP7_75t_R)
                                         n69781 (net)
                  7.89    0.09  340.40 v u83903/B1 (AOI22x1_ASAP7_75t_R)
     2    2.42   23.29   14.35  354.75 ^ u83903/Y (AOI22x1_ASAP7_75t_R)
                                         n69792 (net)
                 23.30    0.26  355.01 ^ u83905/A (MAJx2_ASAP7_75t_R)
     2    2.44   12.33   23.50  378.51 ^ u83905/Y (MAJx2_ASAP7_75t_R)
                                         n69794 (net)
                 12.34    0.13  378.64 ^ u83906/C (MAJx2_ASAP7_75t_R)
     2    2.54   12.39   20.63  399.27 ^ u83906/Y (MAJx2_ASAP7_75t_R)
                                         n69795 (net)
                 12.39    0.08  399.34 ^ u83907/B (NOR2x1_ASAP7_75t_R)
     2    2.32   16.67   11.81  411.15 v u83907/Y (NOR2x1_ASAP7_75t_R)
                                         n69796 (net)
                 16.67    0.11  411.26 v u83908/B (AO21x1_ASAP7_75t_R)
     2    2.06   13.92   21.26  432.53 v u83908/Y (AO21x1_ASAP7_75t_R)
                                         n69797 (net)
                 13.92    0.09  432.61 v u83911/A (MAJx2_ASAP7_75t_R)
     2    1.81    9.83   22.04  454.65 v u83911/Y (MAJx2_ASAP7_75t_R)
                                         n69800 (net)
                  9.83    0.10  454.75 v u83913/B1 (AO22x1_ASAP7_75t_R)
     2    2.22   15.66   23.71  478.46 v u83913/Y (AO22x1_ASAP7_75t_R)
                                         n69802 (net)
                 15.67    0.18  478.64 v u83916/A (MAJx2_ASAP7_75t_R)
     2    1.93   10.20   22.76  501.40 v u83916/Y (MAJx2_ASAP7_75t_R)
                                         n69805 (net)
                 10.20    0.12  501.53 v u83918/B1 (AO22x2_ASAP7_75t_R)
     2    2.84   12.02   22.64  524.17 v u83918/Y (AO22x2_ASAP7_75t_R)
                                         n69807 (net)
                 12.04    0.30  524.47 v u83924/B (MAJx2_ASAP7_75t_R)
     2    2.14   10.74   23.75  548.22 v u83924/Y (MAJx2_ASAP7_75t_R)
                                         n69813 (net)
                 10.75    0.15  548.36 v u83927/A (MAJx2_ASAP7_75t_R)
     2    3.04   13.13   23.06  571.42 v u83927/Y (MAJx2_ASAP7_75t_R)
                                         n69816 (net)
                 13.17    0.42  571.84 v u83934/B (MAJx2_ASAP7_75t_R)
     2    3.83   15.83   26.40  598.24 v u83934/Y (MAJx2_ASAP7_75t_R)
                                         n69823 (net)
                 16.08    1.11  599.35 v u83938/A (MAJx2_ASAP7_75t_R)
     2    1.89   10.03   22.84  622.19 v u83938/Y (MAJx2_ASAP7_75t_R)
                                         n69827 (net)
                 10.03    0.05  622.24 v u83939/A2 (AO21x1_ASAP7_75t_R)
     2    2.32   15.29   19.27  641.51 v u83939/Y (AO21x1_ASAP7_75t_R)
                                         n69828 (net)
                 15.30    0.23  641.74 v u83946/A (MAJx2_ASAP7_75t_R)
     2    2.10   10.62   22.95  664.69 v u83946/Y (MAJx2_ASAP7_75t_R)
                                         n69835 (net)
                 10.62    0.11  664.80 v u83949/A (MAJx2_ASAP7_75t_R)
     2    2.89   12.66   22.81  687.61 v u83949/Y (MAJx2_ASAP7_75t_R)
                                         n69838 (net)
                 12.69    0.33  687.94 v u83951/B (MAJx2_ASAP7_75t_R)
     2    2.63   11.96   24.78  712.72 v u83951/Y (MAJx2_ASAP7_75t_R)
                                         n69840 (net)
                 11.97    0.19  712.91 v u83958/B (MAJx2_ASAP7_75t_R)
     2    2.61   12.03   24.45  737.36 v u83958/Y (MAJx2_ASAP7_75t_R)
                                         n69847 (net)
                 12.06    0.36  737.72 v u83961/A (MAJx2_ASAP7_75t_R)
     2    2.78   12.34   23.10  760.82 v u83961/Y (MAJx2_ASAP7_75t_R)
                                         n69850 (net)
                 12.36    0.26  761.07 v u83963/B (MAJx2_ASAP7_75t_R)
     2    2.76   12.32   24.88  785.96 v u83963/Y (MAJx2_ASAP7_75t_R)
                                         n69852 (net)
                 12.34    0.24  786.20 v u83965/B (MAJx2_ASAP7_75t_R)
     4    3.96   15.62   26.63  812.83 v u83965/Y (MAJx2_ASAP7_75t_R)
                                         n69854 (net)
                 15.65    0.34  813.17 v u83969/A2 (AO21x1_ASAP7_75t_R)
     1    1.46   11.07   18.55  831.72 v u83969/Y (AO21x1_ASAP7_75t_R)
                                         n69858 (net)
                 11.07    0.12  831.85 v u83970/B (NAND2x1_ASAP7_75t_R)
     2    1.78   15.87   11.14  842.99 ^ u83970/Y (NAND2x1_ASAP7_75t_R)
                                         n69859 (net)
                 15.87    0.10  843.09 ^ u83973/A (MAJx2_ASAP7_75t_R)
     2    2.48   12.32   21.71  864.80 ^ u83973/Y (MAJx2_ASAP7_75t_R)
                                         n69862 (net)
                 12.33    0.14  864.94 ^ u83974/C (MAJx2_ASAP7_75t_R)
     2    2.93   13.82   21.21  886.15 ^ u83974/Y (MAJx2_ASAP7_75t_R)
                                         n69863 (net)
                 13.85    0.40  886.55 ^ u83975/C (MAJx2_ASAP7_75t_R)
     2    2.38   12.00   20.57  907.11 ^ u83975/Y (MAJx2_ASAP7_75t_R)
                                         n69864 (net)
                 12.02    0.27  907.39 ^ u83976/B (NOR2x1_ASAP7_75t_R)
     3    1.91   14.14   10.72  918.11 v u83976/Y (NOR2x1_ASAP7_75t_R)
                                         n69865 (net)
                 14.14    0.07  918.17 v u83984/A1 (OA211x2_ASAP7_75t_R)
     2    2.38   13.61   26.05  944.22 v u83984/Y (OA211x2_ASAP7_75t_R)
                                         n69873 (net)
                 13.62    0.16  944.38 v u83985/B (AO21x1_ASAP7_75t_R)
     2    2.02   13.67   20.53  964.91 v u83985/Y (AO21x1_ASAP7_75t_R)
                                         n69874 (net)
                 13.67    0.09  965.00 v u83988/A (MAJx2_ASAP7_75t_R)
     2    1.89   10.07   22.09  987.10 v u83988/Y (MAJx2_ASAP7_75t_R)
                                         n69877 (net)
                 10.07    0.10  987.20 v u83989/B (AO21x1_ASAP7_75t_R)
     1    1.57   11.62   18.61 1005.80 v u83989/Y (AO21x1_ASAP7_75t_R)
                                         n69878 (net)
                 11.62    0.09 1005.90 v u83990/B (OAI21x1_ASAP7_75t_R)
     2    4.71   35.53   11.93 1017.82 ^ u83990/Y (OAI21x1_ASAP7_75t_R)
                                         n69879 (net)
                 35.67    1.24 1019.07 ^ u83991/B (NAND2x1_ASAP7_75t_R)
     2    1.79   17.21   12.90 1031.96 v u83991/Y (NAND2x1_ASAP7_75t_R)
                                         n69880 (net)
                 17.21    0.10 1032.06 v u83993/A (AND2x2_ASAP7_75t_R)
     3    2.36    9.69   20.28 1052.34 v u83993/Y (AND2x2_ASAP7_75t_R)
                                         n69882 (net)
                  9.70    0.11 1052.45 v u83995/A2 (AO221x1_ASAP7_75t_R)
     1    0.82    9.15   22.41 1074.86 v u83995/Y (AO221x1_ASAP7_75t_R)
                                         n69884 (net)
                  9.15    0.04 1074.90 v u83996/B (OA21x2_ASAP7_75t_R)
     2    3.90   15.15   16.90 1091.81 v u83996/Y (OA21x2_ASAP7_75t_R)
                                         n69885 (net)
                 15.35    0.97 1092.78 v u84002/B (MAJx2_ASAP7_75t_R)
     2    2.14   10.78   24.71 1117.49 v u84002/Y (MAJx2_ASAP7_75t_R)
                                         n69891 (net)
                 10.79    0.15 1117.64 v u84005/A (MAJx2_ASAP7_75t_R)
     3    3.70   15.03   24.01 1141.65 v u84005/Y (MAJx2_ASAP7_75t_R)
                                         n69894 (net)
                 15.07    0.42 1142.07 v u84007/B (MAJx2_ASAP7_75t_R)
     3    2.40   11.35   25.11 1167.18 v u84007/Y (MAJx2_ASAP7_75t_R)
                                         n69896 (net)
                 11.35    0.09 1167.27 v u84011/A3 (AO32x1_ASAP7_75t_R)
     2    3.94   25.34   32.09 1199.36 v u84011/Y (AO32x1_ASAP7_75t_R)
                                         n69900 (net)
                 25.51    1.17 1200.52 v u84014/A (MAJx2_ASAP7_75t_R)
     2    3.24   13.94   27.60 1228.13 v u84014/Y (MAJx2_ASAP7_75t_R)
                                         n69903 (net)
                 13.99    0.47 1228.60 v u84016/B (MAJx2_ASAP7_75t_R)
     3    3.05   13.12   25.79 1254.39 v u84016/Y (MAJx2_ASAP7_75t_R)
                                         n69905 (net)
                 13.15    0.32 1254.71 v u84017/B (NAND2x1_ASAP7_75t_R)
     3    2.49   20.00   13.79 1268.50 ^ u84017/Y (NAND2x1_ASAP7_75t_R)
                                         n69906 (net)
                 20.00    0.10 1268.60 ^ u84018/A3 (AO33x2_ASAP7_75t_R)
     2    2.05   13.64   26.35 1294.95 ^ u84018/Y (AO33x2_ASAP7_75t_R)
                                         n69907 (net)
                 13.65    0.18 1295.12 ^ u84020/A2 (AO21x1_ASAP7_75t_R)
     2    2.10   15.93   18.65 1313.77 ^ u84020/Y (AO21x1_ASAP7_75t_R)
                                         n69909 (net)
                 15.94    0.14 1313.92 ^ u84029/A (MAJx2_ASAP7_75t_R)
     2    2.02   11.17   20.91 1334.82 ^ u84029/Y (MAJx2_ASAP7_75t_R)
                                         n69918 (net)
                 11.18    0.13 1334.95 ^ u84032/A (MAJx2_ASAP7_75t_R)
     2    2.83   13.31   20.90 1355.85 ^ u84032/Y (MAJx2_ASAP7_75t_R)
                                         n69921 (net)
                 13.34    0.31 1356.17 ^ u84033/B (NOR2x1_ASAP7_75t_R)
     4    3.89   24.53   15.92 1372.08 v u84033/Y (NOR2x1_ASAP7_75t_R)
                                         n69922 (net)
                 24.53    0.15 1372.23 v u84034/B (AO21x1_ASAP7_75t_R)
     2    1.73   12.37   21.87 1394.11 v u84034/Y (AO21x1_ASAP7_75t_R)
                                         n69923 (net)
                 12.37    0.06 1394.17 v u84037/A3 (AO32x1_ASAP7_75t_R)
     2    3.29   21.69   30.88 1425.05 v u84037/Y (AO32x1_ASAP7_75t_R)
                                         n69926 (net)
                 21.76    0.70 1425.75 v u84039/A (NAND2x1_ASAP7_75t_R)
     2    1.97   19.37   16.63 1442.38 ^ u84039/Y (NAND2x1_ASAP7_75t_R)
                                         n69928 (net)
                 19.37    0.08 1442.46 ^ u84040/B (NAND2x1_ASAP7_75t_R)
     2    3.77   22.56   15.21 1457.68 v u84040/Y (NAND2x1_ASAP7_75t_R)
                                         n69929 (net)
                 22.66    0.87 1458.54 v u84046/B (MAJx2_ASAP7_75t_R)
     2    2.95   12.98   28.06 1486.60 v u84046/Y (MAJx2_ASAP7_75t_R)
                                         n69935 (net)
                 13.03    0.42 1487.03 v u84051/A (AND2x4_ASAP7_75t_R)
     4    3.27    7.82   17.17 1504.20 v u84051/Y (AND2x4_ASAP7_75t_R)
                                         n69940 (net)
                  7.85    0.29 1504.49 v u84053/A2 (AO222x2_ASAP7_75t_R)
     1    0.82    9.46   30.51 1535.00 v u84053/Y (AO222x2_ASAP7_75t_R)
                                         n69942 (net)
                  9.46    0.05 1535.04 v u84054/B (OA21x2_ASAP7_75t_R)
     2    2.56   11.03   15.55 1550.59 v u84054/Y (OA21x2_ASAP7_75t_R)
                                         n69943 (net)
                 11.04    0.17 1550.76 v u84056/B (MAJx2_ASAP7_75t_R)
     2    2.46   11.55   24.02 1574.78 v u84056/Y (MAJx2_ASAP7_75t_R)
                                         n69945 (net)
                 11.55    0.13 1574.91 v u84058/B (MAJx2_ASAP7_75t_R)
     3    4.12   16.50   26.43 1601.34 v u84058/Y (MAJx2_ASAP7_75t_R)
                                         n69947 (net)
                 16.60    0.74 1602.07 v u84060/B (MAJx2_ASAP7_75t_R)
     3    2.24   10.96   25.28 1627.35 v u84060/Y (MAJx2_ASAP7_75t_R)
                                         n69949 (net)
                 10.97    0.10 1627.45 v u84062/A2 (AO221x1_ASAP7_75t_R)
     1    0.75    8.80   22.42 1649.87 v u84062/Y (AO221x1_ASAP7_75t_R)
                                         n69951 (net)
                  8.80    0.03 1649.90 v u84063/B (OA21x2_ASAP7_75t_R)
     2    4.69   17.67   17.52 1667.42 v u84063/Y (OA21x2_ASAP7_75t_R)
                                         n69952 (net)
                 18.16    1.61 1669.03 v u84069/B (MAJx2_ASAP7_75t_R)
     2    2.07   10.79   25.41 1694.44 v u84069/Y (MAJx2_ASAP7_75t_R)
                                         n69958 (net)
                 10.79    0.15 1694.58 v u84072/A (MAJx2_ASAP7_75t_R)
     2    2.63   11.96   22.49 1717.07 v u84072/Y (MAJx2_ASAP7_75t_R)
                                         n69961 (net)
                 11.97    0.17 1717.24 v u84073/B (XOR2x2_ASAP7_75t_R)
     2    2.32   11.62   27.56 1744.79 ^ u84073/Y (XOR2x2_ASAP7_75t_R)
                                         n69962 (net)
                 11.62    0.07 1744.86 ^ u84289/A (AND2x4_ASAP7_75t_R)
     2    2.61    7.86   15.12 1759.98 ^ u84289/Y (AND2x4_ASAP7_75t_R)
                                         n70178 (net)
                  7.88    0.17 1760.15 ^ u84291/B (MAJx2_ASAP7_75t_R)
     3    5.47   22.29   24.83 1784.99 ^ u84291/Y (MAJx2_ASAP7_75t_R)
                                         n70180 (net)
                 23.14    2.35 1787.34 ^ u84292/C (AND3x1_ASAP7_75t_R)
     1    0.88   10.09   19.84 1807.17 ^ u84292/Y (AND3x1_ASAP7_75t_R)
                                         n70181 (net)
                 10.09    0.06 1807.24 ^ u84295/A (OR2x2_ASAP7_75t_R)
     2    2.24   10.27   17.10 1824.33 ^ u84295/Y (OR2x2_ASAP7_75t_R)
                                         n70184 (net)
                 10.28    0.20 1824.54 ^ u84296/B2 (AO22x2_ASAP7_75t_R)
     2    3.29   14.90   20.52 1845.06 ^ u84296/Y (AO22x2_ASAP7_75t_R)
                                         n70185 (net)
                 14.97    0.56 1845.62 ^ u84298/B (MAJx2_ASAP7_75t_R)
     2    2.05   11.06   22.21 1867.83 ^ u84298/Y (MAJx2_ASAP7_75t_R)
                                         n70187 (net)
                 11.06    0.15 1867.98 ^ u84300/B1 (AO22x2_ASAP7_75t_R)
     2    4.00   17.41   20.89 1888.87 ^ u84300/Y (AO22x2_ASAP7_75t_R)
                                         n70189 (net)
                 17.60    1.01 1889.88 ^ u84302/B (MAJx2_ASAP7_75t_R)
     2    2.81   13.48   24.18 1914.06 ^ u84302/Y (MAJx2_ASAP7_75t_R)
                                         n70191 (net)
                 13.55    0.51 1914.57 ^ u84304/B1 (AO22x2_ASAP7_75t_R)
     2    2.71   12.87   19.62 1934.19 ^ u84304/Y (AO22x2_ASAP7_75t_R)
                                         n70193 (net)
                 12.88    0.19 1934.37 ^ u84310/B (MAJx2_ASAP7_75t_R)
     2    1.86   10.42   21.32 1955.69 ^ u84310/Y (MAJx2_ASAP7_75t_R)
                                         n70199 (net)
                 10.42    0.07 1955.76 ^ u84314/A (AND2x2_ASAP7_75t_R)
     2    3.49   15.10   18.80 1974.56 ^ u84314/Y (AND2x2_ASAP7_75t_R)
                                         n70203 (net)
                 15.34    1.04 1975.59 ^ u84315/B (AND2x2_ASAP7_75t_R)
     2    3.95   16.68   21.09 1996.69 ^ u84315/Y (AND2x2_ASAP7_75t_R)
                                         n70204 (net)
                 17.05    1.35 1998.04 ^ u84316/B (AND2x2_ASAP7_75t_R)
     2    1.58    8.94   18.10 2016.13 ^ u84316/Y (AND2x2_ASAP7_75t_R)
                                         n70205 (net)
                  8.94    0.11 2016.24 ^ u84363/A (AND3x1_ASAP7_75t_R)
     3    2.76   21.13   23.62 2039.85 ^ u84363/Y (AND3x1_ASAP7_75t_R)
                                         n70252 (net)
                 21.13    0.22 2040.08 ^ u84375/A (OR2x2_ASAP7_75t_R)
     2    1.80    9.12   19.60 2059.68 ^ u84375/Y (OR2x2_ASAP7_75t_R)
                                         n70264 (net)
                  9.12    0.05 2059.73 ^ u84377/A2 (AO21x1_ASAP7_75t_R)
     1    2.47   18.12   18.53 2078.26 ^ u84377/Y (AO21x1_ASAP7_75t_R)
                                         n70266 (net)
                 18.18    0.57 2078.83 ^ u84380/A2 (AO21x1_ASAP7_75t_R)
     3    3.40   23.77   23.25 2102.08 ^ u84380/Y (AO21x1_ASAP7_75t_R)
                                         n70269 (net)
                 23.78    0.28 2102.36 ^ u84384/A (AND3x1_ASAP7_75t_R)
     2    7.49   51.62   38.41 2140.77 ^ u84384/Y (AND3x1_ASAP7_75t_R)
                                         n70273 (net)
                 53.20    4.94 2145.70 ^ u85803/B (OR2x6_ASAP7_75t_R)
     3    3.19    9.09   27.19 2172.90 ^ u85803/Y (OR2x6_ASAP7_75t_R)
                                         n71688 (net)
                  9.09    0.08 2172.98 ^ u85804/A2 (AO21x1_ASAP7_75t_R)
     1    0.83    8.26   13.86 2186.83 ^ u85804/Y (AO21x1_ASAP7_75t_R)
                                         n71689 (net)
                  8.26    0.05 2186.88 ^ u85805/A2 (AO21x1_ASAP7_75t_R)
     3    4.16   28.48   22.88 2209.75 ^ u85805/Y (AO21x1_ASAP7_75t_R)
                                         n71690 (net)
                 28.48    0.11 2209.87 ^ u85806/B2 (AO221x1_ASAP7_75t_R)
     4    6.02   41.44   35.85 2245.72 ^ u85806/Y (AO221x1_ASAP7_75t_R)
                                         n71691 (net)
                 41.57    1.36 2247.08 ^ u85842/B (AND3x1_ASAP7_75t_R)
     1    0.73    9.62   22.46 2269.54 ^ u85842/Y (AND3x1_ASAP7_75t_R)
                                         n71720 (net)
                  9.62    0.04 2269.58 ^ u85843/B (OR2x2_ASAP7_75t_R)
     2    3.41   13.97   17.80 2287.38 ^ u85843/Y (OR2x2_ASAP7_75t_R)
                                         n71721 (net)
                 14.06    0.61 2287.98 ^ u85844/B (MAJx2_ASAP7_75t_R)
     1    1.23    8.47   20.53 2308.51 ^ u85844/Y (MAJx2_ASAP7_75t_R)
                                         n71722 (net)
                  8.47    0.08 2308.59 ^ u85845/B (XNOR2x2_ASAP7_75t_R)
     1    0.69    6.64   20.12 2328.71 ^ u85845/Y (XNOR2x2_ASAP7_75t_R)
                                         uacc_section14_allocator_mul_64ns_64ns_128_7_1_U57.uacc_section14_allocator_uacc_section14_allocator_mul_64ns_64ns_128_7_1_Mul_DSP_8_U.tmp_product[115]* (net)
                  6.64    0.03 2328.73 ^ u67951/D (DFFHQNx1_ASAP7_75t_R)
                               2328.73   data arrival time

                  0.00 5000.00 5000.00   clock core_clock (rise edge)
                          0.00 5000.00   clock network delay (ideal)
                          0.00 5000.00   clock reconvergence pessimism
                               5000.00 ^ u67951/CLK (DFFHQNx1_ASAP7_75t_R)
                        -15.06 4984.94   library setup time
                               4984.94   data required time
-----------------------------------------------------------------------------
                               4984.94   data required time
                               -2328.73   data arrival time
-----------------------------------------------------------------------------
                               2656.20   slack (MET)



==========================================================================
resizer report_check_types -max_slew -max_cap -max_fanout -violators
--------------------------------------------------------------------------

==========================================================================
resizer max_slew_check_slack
--------------------------------------------------------------------------
50.27878189086914

==========================================================================
resizer max_slew_check_limit
--------------------------------------------------------------------------
320.0

==========================================================================
resizer max_slew_check_slack_limit
--------------------------------------------------------------------------
0.1571

==========================================================================
resizer max_fanout_check_slack
--------------------------------------------------------------------------
1.0000000150474662e+30

==========================================================================
resizer max_fanout_check_limit
--------------------------------------------------------------------------
1.0000000150474662e+30

==========================================================================
resizer max_capacitance_check_slack
--------------------------------------------------------------------------
4.438533782958984

==========================================================================
resizer max_capacitance_check_limit
--------------------------------------------------------------------------
23.040000915527344

==========================================================================
resizer max_capacitance_check_slack_limit
--------------------------------------------------------------------------
0.1926

==========================================================================
resizer max_slew_violation_count
--------------------------------------------------------------------------
max slew violation count 0

==========================================================================
resizer max_fanout_violation_count
--------------------------------------------------------------------------
max fanout violation count 0

==========================================================================
resizer max_cap_violation_count
--------------------------------------------------------------------------
max cap violation count 0

==========================================================================
resizer setup_violation_count
--------------------------------------------------------------------------
setup violation count 0

==========================================================================
resizer hold_violation_count
--------------------------------------------------------------------------
hold violation count 0

==========================================================================
resizer report_checks -path_delay max reg to reg
--------------------------------------------------------------------------
Startpoint: u75715 (rising edge-triggered flip-flop clocked by core_clock)
Endpoint: u67951 (rising edge-triggered flip-flop clocked by core_clock)
Path Group: core_clock
Path Type: max

  Delay    Time   Description
---------------------------------------------------------
   0.00    0.00   clock core_clock (rise edge)
   0.00    0.00   clock network delay (ideal)
   0.00    0.00 ^ u75715/CLK (DFFHQNx2_ASAP7_75t_R)
  66.08   66.08 v u75715/QN (DFFHQNx2_ASAP7_75t_R)
  40.67  106.75 v place10617/Y (BUFx3_ASAP7_75t_R)
  53.31  160.05 v place10616/Y (BUFx3_ASAP7_75t_R)
  54.29  214.34 v u83869/Y (AND2x2_ASAP7_75t_R)
  25.68  240.03 ^ u83871/Y (XOR2x2_ASAP7_75t_R)
  27.74  267.77 ^ u83882/Y (XOR2x2_ASAP7_75t_R)
  12.93  280.70 v u83885/Y (OAI21x1_ASAP7_75t_R)
  17.03  297.72 v u83886/Y (OA21x2_ASAP7_75t_R)
  22.10  319.82 v u83887/Y (AO21x1_ASAP7_75t_R)
  20.48  340.30 v u83892/Y (OR2x2_ASAP7_75t_R)
  14.45  354.75 ^ u83903/Y (AOI22x1_ASAP7_75t_R)
  23.76  378.51 ^ u83905/Y (MAJx2_ASAP7_75t_R)
  20.76  399.27 ^ u83906/Y (MAJx2_ASAP7_75t_R)
  11.88  411.15 v u83907/Y (NOR2x1_ASAP7_75t_R)
  21.38  432.53 v u83908/Y (AO21x1_ASAP7_75t_R)
  22.12  454.65 v u83911/Y (MAJx2_ASAP7_75t_R)
  23.81  478.46 v u83913/Y (AO22x1_ASAP7_75t_R)
  22.94  501.40 v u83916/Y (MAJx2_ASAP7_75t_R)
  22.76  524.17 v u83918/Y (AO22x2_ASAP7_75t_R)
  24.05  548.22 v u83924/Y (MAJx2_ASAP7_75t_R)
  23.20  571.42 v u83927/Y (MAJx2_ASAP7_75t_R)
  26.82  598.24 v u83934/Y (MAJx2_ASAP7_75t_R)
  23.95  622.19 v u83938/Y (MAJx2_ASAP7_75t_R)
  19.32  641.51 v u83939/Y (AO21x1_ASAP7_75t_R)
  23.18  664.69 v u83946/Y (MAJx2_ASAP7_75t_R)
  22.92  687.61 v u83949/Y (MAJx2_ASAP7_75t_R)
  25.11  712.72 v u83951/Y (MAJx2_ASAP7_75t_R)
  24.64  737.36 v u83958/Y (MAJx2_ASAP7_75t_R)
  23.46  760.82 v u83961/Y (MAJx2_ASAP7_75t_R)
  25.14  785.96 v u83963/Y (MAJx2_ASAP7_75t_R)
  26.88  812.83 v u83965/Y (MAJx2_ASAP7_75t_R)
  18.89  831.72 v u83969/Y (AO21x1_ASAP7_75t_R)
  11.27  842.99 ^ u83970/Y (NAND2x1_ASAP7_75t_R)
  21.82  864.80 ^ u83973/Y (MAJx2_ASAP7_75t_R)
  21.34  886.15 ^ u83974/Y (MAJx2_ASAP7_75t_R)
  20.96  907.11 ^ u83975/Y (MAJx2_ASAP7_75t_R)
  10.99  918.11 v u83976/Y (NOR2x1_ASAP7_75t_R)
  26.11  944.22 v u83984/Y (OA211x2_ASAP7_75t_R)
  20.69  964.91 v u83985/Y (AO21x1_ASAP7_75t_R)
  22.19  987.10 v u83988/Y (MAJx2_ASAP7_75t_R)
  18.71 1005.80 v u83989/Y (AO21x1_ASAP7_75t_R)
  12.02 1017.82 ^ u83990/Y (OAI21x1_ASAP7_75t_R)
  14.14 1031.96 v u83991/Y (NAND2x1_ASAP7_75t_R)
  20.38 1052.34 v u83993/Y (AND2x2_ASAP7_75t_R)
  22.52 1074.86 v u83995/Y (AO221x1_ASAP7_75t_R)
  16.95 1091.81 v u83996/Y (OA21x2_ASAP7_75t_R)
  25.68 1117.49 v u84002/Y (MAJx2_ASAP7_75t_R)
  24.16 1141.65 v u84005/Y (MAJx2_ASAP7_75t_R)
  25.52 1167.18 v u84007/Y (MAJx2_ASAP7_75t_R)
  32.18 1199.36 v u84011/Y (AO32x1_ASAP7_75t_R)
  28.77 1228.13 v u84014/Y (MAJx2_ASAP7_75t_R)
  26.26 1254.39 v u84016/Y (MAJx2_ASAP7_75t_R)
  14.11 1268.50 ^ u84017/Y (NAND2x1_ASAP7_75t_R)
  26.45 1294.95 ^ u84018/Y (AO33x2_ASAP7_75t_R)
  18.82 1313.77 ^ u84020/Y (AO21x1_ASAP7_75t_R)
  21.05 1334.82 ^ u84029/Y (MAJx2_ASAP7_75t_R)
  21.03 1355.85 ^ u84032/Y (MAJx2_ASAP7_75t_R)
  16.23 1372.08 v u84033/Y (NOR2x1_ASAP7_75t_R)
  22.03 1394.11 v u84034/Y (AO21x1_ASAP7_75t_R)
  30.94 1425.05 v u84037/Y (AO32x1_ASAP7_75t_R)
  17.34 1442.38 ^ u84039/Y (NAND2x1_ASAP7_75t_R)
  15.29 1457.68 v u84040/Y (NAND2x1_ASAP7_75t_R)
  28.93 1486.60 v u84046/Y (MAJx2_ASAP7_75t_R)
  17.60 1504.20 v u84051/Y (AND2x4_ASAP7_75t_R)
  30.80 1535.00 v u84053/Y (AO222x2_ASAP7_75t_R)
  15.59 1550.59 v u84054/Y (OA21x2_ASAP7_75t_R)
  24.18 1574.78 v u84056/Y (MAJx2_ASAP7_75t_R)
  26.56 1601.34 v u84058/Y (MAJx2_ASAP7_75t_R)
  26.01 1627.35 v u84060/Y (MAJx2_ASAP7_75t_R)
  22.52 1649.87 v u84062/Y (AO221x1_ASAP7_75t_R)
  17.55 1667.42 v u84063/Y (OA21x2_ASAP7_75t_R)
  27.02 1694.44 v u84069/Y (MAJx2_ASAP7_75t_R)
  22.63 1717.07 v u84072/Y (MAJx2_ASAP7_75t_R)
  27.72 1744.79 ^ u84073/Y (XOR2x2_ASAP7_75t_R)
  15.19 1759.98 ^ u84289/Y (AND2x4_ASAP7_75t_R)
  25.01 1784.99 ^ u84291/Y (MAJx2_ASAP7_75t_R)
  22.19 1807.17 ^ u84292/Y (AND3x1_ASAP7_75t_R)
  17.16 1824.33 ^ u84295/Y (OR2x2_ASAP7_75t_R)
  20.73 1845.06 ^ u84296/Y (AO22x2_ASAP7_75t_R)
  22.77 1867.83 ^ u84298/Y (MAJx2_ASAP7_75t_R)
  21.04 1888.87 ^ u84300/Y (AO22x2_ASAP7_75t_R)
  25.18 1914.06 ^ u84302/Y (MAJx2_ASAP7_75t_R)
  20.13 1934.19 ^ u84304/Y (AO22x2_ASAP7_75t_R)
  21.50 1955.69 ^ u84310/Y (MAJx2_ASAP7_75t_R)
  18.87 1974.56 ^ u84314/Y (AND2x2_ASAP7_75t_R)
  22.13 1996.69 ^ u84315/Y (AND2x2_ASAP7_75t_R)
  19.45 2016.13 ^ u84316/Y (AND2x2_ASAP7_75t_R)
  23.72 2039.85 ^ u84363/Y (AND3x1_ASAP7_75t_R)
  19.83 2059.68 ^ u84375/Y (OR2x2_ASAP7_75t_R)
  18.58 2078.26 ^ u84377/Y (AO21x1_ASAP7_75t_R)
  23.82 2102.08 ^ u84380/Y (AO21x1_ASAP7_75t_R)
  38.69 2140.77 ^ u84384/Y (AND3x1_ASAP7_75t_R)
  32.13 2172.90 ^ u85803/Y (OR2x6_ASAP7_75t_R)
  13.94 2186.83 ^ u85804/Y (AO21x1_ASAP7_75t_R)
  22.92 2209.75 ^ u85805/Y (AO21x1_ASAP7_75t_R)
  35.97 2245.72 ^ u85806/Y (AO221x1_ASAP7_75t_R)
  23.82 2269.54 ^ u85842/Y (AND3x1_ASAP7_75t_R)
  17.83 2287.38 ^ u85843/Y (OR2x2_ASAP7_75t_R)
  21.14 2308.51 ^ u85844/Y (MAJx2_ASAP7_75t_R)
  20.19 2328.71 ^ u85845/Y (XNOR2x2_ASAP7_75t_R)
   0.03 2328.73 ^ u67951/D (DFFHQNx1_ASAP7_75t_R)
        2328.73   data arrival time

5000.00 5000.00   clock core_clock (rise edge)
   0.00 5000.00   clock network delay (ideal)
   0.00 5000.00   clock reconvergence pessimism
        5000.00 ^ u67951/CLK (DFFHQNx1_ASAP7_75t_R)
 -15.06 4984.94   library setup time
        4984.94   data required time
---------------------------------------------------------
        4984.94   data required time
        -2328.73   data arrival time
---------------------------------------------------------
        2656.20   slack (MET)



==========================================================================
resizer report_checks -path_delay min reg to reg
--------------------------------------------------------------------------
Startpoint: u18959 (rising edge-triggered flip-flop clocked by core_clock)
Endpoint: u14654 (rising edge-triggered flip-flop clocked by core_clock)
Path Group: core_clock
Path Type: min

  Delay    Time   Description
---------------------------------------------------------
   0.00    0.00   clock core_clock (rise edge)
   0.00    0.00   clock network delay (ideal)
   0.00    0.00 ^ u18959/CLK (DFFHQNx1_ASAP7_75t_R)
  32.92   32.92 v u18959/QN (DFFHQNx1_ASAP7_75t_R)
   0.04   32.95 v u14654/D (DFFHQNx1_ASAP7_75t_R)
          32.95   data arrival time

   0.00    0.00   clock core_clock (rise edge)
   0.00    0.00   clock network delay (ideal)
   0.00    0.00   clock reconvergence pessimism
           0.00 ^ u14654/CLK (DFFHQNx1_ASAP7_75t_R)
   7.79    7.79   library hold time
           7.79   data required time
---------------------------------------------------------
           7.79   data required time
         -32.95   data arrival time
---------------------------------------------------------
          25.16   slack (MET)



==========================================================================
resizer critical path target clock latency max path
--------------------------------------------------------------------------
0.0000

==========================================================================
resizer critical path target clock latency min path
--------------------------------------------------------------------------
0.0000

==========================================================================
resizer critical path source clock latency min path
--------------------------------------------------------------------------
0.0000

==========================================================================
resizer critical path delay
--------------------------------------------------------------------------
2328.7329

==========================================================================
resizer critical path slack
--------------------------------------------------------------------------
2656.2026

==========================================================================
resizer slack div critical path delay
--------------------------------------------------------------------------
114.062141

==========================================================================
resizer report_power
--------------------------------------------------------------------------
Group                  Internal  Switching    Leakage      Total
                          Power      Power      Power      Power (Watts)
----------------------------------------------------------------
Sequential             1.04e-02   5.20e-04   2.27e-06   1.09e-02   7.5%
Combinational          7.93e-02   5.52e-02   1.13e-05   1.34e-01  92.5%
Clock                  0.00e+00   0.00e+00   0.00e+00   0.00e+00   0.0%
Macro                  0.00e+00   0.00e+00   0.00e+00   0.00e+00   0.0%
Pad                    0.00e+00   0.00e+00   0.00e+00   0.00e+00   0.0%
----------------------------------------------------------------
Total                  8.97e-02   5.57e-02   1.35e-05   1.45e-01 100.0%
                          61.7%      38.3%       0.0%
